 AFCComDllEx

 Timestamp is 5c7a387a (Sat Mar 02 16:02:02 2019)

 Preferred load address is 10000000

 Start         Length     Name                   Class
 0001:00000000 00037871H .text                   CODE
 0001:00037880 0000297cH .text$x                 CODE
 0001:0003a200 000004e8H .text$yc                CODE
 0001:0003a6f0 00000184H .text$yd                CODE
 0002:00000000 00000604H .idata$5                DATA
 0002:00000604 00000004H .CRT$XCA                DATA
 0002:00000608 00000004H .CRT$XCL                DATA
 0002:0000060c 00000028H .CRT$XCU                DATA
 0002:00000634 00000004H .CRT$XCZ                DATA
 0002:00000638 00000004H .CRT$XIA                DATA
 0002:0000063c 00000004H .CRT$XIAA               DATA
 0002:00000640 00000004H .CRT$XIC                DATA
 0002:00000644 00000004H .CRT$XIZ                DATA
 0002:00000650 00003548H .rdata                  DATA
 0002:00003b98 0000005bH .rdata$debug            DATA
 0002:00003bf4 00000fe0H .rdata$r                DATA
 0002:00004be0 000002a4H .rdata$sxdata           DATA
 0002:00004e84 00000004H .rtc$IAA                DATA
 0002:00004e88 00000004H .rtc$IZZ                DATA
 0002:00004e8c 00000004H .rtc$TAA                DATA
 0002:00004e90 00000004H .rtc$TZZ                DATA
 0002:00004e98 00002f20H .xdata$x                DATA
 0002:00007db8 00000000H ATL$__a                 DATA
 0002:00007db8 00000000H ATL$__z                 DATA
 0002:00007db8 000000dcH .idata$2                DATA
 0002:00007e94 00000014H .idata$3                DATA
 0002:00007ea8 00000604H .idata$4                DATA
 0002:000084ac 0000189aH .idata$6                DATA
 0002:00009d50 000066e3H .edata                  DATA
 0003:00000000 00000818H .data                   DATA
 0003:00000818 0000060cH .bss                    DATA
 0004:00000000 00000058H .rsrc$01                DATA
 0004:00000060 000001d8H .rsrc$02                DATA

  Address         Publics by Value              Rva+Base       Lib:Object

 0000:00000000       __except_list              00000000     <absolute>
 0000:000000a9       ___safe_se_handler_count   000000a9     <absolute>
 0000:00009876       __ldused                   00009876     <absolute>
 0000:00009876       __fltused                  00009876     <absolute>
 0000:00000000       ___ImageBase               10000000     <linker-defined>
 0001:00000000       ?base64Encode@HN@@YA?AV?$basic_string@DU?$char_traits@D@std@@V?$allocator@D@2@@std@@PBDI@Z 10001000 f   Base64.obj
 0001:000002d0       ??0?$basic_string@DU?$char_traits@D@std@@V?$allocator@D@2@@std@@QAE@$$QAV01@@Z 100012d0 f i Base64.obj
 0001:00000360       ??Y?$basic_string@DU?$char_traits@D@std@@V?$allocator@D@2@@std@@QAEAAV01@PBD@Z 10001360 f i Base64.obj
 0001:00000390       ?data@?$basic_string@DU?$char_traits@D@std@@V?$allocator@D@2@@std@@QBEPBDXZ 10001390 f i Base64.obj
 0001:000003b0       ?append@?$basic_string@DU?$char_traits@D@std@@V?$allocator@D@2@@std@@QAEAAV12@PBD@Z 100013b0 f i Base64.obj
 0001:000003e0       ?length@?$char_traits@D@std@@SAIPBD@Z 100013e0 f i Base64.obj
 0001:00000400       ??1?$basic_string@DU?$char_traits@D@std@@V?$allocator@D@2@@std@@QAE@XZ 10001400 f i Base64.obj
 0001:00000460       ?c_str@?$basic_string@DU?$char_traits@D@std@@V?$allocator@D@2@@std@@QBEPBDXZ 10001460 f i Base64.obj
 0001:00000480       ??0?$basic_string@DU?$char_traits@D@std@@V?$allocator@D@2@@std@@QAE@XZ 10001480 f i Base64.obj
 0001:000004f0       ?assign@?$basic_string@DU?$char_traits@D@std@@V?$allocator@D@2@@std@@QAEAAV12@$$QAV12@@Z 100014f0 f i Base64.obj
 0001:000005d0       ?move@?$char_traits@D@std@@SAPADPADPBDI@Z 100015d0 f i Base64.obj
 0001:00000600       ??4?$basic_string@DU?$char_traits@D@std@@V?$allocator@D@2@@std@@QAEAAV01@ABV01@@Z 10001600 f i Base64.obj
 0001:00000630       ??Y?$basic_string@DU?$char_traits@D@std@@V?$allocator@D@2@@std@@QAEAAV01@D@Z 10001630 f i Base64.obj
 0001:00000660       ?assign@?$basic_string@DU?$char_traits@D@std@@V?$allocator@D@2@@std@@QAEAAV12@ABV12@@Z 10001660 f i Base64.obj
 0001:00000690       ?assign@?$basic_string@DU?$char_traits@D@std@@V?$allocator@D@2@@std@@QAEAAV12@ABV12@II@Z 10001690 f i Base64.obj
 0001:00000750       ?copy@?$char_traits@D@std@@SAPADPADPBDI@Z 10001750 f i Base64.obj
 0001:00000780       ?_Tidy@?$basic_string@DU?$char_traits@D@std@@V?$allocator@D@2@@std@@QAEX_NI@Z 10001780 f i Base64.obj
 0001:00000800       ?_Myptr@?$basic_string@DU?$char_traits@D@std@@V?$allocator@D@2@@std@@QAEPADXZ 10001800 f i Base64.obj
 0001:00000800       ?_Myptr@?$basic_string@DU?$char_traits@D@std@@V?$allocator@D@2@@std@@QBEPBDXZ 10001800 f i Base64.obj
 0001:00000830       ??0?$_String_val@DV?$allocator@D@std@@@std@@QAE@V?$allocator@D@1@@Z 10001830 f i Base64.obj
 0001:00000860       ?append@?$basic_string@DU?$char_traits@D@std@@V?$allocator@D@2@@std@@QAEAAV12@PBDI@Z 10001860 f i Base64.obj
 0001:00000920       ?append@?$basic_string@DU?$char_traits@D@std@@V?$allocator@D@2@@std@@QAEAAV12@ID@Z 10001920 f i Base64.obj
 0001:000009a0       ?erase@?$basic_string@DU?$char_traits@D@std@@V?$allocator@D@2@@std@@QAEAAV12@II@Z 100019a0 f i Base64.obj
 0001:00000a40       ?get_allocator@?$basic_string@DU?$char_traits@D@std@@V?$allocator@D@2@@std@@QBE?AV?$allocator@D@2@XZ 10001a40 f i Base64.obj
 0001:00000a70       ?_Eos@?$basic_string@DU?$char_traits@D@std@@V?$allocator@D@2@@std@@QAEXI@Z 10001a70 f i Base64.obj
 0001:00000ab0       ?assign@?$char_traits@D@std@@SAXAADABD@Z 10001ab0 f i Base64.obj
 0001:00000ad0       ?_Grow@?$basic_string@DU?$char_traits@D@std@@V?$allocator@D@2@@std@@QAE_NI_N@Z 10001ad0 f i Base64.obj
 0001:00000b70       ?_Xran@?$basic_string@DU?$char_traits@D@std@@V?$allocator@D@2@@std@@QBEXXZ 10001b70 f i Base64.obj
 0001:00000b90       ?append@?$basic_string@DU?$char_traits@D@std@@V?$allocator@D@2@@std@@QAEAAV12@ABV12@II@Z 10001b90 f i Base64.obj
 0001:00000c50       ?max_size@?$basic_string@DU?$char_traits@D@std@@V?$allocator@D@2@@std@@QBEIXZ 10001c50 f i Base64.obj
 0001:00000c90       ?_Chassign@?$basic_string@DU?$char_traits@D@std@@V?$allocator@D@2@@std@@QAEXIID@Z 10001c90 f i Base64.obj
 0001:00000cf0       ?assign@?$char_traits@D@std@@SAPADPADID@Z 10001cf0 f i Base64.obj
 0001:00000d20       ?_Copy@?$basic_string@DU?$char_traits@D@std@@V?$allocator@D@2@@std@@QAEXII@Z 10001d20 f i Base64.obj
 0001:00000eb0       ?_Inside@?$basic_string@DU?$char_traits@D@std@@V?$allocator@D@2@@std@@QAE_NPBD@Z 10001eb0 f i Base64.obj
 0001:00000f00       ?_Xlen@?$basic_string@DU?$char_traits@D@std@@V?$allocator@D@2@@std@@QBEXXZ 10001f00 f i Base64.obj
 0001:00000f20       ?allocate@?$allocator@D@std@@QAEPADI@Z 10001f20 f i Base64.obj
 0001:00000f50       ?max_size@?$allocator@D@std@@QBEIXZ 10001f50 f i Base64.obj
 0001:00000f90       ??$?9HH@std@@YA_NABV?$allocator@H@0@0@Z 10001f90 f i AFCSocket.obj
 0001:00000f90       ??$?9DD@std@@YA_NABV?$allocator@D@0@0@Z 10001f90 f i Base64.obj
 0001:00000fc0       ??$_Allocate@D@std@@YAPADIPAD@Z 10001fc0 f i Base64.obj
 0001:00001020       ??0bad_alloc@std@@QAE@PBD@Z 10002020 f i Base64.obj
 0001:00001050       ??1bad_alloc@std@@UAE@XZ   10002050 f i Base64.obj
 0001:00001080       ??_Gbad_alloc@std@@UAEPAXI@Z 10002080 f i Base64.obj
 0001:00001080       ??_Ebad_alloc@std@@UAEPAXI@Z 10002080 f i Base64.obj
 0001:000010c0       ??0bad_alloc@std@@QAE@ABV01@@Z 100020c0 f i Base64.obj
 0001:000010f0       ??0SHA1@HN@@QAE@XZ         100020f0 f   sha1.obj
 0001:00001110       ?reset@SHA1@HN@@QAEXXZ     10002110 f   sha1.obj
 0001:00001170       ?sha1Transform@SHA1@HN@@AAEXQAIQBE@Z 10002170 f   sha1.obj
 0001:000038f0       ?update@SHA1@HN@@QAEXABV?$basic_string@DU?$char_traits@D@std@@V?$allocator@D@2@@std@@@Z 100048f0 f   sha1.obj
 0001:00003930       ?update@SHA1@HN@@AAEXPBEI@Z 10004930 f   sha1.obj
 0001:00003a40       ?finalInternal@SHA1@HN@@AAEXXZ 10004a40 f   sha1.obj
 0001:00003b10       ?final@SHA1@HN@@QAEXPAX@Z  10004b10 f   sha1.obj
 0001:00003b80       ?begin@?$basic_string@DU?$char_traits@D@std@@V?$allocator@D@2@@std@@QAE?AV?$_String_iterator@DU?$char_traits@D@std@@V?$allocator@D@2@@2@XZ 10004b80 f i sha1.obj
 0001:00003bb0       ??0?$_String_iterator@DU?$char_traits@D@std@@V?$allocator@D@2@@std@@QAE@PADPBU_Container_base0@1@@Z 10004bb0 f i sha1.obj
 0001:00003be0       ??0?$_String_const_iterator@DU?$char_traits@D@std@@V?$allocator@D@2@@std@@QAE@PBDPBU_Container_base0@1@@Z 10004be0 f i sha1.obj
 0001:00003c10       ?makeHandshakeResponse@HN@@YA?AV?$basic_string@DU?$char_traits@D@std@@V?$allocator@D@2@@std@@PBD@Z 10004c10 f   WebSocketAssitInterface.obj
 0001:00003ea0       ?decodeFrameMask@HN@@YA?AW4WsFrameType@1@PBDHAAHPAV?$vector@DV?$allocator@D@std@@@std@@@Z 10004ea0 f   WebSocketAssitInterface.obj
 0001:00004590       ?encodeFrame@HN@@YAHW4WsFrameType@1@PBDHPADH@Z 10005590 f   WebSocketAssitInterface.obj
 0001:00004820       ??4?$basic_string@DU?$char_traits@D@std@@V?$allocator@D@2@@std@@QAEAAV01@$$QAV01@@Z 10005820 f i WebSocketAssitInterface.obj
 0001:00004850       ?reserve@?$basic_string@DU?$char_traits@D@std@@V?$allocator@D@2@@std@@QAEXI@Z 10005850 f i WebSocketAssitInterface.obj
 0001:000048b0       ?push_back@?$vector@DV?$allocator@D@std@@@std@@QAEX$$QAD@Z 100058b0 f i WebSocketAssitInterface.obj
 0001:000049c0       ?size@?$vector@DV?$allocator@D@std@@@std@@QBEIXZ 100059c0 f i WebSocketAssitInterface.obj
 0001:000049e0       ?push_back@?$vector@DV?$allocator@D@std@@@std@@QAEXABD@Z 100059e0 f i WebSocketAssitInterface.obj
 0001:00004ae0       ?pop_back@?$vector@DV?$allocator@D@std@@@std@@QAEXXZ 10005ae0 f i WebSocketAssitInterface.obj
 0001:00004b30       ?empty@?$vector@DV?$allocator@D@std@@@std@@QBE_NXZ 10005b30 f i WebSocketAssitInterface.obj
 0001:00004b60       ?_Reserve@?$vector@DV?$allocator@D@std@@@std@@IAEXI@Z 10005b60 f i WebSocketAssitInterface.obj
 0001:00004bd0       ?reserve@?$vector@DV?$allocator@D@std@@@std@@QAEXI@Z 10005bd0 f i WebSocketAssitInterface.obj
 0001:00004d10       ?capacity@?$vector@DV?$allocator@D@std@@@std@@QBEIXZ 10005d10 f i WebSocketAssitInterface.obj
 0001:00004d30       ?max_size@?$vector@DV?$allocator@D@std@@@std@@QBEIXZ 10005d30 f i WebSocketAssitInterface.obj
 0001:00004d50       ?_Grow_to@?$vector@DV?$allocator@D@std@@@std@@IBEII@Z 10005d50 f i WebSocketAssitInterface.obj
 0001:00004db0       ?_Xlen@?$vector@HV?$allocator@H@std@@@std@@IBEXXZ 10005db0 f i AFCSocket.obj
 0001:00004db0       ?_Xlen@?$vector@DV?$allocator@D@std@@@std@@IBEXXZ 10005db0 f i WebSocketAssitInterface.obj
 0001:00004dd0       ??$?HDU?$char_traits@D@std@@V?$allocator@D@1@@std@@YA?AV?$basic_string@DU?$char_traits@D@std@@V?$allocator@D@2@@0@$$QAV10@PBD@Z 10005dd0 f i WebSocketAssitInterface.obj
 0001:00004e20       ??$?HDU?$char_traits@D@std@@V?$allocator@D@1@@std@@YA?AV?$basic_string@DU?$char_traits@D@std@@V?$allocator@D@2@@0@PBDABV10@@Z 10005e20 f i WebSocketAssitInterface.obj
 0001:00004ee0       ??$_Cons_val@V?$allocator@D@std@@DAAD@std@@YAXAAV?$allocator@D@0@PADAAD@Z 10005ee0 f i WebSocketAssitInterface.obj
 0001:00004ee0       ??$_Cons_val@V?$allocator@D@std@@DD@std@@YAXAAV?$allocator@D@0@PAD$$QAD@Z 10005ee0 f i WebSocketAssitInterface.obj
 0001:00004f10       ??$_Cons_val@V?$allocator@D@std@@DABD@std@@YAXAAV?$allocator@D@0@PADABD@Z 10005f10 f i WebSocketAssitInterface.obj
 0001:00004f40       ??$_Umove@PAD@?$vector@DV?$allocator@D@std@@@std@@IAEPADPAD00@Z 10005f40 f i WebSocketAssitInterface.obj
 0001:00004f70       ?construct@?$allocator@D@std@@QAEXPADABD@Z 10005f70 f i WebSocketAssitInterface.obj
 0001:00004fa0       ??2@YAPAXIPAX@Z            10005fa0 f i WebSocketAssitInterface.obj
 0001:00004fc0       ??$construct@AAD@?$allocator@D@std@@QAEXPADAAD@Z 10005fc0 f i WebSocketAssitInterface.obj
 0001:00004fc0       ?construct@?$allocator@D@std@@QAEXPAD$$QAD@Z 10005fc0 f i WebSocketAssitInterface.obj
 0001:00005050       ??$_Uninitialized_move@PADPADV?$allocator@D@std@@@std@@YAPADPAD00AAV?$allocator@D@0@@Z 10006050 f i WebSocketAssitInterface.obj
 0001:000050a0       ??$_Ptr_cat@V?$_Vector_const_iterator@V?$_Vector_val@HV?$allocator@H@std@@@std@@@std@@PAH@std@@YA?AU_Nonscalar_ptr_iterator_tag@0@AAV?$_Vector_const_iterator@V?$_Vector_val@HV?$allocator@H@std@@@std@@@0@AAPAH@Z 100060a0 f i AFCSocket.obj
 0001:000050a0       ??$_Ptr_cat@DD@std@@YA?AU_Scalar_ptr_iterator_tag@0@PAD0@Z 100060a0 f i WebSocketAssitInterface.obj
 0001:000050a0       ??$_Ptr_cat@HH@std@@YA?AU_Scalar_ptr_iterator_tag@0@PAH0@Z 100060a0 f i AFCSocket.obj
 0001:000050c0       ??$_Construct@DABD@std@@YAXPADABD@Z 100060c0 f i WebSocketAssitInterface.obj
 0001:00005150       ??$_Val_type@PAH@std@@YAPAHPAH@Z 10006150 f i AFCSocket.obj
 0001:00005150       ??$_Val_type@PAD@std@@YAPADPAD@Z 10006150 f i WebSocketAssitInterface.obj
 0001:00005170       ??$_Uninit_move@DDD@std@@YAPADPAD00AAV?$allocator@D@0@0U_Scalar_ptr_iterator_tag@0@@Z 10006170 f i WebSocketAssitInterface.obj
 0001:000051b0       ??0?$basic_string@DU?$char_traits@D@std@@V?$allocator@D@2@@std@@QAE@PBD@Z 100061b0 f i WebSocketAssitInterface.obj
 0001:00005230       ??Y?$basic_string@DU?$char_traits@D@std@@V?$allocator@D@2@@std@@QAEAAV01@ABV01@@Z 10006230 f i WebSocketAssitInterface.obj
 0001:00005260       ?assign@?$basic_string@DU?$char_traits@D@std@@V?$allocator@D@2@@std@@QAEAAV12@PBD@Z 10006260 f i WebSocketAssitInterface.obj
 0001:00005290       ?append@?$basic_string@DU?$char_traits@D@std@@V?$allocator@D@2@@std@@QAEAAV12@ABV12@@Z 10006290 f i WebSocketAssitInterface.obj
 0001:000052c0       ?assign@?$basic_string@DU?$char_traits@D@std@@V?$allocator@D@2@@std@@QAEAAV12@PBDI@Z 100062c0 f i WebSocketAssitInterface.obj
 0001:00005350       ??1StrPair@tinyxml2@@QAE@XZ 10006350 f   tinyxml2.obj
 0001:00005370       ?Reset@StrPair@tinyxml2@@AAEXXZ 10006370 f   tinyxml2.obj
 0001:000053d0       ?SetStr@StrPair@tinyxml2@@QAEXPBDH@Z 100063d0 f   tinyxml2.obj
 0001:00005450       ?ParseText@StrPair@tinyxml2@@QAEPADPADPBDH@Z 10006450 f   tinyxml2.obj
 0001:000054e0       ?Set@StrPair@tinyxml2@@QAEXPAD0H@Z 100064e0 f i tinyxml2.obj
 0001:00005520       ?ParseName@StrPair@tinyxml2@@QAEPADPAD@Z 10006520 f   tinyxml2.obj
 0001:000055c0       ?IsNameStartChar@XMLUtil@tinyxml2@@SA_NE@Z 100065c0 f i tinyxml2.obj
 0001:00005620       ?IsNameChar@XMLUtil@tinyxml2@@SA_NE@Z 10006620 f i tinyxml2.obj
 0001:00005680       ?CollapseWhitespace@StrPair@tinyxml2@@AAEXXZ 10006680 f   tinyxml2.obj
 0001:00005750       ?SkipWhiteSpace@XMLUtil@tinyxml2@@SAPADPAD@Z 10006750 f i tinyxml2.obj
 0001:00005750       ?SkipWhiteSpace@XMLUtil@tinyxml2@@SAPBDPBD@Z 10006750 f i tinyxml2.obj
 0001:000057a0       ?IsWhiteSpace@XMLUtil@tinyxml2@@SA_ND@Z 100067a0 f i tinyxml2.obj
 0001:000057f0       ?IsUTF8Continuation@XMLUtil@tinyxml2@@SAHD@Z 100067f0 f i tinyxml2.obj
 0001:00005810       ?GetStr@StrPair@tinyxml2@@QAEPBDXZ 10006810 f   tinyxml2.obj
 0001:00005ab0       ?ReadBOM@XMLUtil@tinyxml2@@SAPBDPBDPA_N@Z 10006ab0 f   tinyxml2.obj
 0001:00005b10       ?ConvertUTF32ToUTF8@XMLUtil@tinyxml2@@SAXKPADPAH@Z 10006b10 f   tinyxml2.obj
 0001:00005ca0       ?GetCharacterRef@XMLUtil@tinyxml2@@SAPBDPBDPADPAH@Z 10006ca0 f   tinyxml2.obj
 0001:00005ed0       ?StringEqual@XMLUtil@tinyxml2@@SA_NPBD0H@Z 10006ed0 f i tinyxml2.obj
 0001:00005f60       ?Identify@XMLDocument@tinyxml2@@QAEPADPADPAPAVXMLNode@2@@Z 10006f60 f   tinyxml2.obj
 0001:000063f0       ?SetCData@XMLText@tinyxml2@@QAEX_N@Z 100073f0 f i tinyxml2.obj
 0001:00006410       ??0XMLText@tinyxml2@@IAE@PAVXMLDocument@1@@Z 10007410 f i tinyxml2.obj
 0001:00006450       ??_EXMLText@tinyxml2@@MAEPAXI@Z 10007450 f i tinyxml2.obj
 0001:00006450       ??_GXMLText@tinyxml2@@MAEPAXI@Z 10007450 f i tinyxml2.obj
 0001:00006490       ??1XMLText@tinyxml2@@MAE@XZ 10007490 f i tinyxml2.obj
 0001:000064c0       ?Accept@XMLDocument@tinyxml2@@UBE_NPAVXMLVisitor@2@@Z 100074c0 f   tinyxml2.obj
 0001:00006540       ?FirstChild@XMLNode@tinyxml2@@QBEPBV12@XZ 10007540 f i tinyxml2.obj
 0001:00006560       ?NextSibling@XMLNode@tinyxml2@@QBEPBV12@XZ 10007560 f i tinyxml2.obj
 0001:00006580       ??0XMLNode@tinyxml2@@IAE@PAVXMLDocument@1@@Z 10007580 f   tinyxml2.obj
 0001:00006600       ??0StrPair@tinyxml2@@QAE@XZ 10007600 f i tinyxml2.obj
 0001:00006640       ?ToComment@XMLNode@tinyxml2@@UAEPAVXMLComment@2@XZ 10007640 f i tinyxml2.obj
 0001:00006640       ?ToText@XMLNode@tinyxml2@@UAEPAVXMLText@2@XZ 10007640 f i tinyxml2.obj
 0001:00006640       ?ToDeclaration@XMLNode@tinyxml2@@UBEPBVXMLDeclaration@2@XZ 10007640 f i tinyxml2.obj
 0001:00006640       ?ToComment@XMLNode@tinyxml2@@UBEPBVXMLComment@2@XZ 10007640 f i tinyxml2.obj
 0001:00006640       ?ToText@XMLNode@tinyxml2@@UBEPBVXMLText@2@XZ 10007640 f i tinyxml2.obj
 0001:00006640       ?ToUnknown@XMLNode@tinyxml2@@UAEPAVXMLUnknown@2@XZ 10007640 f i tinyxml2.obj
 0001:00006640       ?ToElement@XMLNode@tinyxml2@@UAEPAVXMLElement@2@XZ 10007640 f i tinyxml2.obj
 0001:00006640       ?ToUnknown@XMLNode@tinyxml2@@UBEPBVXMLUnknown@2@XZ 10007640 f i tinyxml2.obj
 0001:00006640       ?ToDocument@XMLNode@tinyxml2@@UBEPBVXMLDocument@2@XZ 10007640 f i tinyxml2.obj
 0001:00006640       ?ToDocument@XMLNode@tinyxml2@@UAEPAVXMLDocument@2@XZ 10007640 f i tinyxml2.obj
 0001:00006640       ?ToElement@XMLNode@tinyxml2@@UBEPBVXMLElement@2@XZ 10007640 f i tinyxml2.obj
 0001:00006640       ?ToDeclaration@XMLNode@tinyxml2@@UAEPAVXMLDeclaration@2@XZ 10007640 f i tinyxml2.obj
 0001:00006640       ?RecvData@CUDPSocket@@QAEHXZ 10007640 f i AFCSocket.obj
 0001:00006660       ??_EXMLNode@tinyxml2@@MAEPAXI@Z 10007660 f i tinyxml2.obj
 0001:00006660       ??_GXMLNode@tinyxml2@@MAEPAXI@Z 10007660 f i tinyxml2.obj
 0001:000066a0       ??1XMLNode@tinyxml2@@MAE@XZ 100076a0 f   tinyxml2.obj
 0001:00006720       ?Value@XMLNode@tinyxml2@@QBEPBDXZ 10007720 f   tinyxml2.obj
 0001:00006740       ?SetValue@XMLNode@tinyxml2@@QAEXPBD_N@Z 10007740 f   tinyxml2.obj
 0001:00006780       ?SetInternedStr@StrPair@tinyxml2@@QAEXPBD@Z 10007780 f i tinyxml2.obj
 0001:000067b0       ?DeleteChildren@XMLNode@tinyxml2@@QAEXXZ 100077b0 f   tinyxml2.obj
 0001:00006830       ?Unlink@XMLNode@tinyxml2@@AAEXPAV12@@Z 10007830 f   tinyxml2.obj
 0001:000068c0       ?InsertEndChild@XMLNode@tinyxml2@@QAEPAV12@PAV12@@Z 100078c0 f   tinyxml2.obj
 0001:00006990       ?FirstChildElement@XMLNode@tinyxml2@@QBEPBVXMLElement@2@PBD@Z 10007990 f   tinyxml2.obj
 0001:00006a10       ?Name@XMLElement@tinyxml2@@QBEPBDXZ 10007a10 f i tinyxml2.obj
 0001:00006a30       ?NextSiblingElement@XMLNode@tinyxml2@@QBEPBVXMLElement@2@PBD@Z 10007a30 f   tinyxml2.obj
 0001:00006ab0       ?ParseDeep@XMLNode@tinyxml2@@UAEPADPADPAVStrPair@2@@Z 10007ab0 f   tinyxml2.obj
 0001:00006dd0       ?Empty@StrPair@tinyxml2@@QBE_NXZ 10007dd0 f i tinyxml2.obj
 0001:00006e00       ?ClosingType@XMLElement@tinyxml2@@QBEHXZ 10007e00 f i tinyxml2.obj
 0001:00006e20       ?Error@XMLDocument@tinyxml2@@QBE_NXZ 10007e20 f i tinyxml2.obj
 0001:00006e50       ?ParseDeep@XMLText@tinyxml2@@UAEPADPADPAVStrPair@2@@Z 10007e50 f   tinyxml2.obj
 0001:00006f40       ?CData@XMLText@tinyxml2@@QBE_NXZ 10007f40 f i tinyxml2.obj
 0001:00006f60       ?ProcessEntities@XMLDocument@tinyxml2@@QBE_NXZ 10007f60 f i tinyxml2.obj
 0001:00006f80       ?WhitespaceMode@XMLDocument@tinyxml2@@QBE?AW4Whitespace@2@XZ 10007f80 f i tinyxml2.obj
 0001:00006fa0       ?ShallowClone@XMLText@tinyxml2@@UBEPAVXMLNode@2@PAVXMLDocument@2@@Z 10007fa0 f   tinyxml2.obj
 0001:00006ff0       ?ShallowEqual@XMLText@tinyxml2@@UBE_NPBVXMLNode@2@@Z 10007ff0 f   tinyxml2.obj
 0001:00007060       ?Accept@XMLText@tinyxml2@@UBE_NPAVXMLVisitor@2@@Z 10008060 f   tinyxml2.obj
 0001:00007090       ??0XMLComment@tinyxml2@@IAE@PAVXMLDocument@1@@Z 10008090 f   tinyxml2.obj
 0001:000070c0       ??_EXMLComment@tinyxml2@@MAEPAXI@Z 100080c0 f i tinyxml2.obj
 0001:000070c0       ??_GXMLComment@tinyxml2@@MAEPAXI@Z 100080c0 f i tinyxml2.obj
 0001:00007100       ??1XMLComment@tinyxml2@@MAE@XZ 10008100 f   tinyxml2.obj
 0001:00007130       ?ParseDeep@XMLComment@tinyxml2@@UAEPADPADPAVStrPair@2@@Z 10008130 f   tinyxml2.obj
 0001:00007180       ?ShallowClone@XMLComment@tinyxml2@@UBEPAVXMLNode@2@PAVXMLDocument@2@@Z 10008180 f   tinyxml2.obj
 0001:000071c0       ?ShallowEqual@XMLComment@tinyxml2@@UBE_NPBVXMLNode@2@@Z 100081c0 f   tinyxml2.obj
 0001:00007230       ?Accept@XMLComment@tinyxml2@@UBE_NPAVXMLVisitor@2@@Z 10008230 f   tinyxml2.obj
 0001:00007260       ??0XMLDeclaration@tinyxml2@@IAE@PAVXMLDocument@1@@Z 10008260 f   tinyxml2.obj
 0001:00007290       ??_EXMLDeclaration@tinyxml2@@MAEPAXI@Z 10008290 f i tinyxml2.obj
 0001:00007290       ??_GXMLDeclaration@tinyxml2@@MAEPAXI@Z 10008290 f i tinyxml2.obj
 0001:000072d0       ??1XMLDeclaration@tinyxml2@@MAE@XZ 100082d0 f   tinyxml2.obj
 0001:00007300       ?ParseDeep@XMLDeclaration@tinyxml2@@UAEPADPADPAVStrPair@2@@Z 10008300 f   tinyxml2.obj
 0001:00007350       ?ShallowClone@XMLDeclaration@tinyxml2@@UBEPAVXMLNode@2@PAVXMLDocument@2@@Z 10008350 f   tinyxml2.obj
 0001:00007390       ?ShallowEqual@XMLDeclaration@tinyxml2@@UBE_NPBVXMLNode@2@@Z 10008390 f   tinyxml2.obj
 0001:00007400       ?Accept@XMLDeclaration@tinyxml2@@UBE_NPAVXMLVisitor@2@@Z 10008400 f   tinyxml2.obj
 0001:00007430       ??0XMLUnknown@tinyxml2@@IAE@PAVXMLDocument@1@@Z 10008430 f   tinyxml2.obj
 0001:00007460       ??_GXMLUnknown@tinyxml2@@MAEPAXI@Z 10008460 f i tinyxml2.obj
 0001:00007460       ??_EXMLUnknown@tinyxml2@@MAEPAXI@Z 10008460 f i tinyxml2.obj
 0001:000074a0       ??1XMLUnknown@tinyxml2@@MAE@XZ 100084a0 f   tinyxml2.obj
 0001:000074d0       ?ParseDeep@XMLUnknown@tinyxml2@@UAEPADPADPAVStrPair@2@@Z 100084d0 f   tinyxml2.obj
 0001:00007520       ?ShallowClone@XMLUnknown@tinyxml2@@UBEPAVXMLNode@2@PAVXMLDocument@2@@Z 10008520 f   tinyxml2.obj
 0001:00007560       ?ShallowEqual@XMLUnknown@tinyxml2@@UBE_NPBVXMLNode@2@@Z 10008560 f   tinyxml2.obj
 0001:000075d0       ?Accept@XMLUnknown@tinyxml2@@UBE_NPAVXMLVisitor@2@@Z 100085d0 f   tinyxml2.obj
 0001:00007600       ?Name@XMLAttribute@tinyxml2@@QBEPBDXZ 10008600 f   tinyxml2.obj
 0001:00007620       ?Value@XMLAttribute@tinyxml2@@QBEPBDXZ 10008620 f   tinyxml2.obj
 0001:00007640       ?ParseDeep@XMLAttribute@tinyxml2@@AAEPADPAD_N@Z 10008640 f   tinyxml2.obj
 0001:00007710       ?SetName@XMLAttribute@tinyxml2@@AAEXPBD@Z 10008710 f   tinyxml2.obj
 0001:00007740       ?SetAttribute@XMLAttribute@tinyxml2@@QAEXPBD@Z 10008740 f   tinyxml2.obj
 0001:00007770       ??0XMLElement@tinyxml2@@AAE@PAVXMLDocument@1@@Z 10008770 f   tinyxml2.obj
 0001:000077c0       ??_GXMLElement@tinyxml2@@EAEPAXI@Z 100087c0 f i tinyxml2.obj
 0001:000077c0       ??_EXMLElement@tinyxml2@@EAEPAXI@Z 100087c0 f i tinyxml2.obj
 0001:00007800       ??1XMLElement@tinyxml2@@EAE@XZ 10008800 f   tinyxml2.obj
 0001:000078c0       ?FindAttribute@XMLElement@tinyxml2@@QBEPBVXMLAttribute@2@PBD@Z 100088c0 f   tinyxml2.obj
 0001:00007920       ?Attribute@XMLElement@tinyxml2@@QBEPBDPBD0@Z 10008920 f   tinyxml2.obj
 0001:00007990       ?FindOrCreateAttribute@XMLElement@tinyxml2@@AAEPAVXMLAttribute@2@PBD@Z 10008990 f   tinyxml2.obj
 0001:00007af0       ??0XMLAttribute@tinyxml2@@AAE@XZ 10008af0 f i tinyxml2.obj
 0001:00007b80       ??_EXMLAttribute@tinyxml2@@EAEPAXI@Z 10008b80 f i tinyxml2.obj
 0001:00007b80       ??_GXMLAttribute@tinyxml2@@EAEPAXI@Z 10008b80 f i tinyxml2.obj
 0001:00007bc0       ??1XMLAttribute@tinyxml2@@EAE@XZ 10008bc0 f i tinyxml2.obj
 0001:00007c30       ?ParseAttributes@XMLElement@tinyxml2@@AAEPADPAD@Z 10008c30 f   tinyxml2.obj
 0001:00007e80       ?ParseDeep@XMLElement@tinyxml2@@UAEPADPADPAVStrPair@2@@Z 10008e80 f   tinyxml2.obj
 0001:00007f40       ?ShallowClone@XMLElement@tinyxml2@@UBEPAVXMLNode@2@PAVXMLDocument@2@@Z 10008f40 f   tinyxml2.obj
 0001:00007fc0       ?Next@XMLAttribute@tinyxml2@@QBEPBV12@XZ 10008fc0 f i tinyxml2.obj
 0001:00007fe0       ?SetAttribute@XMLElement@tinyxml2@@QAEXPBD0@Z 10008fe0 f i tinyxml2.obj
 0001:00008010       ?Size@?$DynArray@PAUBlock@?$MemPoolT@$0CE@@tinyxml2@@$09@tinyxml2@@QBEHXZ 10009010 f i tinyxml2.obj
 0001:00008010       ?Size@?$DynArray@PAUBlock@?$MemPoolT@$0CM@@tinyxml2@@$09@tinyxml2@@QBEHXZ 10009010 f i tinyxml2.obj
 0001:00008010       ?Size@?$DynArray@PAUBlock@?$MemPoolT@$0DE@@tinyxml2@@$09@tinyxml2@@QBEHXZ 10009010 f i tinyxml2.obj
 0001:00008010       ?FirstAttribute@XMLElement@tinyxml2@@QBEPBVXMLAttribute@2@XZ 10009010 f i tinyxml2.obj
 0001:00008010       ?Size@?$DynArray@PAUBlock@?$MemPoolT@$0DA@@tinyxml2@@$09@tinyxml2@@QBEHXZ 10009010 f i tinyxml2.obj
 0001:00008030       ?ShallowEqual@XMLElement@tinyxml2@@UBE_NPBVXMLNode@2@@Z 10009030 f   tinyxml2.obj
 0001:00008100       ?Accept@XMLElement@tinyxml2@@UBE_NPAVXMLVisitor@2@@Z 10009100 f   tinyxml2.obj
 0001:00008180       ??0XMLDocument@tinyxml2@@QAE@_NW4Whitespace@1@@Z 10009180 f   tinyxml2.obj
 0001:00008270       ?ToComment@XMLComment@tinyxml2@@UBEPBV12@XZ 10009270 f i tinyxml2.obj
 0001:00008270       ??0CObject@@IAE@XZ         10009270 f i DataLine.obj
 0001:00008270       ?ToElement@XMLElement@tinyxml2@@UAEPAV12@XZ 10009270 f i tinyxml2.obj
 0001:00008270       ?ToDeclaration@XMLDeclaration@tinyxml2@@UBEPBV12@XZ 10009270 f i tinyxml2.obj
 0001:00008270       ??0?$allocator@U?$pair@$$CBV?$CStringT@DV?$StrTraitMFC_DLL@DV?$ChTraitsCRT@D@ATL@@@@@ATL@@PAVCBcfListItem@@@std@@@std@@QAE@XZ 10009270 f i MainManage.obj
 0001:00008270       ??0yxyDES@@QAE@XZ          10009270 f i yxyDES.obj
 0001:00008270       ?ToElement@XMLElement@tinyxml2@@UBEPBV12@XZ 10009270 f i tinyxml2.obj
 0001:00008270       ?ToText@XMLText@tinyxml2@@UBEPBV12@XZ 10009270 f i tinyxml2.obj
 0001:00008270       ??0?$allocator@D@std@@QAE@XZ 10009270 f i Base64.obj
 0001:00008270       ??0?$allocator@PAUFILEINFO@@@std@@QAE@XZ 10009270 f i HNSmtp.obj
 0001:00008270       ??0?$allocator@U?$pair@$$CBHV?$vector@HV?$allocator@H@std@@@std@@@std@@@std@@QAE@XZ 10009270 f i AFCSocket.obj
 0001:00008270       ??0?$allocator@H@std@@QAE@XZ 10009270 f i AFCSocket.obj
 0001:00008270       ?ToDocument@XMLDocument@tinyxml2@@UBEPBV12@XZ 10009270 f i tinyxml2.obj
 0001:00008270       ?ToText@XMLText@tinyxml2@@UAEPAV12@XZ 10009270 f i tinyxml2.obj
 0001:00008270       ?ToUnknown@XMLUnknown@tinyxml2@@UBEPBV12@XZ 10009270 f i tinyxml2.obj
 0001:00008270       ?ToDeclaration@XMLDeclaration@tinyxml2@@UAEPAV12@XZ 10009270 f i tinyxml2.obj
 0001:00008270       ??0ManageInfoStruct@@QAE@XZ 10009270 f i MainManage.obj
 0001:00008270       ??0?$allocator@U?$pair@$$CBV?$basic_string@DU?$char_traits@D@std@@V?$allocator@D@2@@std@@VHNTreeNode@@@std@@@std@@QAE@XZ 10009270 f i HNFilter.obj
 0001:00008270       ?ToDocument@XMLDocument@tinyxml2@@UAEPAV12@XZ 10009270 f i tinyxml2.obj
 0001:00008270       ?ToUnknown@XMLUnknown@tinyxml2@@UAEPAV12@XZ 10009270 f i tinyxml2.obj
 0001:00008270       ??0?$allocator@U?$pair@$$CBV?$CStringT@DV?$StrTraitMFC_DLL@DV?$ChTraitsCRT@D@ATL@@@@@ATL@@PAVCBcfFileNameItem@@@std@@@std@@QAE@XZ 10009270 f i MainManage.obj
 0001:00008270       ?ToComment@XMLComment@tinyxml2@@UAEPAV12@XZ 10009270 f i tinyxml2.obj
 0001:00008290       ?ShallowClone@XMLDocument@tinyxml2@@UBEPAVXMLNode@2@PAV12@@Z 10009290 f i tinyxml2.obj
 0001:000082b0       ?ShallowEqual@XMLDocument@tinyxml2@@UBE_NPBVXMLNode@2@@Z 100092b0 f i tinyxml2.obj
 0001:000082d0       ??_EXMLDocument@tinyxml2@@UAEPAXI@Z 100092d0 f i tinyxml2.obj
 0001:000082d0       ??_GXMLDocument@tinyxml2@@UAEPAXI@Z 100092d0 f i tinyxml2.obj
 0001:00008310       ??1XMLDocument@tinyxml2@@UAE@XZ 10009310 f   tinyxml2.obj
 0001:000083d0       ?Clear@XMLDocument@tinyxml2@@QAEXXZ 100093d0 f   tinyxml2.obj
 0001:00008430       ?NewElement@XMLDocument@tinyxml2@@QAEPAVXMLElement@2@PBD@Z 10009430 f   tinyxml2.obj
 0001:000084f0       ?SetName@XMLElement@tinyxml2@@QAEXPBD_N@Z 100094f0 f i tinyxml2.obj
 0001:00008520       ?NewComment@XMLDocument@tinyxml2@@QAEPAVXMLComment@2@PBD@Z 10009520 f   tinyxml2.obj
 0001:000085f0       ?NewText@XMLDocument@tinyxml2@@QAEPAVXMLText@2@PBD@Z 100095f0 f   tinyxml2.obj
 0001:000086c0       ?NewDeclaration@XMLDocument@tinyxml2@@QAEPAVXMLDeclaration@2@PBD@Z 100096c0 f   tinyxml2.obj
 0001:000087a0       ?NewUnknown@XMLDocument@tinyxml2@@QAEPAVXMLUnknown@2@PBD@Z 100097a0 f   tinyxml2.obj
 0001:00008870       ?LoadFile@XMLDocument@tinyxml2@@QAE?AW4XMLError@2@PBD@Z 10009870 f   tinyxml2.obj
 0001:000088f0       ?LoadFile@XMLDocument@tinyxml2@@QAE?AW4XMLError@2@PAU_iobuf@@@Z 100098f0 f   tinyxml2.obj
 0001:00008a90       ?SetError@XMLDocument@tinyxml2@@QAEXW4XMLError@2@PBD1@Z 10009a90 f   tinyxml2.obj
 0001:00008ac0       ??0?$MemPoolT@$0DE@@tinyxml2@@QAE@XZ 10009ac0 f i tinyxml2.obj
 0001:00008b60       ??0MemPool@tinyxml2@@QAE@XZ 10009b60 f i tinyxml2.obj
 0001:00008b80       ??1MemPool@tinyxml2@@UAE@XZ 10009b80 f i tinyxml2.obj
 0001:00008ba0       ??_EMemPool@tinyxml2@@UAEPAXI@Z 10009ba0 f i tinyxml2.obj
 0001:00008ba0       ??_GMemPool@tinyxml2@@UAEPAXI@Z 10009ba0 f i tinyxml2.obj
 0001:00008be0       ??1?$MemPoolT@$0DE@@tinyxml2@@UAE@XZ 10009be0 f i tinyxml2.obj
 0001:00008c90       ?ItemSize@?$MemPoolT@$0DE@@tinyxml2@@UBEHXZ 10009c90 f i tinyxml2.obj
 0001:00008cb0       ?Alloc@?$MemPoolT@$0DE@@tinyxml2@@UAEPAXXZ 10009cb0 f i tinyxml2.obj
 0001:00008dd0       ?SetTracked@?$MemPoolT@$0DA@@tinyxml2@@UAEXXZ 10009dd0 f i tinyxml2.obj
 0001:00008dd0       ?SetTracked@?$MemPoolT@$0CM@@tinyxml2@@UAEXXZ 10009dd0 f i tinyxml2.obj
 0001:00008dd0       ?SetTracked@?$MemPoolT@$0DE@@tinyxml2@@UAEXXZ 10009dd0 f i tinyxml2.obj
 0001:00008dd0       ?SetTracked@?$MemPoolT@$0CE@@tinyxml2@@UAEXXZ 10009dd0 f i tinyxml2.obj
 0001:00008e00       ??0?$MemPoolT@$0CE@@tinyxml2@@QAE@XZ 10009e00 f i tinyxml2.obj
 0001:00008ea0       ??1?$MemPoolT@$0CE@@tinyxml2@@UAE@XZ 10009ea0 f i tinyxml2.obj
 0001:00008f50       ?ItemSize@?$MemPoolT@$0CE@@tinyxml2@@UBEHXZ 10009f50 f i tinyxml2.obj
 0001:00008f70       ?Alloc@?$MemPoolT@$0CE@@tinyxml2@@UAEPAXXZ 10009f70 f i tinyxml2.obj
 0001:00009090       ??0?$MemPoolT@$0DA@@tinyxml2@@QAE@XZ 1000a090 f i tinyxml2.obj
 0001:00009130       ??1?$MemPoolT@$0DA@@tinyxml2@@UAE@XZ 1000a130 f i tinyxml2.obj
 0001:000091e0       ?ItemSize@?$MemPoolT@$0DA@@tinyxml2@@UBEHXZ 1000a1e0 f i tinyxml2.obj
 0001:00009200       ?Alloc@?$MemPoolT@$0DA@@tinyxml2@@UAEPAXXZ 1000a200 f i tinyxml2.obj
 0001:00009320       ?Free@?$MemPoolT@$0CM@@tinyxml2@@UAEXPAX@Z 1000a320 f i tinyxml2.obj
 0001:00009320       ?Free@?$MemPoolT@$0DA@@tinyxml2@@UAEXPAX@Z 1000a320 f i tinyxml2.obj
 0001:00009320       ?Free@?$MemPoolT@$0DE@@tinyxml2@@UAEXPAX@Z 1000a320 f i tinyxml2.obj
 0001:00009320       ?Free@?$MemPoolT@$0CE@@tinyxml2@@UAEXPAX@Z 1000a320 f i tinyxml2.obj
 0001:00009370       ??0?$MemPoolT@$0CM@@tinyxml2@@QAE@XZ 1000a370 f i tinyxml2.obj
 0001:00009410       ??1?$MemPoolT@$0CM@@tinyxml2@@UAE@XZ 1000a410 f i tinyxml2.obj
 0001:000094c0       ?ItemSize@?$MemPoolT@$0CM@@tinyxml2@@UBEHXZ 1000a4c0 f i tinyxml2.obj
 0001:000094e0       ?Alloc@?$MemPoolT@$0CM@@tinyxml2@@UAEPAXXZ 1000a4e0 f i tinyxml2.obj
 0001:00009600       ??_G?$MemPoolT@$0DE@@tinyxml2@@UAEPAXI@Z 1000a600 f i tinyxml2.obj
 0001:00009600       ??_E?$MemPoolT@$0DE@@tinyxml2@@UAEPAXI@Z 1000a600 f i tinyxml2.obj
 0001:00009640       ??_E?$MemPoolT@$0CE@@tinyxml2@@UAEPAXI@Z 1000a640 f i tinyxml2.obj
 0001:00009640       ??_G?$MemPoolT@$0CE@@tinyxml2@@UAEPAXI@Z 1000a640 f i tinyxml2.obj
 0001:00009680       ??_E?$MemPoolT@$0DA@@tinyxml2@@UAEPAXI@Z 1000a680 f i tinyxml2.obj
 0001:00009680       ??_G?$MemPoolT@$0DA@@tinyxml2@@UAEPAXI@Z 1000a680 f i tinyxml2.obj
 0001:000096c0       ??_E?$MemPoolT@$0CM@@tinyxml2@@UAEPAXI@Z 1000a6c0 f i tinyxml2.obj
 0001:000096c0       ??_G?$MemPoolT@$0CM@@tinyxml2@@UAEPAXI@Z 1000a6c0 f i tinyxml2.obj
 0001:00009700       ??1?$DynArray@PAUBlock@?$MemPoolT@$0CE@@tinyxml2@@$09@tinyxml2@@QAE@XZ 1000a700 f i tinyxml2.obj
 0001:00009700       ??1?$DynArray@PAUBlock@?$MemPoolT@$0CM@@tinyxml2@@$09@tinyxml2@@QAE@XZ 1000a700 f i tinyxml2.obj
 0001:00009700       ??1?$DynArray@PAUBlock@?$MemPoolT@$0DE@@tinyxml2@@$09@tinyxml2@@QAE@XZ 1000a700 f i tinyxml2.obj
 0001:00009700       ??1?$DynArray@PAUBlock@?$MemPoolT@$0DA@@tinyxml2@@$09@tinyxml2@@QAE@XZ 1000a700 f i tinyxml2.obj
 0001:00009740       ??0?$DynArray@PAUBlock@?$MemPoolT@$0DA@@tinyxml2@@$09@tinyxml2@@QAE@XZ 1000a740 f i tinyxml2.obj
 0001:00009740       ??0?$DynArray@PAUBlock@?$MemPoolT@$0DE@@tinyxml2@@$09@tinyxml2@@QAE@XZ 1000a740 f i tinyxml2.obj
 0001:00009740       ??0?$DynArray@PAUBlock@?$MemPoolT@$0CM@@tinyxml2@@$09@tinyxml2@@QAE@XZ 1000a740 f i tinyxml2.obj
 0001:00009740       ??0?$DynArray@PAUBlock@?$MemPoolT@$0CE@@tinyxml2@@$09@tinyxml2@@QAE@XZ 1000a740 f i tinyxml2.obj
 0001:00009780       ?Push@?$DynArray@PAUBlock@?$MemPoolT@$0CM@@tinyxml2@@$09@tinyxml2@@QAEXPAUBlock@?$MemPoolT@$0CM@@2@@Z 1000a780 f i tinyxml2.obj
 0001:00009780       ?Push@?$DynArray@PAUBlock@?$MemPoolT@$0DE@@tinyxml2@@$09@tinyxml2@@QAEXPAUBlock@?$MemPoolT@$0DE@@2@@Z 1000a780 f i tinyxml2.obj
 0001:00009780       ?Push@?$DynArray@PAUBlock@?$MemPoolT@$0DA@@tinyxml2@@$09@tinyxml2@@QAEXPAUBlock@?$MemPoolT@$0DA@@2@@Z 1000a780 f i tinyxml2.obj
 0001:00009780       ?Push@?$DynArray@PAUBlock@?$MemPoolT@$0CE@@tinyxml2@@$09@tinyxml2@@QAEXPAUBlock@?$MemPoolT@$0CE@@2@@Z 1000a780 f i tinyxml2.obj
 0001:000097d0       ??A?$DynArray@PAUBlock@?$MemPoolT@$0CM@@tinyxml2@@$09@tinyxml2@@QAEAAPAUBlock@?$MemPoolT@$0CM@@1@H@Z 1000a7d0 f i tinyxml2.obj
 0001:000097d0       ??A?$DynArray@PAUBlock@?$MemPoolT@$0DE@@tinyxml2@@$09@tinyxml2@@QAEAAPAUBlock@?$MemPoolT@$0DE@@1@H@Z 1000a7d0 f i tinyxml2.obj
 0001:000097d0       ??A?$DynArray@PAUBlock@?$MemPoolT@$0CE@@tinyxml2@@$09@tinyxml2@@QAEAAPAUBlock@?$MemPoolT@$0CE@@1@H@Z 1000a7d0 f i tinyxml2.obj
 0001:000097d0       ??A?$DynArray@PAUBlock@?$MemPoolT@$0DA@@tinyxml2@@$09@tinyxml2@@QAEAAPAUBlock@?$MemPoolT@$0DA@@1@H@Z 1000a7d0 f i tinyxml2.obj
 0001:000097f0       ?EnsureCapacity@?$DynArray@PAUBlock@?$MemPoolT@$0DA@@tinyxml2@@$09@tinyxml2@@AAEXH@Z 1000a7f0 f i tinyxml2.obj
 0001:000097f0       ?EnsureCapacity@?$DynArray@PAUBlock@?$MemPoolT@$0CE@@tinyxml2@@$09@tinyxml2@@AAEXH@Z 1000a7f0 f i tinyxml2.obj
 0001:000097f0       ?EnsureCapacity@?$DynArray@PAUBlock@?$MemPoolT@$0CM@@tinyxml2@@$09@tinyxml2@@AAEXH@Z 1000a7f0 f i tinyxml2.obj
 0001:000097f0       ?EnsureCapacity@?$DynArray@PAUBlock@?$MemPoolT@$0DE@@tinyxml2@@$09@tinyxml2@@AAEXH@Z 1000a7f0 f i tinyxml2.obj
 0001:00009890       _ExtRawDllMain@12          1000a890 f   AFCComDllEx.obj
 0001:000098f0       _DllMain@12                1000a8f0 f   AFCComDllEx.obj
 0001:00009970       ??B?$CTypedSimpleList@PAVCOleObjectFactory@@@@QAEPAVCOleObjectFactory@@XZ 1000a970 f i AFCComDllEx.obj
 0001:00009970       ??B?$CTypedSimpleList@PAUCRuntimeClass@@@@QAEPAUCRuntimeClass@@XZ 1000a970 f i AFCComDllEx.obj
 0001:00009990       ??2CObject@@SGPAXI@Z       1000a990 f i AFCComDllEx.obj
 0001:000099b0       ??4CSignedLockObject@@QAEAAV0@ABV0@@Z 1000a9b0 f i AFCDataBase.obj
 0001:000099b0       ??4CBcfFile@@QAEAAV0@ABV0@@Z 1000a9b0 f i MainManage.obj
 0001:000099e0       ??0CAFCSignedLock@@QAE@XZ  1000a9e0 f i AFCDataBase.obj
 0001:00009a00       ??1CAFCSignedLock@@QAE@XZ  1000aa00 f i AFCDataBase.obj
 0001:00009a20       ?Lock@CAFCSignedLock@@AAEXXZ 1000aa20 f i AFCDataBase.obj
 0001:00009a40       ?UnLock@CAFCSignedLock@@AAEXXZ 1000aa40 f i AFCDataBase.obj
 0001:00009a60       ??4CAFCSignedLock@@QAEAAV0@ABV0@@Z 1000aa60 f i AFCDataBase.obj
 0001:00009aa0       ??4CAFCRWLock@@QAEAAV0@ABV0@@Z 1000aaa0 f i AFCDataBase.obj
 0001:00009ad0       ?GetLock@CDataLine@@QAEPAVCAFCSignedLock@@XZ 1000aad0 f i AFCDataBase.obj
 0001:00009af0       ?SetCompletionHandle@CDataLine@@QAEXPAX@Z 1000aaf0 f i AFCDataBase.obj
 0001:00009b10       ??0CAFCException@@QAE@ABV0@@Z 1000ab10 f i AFCDataBase.obj
 0001:00009b60       ??4CAFCException@@QAEAAV0@ABV0@@Z 1000ab60 f i AFCDataBase.obj
 0001:00009bc0       ??_ECAFCException@@UAEPAXI@Z 1000abc0 f i AFCDataBase.obj
 0001:00009c40       ??_ECAFCDataBaseManage@@UAEPAXI@Z 1000ac40 f i AFCDataBase.obj
 0001:00009cc0       ??0CDataBaseHandle@@QAE@ABV0@@Z 1000acc0 f i AFCDataBase.obj
 0001:00009d20       ??4CDataBaseHandle@@QAEAAV0@ABV0@@Z 1000ad20 f i AFCDataBase.obj
 0001:00009d80       ??_ECDataBaseHandle@@UAEPAXI@Z 1000ad80 f i AFCDataBase.obj
 0001:00009e00       ??0IDataBaseHandleService@@QAE@ABU0@@Z 1000ae00 f i AFCDataBase.obj
 0001:00009e30       ??0CUDPSocket@@QAE@ABV0@@Z 1000ae30 f i AFCDataBase.obj
 0001:00009e60       ??_ECUDPSocket@@UAEPAXI@Z  1000ae60 f i AFCDataBase.obj
 0001:00009ee0       ?GetSocketState@CTCPClientSocket@@QAEEXZ 1000aee0 f i AFCDataBase.obj
 0001:00009f00       ??BCSyncObject@@QBEPAXXZ   1000af00 f i AFCDataBase.obj
 0001:00009f00       ?GetPermitCount@?$CAFCPtrArray@VCTCPSocketForZ@@@@QAEIXZ 1000af00 f i AFCSocket.obj
 0001:00009f00       ?GetPermitCount@?$CAFCPtrArray@VCTCPSocket@@@@QAEIXZ 1000af00 f i AFCSocket.obj
 0001:00009f00       ?GetSafeSocket@CListenSocket@@QAEIXZ 1000af00 f i AFCDataBase.obj
 0001:00009f00       ?GetPermitCount@?$CAFCPtrArray@VCTCPSocketForWeb@@@@QAEIXZ 1000af00 f i AFCWebSocket.obj
 0001:00009f20       ??0CListenSocket@@QAE@ABV0@@Z 1000af20 f i AFCDataBase.obj
 0001:00009f50       ??4CUDPSocket@@QAEAAV0@ABV0@@Z 1000af50 f i AFCDataBase.obj
 0001:00009f50       ??4CListenSocket@@QAEAAV0@ABV0@@Z 1000af50 f i AFCDataBase.obj
 0001:00009f80       ??_ECListenSocket@@UAEPAXI@Z 1000af80 f i AFCDataBase.obj
 0001:0000a000       ?IsConnect@CTCPSocket@@QAE_NXZ 1000b000 f i AFCDataBase.obj
 0001:0000a030       ?GetBeginTime@CTCPSocket@@QAEJXZ 1000b030 f i AFCDataBase.obj
 0001:0000a050       ?GetConnectData@CTCPSocket@@QAEKXZ 1000b050 f i AFCDataBase.obj
 0001:0000a070       ?GetRecvLock@CTCPSocket@@QAEPAVCAFCSignedLock@@XZ 1000b070 f i AFCDataBase.obj
 0001:0000a090       ?GetSendLock@CTCPSocket@@QAEPAVCAFCSignedLock@@XZ 1000b090 f i AFCDataBase.obj
 0001:0000a0b0       ?SetSocketManagePtr@CTCPSocket@@IAEXPAVCTCPSocketManage@@@Z 1000b0b0 f i AFCDataBase.obj
 0001:0000a0e0       ??0CTCPSocket@@QAE@ABV0@@Z 1000b0e0 f i AFCDataBase.obj
 0001:0000a280       ??4CTCPSocket@@QAEAAV0@ABV0@@Z 1000b280 f i AFCDataBase.obj
 0001:0000a440       ??_ECTCPSocket@@UAEPAXI@Z  1000b440 f i AFCDataBase.obj
 0001:0000a4c0       ?IsConnect@CTCPSocketForZ@@QAE_NXZ 1000b4c0 f i AFCDataBase.obj
 0001:0000a4f0       ?GetBeginTime@CTCPSocketForZ@@QAEJXZ 1000b4f0 f i AFCDataBase.obj
 0001:0000a510       ?GetConnectData@CTCPSocketForZ@@QAEKXZ 1000b510 f i AFCDataBase.obj
 0001:0000a530       ?GetRecvLock@CTCPSocketForZ@@QAEPAVCAFCSignedLock@@XZ 1000b530 f i AFCDataBase.obj
 0001:0000a550       ?GetSendLock@CTCPSocketForZ@@QAEPAVCAFCSignedLock@@XZ 1000b550 f i AFCDataBase.obj
 0001:0000a570       ?SetSocketManagePtr@CTCPSocketForZ@@IAEXPAVCTCPSocketManageForZ@@@Z 1000b570 f i AFCDataBase.obj
 0001:0000a5a0       ??0CTCPSocketForZ@@QAE@ABV0@@Z 1000b5a0 f i AFCDataBase.obj
 0001:0000a740       ??4CTCPSocketForZ@@QAEAAV0@ABV0@@Z 1000b740 f i AFCDataBase.obj
 0001:0000a900       ??_ECTCPSocketForZ@@UAEPAXI@Z 1000b900 f i AFCDataBase.obj
 0001:0000a980       ??0CAFCDataBaseManage@@QAE@XZ 1000b980 f   AFCDataBase.obj
 0001:0000aab0       ??1CAFCDataBaseManage@@UAE@XZ 1000bab0 f   AFCDataBase.obj
 0001:0000ab60       ?Start@CAFCDataBaseManage@@QAE_NXZ 1000bb60 f   AFCDataBase.obj
 0001:0000ae70       ?Stop@CAFCDataBaseManage@@QAE_NXZ 1000be70 f   AFCDataBase.obj
 0001:0000af30       ?UnInit@CAFCDataBaseManage@@QAE_NXZ 1000bf30 f   AFCDataBase.obj
 0001:0000afa0       ?PushLine@CAFCDataBaseManage@@QAE_NPAUDataBaseLineHead@@IIIK@Z 1000bfa0 f   AFCDataBase.obj
 0001:0000b000       ?DataServiceThread@CAFCDataBaseManage@@CGIPAX@Z 1000c000 f   AFCDataBase.obj
 0001:0000b180       ?SQLConnectReset@CAFCDataBaseManage@@QAE_NXZ 1000c180 f   AFCDataBase.obj
 0001:0000b670       ?FirstChildElement@XMLNode@tinyxml2@@QAEPAVXMLElement@2@PBD@Z 1000c670 f i AFCDataBase.obj
 0001:0000b6a0       ?OnStart@CBaseMainManageForWeb@@EAE_NXZ 1000c6a0 f   MainManageForWeb.obj
 0001:0000b6a0       ?OnStop@CBaseMainManageForZ@@EAE_NXZ 1000c6a0 f   MainManageForZ.obj
 0001:0000b6a0       ?OnUnInit@CBaseMainManageForWeb@@EAE_NXZ 1000c6a0 f   MainManageForWeb.obj
 0001:0000b6a0       ?OnStart@CBaseMainManageForZ@@EAE_NXZ 1000c6a0 f   MainManageForZ.obj
 0001:0000b6a0       ?OnStop@CBaseMainManage@@EAE_NXZ 1000c6a0 f   MainManage.obj
 0001:0000b6a0       ?OnStart@CBaseMainManage@@EAE_NXZ 1000c6a0 f   MainManage.obj
 0001:0000b6a0       ?StopTimer@CBaseMainManage@@UAE_NXZ 1000c6a0 f   MainManage.obj
 0001:0000b6a0       ?OnUnInit@CBaseMainManageForZ@@EAE_NXZ 1000c6a0 f   MainManageForZ.obj
 0001:0000b6a0       ?CheckSQLConnect@CAFCDataBaseManage@@QAE_NXZ 1000c6a0 f   AFCDataBase.obj
 0001:0000b6a0       ?OnUnInit@CBaseMainManage@@EAE_NXZ 1000c6a0 f   MainManage.obj
 0001:0000b6a0       ?StopTimer@CBaseMainManageForWeb@@UAE_NXZ 1000c6a0 f   MainManageForWeb.obj
 0001:0000b6a0       ?OnStop@CBaseMainManageForWeb@@EAE_NXZ 1000c6a0 f   MainManageForWeb.obj
 0001:0000b6c0       ?SQLConnect@CAFCDataBaseManage@@QAEXXZ 1000c6c0 f   AFCDataBase.obj
 0001:0000bbf0       ??0CDataBaseHandle@@QAE@XZ 1000cbf0 f   AFCDataBase.obj
 0001:0000bc40       ??0IDataBaseHandleService@@QAE@XZ 1000cc40 f i AFCDataBase.obj
 0001:0000bc60       ??1CDataBaseHandle@@UAE@XZ 1000cc60 f   AFCDataBase.obj
 0001:0000bc80       ?SetParameter@CDataBaseHandle@@UAE_NPAUIDataBaseResultService@@PAVCAFCDataBaseManage@@PAUManageInfoStruct@@PAUKernelInfoStruct@@@Z 1000cc80 f   AFCDataBase.obj
 0001:0000bcc0       ?Init@CAFCDataBaseManage@@QAE_NPAUManageInfoStruct@@PAUKernelInfoStruct@@PAUIDataBaseHandleService@@PAUIDataBaseResultService@@@Z 1000ccc0 f   AFCDataBase.obj
 0001:0000bdb0       ?sqlSPSetNameEx@CDataBaseHandle@@QAE_NPBD_N@Z 1000cdb0 f   AFCDataBase.obj
 0001:0000be40       ?closeRecord@CDataBaseHandle@@QAEXXZ 1000ce40 f   AFCDataBase.obj
 0001:0000be90       ?adoBOF@CDataBaseHandle@@QAE_NXZ 1000ce90 f   AFCDataBase.obj
 0001:0000bee0       ?adoEndOfFile@CDataBaseHandle@@QAE_NXZ 1000cee0 f   AFCDataBase.obj
 0001:0000bf30       ?moveFirst@CDataBaseHandle@@QAE_NXZ 1000cf30 f   AFCDataBase.obj
 0001:0000bf80       ?moveNext@CDataBaseHandle@@QAE_NXZ 1000cf80 f   AFCDataBase.obj
 0001:0000bfd0       ?moveLast@CDataBaseHandle@@QAE_NXZ 1000cfd0 f   AFCDataBase.obj
 0001:0000c020       ?getRecordCount@CDataBaseHandle@@QAEJXZ 1000d020 f   AFCDataBase.obj
 0001:0000c070       ?getFieldCount@CDataBaseHandle@@QAEJXZ 1000d070 f   AFCDataBase.obj
 0001:0000c0c0       ?execSQL@CDataBaseHandle@@QAEHPBD_N@Z 1000d0c0 f   AFCDataBase.obj
 0001:0000c120       ?execStoredProc@CDataBaseHandle@@QAEHXZ 1000d120 f   AFCDataBase.obj
 0001:0000c200       ?getReturnValue@CDataBaseHandle@@QAEJXZ 1000d200 f   AFCDataBase.obj
 0001:0000c250       ?addInputParameter@CDataBaseHandle@@QAEHPBD_N@Z 1000d250 f   AFCDataBase.obj
 0001:0000c2b0       ?addInputParameter@CDataBaseHandle@@QAEHPBDD@Z 1000d2b0 f   AFCDataBase.obj
 0001:0000c310       ?addInputParameter@CDataBaseHandle@@QAEHPBDE@Z 1000d310 f   AFCDataBase.obj
 0001:0000c370       ?addInputParameter@CDataBaseHandle@@QAEHPBDF@Z 1000d370 f   AFCDataBase.obj
 0001:0000c3d0       ?addInputParameter@CDataBaseHandle@@QAEHPBDG@Z 1000d3d0 f   AFCDataBase.obj
 0001:0000c430       ?addInputParameter@CDataBaseHandle@@QAEHPBDH@Z 1000d430 f   AFCDataBase.obj
 0001:0000c490       ?addInputParameter@CDataBaseHandle@@QAEHPBDI@Z 1000d490 f   AFCDataBase.obj
 0001:0000c4f0       ?addInputParameter@CDataBaseHandle@@QAEHPBD_J@Z 1000d4f0 f   AFCDataBase.obj
 0001:0000c550       ?addInputParameter@CDataBaseHandle@@QAEHPBD_K@Z 1000d550 f   AFCDataBase.obj
 0001:0000c5b0       ?addInputParameter@CDataBaseHandle@@QAEHPBDM@Z 1000d5b0 f   AFCDataBase.obj
 0001:0000c610       ?addInputParameter@CDataBaseHandle@@QAEHPBDN@Z 1000d610 f   AFCDataBase.obj
 0001:0000c670       ?addInputParameter@CDataBaseHandle@@QAEHPBD0I@Z 1000d670 f   AFCDataBase.obj
 0001:0000c6d0       ?addInputParameter@CDataBaseHandle@@QAEHPBDPAEI@Z 1000d6d0 f   AFCDataBase.obj
 0001:0000c730       ?getValue@CDataBaseHandle@@QAEHPBDPA_N@Z 1000d730 f   AFCDataBase.obj
 0001:0000c790       ?getValue@CDataBaseHandle@@QAEHPBDPAD@Z 1000d790 f   AFCDataBase.obj
 0001:0000c7f0       ?getValue@CDataBaseHandle@@QAEHPBDPAE@Z 1000d7f0 f   AFCDataBase.obj
 0001:0000c850       ?getValue@CDataBaseHandle@@QAEHPBDPAF@Z 1000d850 f   AFCDataBase.obj
 0001:0000c8b0       ?getValue@CDataBaseHandle@@QAEHPBDPAG@Z 1000d8b0 f   AFCDataBase.obj
 0001:0000c910       ?getValue@CDataBaseHandle@@QAEHPBDPAH@Z 1000d910 f   AFCDataBase.obj
 0001:0000c970       ?getValue@CDataBaseHandle@@QAEHPBDPAI@Z 1000d970 f   AFCDataBase.obj
 0001:0000c9d0       ?getValue@CDataBaseHandle@@QAEHPBDPAJ@Z 1000d9d0 f   AFCDataBase.obj
 0001:0000ca30       ?getValue@CDataBaseHandle@@QAEHPBDPAK@Z 1000da30 f   AFCDataBase.obj
 0001:0000ca90       ?getValue@CDataBaseHandle@@QAEHPBDPA_J@Z 1000da90 f   AFCDataBase.obj
 0001:0000caf0       ?getValue@CDataBaseHandle@@QAEHPBDPA_K@Z 1000daf0 f   AFCDataBase.obj
 0001:0000cb50       ?getValue@CDataBaseHandle@@QAEHPBDPAM@Z 1000db50 f   AFCDataBase.obj
 0001:0000cbb0       ?getValue@CDataBaseHandle@@QAEHPBDPAN@Z 1000dbb0 f   AFCDataBase.obj
 0001:0000cc10       ?getValue@CDataBaseHandle@@QAEHPBDPAVCOleDateTime@ATL@@@Z 1000dc10 f   AFCDataBase.obj
 0001:0000cc70       ?getValue@CDataBaseHandle@@QAEHPBDPAU_GUID@@@Z 1000dc70 f   AFCDataBase.obj
 0001:0000ccd0       ?getValue@CDataBaseHandle@@QAEHPBDPADI@Z 1000dcd0 f   AFCDataBase.obj
 0001:0000cd40       ?getValue@CDataBaseHandle@@QAEHPBDPAEI@Z 1000dd40 f   AFCDataBase.obj
 0001:0000cdb0       ??HATL@@YA?AV?$CStringT@DV?$StrTraitMFC_DLL@DV?$ChTraitsCRT@D@ATL@@@@@0@ABV10@0@Z 1000ddb0 f i AFCDataBase.obj
 0001:0000ce70       ?CreateInstance@?$_com_ptr_t@V?$_com_IIID@U_Connection@ADODB@@$1?_GUID_00001550_0000_0010_8000_00aa006d2ea4@@3U__s_GUID@@B@@@@QAEJABU_GUID@@PAUIUnknown@@K@Z 1000de70 f i AFCDataBase.obj
 0001:0000cf30       ??1?$_com_ptr_t@V?$_com_IIID@U_Connection@ADODB@@$1?_GUID_00001550_0000_0010_8000_00aa006d2ea4@@3U__s_GUID@@B@@@@QAE@XZ 1000df30 f i AFCDataBase.obj
 0001:0000cf30       ??1?$_com_ptr_t@V?$_com_IIID@U_Recordset@ADODB@@$1?_GUID_00001556_0000_0010_8000_00aa006d2ea4@@3U__s_GUID@@B@@@@QAE@XZ 1000df30 f i AFCDataBase.obj
 0001:0000cf50       ?CreateInstance@?$_com_ptr_t@V?$_com_IIID@U_Recordset@ADODB@@$1?_GUID_00001556_0000_0010_8000_00aa006d2ea4@@3U__s_GUID@@B@@@@QAEJABU_GUID@@PAUIUnknown@@K@Z 1000df50 f i AFCDataBase.obj
 0001:0000d010       ?GetIID@?$_com_ptr_t@V?$_com_IIID@U_Connection@ADODB@@$1?_GUID_00001550_0000_0010_8000_00aa006d2ea4@@3U__s_GUID@@B@@@@SAABU_GUID@@XZ 1000e010 f i AFCDataBase.obj
 0001:0000d030       ?_Release@?$_com_ptr_t@V?$_com_IIID@U_Recordset@ADODB@@$1?_GUID_00001556_0000_0010_8000_00aa006d2ea4@@3U__s_GUID@@B@@@@AAEXXZ 1000e030 f i AFCDataBase.obj
 0001:0000d030       ?_Release@?$_com_ptr_t@V?$_com_IIID@U_Connection@ADODB@@$1?_GUID_00001550_0000_0010_8000_00aa006d2ea4@@3U__s_GUID@@B@@@@AAEXXZ 1000e030 f i AFCDataBase.obj
 0001:0000d060       ?GetIID@?$_com_ptr_t@V?$_com_IIID@U_Recordset@ADODB@@$1?_GUID_00001556_0000_0010_8000_00aa006d2ea4@@3U__s_GUID@@B@@@@SAABU_GUID@@XZ 1000e060 f i AFCDataBase.obj
 0001:0000d080       ?GetIID@?$_com_IIID@U_Connection@ADODB@@$1?_GUID_00001550_0000_0010_8000_00aa006d2ea4@@3U__s_GUID@@B@@SAABU_GUID@@XZ 1000e080 f i AFCDataBase.obj
 0001:0000d0a0       ?GetIID@?$_com_IIID@U_Recordset@ADODB@@$1?_GUID_00001556_0000_0010_8000_00aa006d2ea4@@3U__s_GUID@@B@@SAABU_GUID@@XZ 1000e0a0 f i AFCDataBase.obj
 0001:0000d0c0       ??$strcpy_s@$0EA@@@YAHAAY0EA@DPBD@Z 1000e0c0 f i AFCDataBase.obj
 0001:0000d0f0       ?GetTotalSeconds@COleDateTimeSpan@ATL@@QBENXZ 1000e0f0 f i AFCDataBase.obj
 0001:0000d150       ?GetTickCount@COleDateTime@ATL@@SG?AV12@XZ 1000e150 f i AFCDataBase.obj
 0001:0000d180       ??0COleDateTime@ATL@@QAE@_J@Z 1000e180 f i AFCDataBase.obj
 0001:0000d1c0       ??4COleDateTime@ATL@@QAEAAV01@AB_J@Z 1000e1c0 f i AFCDataBase.obj
 0001:0000d240       ??0CTime@ATL@@QAE@_J@Z     1000e240 f i AFCDataBase.obj
 0001:0000d270       ?GetAsSystemTime@CTime@ATL@@QBE_NAAU_SYSTEMTIME@@@Z 1000e270 f i AFCDataBase.obj
 0001:0000d330       ?GetLocalTm@CTime@ATL@@QBEPAUtm@@PAU3@@Z 1000e330 f i AFCDataBase.obj
 0001:0000d3c0       ?AtlThrowImpl@ATL@@YGXJ@Z  1000e3c0 f i AFCDataBase.obj
 0001:0000d3f0       ?ConvertSystemTimeToVariantTime@COleDateTime@ATL@@IAEHABU_SYSTEMTIME@@@Z 1000e3f0 f i AFCDataBase.obj
 0001:0000d420       ?AtlConvertSystemTimeToVariantTime@ATL@@YAHABU_SYSTEMTIME@@PAN@Z 1000e420 f i AFCDataBase.obj
 0001:0000d540       ??GCOleDateTime@ATL@@QBE?AVCOleDateTimeSpan@1@ABV01@@Z 1000e540 f i AFCDataBase.obj
 0001:0000d590       ??0COleDateTimeSpan@ATL@@QAE@N@Z 1000e590 f i AFCDataBase.obj
 0001:0000d5d0       ?CheckRange@COleDateTimeSpan@ATL@@QAEXXZ 1000e5d0 f i AFCDataBase.obj
 0001:0000d620       ?DoubleFromDate@COleDateTime@ATL@@KGNN@Z 1000e620 f i AFCDataBase.obj
 0001:0000d670       ??0DB_CREATE_PARAM@@QAE@XZ 1000e670 f i AFCDataBase.obj
 0001:0000d6f0       ??0CAFCException@@QAE@PADI_N@Z 1000e6f0 f i AFCException.obj
 0001:0000d7a0       ??1CAFCException@@UAE@XZ   1000e7a0 f   AFCException.obj
 0001:0000d7c0       ?GetErrorCode@CAFCException@@UBEIXZ 1000e7c0 f   AFCException.obj
 0001:0000d7f0       ?Delete@CAFCException@@UAE_NXZ 1000e7f0 f   AFCException.obj
 0001:0000d850       ?GetErrorMessage@CAFCException@@UBEPBDPADH@Z 1000e850 f   AFCException.obj
 0001:0000d8e0       ?ShowErrorMessage@CAFCException@@SA_N_N@Z 1000e8e0 f   AFCException.obj
 0001:0000d900       ??0CSignedLockObject@@QAE@PAVCAFCSignedLock@@_N@Z 1000e900 f   AFCLock.obj
 0001:0000d940       ??1CSignedLockObject@@QAE@XZ 1000e940 f   AFCLock.obj
 0001:0000d970       ?Lock@CSignedLockObject@@QAEXXZ 1000e970 f i AFCLock.obj
 0001:0000d9b0       ?UnLock@CSignedLockObject@@QAEXXZ 1000e9b0 f i AFCLock.obj
 0001:0000d9f0       ??0CAFCRWLock@@QAE@XZ      1000e9f0 f   AFCLock.obj
 0001:0000da60       ??1CAFCRWLock@@QAE@XZ      1000ea60 f   AFCLock.obj
 0001:0000dab0       ?LockWrite@CAFCRWLock@@QAE_NK@Z 1000eab0 f   AFCLock.obj
 0001:0000db30       ?LockRead@CAFCRWLock@@QAE_NK@Z 1000eb30 f   AFCLock.obj
 0001:0000dba0       ?UnLockWrite@CAFCRWLock@@QAE_NXZ 1000eba0 f   AFCLock.obj
 0001:0000dbd0       ?UnLockRead@CAFCRWLock@@QAE_NXZ 1000ebd0 f   AFCLock.obj
 0001:0000dc10       ??_ECTCPClientSocket@@UAEPAXI@Z 1000ec10 f i AFCSocket.obj
 0001:0000dc90       ??_ECTCPSocketManage@@UAEPAXI@Z 1000ec90 f i AFCSocket.obj
 0001:0000dd10       ??_ECTCPSocketManageForZ@@UAEPAXI@Z 1000ed10 f i AFCSocket.obj
 0001:0000dd90       ??0MD5_CTX@@QAE@ABV0@@Z    1000ed90 f i AFCSocket.obj
 0001:0000de10       ??4MD5_CTX@@QAEAAV0@ABV0@@Z 1000ee10 f i AFCSocket.obj
 0001:0000dee0       ??_EMD5_CTX@@UAEPAXI@Z     1000eee0 f i AFCSocket.obj
 0001:0000df60       ?GeneratorSecretKey@@YAXXZ 1000ef60 f   AFCSocket.obj
 0001:0000e0a0       ?TCPSocketNew@CTCPSocketManageForZ@@AAEPAVCTCPSocketForZ@@XZ 1000f0a0 f i AFCSocket.obj
 0001:0000e0a0       ?TCPSocketNew@CTCPSocketManageForWeb@@AAEPAVCTCPSocketForWeb@@XZ 1000f0a0 f i AFCWebSocket.obj
 0001:0000e0a0       ?TCPSocketNew@CTCPSocketManage@@AAEPAVCTCPSocket@@XZ 1000f0a0 f i AFCSocket.obj
 0001:0000e130       ?TCPSocketDelete@CTCPSocketManage@@AAE_NPAVCTCPSocket@@@Z 1000f130 f i AFCSocket.obj
 0001:0000e1d0       ?ThreadAccept@CTCPSocketManage@@CGIPAX@Z 1000f1d0 f i AFCSocket.obj
 0001:0000e480       ??0CUDPSocket@@QAE@XZ      1000f480 f   AFCSocket.obj
 0001:0000e4b0       ??1CUDPSocket@@UAE@XZ      1000f4b0 f   AFCSocket.obj
 0001:0000e4f0       ?SendData@CUDPSocket@@QAEHPAXIQAD@Z 1000f4f0 f i AFCSocket.obj
 0001:0000e510       ??0CListenSocket@@QAE@XZ   1000f510 f   AFCSocket.obj
 0001:0000e540       ??1CListenSocket@@UAE@XZ   1000f540 f   AFCSocket.obj
 0001:0000e570       ?Create@CListenSocket@@QAE_NXZ 1000f570 f i AFCSocket.obj
 0001:0000e5b0       ?Bind@CListenSocket@@QAE_NI@Z 1000f5b0 f i AFCSocket.obj
 0001:0000e630       ?Listen@CListenSocket@@QAE_NXZ 1000f630 f i AFCSocket.obj
 0001:0000e660       ?CloseSocket@CListenSocket@@QAE_NXZ 1000f660 f i AFCSocket.obj
 0001:0000e690       ?GetMessageMap@CTCPClientSocket@@MBEPBUAFX_MSGMAP@@XZ 1000f690 f   AFCSocket.obj
 0001:0000e6b0       ?GetThisMessageMap@CTCPClientSocket@@KGPBUAFX_MSGMAP@@XZ 1000f6b0 f   AFCSocket.obj
 0001:0000e6d0       ??0CTCPClientSocket@@QAE@PAUIClientSocketService@@@Z 1000f6d0 f   AFCSocket.obj
 0001:0000e770       ??1CTCPClientSocket@@UAE@XZ 1000f770 f   AFCSocket.obj
 0001:0000e7e0       ?InitSocketWnd@CTCPClientSocket@@QAE_NXZ 1000f7e0 f i AFCSocket.obj
 0001:0000e8b0       ?CloseSocketWnd@CTCPClientSocket@@AAE_NXZ 1000f8b0 f i AFCSocket.obj
 0001:0000e8e0       ?OnSocketNotifyMesage@CTCPClientSocket@@AAEJIJ@Z 1000f8e0 f i AFCSocket.obj
 0001:0000ed40       ?Connect@CTCPClientSocket@@QAE_NPBDI@Z 1000fd40 f i AFCSocket.obj
 0001:0000eda0       ?Connect@CTCPClientSocket@@QAE_NJI@Z 1000fda0 f i AFCSocket.obj
 0001:0000ee80       ?CloseSocket@CTCPClientSocket@@QAE_N_N@Z 1000fe80 f i AFCSocket.obj
 0001:0000ef30       ?SendData@CTCPClientSocket@@QAEHPAXIEEE@Z 1000ff30 f i AFCSocket.obj
 0001:0000f220       ?SendData@CTCPClientSocket@@QAEHEEE@Z 10010220 f i AFCSocket.obj
 0001:0000f250       ?SetCheckCode@CTCPClientSocket@@QAEX_JH@Z 10010250 f   AFCSocket.obj
 0001:0000f290       ??0CTCPSocket@@QAE@XZ      10010290 f   AFCSocket.obj
 0001:0000f3f0       ??1CTCPSocket@@UAE@XZ      100103f0 f   AFCSocket.obj
 0001:0000f470       ?Attach@CTCPSocket@@QAE_NIAAUsockaddr_in@@K@Z 10010470 f i AFCSocket.obj
 0001:0000f5c0       ?CloseSocket@CTCPSocket@@IAE_NXZ 100105c0 f i AFCSocket.obj
 0001:0000f710       ?SendData@CTCPSocket@@QAEHEEEK@Z 10010710 f i AFCSocket.obj
 0001:0000f870       ?SendData@CTCPSocket@@QAEHPAXIEEEK@Z 10010870 f i AFCSocket.obj
 0001:0000fb90       ?SendData@CTCPSocket@@QAEHPBDI@Z 10010b90 f i AFCSocket.obj
 0001:0000fcb0       ?CheckSendData@CTCPSocket@@IAE_NXZ 10010cb0 f i AFCSocket.obj
 0001:0000fdf0       ?OnSendCompleted@CTCPSocket@@IAE_NKK@Z 10010df0 f i AFCSocket.obj
 0001:0000ff10       ?OnRecvCompleted@CTCPSocket@@IAE_NK@Z 10010f10 f i AFCSocket.obj
 0001:00010460       ?RecvData@CTCPSocket@@IAE_NXZ 10011460 f i AFCSocket.obj
 0001:00010590       ?IsConnectID@CTCPSocket@@QAE_NK@Z 10011590 f i AFCSocket.obj
 0001:000105d0       ??0CTCPSocketManage@@QAE@XZ 100115d0 f   AFCSocket.obj
 0001:00010710       ??1CTCPSocketManage@@UAE@XZ 10011710 f   AFCSocket.obj
 0001:000107d0       ?Init@CTCPSocketManage@@UAE_NIIEEHPAUIServerSocketService@@@Z 100117d0 f   AFCSocket.obj
 0001:00010ae0       ?UnInit@CTCPSocketManage@@UAE_NXZ 10011ae0 f   AFCSocket.obj
 0001:00010bc0       ?Start@CTCPSocketManage@@UAE_NII@Z 10011bc0 f   AFCSocket.obj
 0001:00011430       ?Stop@CTCPSocketManage@@UAE_NXZ 10012430 f   AFCSocket.obj
 0001:00011680       ?SendData@CTCPSocketManage@@QAEHIPBDI@Z 10012680 f i AFCSocket.obj
 0001:000116f0       ?SendData@CTCPSocketManage@@QAEHIEEEK@Z 100126f0 f i AFCSocket.obj
 0001:00011750       ?SendData@CTCPSocketManage@@QAEHIPAXIEEEK@Z 10012750 f i AFCSocket.obj
 0001:000117c0       ?SendDataBatch@CTCPSocketManage@@QAEHPAXIEEE@Z 100127c0 f i AFCSocket.obj
 0001:00011950       ?CloseSocket@CTCPSocketManage@@QAE_NIK@Z 10012950 f i AFCSocket.obj
 0001:000119a0       ?CloseSocket@CTCPSocketManage@@QAE_NPAVCTCPSocket@@K@Z 100129a0 f i AFCSocket.obj
 0001:00011b10       ?IsConnectID@CTCPSocketManage@@QAE_NIK@Z 10012b10 f i AFCSocket.obj
 0001:00011b60       ?ThreadRSSocket@CTCPSocketManage@@CGIPAX@Z 10012b60 f i AFCSocket.obj
 0001:00011ce0       ?ThreadBatchSend@CTCPSocketManage@@CGIPAX@Z 10012ce0 f i AFCSocket.obj
 0001:00011ed0       ?ThreadKeepActive@CTCPSocketManage@@CGIPAX@Z 10012ed0 f i AFCSocket.obj
 0001:00012040       ?GetHandleID@CTCPSocketManage@@CAKXZ 10013040 f i AFCSocket.obj
 0001:00012080       ?GetServerInfo@CTCPSocketManage@@QAE?AV?$basic_string@DU?$char_traits@D@std@@V?$allocator@D@2@@std@@I@Z 10013080 f   AFCSocket.obj
 0001:000121a0       ?TCPSocketDelete@CTCPSocketManageForZ@@AAE_NPAVCTCPSocketForZ@@@Z 100131a0 f i AFCSocket.obj
 0001:00012240       ?ThreadAccept@CTCPSocketManageForZ@@CGIPAX@Z 10013240 f i AFCSocket.obj
 0001:000124d0       ??0CTCPSocketForZ@@QAE@XZ  100134d0 f   AFCSocket.obj
 0001:00012630       ??1CTCPSocketForZ@@UAE@XZ  10013630 f   AFCSocket.obj
 0001:000126b0       ?Attach@CTCPSocketForZ@@QAE_NIAAUsockaddr_in@@K@Z 100136b0 f i AFCSocket.obj
 0001:00012800       ?CloseSocket@CTCPSocketForZ@@IAE_NXZ 10013800 f i AFCSocket.obj
 0001:00012950       ?SendData@CTCPSocketForZ@@QAEHEEEK@Z 10013950 f i AFCSocket.obj
 0001:00012ab0       ?SendData@CTCPSocketForZ@@QAEHPAXIEEEK@Z 10013ab0 f i AFCSocket.obj
 0001:00012dd0       ?CheckSendData@CTCPSocketForZ@@IAE_NXZ 10013dd0 f i AFCSocket.obj
 0001:00012f20       ?OnSendCompleted@CTCPSocketForZ@@IAE_NKK@Z 10013f20 f i AFCSocket.obj
 0001:00013040       ?OnRecvCompleted@CTCPSocketForZ@@IAE_NK@Z 10014040 f i AFCSocket.obj
 0001:00013520       ?RecvData@CTCPSocketForZ@@IAE_NXZ 10014520 f i AFCSocket.obj
 0001:00013650       ?IsConnectID@CTCPSocketForZ@@QAE_NK@Z 10014650 f i AFCSocket.obj
 0001:00013690       ??0CTCPSocketManageForZ@@QAE@XZ 10014690 f   AFCSocket.obj
 0001:00013810       ??1CTCPSocketManageForZ@@UAE@XZ 10014810 f   AFCSocket.obj
 0001:000138f0       ??1?$map@HV?$vector@HV?$allocator@H@std@@@std@@U?$less@H@2@V?$allocator@U?$pair@$$CBHV?$vector@HV?$allocator@H@std@@@std@@@std@@@2@@std@@QAE@XZ 100148f0 f i AFCSocket.obj
 0001:00013910       ?Init@CTCPSocketManageForZ@@UAE_NIIEEHPAUIServerSocketServiceForZ@@@Z 10014910 f   AFCSocket.obj
 0001:00013c20       ?UnInit@CTCPSocketManageForZ@@UAE_NXZ 10014c20 f   AFCSocket.obj
 0001:00013d20       ?Start@CTCPSocketManageForZ@@UAE_NII@Z 10014d20 f   AFCSocket.obj
 0001:00014700       ?Stop@CTCPSocketManageForZ@@UAE_NXZ 10015700 f   AFCSocket.obj
 0001:000149b0       ?SendData@CTCPSocketManageForZ@@QAEHIEEEK@Z 100159b0 f i AFCSocket.obj
 0001:00014a10       ?SendData@CTCPSocketManageForZ@@QAEHIPAXIEEEK@Z 10015a10 f i AFCSocket.obj
 0001:00014a80       ?SendData@CTCPSocketManageForZ@@QAEHPAVCTCPSocketForZ@@PAXIEEEK@Z 10015a80 f i AFCSocket.obj
 0001:00014ad0       ?SendDataUnion@CTCPSocketManageForWeb@@QAEHIPAXIEEE@Z 10015ad0 f i AFCWebSocket.obj
 0001:00014ad0       ?SendDataUnion@CTCPSocketManageForZ@@QAEHIPAXIEEE@Z 10015ad0 f i AFCSocket.obj
 0001:00014c80       ?CloseSocket@CTCPSocketManageForZ@@QAE_NIK@Z 10015c80 f i AFCSocket.obj
 0001:00014cd0       ?CloseSocket@CTCPSocketManageForZ@@QAE_NPAVCTCPSocketForZ@@K@Z 10015cd0 f i AFCSocket.obj
 0001:00014e40       ?IsConnectID@CTCPSocketManageForZ@@QAE_NIK@Z 10015e40 f i AFCSocket.obj
 0001:00014e90       ?OnNetMessage@CTCPSocketManageForZ@@UAE_NPAVCTCPSocketForZ@@PAUNetMessageHead@@PAXIIK@Z 10015e90 f   AFCSocket.obj
 0001:00014e90       ?OnNetMessage@CTCPSocketManage@@UAE_NPAVCTCPSocket@@PAUNetMessageHead@@PAXIIK@Z 10015e90 f   AFCSocket.obj
 0001:00014e90       ?OnNetMessage@CTCPSocketManageForWeb@@UAE_NPAVCTCPSocketForWeb@@PAUNetMessageHead@@PAXIIK@Z 10015e90 f   AFCWebSocket.obj
 0001:00014f10       ??1?$pair@HV?$vector@HV?$allocator@H@std@@@std@@@std@@QAE@XZ 10015f10 f i AFCSocket.obj
 0001:00014f10       ??1?$pair@$$CBHV?$vector@HV?$allocator@H@std@@@std@@@std@@QAE@XZ 10015f10 f i AFCSocket.obj
 0001:00014f30       ??1?$_Pair_base@$$CBHV?$vector@HV?$allocator@H@std@@@std@@@std@@QAE@XZ 10015f30 f i AFCSocket.obj
 0001:00014f30       ??1?$_Pair_base@HV?$vector@HV?$allocator@H@std@@@std@@@std@@QAE@XZ 10015f30 f i AFCSocket.obj
 0001:00014f50       ?UnionRemoveUser@CTCPSocketManageForZ@@QAEHII@Z 10015f50 f i AFCSocket.obj
 0001:00014f50       ?UnionRemoveUser@CTCPSocketManageForWeb@@QAEHII@Z 10015f50 f i AFCWebSocket.obj
 0001:00015040       ?UnionRemoveAll@CTCPSocketManageForWeb@@QAEHI@Z 10016040 f i AFCWebSocket.obj
 0001:00015040       ?UnionRemoveAll@CTCPSocketManageForZ@@QAEHI@Z 10016040 f i AFCSocket.obj
 0001:000150c0       ?UnionRemovUserAll@CTCPSocketManageForZ@@QAEHI@Z 100160c0 f i AFCSocket.obj
 0001:000150c0       ?UnionRemovUserAll@CTCPSocketManageForWeb@@QAEHI@Z 100160c0 f i AFCWebSocket.obj
 0001:000151d0       ?ThreadRSSocket@CTCPSocketManageForZ@@CGIPAX@Z 100161d0 f i AFCSocket.obj
 0001:00015350       ?ThreadBatchSend@CTCPSocketManageForZ@@CGIPAX@Z 10016350 f i AFCSocket.obj
 0001:00015540       ?ThreadUnionSend@CTCPSocketManageForZ@@CGIPAX@Z 10016540 f i AFCSocket.obj
 0001:00015830       ?ThreadKeepActive@CTCPSocketManageForZ@@CGIPAX@Z 10016830 f i AFCSocket.obj
 0001:000159a0       ?GetHandleID@CTCPSocketManageForZ@@CAKXZ 100169a0 f i AFCSocket.obj
 0001:000159e0       ?GetLoaclIPAddr@CTCPSocketManageForWeb@@SA_NQADI@Z 100169e0 f i AFCWebSocket.obj
 0001:000159e0       ?GetLoaclIPAddr@CTCPSocketManageForZ@@SA_NQADI@Z 100169e0 f i AFCSocket.obj
 0001:000159e0       ?GetLoaclIPAddr@CTCPSocketManage@@SA_NQADI@Z 100169e0 f i AFCSocket.obj
 0001:00015aa0       ??4?$basic_string@DU?$char_traits@D@std@@V?$allocator@D@2@@std@@QAEAAV01@PBD@Z 10016aa0 f i AFCSocket.obj
 0001:00015ad0       ?GetArrayItem@?$CAFCPtrArray@VCTCPSocket@@@@QAEPAVCTCPSocket@@I@Z 10016ad0 f i AFCSocket.obj
 0001:00015b00       ?GetArrayItem@?$CAFCPtrArray@VCTCPSocketForZ@@@@QAEPAVCTCPSocketForZ@@I@Z 10016b00 f i AFCSocket.obj
 0001:00015b30       ??0?$map@HV?$vector@HV?$allocator@H@std@@@std@@U?$less@H@2@V?$allocator@U?$pair@$$CBHV?$vector@HV?$allocator@H@std@@@std@@@std@@@2@@std@@QAE@XZ 10016b30 f i AFCSocket.obj
 0001:00015b60       ??1?$_Tree@V?$_Tmap_traits@HV?$vector@HV?$allocator@H@std@@@std@@U?$less@H@2@V?$allocator@U?$pair@$$CBHV?$vector@HV?$allocator@H@std@@@std@@@std@@@2@$0A@@std@@@std@@QAE@XZ 10016b60 f i AFCSocket.obj
 0001:00015bc0       ?erase@?$_Tree@V?$_Tmap_traits@HV?$vector@HV?$allocator@H@std@@@std@@U?$less@H@2@V?$allocator@U?$pair@$$CBHV?$vector@HV?$allocator@H@std@@@std@@@std@@@2@$0A@@std@@@std@@QAE?AV?$_Tree_iterator@V?$_Tree_val@V?$_Tmap_traits@HV?$vector@HV?$allocator@H@std@@@std@@U?$less@H@2@V?$allocator@U?$pair@$$CBHV?$vector@HV?$allocator@H@std@@@std@@@std@@@2@$0A@@std@@@std@@@2@V?$_Tree_const_iterator@V?$_Tree_val@V?$_Tmap_traits@HV?$vector@HV?$allocator@H@std@@@std@@U?$less@H@2@V?$allocator@U?$pair@$$CBHV?$vector@HV?$allocator@H@std@@@std@@@std@@@2@$0A@@std@@@std@@@2@@Z 10016bc0 f i AFCSocket.obj
 0001:00016350       ?find@?$_Tree@V?$_Tmap_traits@HV?$vector@HV?$allocator@H@std@@@std@@U?$less@H@2@V?$allocator@U?$pair@$$CBHV?$vector@HV?$allocator@H@std@@@std@@@std@@@2@$0A@@std@@@std@@QAE?AV?$_Tree_iterator@V?$_Tree_val@V?$_Tmap_traits@HV?$vector@HV?$allocator@H@std@@@std@@U?$less@H@2@V?$allocator@U?$pair@$$CBHV?$vector@HV?$allocator@H@std@@@std@@@std@@@2@$0A@@std@@@std@@@2@ABH@Z 10017350 f i AFCSocket.obj
 0001:000163e0       ??0?$_List_iterator@V?$_List_val@PAUFILEINFO@@V?$allocator@PAUFILEINFO@@@std@@@std@@@std@@QAE@XZ 100173e0 f i HNSmtp.obj
 0001:000163e0       ??0?$_Tree_iterator@V?$_Tree_val@V?$_Tmap_traits@HV?$vector@HV?$allocator@H@std@@@std@@U?$less@H@2@V?$allocator@U?$pair@$$CBHV?$vector@HV?$allocator@H@std@@@std@@@std@@@2@$0A@@std@@@std@@@std@@QAE@XZ 100173e0 f i AFCSocket.obj
 0001:00016400       ??E?$_Tree_iterator@V?$_Tree_val@V?$_Tmap_traits@HV?$vector@HV?$allocator@H@std@@@std@@U?$less@H@2@V?$allocator@U?$pair@$$CBHV?$vector@HV?$allocator@H@std@@@std@@@std@@@2@$0A@@std@@@std@@@std@@QAE?AV01@H@Z 10017400 f i AFCSocket.obj
 0001:00016430       ??0?$vector@DV?$allocator@D@std@@@std@@QAE@XZ 10017430 f i AFCWebSocket.obj
 0001:00016430       ??0?$vector@HV?$allocator@H@std@@@std@@QAE@XZ 10017430 f i AFCSocket.obj
 0001:00016460       ??1?$vector@HV?$allocator@H@std@@@std@@QAE@XZ 10017460 f i AFCSocket.obj
 0001:000164c0       ?end@?$vector@HV?$allocator@H@std@@@std@@QAE?AV?$_Vector_iterator@V?$_Vector_val@HV?$allocator@H@std@@@std@@@2@XZ 100174c0 f i AFCSocket.obj
 0001:000164f0       ?push_back@?$vector@HV?$allocator@H@std@@@std@@QAEXABH@Z 100174f0 f i AFCSocket.obj
 0001:000165f0       ?erase@?$vector@HV?$allocator@H@std@@@std@@QAE?AV?$_Vector_iterator@V?$_Vector_val@HV?$allocator@H@std@@@std@@@2@V?$_Vector_const_iterator@V?$_Vector_val@HV?$allocator@H@std@@@std@@@2@@Z 100175f0 f i AFCSocket.obj
 0001:00016660       ??E?$_Vector_iterator@V?$_Vector_val@HV?$allocator@H@std@@@std@@@std@@QAE?AV01@H@Z 10017660 f i AFCSocket.obj
 0001:00016690       ??8?$_Vector_const_iterator@V?$_Vector_val@HV?$allocator@H@std@@@std@@@std@@QBE_NABV01@@Z 10017690 f i AFCSocket.obj
 0001:000166c0       ??9?$_Vector_const_iterator@V?$_Vector_val@HV?$allocator@H@std@@@std@@@std@@QBE_NABV01@@Z 100176c0 f i AFCSocket.obj
 0001:000166f0       ??0?$_Tree@V?$_Tmap_traits@HV?$vector@HV?$allocator@H@std@@@std@@U?$less@H@2@V?$allocator@U?$pair@$$CBHV?$vector@HV?$allocator@H@std@@@std@@@std@@@2@$0A@@std@@@std@@QAE@ABU?$less@H@1@ABV?$allocator@U?$pair@$$CBHV?$vector@HV?$allocator@H@std@@@std@@@std@@@1@@Z 100176f0 f i AFCSocket.obj
 0001:00016730       ?lower_bound@?$_Tree@V?$_Tmap_traits@HV?$vector@HV?$allocator@H@std@@@std@@U?$less@H@2@V?$allocator@U?$pair@$$CBHV?$vector@HV?$allocator@H@std@@@std@@@std@@@2@$0A@@std@@@std@@QAE?AV?$_Tree_iterator@V?$_Tree_val@V?$_Tmap_traits@HV?$vector@HV?$allocator@H@std@@@std@@U?$less@H@2@V?$allocator@U?$pair@$$CBHV?$vector@HV?$allocator@H@std@@@std@@@std@@@2@$0A@@std@@@std@@@2@ABH@Z 10017730 f i AFCSocket.obj
 0001:00016770       ?_Lrotate@?$_Tree@V?$_Tmap_traits@HV?$vector@HV?$allocator@H@std@@@std@@U?$less@H@2@V?$allocator@U?$pair@$$CBHV?$vector@HV?$allocator@H@std@@@std@@@std@@@2@$0A@@std@@@std@@IAEXPAU_Node@?$_Tree_nod@V?$_Tmap_traits@HV?$vector@HV?$allocator@H@std@@@std@@U?$less@H@2@V?$allocator@U?$pair@$$CBHV?$vector@HV?$allocator@H@std@@@std@@@std@@@2@$0A@@std@@@2@@Z 10017770 f i AFCSocket.obj
 0001:000168b0       ?_Rrotate@?$_Tree@V?$_Tmap_traits@HV?$vector@HV?$allocator@H@std@@@std@@U?$less@H@2@V?$allocator@U?$pair@$$CBHV?$vector@HV?$allocator@H@std@@@std@@@std@@@2@$0A@@std@@@std@@IAEXPAU_Node@?$_Tree_nod@V?$_Tmap_traits@HV?$vector@HV?$allocator@H@std@@@std@@U?$less@H@2@V?$allocator@U?$pair@$$CBHV?$vector@HV?$allocator@H@std@@@std@@@std@@@2@$0A@@std@@@2@@Z 100178b0 f i AFCSocket.obj
 0001:000169f0       ?_Tidy@?$_Tree@V?$_Tmap_traits@HV?$vector@HV?$allocator@H@std@@@std@@U?$less@H@2@V?$allocator@U?$pair@$$CBHV?$vector@HV?$allocator@H@std@@@std@@@std@@@2@$0A@@std@@@std@@IAEXXZ 100179f0 f i AFCSocket.obj
 0001:00016a40       ?_Color@?$_Tree_val@V?$_Tmap_traits@HV?$vector@HV?$allocator@H@std@@@std@@U?$less@H@2@V?$allocator@U?$pair@$$CBHV?$vector@HV?$allocator@H@std@@@std@@@std@@@2@$0A@@std@@@std@@SAAADPAU_Node@?$_Tree_nod@V?$_Tmap_traits@HV?$vector@HV?$allocator@H@std@@@std@@U?$less@H@2@V?$allocator@U?$pair@$$CBHV?$vector@HV?$allocator@H@std@@@std@@@std@@@2@$0A@@std@@@2@@Z 10017a40 f i AFCSocket.obj
 0001:00016a60       ?_Isnil@?$_Tree_val@V?$_Tmap_traits@HV?$vector@HV?$allocator@H@std@@@std@@U?$less@H@2@V?$allocator@U?$pair@$$CBHV?$vector@HV?$allocator@H@std@@@std@@@std@@@2@$0A@@std@@@std@@SAAADPAU_Node@?$_Tree_nod@V?$_Tmap_traits@HV?$vector@HV?$allocator@H@std@@@std@@U?$less@H@2@V?$allocator@U?$pair@$$CBHV?$vector@HV?$allocator@H@std@@@std@@@std@@@2@$0A@@std@@@2@@Z 10017a60 f i AFCSocket.obj
 0001:00016a80       ?_Key@?$_Tree_val@V?$_Tmap_traits@V?$CStringT@DV?$StrTraitMFC_DLL@DV?$ChTraitsCRT@D@ATL@@@@@ATL@@PAVCBcfFileNameItem@@U?$less@V?$CStringT@DV?$StrTraitMFC_DLL@DV?$ChTraitsCRT@D@ATL@@@@@ATL@@@std@@V?$allocator@U?$pair@$$CBV?$CStringT@DV?$StrTraitMFC_DLL@DV?$ChTraitsCRT@D@ATL@@@@@ATL@@PAVCBcfFileNameItem@@@std@@@5@$0A@@std@@@std@@SAAAV?$CStringT@DV?$StrTraitMFC_DLL@DV?$ChTraitsCRT@D@ATL@@@@@ATL@@PAU_Node@?$_Tree_nod@V?$_Tmap_traits@V?$CStringT@DV?$StrTraitMFC_DLL@DV?$ChTraitsCRT@D@ATL@@@@@ATL@@PAVCBcfFileNameItem@@U?$less@V?$CStringT@DV?$StrTraitMFC_DLL@DV?$ChTraitsCRT@D@ATL@@@@@ATL@@@std@@V?$allocator@U?$pair@$$CBV?$CStringT@DV?$StrTraitMFC_DLL@DV?$ChTraitsCRT@D@ATL@@@@@ATL@@PAVCBcfFileNameItem@@@std@@@5@$0A@@std@@@2@@Z 10017a80 f i MainManage.obj
 0001:00016a80       ?_Key@?$_Tree_val@V?$_Tmap_traits@V?$basic_string@DU?$char_traits@D@std@@V?$allocator@D@2@@std@@VHNTreeNode@@U?$less@V?$basic_string@DU?$char_traits@D@std@@V?$allocator@D@2@@std@@@2@V?$allocator@U?$pair@$$CBV?$basic_string@DU?$char_traits@D@std@@V?$allocator@D@2@@std@@VHNTreeNode@@@std@@@2@$0A@@std@@@std@@SAAAV?$basic_string@DU?$char_traits@D@std@@V?$allocator@D@2@@2@PAU_Node@?$_Tree_nod@V?$_Tmap_traits@V?$basic_string@DU?$char_traits@D@std@@V?$allocator@D@2@@std@@VHNTreeNode@@U?$less@V?$basic_string@DU?$char_traits@D@std@@V?$allocator@D@2@@std@@@2@V?$allocator@U?$pair@$$CBV?$basic_string@DU?$char_traits@D@std@@V?$allocator@D@2@@std@@VHNTreeNode@@@std@@@2@$0A@@std@@@2@@Z 10017a80 f i HNTreeNode.obj
 0001:00016a80       ?_Key@?$_Tree_val@V?$_Tmap_traits@HV?$vector@HV?$allocator@H@std@@@std@@U?$less@H@2@V?$allocator@U?$pair@$$CBHV?$vector@HV?$allocator@H@std@@@std@@@std@@@2@$0A@@std@@@std@@SAAAHPAU_Node@?$_Tree_nod@V?$_Tmap_traits@HV?$vector@HV?$allocator@H@std@@@std@@U?$less@H@2@V?$allocator@U?$pair@$$CBHV?$vector@HV?$allocator@H@std@@@std@@@std@@@2@$0A@@std@@@2@@Z 10017a80 f i AFCSocket.obj
 0001:00016a80       ?_Key@?$_Tree_val@V?$_Tmap_traits@V?$CStringT@DV?$StrTraitMFC_DLL@DV?$ChTraitsCRT@D@ATL@@@@@ATL@@PAVCBcfListItem@@U?$less@V?$CStringT@DV?$StrTraitMFC_DLL@DV?$ChTraitsCRT@D@ATL@@@@@ATL@@@std@@V?$allocator@U?$pair@$$CBV?$CStringT@DV?$StrTraitMFC_DLL@DV?$ChTraitsCRT@D@ATL@@@@@ATL@@PAVCBcfListItem@@@std@@@5@$0A@@std@@@std@@SAAAV?$CStringT@DV?$StrTraitMFC_DLL@DV?$ChTraitsCRT@D@ATL@@@@@ATL@@PAU_Node@?$_Tree_nod@V?$_Tmap_traits@V?$CStringT@DV?$StrTraitMFC_DLL@DV?$ChTraitsCRT@D@ATL@@@@@ATL@@PAVCBcfListItem@@U?$less@V?$CStringT@DV?$StrTraitMFC_DLL@DV?$ChTraitsCRT@D@ATL@@@@@ATL@@@std@@V?$allocator@U?$pair@$$CBV?$CStringT@DV?$StrTraitMFC_DLL@DV?$ChTraitsCRT@D@ATL@@@@@ATL@@PAVCBcfListItem@@@std@@@5@$0A@@std@@@2@@Z 10017a80 f i MainManage.obj
 0001:00016ab0       ?_Max@?$_Tree_val@V?$_Tmap_traits@HV?$vector@HV?$allocator@H@std@@@std@@U?$less@H@2@V?$allocator@U?$pair@$$CBHV?$vector@HV?$allocator@H@std@@@std@@@std@@@2@$0A@@std@@@std@@SAPAU_Node@?$_Tree_nod@V?$_Tmap_traits@HV?$vector@HV?$allocator@H@std@@@std@@U?$less@H@2@V?$allocator@U?$pair@$$CBHV?$vector@HV?$allocator@H@std@@@std@@@std@@@2@$0A@@std@@@2@PAU342@@Z 10017ab0 f i AFCSocket.obj
 0001:00016b00       ?_Min@?$_Tree_val@V?$_Tmap_traits@HV?$vector@HV?$allocator@H@std@@@std@@U?$less@H@2@V?$allocator@U?$pair@$$CBHV?$vector@HV?$allocator@H@std@@@std@@@std@@@2@$0A@@std@@@std@@SAPAU_Node@?$_Tree_nod@V?$_Tmap_traits@HV?$vector@HV?$allocator@H@std@@@std@@U?$less@H@2@V?$allocator@U?$pair@$$CBHV?$vector@HV?$allocator@H@std@@@std@@@std@@@2@$0A@@std@@@2@PAU342@@Z 10017b00 f i AFCSocket.obj
 0001:00016b50       ??R?$less@H@std@@QBE_NABH0@Z 10017b50 f i AFCSocket.obj
 0001:00016b80       ??E?$_Tree_iterator@V?$_Tree_val@V?$_Tmap_traits@HV?$vector@HV?$allocator@H@std@@@std@@U?$less@H@2@V?$allocator@U?$pair@$$CBHV?$vector@HV?$allocator@H@std@@@std@@@std@@@2@$0A@@std@@@std@@@std@@QAEAAV01@XZ 10017b80 f i AFCSocket.obj
 0001:00016ba0       ??0?$_Tree_const_iterator@V?$_Tree_val@V?$_Tmap_traits@V?$CStringT@DV?$StrTraitMFC_DLL@DV?$ChTraitsCRT@D@ATL@@@@@ATL@@PAVCBcfFileNameItem@@U?$less@V?$CStringT@DV?$StrTraitMFC_DLL@DV?$ChTraitsCRT@D@ATL@@@@@ATL@@@std@@V?$allocator@U?$pair@$$CBV?$CStringT@DV?$StrTraitMFC_DLL@DV?$ChTraitsCRT@D@ATL@@@@@ATL@@PAVCBcfFileNameItem@@@std@@@5@$0A@@std@@@std@@@std@@QAE@XZ 10017ba0 f i MainManage.obj
 0001:00016ba0       ??0?$_List_const_iterator@V?$_List_val@PAUFILEINFO@@V?$allocator@PAUFILEINFO@@@std@@@std@@@std@@QAE@XZ 10017ba0 f i HNSmtp.obj
 0001:00016ba0       ??0?$_Tree_const_iterator@V?$_Tree_val@V?$_Tmap_traits@V?$CStringT@DV?$StrTraitMFC_DLL@DV?$ChTraitsCRT@D@ATL@@@@@ATL@@PAVCBcfListItem@@U?$less@V?$CStringT@DV?$StrTraitMFC_DLL@DV?$ChTraitsCRT@D@ATL@@@@@ATL@@@std@@V?$allocator@U?$pair@$$CBV?$CStringT@DV?$StrTraitMFC_DLL@DV?$ChTraitsCRT@D@ATL@@@@@ATL@@PAVCBcfListItem@@@std@@@5@$0A@@std@@@std@@@std@@QAE@XZ 10017ba0 f i MainManage.obj
 0001:00016ba0       ??0?$_Tree_const_iterator@V?$_Tree_val@V?$_Tmap_traits@HV?$vector@HV?$allocator@H@std@@@std@@U?$less@H@2@V?$allocator@U?$pair@$$CBHV?$vector@HV?$allocator@H@std@@@std@@@std@@@2@$0A@@std@@@std@@@std@@QAE@XZ 10017ba0 f i AFCSocket.obj
 0001:00016bc0       ??E?$_Tree_const_iterator@V?$_Tree_val@V?$_Tmap_traits@HV?$vector@HV?$allocator@H@std@@@std@@U?$less@H@2@V?$allocator@U?$pair@$$CBHV?$vector@HV?$allocator@H@std@@@std@@@std@@@2@$0A@@std@@@std@@@std@@QAEAAV01@XZ 10017bc0 f i AFCSocket.obj
 0001:00016be0       ??8?$_List_const_iterator@V?$_List_val@PAUFILEINFO@@V?$allocator@PAUFILEINFO@@@std@@@std@@@std@@QBE_NABV01@@Z 10017be0 f i HNSmtp.obj
 0001:00016be0       ??8?$_Tree_const_iterator@V?$_Tree_val@V?$_Tmap_traits@HV?$vector@HV?$allocator@H@std@@@std@@U?$less@H@2@V?$allocator@U?$pair@$$CBHV?$vector@HV?$allocator@H@std@@@std@@@std@@@2@$0A@@std@@@std@@@std@@QBE_NABV01@@Z 10017be0 f i AFCSocket.obj
 0001:00016be0       ??8?$_Tree_const_iterator@V?$_Tree_val@V?$_Tmap_traits@V?$basic_string@DU?$char_traits@D@std@@V?$allocator@D@2@@std@@VHNTreeNode@@U?$less@V?$basic_string@DU?$char_traits@D@std@@V?$allocator@D@2@@std@@@2@V?$allocator@U?$pair@$$CBV?$basic_string@DU?$char_traits@D@std@@V?$allocator@D@2@@std@@VHNTreeNode@@@std@@@2@$0A@@std@@@std@@@std@@QBE_NABV01@@Z 10017be0 f i HNFilter.obj
 0001:00016be0       ??8?$_Tree_const_iterator@V?$_Tree_val@V?$_Tmap_traits@V?$CStringT@DV?$StrTraitMFC_DLL@DV?$ChTraitsCRT@D@ATL@@@@@ATL@@PAVCBcfFileNameItem@@U?$less@V?$CStringT@DV?$StrTraitMFC_DLL@DV?$ChTraitsCRT@D@ATL@@@@@ATL@@@std@@V?$allocator@U?$pair@$$CBV?$CStringT@DV?$StrTraitMFC_DLL@DV?$ChTraitsCRT@D@ATL@@@@@ATL@@PAVCBcfFileNameItem@@@std@@@5@$0A@@std@@@std@@@std@@QBE_NABV01@@Z 10017be0 f i MainManage.obj
 0001:00016be0       ??8?$_Tree_const_iterator@V?$_Tree_val@V?$_Tmap_traits@V?$CStringT@DV?$StrTraitMFC_DLL@DV?$ChTraitsCRT@D@ATL@@@@@ATL@@PAVCBcfListItem@@U?$less@V?$CStringT@DV?$StrTraitMFC_DLL@DV?$ChTraitsCRT@D@ATL@@@@@ATL@@@std@@V?$allocator@U?$pair@$$CBV?$CStringT@DV?$StrTraitMFC_DLL@DV?$ChTraitsCRT@D@ATL@@@@@ATL@@PAVCBcfListItem@@@std@@@5@$0A@@std@@@std@@@std@@QBE_NABV01@@Z 10017be0 f i MainManage.obj
 0001:00016c10       ?_Make_iter@?$vector@HV?$allocator@H@std@@@std@@QBE?AV?$_Vector_iterator@V?$_Vector_val@HV?$allocator@H@std@@@std@@@2@V?$_Vector_const_iterator@V?$_Vector_val@HV?$allocator@H@std@@@std@@@2@@Z 10017c10 f i AFCSocket.obj
 0001:00016c40       ?_Destroy@?$vector@DV?$allocator@D@std@@@std@@IAEXPAD0@Z 10017c40 f i WebSocketAssitInterface.obj
 0001:00016c40       ?_Destroy@?$vector@HV?$allocator@H@std@@@std@@IAEXPAH0@Z 10017c40 f i AFCSocket.obj
 0001:00016c70       ?_Inside@?$vector@HV?$allocator@H@std@@@std@@IBE_NPBH@Z 10017c70 f i AFCSocket.obj
 0001:00016c70       ?_Inside@?$vector@DV?$allocator@D@std@@@std@@IBE_NPBD@Z 10017c70 f i WebSocketAssitInterface.obj
 0001:00016cb0       ?_Reserve@?$vector@HV?$allocator@H@std@@@std@@IAEXI@Z 10017cb0 f i AFCSocket.obj
 0001:00016d20       ?_Tidy@?$vector@HV?$allocator@H@std@@@std@@IAEXXZ 10017d20 f i AFCSocket.obj
 0001:00016da0       ?SetData@CBcfSectionItem@@UAEXPAXI@Z 10017da0 f i MainManage.obj
 0001:00016da0       ?_Orphan_range@?$vector@DV?$allocator@D@std@@@std@@IBEXPAD0@Z 10017da0 f i WebSocketAssitInterface.obj
 0001:00016da0       ?SetData@CBcfFileNameItem@@UAEXPAXI@Z 10017da0 f i MainManage.obj
 0001:00016da0       ?_Orphan_range@?$vector@HV?$allocator@H@std@@@std@@IBEXPAH0@Z 10017da0 f i AFCSocket.obj
 0001:00016da0       ?SetData@CBcfKeyItem@@UAEXPAXI@Z 10017da0 f i MainManage.obj
 0001:00016dc0       ??0?$_Vector_val@DV?$allocator@D@std@@@std@@QAE@V?$allocator@D@1@@Z 10017dc0 f i AFCWebSocket.obj
 0001:00016dc0       ??0?$_Vector_val@HV?$allocator@H@std@@@std@@QAE@V?$allocator@H@1@@Z 10017dc0 f i AFCSocket.obj
 0001:00016e10       ??0?$_Tree_const_iterator@V?$_Tree_val@V?$_Tmap_traits@V?$CStringT@DV?$StrTraitMFC_DLL@DV?$ChTraitsCRT@D@ATL@@@@@ATL@@PAVCBcfFileNameItem@@U?$less@V?$CStringT@DV?$StrTraitMFC_DLL@DV?$ChTraitsCRT@D@ATL@@@@@ATL@@@std@@V?$allocator@U?$pair@$$CBV?$CStringT@DV?$StrTraitMFC_DLL@DV?$ChTraitsCRT@D@ATL@@@@@ATL@@PAVCBcfFileNameItem@@@std@@@5@$0A@@std@@@std@@@std@@QAE@PAU_Node@?$_Tree_nod@V?$_Tmap_traits@V?$CStringT@DV?$StrTraitMFC_DLL@DV?$ChTraitsCRT@D@ATL@@@@@ATL@@PAVCBcfFileNameItem@@U?$less@V?$CStringT@DV?$StrTraitMFC_DLL@DV?$ChTraitsCRT@D@ATL@@@@@ATL@@@std@@V?$allocator@U?$pair@$$CBV?$CStringT@DV?$StrTraitMFC_DLL@DV?$ChTraitsCRT@D@ATL@@@@@ATL@@PAVCBcfFileNameItem@@@std@@@5@$0A@@std@@@1@PBV?$_Tree_val@V?$_Tmap_traits@V?$CStringT@DV?$StrTraitMFC_DLL@DV?$ChTraitsCRT@D@ATL@@@@@ATL@@PAVCBcfFileNameItem@@U?$less@V?$CStringT@DV?$StrTraitMFC_DLL@DV?$ChTraitsCRT@D@ATL@@@@@ATL@@@std@@V?$allocator@U?$pair@$$CBV?$CStringT@DV?$StrTraitMFC_DLL@DV?$ChTraitsCRT@D@ATL@@@@@ATL@@PAVCBcfFileNameItem@@@std@@@5@$0A@@std@@@1@@Z 10017e10 f i MainManage.obj
 0001:00016e10       ??0?$_Tree_const_iterator@V?$_Tree_val@V?$_Tmap_traits@V?$basic_string@DU?$char_traits@D@std@@V?$allocator@D@2@@std@@VHNTreeNode@@U?$less@V?$basic_string@DU?$char_traits@D@std@@V?$allocator@D@2@@std@@@2@V?$allocator@U?$pair@$$CBV?$basic_string@DU?$char_traits@D@std@@V?$allocator@D@2@@std@@VHNTreeNode@@@std@@@2@$0A@@std@@@std@@@std@@QAE@PAU_Node@?$_Tree_nod@V?$_Tmap_traits@V?$basic_string@DU?$char_traits@D@std@@V?$allocator@D@2@@std@@VHNTreeNode@@U?$less@V?$basic_string@DU?$char_traits@D@std@@V?$allocator@D@2@@std@@@2@V?$allocator@U?$pair@$$CBV?$basic_string@DU?$char_traits@D@std@@V?$allocator@D@2@@std@@VHNTreeNode@@@std@@@2@$0A@@std@@@1@PBV?$_Tree_val@V?$_Tmap_traits@V?$basic_string@DU?$char_traits@D@std@@V?$allocator@D@2@@std@@VHNTreeNode@@U?$less@V?$basic_string@DU?$char_traits@D@std@@V?$allocator@D@2@@std@@@2@V?$allocator@U?$pair@$$CBV?$basic_string@DU?$char_traits@D@std@@V?$allocator@D@2@@std@@VHNTreeNode@@@std@@@2@$0A@@std@@@1@@Z 10017e10 f i HNFilter.obj
 0001:00016e10       ??0?$_List_const_iterator@V?$_List_val@PAUFILEINFO@@V?$allocator@PAUFILEINFO@@@std@@@std@@@std@@QAE@PAU_Node@?$_List_nod@PAUFILEINFO@@V?$allocator@PAUFILEINFO@@@std@@@1@PBV?$_List_val@PAUFILEINFO@@V?$allocator@PAUFILEINFO@@@std@@@1@@Z 10017e10 f i HNSmtp.obj
 0001:00016e10       ??0?$_Tree_const_iterator@V?$_Tree_val@V?$_Tmap_traits@V?$CStringT@DV?$StrTraitMFC_DLL@DV?$ChTraitsCRT@D@ATL@@@@@ATL@@PAVCBcfListItem@@U?$less@V?$CStringT@DV?$StrTraitMFC_DLL@DV?$ChTraitsCRT@D@ATL@@@@@ATL@@@std@@V?$allocator@U?$pair@$$CBV?$CStringT@DV?$StrTraitMFC_DLL@DV?$ChTraitsCRT@D@ATL@@@@@ATL@@PAVCBcfListItem@@@std@@@5@$0A@@std@@@std@@@std@@QAE@PAU_Node@?$_Tree_nod@V?$_Tmap_traits@V?$CStringT@DV?$StrTraitMFC_DLL@DV?$ChTraitsCRT@D@ATL@@@@@ATL@@PAVCBcfListItem@@U?$less@V?$CStringT@DV?$StrTraitMFC_DLL@DV?$ChTraitsCRT@D@ATL@@@@@ATL@@@std@@V?$allocator@U?$pair@$$CBV?$CStringT@DV?$StrTraitMFC_DLL@DV?$ChTraitsCRT@D@ATL@@@@@ATL@@PAVCBcfListItem@@@std@@@5@$0A@@std@@@1@PBV?$_Tree_val@V?$_Tmap_traits@V?$CStringT@DV?$StrTraitMFC_DLL@DV?$ChTraitsCRT@D@ATL@@@@@ATL@@PAVCBcfListItem@@U?$less@V?$CStringT@DV?$StrTraitMFC_DLL@DV?$ChTraitsCRT@D@ATL@@@@@ATL@@@std@@V?$allocator@U?$pair@$$CBV?$CStringT@DV?$StrTraitMFC_DLL@DV?$ChTraitsCRT@D@ATL@@@@@ATL@@PAVCBcfListItem@@@std@@@5@$0A@@std@@@1@@Z 10017e10 f i MainManage.obj
 0001:00016e10       ??0?$_Vector_iterator@V?$_Vector_val@HV?$allocator@H@std@@@std@@@std@@QAE@PAHPBU_Container_base0@1@@Z 10017e10 f i AFCSocket.obj
 0001:00016e10       ??0?$_Tree_const_iterator@V?$_Tree_val@V?$_Tmap_traits@HV?$vector@HV?$allocator@H@std@@@std@@U?$less@H@2@V?$allocator@U?$pair@$$CBHV?$vector@HV?$allocator@H@std@@@std@@@std@@@2@$0A@@std@@@std@@@std@@QAE@PAU_Node@?$_Tree_nod@V?$_Tmap_traits@HV?$vector@HV?$allocator@H@std@@@std@@U?$less@H@2@V?$allocator@U?$pair@$$CBHV?$vector@HV?$allocator@H@std@@@std@@@std@@@2@$0A@@std@@@1@PBV?$_Tree_val@V?$_Tmap_traits@HV?$vector@HV?$allocator@H@std@@@std@@U?$less@H@2@V?$allocator@U?$pair@$$CBHV?$vector@HV?$allocator@H@std@@@std@@@std@@@2@$0A@@std@@@1@@Z 10017e10 f i AFCSocket.obj
 0001:00016e40       ??E?$_Vector_iterator@V?$_Vector_val@HV?$allocator@H@std@@@std@@@std@@QAEAAV01@XZ 10017e40 f i AFCSocket.obj
[...]
 0001:00039a31       __unwindfunclet$?AFCKernelStart@CBaseMainManageForZ@@AAE_NXZ$3 1003aa31 f   MainManageForWeb.obj
 0001:00039a3c       __ehhandler$?AFCKernelStart@CBaseMainManageForWeb@@AAE_NXZ 1003aa3c f   MainManageForWeb.obj
 0001:00039a3c       __ehhandler$?AFCKernelStart@CBaseMainManageForZ@@AAE_NXZ 1003aa3c f   MainManageForWeb.obj
 0001:00039a3c       __ehhandler$?AFCKernelStart@CBaseMainManage@@AAE_NXZ 1003aa3c f   MainManageForWeb.obj
 0001:00039a60       __ehhandler$?LineDataHandleThread@CBaseMainManageForWeb@@CGIPAX@Z 1003aa60 f   MainManageForWeb.obj
 0001:00039a90       __unwindfunclet$??__EUSER_STATESTRING@@YAXXZ$0 1003aa90 f   MainManageForWeb.obj
 0001:00039a9b       __unwindfunclet$??__EUSER_STATESTRING@@YAXXZ$1 1003aa9b f   MainManageForWeb.obj
 0001:00039aa6       __unwindfunclet$??__EUSER_STATESTRING@@YAXXZ$2 1003aaa6 f   MainManageForWeb.obj
 0001:00039ab1       __unwindfunclet$??__EUSER_STATESTRING@@YAXXZ$3 1003aab1 f   MainManageForWeb.obj
 0001:00039abc       __unwindfunclet$??__EUSER_STATESTRING@@YAXXZ$4 1003aabc f   MainManageForWeb.obj
 0001:00039ac7       __unwindfunclet$??__EUSER_STATESTRING@@YAXXZ$5 1003aac7 f   MainManageForWeb.obj
 0001:00039ad2       __unwindfunclet$??__EUSER_STATESTRING@@YAXXZ$6 1003aad2 f   MainManageForWeb.obj
 0001:00039add       __ehhandler$??__EUSER_STATESTRING@@YAXXZ 1003aadd f   MainManageForWeb.obj
 0001:00039b00       __unwindfunclet$??1CBaseMainManageForZ@@UAE@XZ$0 1003ab00 f   MainManageForZ.obj
 0001:00039b00       __unwindfunclet$??0CBaseMainManageForZ@@QAE@XZ$0 1003ab00 f   MainManageForZ.obj
 0001:00039b0b       __unwindfunclet$??0CBaseMainManageForZ@@QAE@XZ$1 1003ab0b f   MainManageForZ.obj
 0001:00039b0b       __unwindfunclet$??1CBaseMainManageForZ@@UAE@XZ$1 1003ab0b f   MainManageForZ.obj
 0001:00039b19       __unwindfunclet$??0CBaseMainManageForZ@@QAE@XZ$2 1003ab19 f   MainManageForZ.obj
 0001:00039b19       __unwindfunclet$??1CBaseMainManageForZ@@UAE@XZ$2 1003ab19 f   MainManageForZ.obj
 0001:00039b27       __ehhandler$??1CBaseMainManageForZ@@UAE@XZ 1003ab27 f   MainManageForZ.obj
 0001:00039b27       __ehhandler$??0CBaseMainManageForZ@@QAE@XZ 1003ab27 f   MainManageForZ.obj
 0001:00039b50       __ehhandler$?LineDataHandleThread@CBaseMainManageForZ@@CGIPAX@Z 1003ab50 f   MainManageForZ.obj
 0001:00039b80       __ehhandler$?WindowMsgThread@CBaseMainManageForZ@@CGIPAX@Z 1003ab80 f   MainManageForZ.obj
 0001:00039b80       __ehhandler$?WindowMsgThread@CBaseMainManageForWeb@@CGIPAX@Z 1003ab80 f   MainManageForZ.obj
 0001:00039b80       __ehhandler$?WindowMsgThread@CBaseMainManage@@CGIPAX@Z 1003ab80 f   MainManageForZ.obj
 0001:00039bb0       __unwindfunclet$??__EUSER_STATESTRING@@YAXXZ$0 1003abb0 f   MainManageForZ.obj
 0001:00039bbb       __unwindfunclet$??__EUSER_STATESTRING@@YAXXZ$1 1003abbb f   MainManageForZ.obj
 0001:00039bc6       __unwindfunclet$??__EUSER_STATESTRING@@YAXXZ$2 1003abc6 f   MainManageForZ.obj
 0001:00039bd1       __unwindfunclet$??__EUSER_STATESTRING@@YAXXZ$3 1003abd1 f   MainManageForZ.obj
 0001:00039bdc       __unwindfunclet$??__EUSER_STATESTRING@@YAXXZ$4 1003abdc f   MainManageForZ.obj
 0001:00039be7       __unwindfunclet$??__EUSER_STATESTRING@@YAXXZ$5 1003abe7 f   MainManageForZ.obj
 0001:00039bf2       __unwindfunclet$??__EUSER_STATESTRING@@YAXXZ$6 1003abf2 f   MainManageForZ.obj
 0001:00039bfd       __ehhandler$??__EUSER_STATESTRING@@YAXXZ 1003abfd f   MainManageForZ.obj
 0001:00039c20       __unwindfunclet$??0CSmtp@@QAE@ABV0@@Z$0 1003ac20 f   stdafx.obj
 0001:00039c2b       __unwindfunclet$??0CSmtp@@QAE@ABV0@@Z$1 1003ac2b f   stdafx.obj
 0001:00039c36       __unwindfunclet$??0CSmtp@@QAE@ABV0@@Z$2 1003ac36 f   stdafx.obj
 0001:00039c41       __unwindfunclet$??0CSmtp@@QAE@ABV0@@Z$3 1003ac41 f   stdafx.obj
 0001:00039c4c       __unwindfunclet$??0CSmtp@@QAE@ABV0@@Z$4 1003ac4c f   stdafx.obj
 0001:00039c57       __unwindfunclet$??0CSmtp@@QAE@ABV0@@Z$5 1003ac57 f   stdafx.obj
 0001:00039c65       __ehhandler$??0CSmtp@@QAE@ABV0@@Z 1003ac65 f   stdafx.obj
 0001:00039c80       __unwindfunclet$??0?$list@PAUFILEINFO@@V?$allocator@PAUFILEINFO@@@std@@@std@@QAE@ABV01@@Z$2 1003ac80 f   stdafx.obj
 0001:00039c88       __ehhandler$??0?$list@PAUFILEINFO@@V?$allocator@PAUFILEINFO@@@std@@@std@@QAE@ABV01@@Z 1003ac88 f   stdafx.obj
 0001:00039cb0       __ehhandler$??$_Insert@V?$_List_const_iterator@V?$_List_val@PAUFILEINFO@@V?$allocator@PAUFILEINFO@@@std@@@std@@@std@@@?$list@PAUFILEINFO@@V?$allocator@PAUFILEINFO@@@std@@@std@@QAEXV?$_List_const_iterator@V?$_List_val@PAUFILEINFO@@V?$allocator@PAUFILEINFO@@@std@@@std@@@1@00Uforward_iterator_tag@1@@Z 1003acb0 f   stdafx.obj
 0001:00039cd0       __ehhandler$?Dellog@@YAXHH@Z 1003acd0 f   WriteLog.obj
 0001:00039d00       __unwindfunclet$?WriteStr@@YAXPADHH@Z$2 1003ad00 f   WriteLog.obj
 0001:00039d08       __ehhandler$?WriteStr@@YAXPADHH@Z 1003ad08 f   WriteLog.obj
 0001:00039d30       __unwindfunclet$?WriteError@@YAXPADHH@Z$3 1003ad30 f   WriteLog.obj
 0001:00039d3b       __ehhandler$?WriteError@@YAXPADHH@Z 1003ad3b f   WriteLog.obj
 0001:00039d70       __unwindfunclet$?insert@HNTree@@AAEPAVHNTreeNode@@PAV2@AAV?$basic_string@DU?$char_traits@D@std@@V?$allocator@D@2@@std@@@Z$0 1003ad70 f   HNTree.obj
 0001:00039d78       __unwindfunclet$?insert@HNTree@@AAEPAVHNTreeNode@@PAV2@AAV?$basic_string@DU?$char_traits@D@std@@V?$allocator@D@2@@std@@@Z$1 1003ad78 f   HNTree.obj
 0001:00039d80       __ehhandler$?insert@HNTree@@AAEPAVHNTreeNode@@PAV2@AAV?$basic_string@DU?$char_traits@D@std@@V?$allocator@D@2@@std@@@Z 1003ad80 f   HNTree.obj
 0001:00039db0       __unwindfunclet$?insertBranch@HNTree@@AAEPAVHNTreeNode@@PAV2@AAV?$basic_string@DU?$char_traits@D@std@@V?$allocator@D@2@@std@@@Z$0 1003adb0 f   HNTree.obj
 0001:00039db8       __unwindfunclet$?insertBranch@HNTree@@AAEPAVHNTreeNode@@PAV2@AAV?$basic_string@DU?$char_traits@D@std@@V?$allocator@D@2@@std@@@Z$1 1003adb8 f   HNTree.obj
 0001:00039dc0       __ehhandler$?insertBranch@HNTree@@AAEPAVHNTreeNode@@PAV2@AAV?$basic_string@DU?$char_traits@D@std@@V?$allocator@D@2@@std@@@Z 1003adc0 f   HNTree.obj
 0001:00039df0       __unwindfunclet$?find@HNTree@@AAEPAVHNTreeNode@@PAV2@AAV?$basic_string@DU?$char_traits@D@std@@V?$allocator@D@2@@std@@@Z$0 1003adf0 f   HNTree.obj
 0001:00039df8       __unwindfunclet$?find@HNTree@@AAEPAVHNTreeNode@@PAV2@AAV?$basic_string@DU?$char_traits@D@std@@V?$allocator@D@2@@std@@@Z$1 1003adf8 f   HNTree.obj
 0001:00039e00       __ehhandler$?find@HNTree@@AAEPAVHNTreeNode@@PAV2@AAV?$basic_string@DU?$char_traits@D@std@@V?$allocator@D@2@@std@@@Z 1003ae00 f   HNTree.obj
 0001:00039e30       __unwindfunclet$??0HNTreeNode@@QAE@V?$basic_string@DU?$char_traits@D@std@@V?$allocator@D@2@@std@@H@Z$0 1003ae30 f   HNTreeNode.obj
 0001:00039e38       __unwindfunclet$??0HNTreeNode@@QAE@V?$basic_string@DU?$char_traits@D@std@@V?$allocator@D@2@@std@@H@Z$1 1003ae38 f   HNTreeNode.obj
 0001:00039e40       __unwindfunclet$??0HNTreeNode@@QAE@V?$basic_string@DU?$char_traits@D@std@@V?$allocator@D@2@@std@@H@Z$2 1003ae40 f   HNTreeNode.obj
 0001:00039e4b       __ehhandler$??0HNTreeNode@@QAE@V?$basic_string@DU?$char_traits@D@std@@V?$allocator@D@2@@std@@H@Z 1003ae4b f   HNTreeNode.obj
 0001:00039e70       __unwindfunclet$?insertChild@HNTreeNode@@QAEPAV1@AAV?$basic_string@DU?$char_traits@D@std@@V?$allocator@D@2@@std@@H@Z$1 1003ae70 f   HNTreeNode.obj
 0001:00039e7b       __unwindfunclet$?insertChild@HNTreeNode@@QAEPAV1@AAV?$basic_string@DU?$char_traits@D@std@@V?$allocator@D@2@@std@@H@Z$2 1003ae7b f   HNTreeNode.obj
 0001:00039e86       __ehhandler$?insertChild@HNTreeNode@@QAEPAV1@AAV?$basic_string@DU?$char_traits@D@std@@V?$allocator@D@2@@std@@H@Z 1003ae86 f   HNTreeNode.obj
 0001:00039eb0       __ehhandler$??$_Buynode@U?$pair@V?$basic_string@DU?$char_traits@D@std@@V?$allocator@D@2@@std@@VHNTreeNode@@@std@@@?$_Tree_val@V?$_Tmap_traits@V?$basic_string@DU?$char_traits@D@std@@V?$allocator@D@2@@std@@VHNTreeNode@@U?$less@V?$basic_string@DU?$char_traits@D@std@@V?$allocator@D@2@@std@@@2@V?$allocator@U?$pair@$$CBV?$basic_string@DU?$char_traits@D@std@@V?$allocator@D@2@@std@@VHNTreeNode@@@std@@@2@$0A@@std@@@std@@QAEPAU_Node@?$_Tree_nod@V?$_Tmap_traits@V?$basic_string@DU?$char_traits@D@std@@V?$allocator@D@2@@std@@VHNTreeNode@@U?$less@V?$basic_string@DU?$char_traits@D@std@@V?$allocator@D@2@@std@@@2@V?$allocator@U?$pair@$$CBV?$basic_string@DU?$char_traits@D@std@@V?$allocator@D@2@@std@@VHNTreeNode@@@std@@@2@$0A@@std@@@1@$$QAU?$pair@V?$basic_string@DU?$char_traits@D@std@@V?$allocator@D@2@@std@@VHNTreeNode@@@1@@Z 1003aeb0 f   HNTreeNode.obj
 0001:00039ed0       __unwindfunclet$??1?$_Pair_base@V?$basic_string@DU?$char_traits@D@std@@V?$allocator@D@2@@std@@VHNTreeNode@@@std@@QAE@XZ$0 1003aed0 f   HNTreeNode.obj
 0001:00039ed0       __unwindfunclet$??$?0ABV?$basic_string@DU?$char_traits@D@std@@V?$allocator@D@2@@std@@AAVHNTreeNode@@@?$_Pair_base@$$CBV?$basic_string@DU?$char_traits@D@std@@V?$allocator@D@2@@std@@VHNTreeNode@@@std@@QAE@ABV?$basic_string@DU?$char_traits@D@std@@V?$allocator@D@2@@1@AAVHNTreeNode@@@Z$0 1003aed0 f   HNTreeNode.obj
 0001:00039ed0       __unwindfunclet$??$?0AAV?$basic_string@DU?$char_traits@D@std@@V?$allocator@D@2@@std@@VHNTreeNode@@@?$_Pair_base@V?$basic_string@DU?$char_traits@D@std@@V?$allocator@D@2@@std@@VHNTreeNode@@@std@@QAE@AAV?$basic_string@DU?$char_traits@D@std@@V?$allocator@D@2@@1@$$QAVHNTreeNode@@@Z$0 1003aed0 f   HNTreeNode.obj
 0001:00039ed0       __unwindfunclet$??0HNTreeNode@@QAE@ABV0@@Z$0 1003aed0 f   HNTreeNode.obj
 0001:00039ed0       __unwindfunclet$??$?0V?$basic_string@DU?$char_traits@D@std@@V?$allocator@D@2@@std@@VHNTreeNode@@@?$_Pair_base@$$CBV?$basic_string@DU?$char_traits@D@std@@V?$allocator@D@2@@std@@VHNTreeNode@@@std@@QAE@$$QAV?$basic_string@DU?$char_traits@D@std@@V?$allocator@D@2@@1@$$QAVHNTreeNode@@@Z$0 1003aed0 f   HNTreeNode.obj
 0001:00039ed0       __unwindfunclet$??1HNTreeNode@@QAE@XZ$0 1003aed0 f   HNTreeNode.obj
 0001:00039ed0       __unwindfunclet$??1?$_Pair_base@$$CBV?$basic_string@DU?$char_traits@D@std@@V?$allocator@D@2@@std@@VHNTreeNode@@@std@@QAE@XZ$0 1003aed0 f   HNTreeNode.obj
 0001:00039ed8       __ehhandler$??$?0AAV?$basic_string@DU?$char_traits@D@std@@V?$allocator@D@2@@std@@VHNTreeNode@@@?$_Pair_base@V?$basic_string@DU?$char_traits@D@std@@V?$allocator@D@2@@std@@VHNTreeNode@@@std@@QAE@AAV?$basic_string@DU?$char_traits@D@std@@V?$allocator@D@2@@1@$$QAVHNTreeNode@@@Z 1003aed8 f   HNTreeNode.obj
 0001:00039ed8       __ehhandler$??0HNTreeNode@@QAE@ABV0@@Z 1003aed8 f   HNTreeNode.obj
 0001:00039ed8       __ehhandler$??1?$_Pair_base@V?$basic_string@DU?$char_traits@D@std@@V?$allocator@D@2@@std@@VHNTreeNode@@@std@@QAE@XZ 1003aed8 f   HNTreeNode.obj
 0001:00039ed8       __ehhandler$??$?0V?$basic_string@DU?$char_traits@D@std@@V?$allocator@D@2@@std@@VHNTreeNode@@@?$_Pair_base@$$CBV?$basic_string@DU?$char_traits@D@std@@V?$allocator@D@2@@std@@VHNTreeNode@@@std@@QAE@$$QAV?$basic_string@DU?$char_traits@D@std@@V?$allocator@D@2@@1@$$QAVHNTreeNode@@@Z 1003aed8 f   HNTreeNode.obj
 0001:00039ed8       __ehhandler$??1HNTreeNode@@QAE@XZ 1003aed8 f   HNTreeNode.obj
 0001:00039ed8       __ehhandler$??1?$_Pair_base@$$CBV?$basic_string@DU?$char_traits@D@std@@V?$allocator@D@2@@std@@VHNTreeNode@@@std@@QAE@XZ 1003aed8 f   HNTreeNode.obj
 0001:00039ed8       __ehhandler$??$?0ABV?$basic_string@DU?$char_traits@D@std@@V?$allocator@D@2@@std@@AAVHNTreeNode@@@?$_Pair_base@$$CBV?$basic_string@DU?$char_traits@D@std@@V?$allocator@D@2@@std@@VHNTreeNode@@@std@@QAE@ABV?$basic_string@DU?$char_traits@D@std@@V?$allocator@D@2@@1@AAVHNTreeNode@@@Z 1003aed8 f   HNTreeNode.obj
 0001:00039f00       __unwindfunclet$?InitializeKey@yxyDES@@QAEXV?$basic_string@DU?$char_traits@D@std@@V?$allocator@D@2@@std@@@Z$0 1003af00 f   yxyDES.obj
 0001:00039f08       __ehhandler$?InitializeKey@yxyDES@@QAEXV?$basic_string@DU?$char_traits@D@std@@V?$allocator@D@2@@std@@@Z 1003af08 f   yxyDES.obj
 0001:00039f30       __unwindfunclet$?BinaryToString@yxyDES@@AAE?AV?$basic_string@DU?$char_traits@D@std@@V?$allocator@D@2@@std@@PADH_N@Z$0 1003af30 f   yxyDES.obj
 0001:00039f4f       __unwindfunclet$?BinaryToString@yxyDES@@AAE?AV?$basic_string@DU?$char_traits@D@std@@V?$allocator@D@2@@std@@PADH_N@Z$1 1003af4f f   yxyDES.obj
 0001:00039f57       __ehhandler$?BinaryToString@yxyDES@@AAE?AV?$basic_string@DU?$char_traits@D@std@@V?$allocator@D@2@@std@@PADH_N@Z 1003af57 f   yxyDES.obj
 0001:00039f80       __unwindfunclet$?DecryptData@yxyDES@@QAEXV?$basic_string@DU?$char_traits@D@std@@V?$allocator@D@2@@std@@@Z$0 1003af80 f   yxyDES.obj
 0001:00039f80       __unwindfunclet$?EncryptData@yxyDES@@QAEXV?$basic_string@DU?$char_traits@D@std@@V?$allocator@D@2@@std@@@Z$0 1003af80 f   yxyDES.obj
 0001:00039f88       __unwindfunclet$?DecryptData@yxyDES@@QAEXV?$basic_string@DU?$char_traits@D@std@@V?$allocator@D@2@@std@@@Z$2 1003af88 f   yxyDES.obj
 0001:00039f88       __unwindfunclet$?EncryptData@yxyDES@@QAEXV?$basic_string@DU?$char_traits@D@std@@V?$allocator@D@2@@std@@@Z$2 1003af88 f   yxyDES.obj
 0001:00039f93       __ehhandler$?EncryptData@yxyDES@@QAEXV?$basic_string@DU?$char_traits@D@std@@V?$allocator@D@2@@std@@@Z 1003af93 f   yxyDES.obj
 0001:00039f93       __ehhandler$?DecryptData@yxyDES@@QAEXV?$basic_string@DU?$char_traits@D@std@@V?$allocator@D@2@@std@@@Z 1003af93 f   yxyDES.obj
 0001:00039fc0       __unwindfunclet$?FunctionF@yxyDES@@AAEXPAD0H@Z$0 1003afc0 f   yxyDES.obj
 0001:00039fcb       __ehhandler$?FunctionF@yxyDES@@AAEXPAD0H@Z 1003afcb f   yxyDES.obj
 0001:0003a000       __unwindfunclet$?InitialPermuteData@yxyDES@@AAEXV?$basic_string@DU?$char_traits@D@std@@V?$allocator@D@2@@std@@PAD_N@Z$0 1003b000 f   yxyDES.obj
 0001:0003a008       __unwindfunclet$?InitialPermuteData@yxyDES@@AAEXV?$basic_string@DU?$char_traits@D@std@@V?$allocator@D@2@@std@@PAD_N@Z$1 1003b008 f   yxyDES.obj
 0001:0003a013       __unwindfunclet$?InitialPermuteData@yxyDES@@AAEXV?$basic_string@DU?$char_traits@D@std@@V?$allocator@D@2@@std@@PAD_N@Z$2 1003b013 f   yxyDES.obj
 0001:0003a01e       __ehhandler$?InitialPermuteData@yxyDES@@AAEXV?$basic_string@DU?$char_traits@D@std@@V?$allocator@D@2@@std@@PAD_N@Z 1003b01e f   yxyDES.obj
 0001:0003a050       __unwindfunclet$?CompressFuncS@yxyDES@@AAE?AV?$basic_string@DU?$char_traits@D@std@@V?$allocator@D@2@@std@@PAD@Z$0 1003b050 f   yxyDES.obj
 0001:0003a058       __unwindfunclet$?CompressFuncS@yxyDES@@AAE?AV?$basic_string@DU?$char_traits@D@std@@V?$allocator@D@2@@std@@PAD@Z$1 1003b058 f   yxyDES.obj
 0001:0003a063       __unwindfunclet$?CompressFuncS@yxyDES@@AAE?AV?$basic_string@DU?$char_traits@D@std@@V?$allocator@D@2@@std@@PAD@Z$2 1003b063 f   yxyDES.obj
 0001:0003a082       __ehhandler$?CompressFuncS@yxyDES@@AAE?AV?$basic_string@DU?$char_traits@D@std@@V?$allocator@D@2@@std@@PAD@Z 1003b082 f   yxyDES.obj
 0001:0003a0b0       __unwindfunclet$?PermutationP@yxyDES@@AAEXV?$basic_string@DU?$char_traits@D@std@@V?$allocator@D@2@@std@@PAD@Z$0 1003b0b0 f   yxyDES.obj
 0001:0003a0b8       __ehhandler$?PermutationP@yxyDES@@AAEXV?$basic_string@DU?$char_traits@D@std@@V?$allocator@D@2@@std@@PAD@Z 1003b0b8 f   yxyDES.obj
 0001:0003a0e0       __unwindfunclet$?EncryptAnyLength@yxyDES@@QAEXV?$basic_string@DU?$char_traits@D@std@@V?$allocator@D@2@@std@@@Z$0 1003b0e0 f   yxyDES.obj
 0001:0003a0e8       __unwindfunclet$?EncryptAnyLength@yxyDES@@QAEXV?$basic_string@DU?$char_traits@D@std@@V?$allocator@D@2@@std@@@Z$3 1003b0e8 f   yxyDES.obj
 0001:0003a0f3       __unwindfunclet$?EncryptAnyLength@yxyDES@@QAEXV?$basic_string@DU?$char_traits@D@std@@V?$allocator@D@2@@std@@@Z$5 1003b0f3 f   yxyDES.obj
 0001:0003a0fb       __unwindfunclet$?EncryptAnyLength@yxyDES@@QAEXV?$basic_string@DU?$char_traits@D@std@@V?$allocator@D@2@@std@@@Z$6 1003b0fb f   yxyDES.obj
 0001:0003a103       __unwindfunclet$?EncryptAnyLength@yxyDES@@QAEXV?$basic_string@DU?$char_traits@D@std@@V?$allocator@D@2@@std@@@Z$8 1003b103 f   yxyDES.obj
 0001:0003a10e       __unwindfunclet$?EncryptAnyLength@yxyDES@@QAEXV?$basic_string@DU?$char_traits@D@std@@V?$allocator@D@2@@std@@@Z$10 1003b10e f   yxyDES.obj
 0001:0003a119       __unwindfunclet$?EncryptAnyLength@yxyDES@@QAEXV?$basic_string@DU?$char_traits@D@std@@V?$allocator@D@2@@std@@@Z$11 1003b119 f   yxyDES.obj
 0001:0003a124       __ehhandler$?EncryptAnyLength@yxyDES@@QAEXV?$basic_string@DU?$char_traits@D@std@@V?$allocator@D@2@@std@@@Z 1003b124 f   yxyDES.obj
 0001:0003a150       __unwindfunclet$?FillToEightBits@yxyDES@@AAE?AV?$basic_string@DU?$char_traits@D@std@@V?$allocator@D@2@@std@@V23@@Z$0 1003b150 f   yxyDES.obj
 0001:0003a158       __unwindfunclet$?FillToEightBits@yxyDES@@AAE?AV?$basic_string@DU?$char_traits@D@std@@V?$allocator@D@2@@std@@V23@@Z$1 1003b158 f   yxyDES.obj
 0001:0003a171       __ehhandler$?FillToEightBits@yxyDES@@AAE?AV?$basic_string@DU?$char_traits@D@std@@V?$allocator@D@2@@std@@V23@@Z 1003b171 f   yxyDES.obj
 0001:0003a1a0       __unwindfunclet$?DecryptAnyLength@yxyDES@@QAEXV?$basic_string@DU?$char_traits@D@std@@V?$allocator@D@2@@std@@@Z$0 1003b1a0 f   yxyDES.obj
 0001:0003a1a8       __unwindfunclet$?DecryptAnyLength@yxyDES@@QAEXV?$basic_string@DU?$char_traits@D@std@@V?$allocator@D@2@@std@@@Z$2 1003b1a8 f   yxyDES.obj
 0001:0003a1b0       __ehhandler$?DecryptAnyLength@yxyDES@@QAEXV?$basic_string@DU?$char_traits@D@std@@V?$allocator@D@2@@std@@@Z 1003b1b0 f   yxyDES.obj
 0001:0003a1d8       __unwindfunclet$??1_Fac_tidy_reg_t@std@@QAE@XZ$0 1003b1d8 f   msvcprt:locale0_implib.obj
 0001:0003a1e1       __ehhandler$??1_Fac_tidy_reg_t@std@@QAE@XZ 1003b1e1 f   msvcprt:locale0_implib.obj
 0001:0003a200       ??__EUSER_STATESTRING@@YAXXZ 1003b200 f   AFCDataBase.obj
 0001:0003a2f0       ??__Eg_StrSecretKey@@YAXXZ 1003b2f0 f   AFCSocket.obj
 0001:0003a320       ??__EUSER_STATESTRING@@YAXXZ 1003b320 f   MainManage.obj
 0001:0003a410       ??__E?mapFile@CBcfFile@@0V?$map@V?$CStringT@DV?$StrTraitMFC_DLL@DV?$ChTraitsCRT@D@ATL@@@@@ATL@@PAVCBcfFileNameItem@@U?$less@V?$CStringT@DV?$StrTraitMFC_DLL@DV?$ChTraitsCRT@D@ATL@@@@@ATL@@@std@@V?$allocator@U?$pair@$$CBV?$CStringT@DV?$StrTraitMFC_DLL@DV?$ChTraitsCRT@D@ATL@@@@@ATL@@PAVCBcfFileNameItem@@@std@@@5@@std@@A@@YAXXZ 1003b410 f   MainManage.obj
 0001:0003a440       ??__EUSER_STATESTRING@@YAXXZ 1003b440 f   MainManageForWeb.obj
 0001:0003a530       ??__EUSER_STATESTRING@@YAXXZ 1003b530 f   MainManageForZ.obj
 0001:0003a620       ??__E?g_pManageArray@CProcessManage@@1VCPtrArray@@A@@YAXXZ 1003b620 f   ProcessManage.obj
 0001:0003a650       ??__E?g_Lock@CProcessManage@@1VCAFCSignedLock@@A@@YAXXZ 1003b650 f   ProcessManage.obj
 0001:0003a680       ??__Eg_static_sktinit@@YAXXZ 1003b680 f   SocketInit.obj
 0001:0003a6b0       ??__Eendchar@@YAXXZ        1003b6b0 f   HNTree.obj
 0001:0003a6dc       ??__E_Fac_tidy_reg@std@@YAXXZ 1003b6dc f   msvcprt:locale0_implib.obj
 0001:0003a6f0       ??__FUSER_STATESTRING@@YAXXZ 1003b6f0 f   AFCDataBase.obj
 0001:0003a720       ??__Fg_StrSecretKey@@YAXXZ 1003b720 f   AFCSocket.obj
 0001:0003a740       ??__FUSER_STATESTRING@@YAXXZ 1003b740 f   MainManage.obj
 0001:0003a770       ??__F?mapFile@CBcfFile@@0V?$map@V?$CStringT@DV?$StrTraitMFC_DLL@DV?$ChTraitsCRT@D@ATL@@@@@ATL@@PAVCBcfFileNameItem@@U?$less@V?$CStringT@DV?$StrTraitMFC_DLL@DV?$ChTraitsCRT@D@ATL@@@@@ATL@@@std@@V?$allocator@U?$pair@$$CBV?$CStringT@DV?$StrTraitMFC_DLL@DV?$ChTraitsCRT@D@ATL@@@@@ATL@@PAVCBcfFileNameItem@@@std@@@5@@std@@A@@YAXXZ 1003b770 f   MainManage.obj
 0001:0003a790       ??__FUSER_STATESTRING@@YAXXZ 1003b790 f   MainManageForWeb.obj
 0001:0003a7c0       ??__FUSER_STATESTRING@@YAXXZ 1003b7c0 f   MainManageForZ.obj
 0001:0003a7f0       ??__F?g_pManageArray@CProcessManage@@1VCPtrArray@@A@@YAXXZ 1003b7f0 f   ProcessManage.obj
 0001:0003a810       ??__F?g_Lock@CProcessManage@@1VCAFCSignedLock@@A@@YAXXZ 1003b810 f   ProcessManage.obj
 0001:0003a830       ??__Fg_static_sktinit@@YAXXZ 1003b830 f   SocketInit.obj
 0001:0003a850       ??__Fendchar@@YAXXZ        1003b850 f   HNTree.obj
 0001:0003a86a       ??__F_Fac_tidy_reg@std@@YAXXZ 1003b86a f   msvcprt:locale0_implib.obj
