 GameManage

 Timestamp is 5c736104 (Mon Feb 25 11:29:08 2019)

 Preferred load address is 10000000

 Start         Length     Name                   Class
 0001:00000000 0003903eH .text                   CODE
 0001:00039040 0000221aH .text$x                 CODE
 0001:0003b260 0000033fH .text$yc                CODE
 0001:0003b5a0 0000007eH .text$yd                CODE
 0002:00000000 000003f4H .idata$5                DATA
 0002:000003f4 00000004H .CRT$XCA                DATA
 0002:000003f8 00000004H .CRT$XCL                DATA
 0002:000003fc 0000000cH .CRT$XCU                DATA
 0002:00000408 00000004H .CRT$XCZ                DATA
 0002:0000040c 00000004H .CRT$XIA                DATA
 0002:00000410 00000004H .CRT$XIAA               DATA
 0002:00000414 00000004H .CRT$XIC                DATA
 0002:00000418 00000004H .CRT$XIZ                DATA
 0002:00000420 00002868H .rdata                  DATA
 0002:00002c88 0000005fH .rdata$debug            DATA
 0002:00002ce8 00000778H .rdata$r                DATA
 0002:00003460 000001f0H .rdata$sxdata           DATA
 0002:00003650 00000004H .rtc$IAA                DATA
 0002:00003654 00000004H .rtc$IZZ                DATA
 0002:00003658 00000004H .rtc$TAA                DATA
 0002:0000365c 00000004H .rtc$TZZ                DATA
 0002:00003660 00002b2cH .xdata$x                DATA
 0002:0000618c 00000000H ATL$__a                 DATA
 0002:0000618c 00000000H ATL$__z                 DATA
 0002:0000618c 000000a0H .idata$2                DATA
 0002:0000622c 00000014H .idata$3                DATA
 0002:00006240 000003f4H .idata$4                DATA
 0002:00006634 0000159aH .idata$6                DATA
 0002:00007bd0 00005fcbH .edata                  DATA
 0003:00000000 00000428H .data                   DATA
 0003:00000428 0000065cH .bss                    DATA
 0004:00000000 00000058H .rsrc$01                DATA
 0004:00000060 00000038H .rsrc$02                DATA

  Address         Publics by Value              Rva+Base       Lib:Object

 0000:00000000       __except_list              00000000     <absolute>
 0000:0000007c       ___safe_se_handler_count   0000007c     <absolute>
 0000:00009876       __ldused                   00009876     <absolute>
 0000:00009876       __fltused                  00009876     <absolute>
 0000:00000000       ___ImageBase               10000000     <linker-defined>
 0001:00000000       ??4CSignedLockObject@@QAEAAV0@ABV0@@Z 10001000 f i mainserversocket.obj
 0001:00000030       ??0CAFCSignedLock@@QAE@XZ  10001030 f i mainserversocket.obj
 0001:00000050       ??1CAFCSignedLock@@QAE@XZ  10001050 f i mainserversocket.obj
 0001:00000070       ?Lock@CAFCSignedLock@@AAEXXZ 10001070 f i mainserversocket.obj
 0001:00000090       ?UnLock@CAFCSignedLock@@AAEXXZ 10001090 f i mainserversocket.obj
 0001:000000b0       ??4CAFCSignedLock@@QAEAAV0@ABV0@@Z 100010b0 f i mainserversocket.obj
 0001:000000f0       ??4CAFCRWLock@@QAEAAV0@ABV0@@Z 100010f0 f i mainserversocket.obj
 0001:00000120       ??0CUDPSocket@@QAE@ABV0@@Z 10001120 f i mainserversocket.obj
 0001:00000150       ??_ECUDPSocket@@UAEPAXI@Z  10001150 f i mainserversocket.obj
 0001:000001d0       ?GetSocketState@CTCPClientSocket@@QAEEXZ 100011d0 f i mainserversocket.obj
 0001:000001f0       ??0CListenSocket@@QAE@ABV0@@Z 100011f0 f i mainserversocket.obj
 0001:00000220       ??4CListenSocket@@QAEAAV0@ABV0@@Z 10001220 f i mainserversocket.obj
 0001:00000220       ??4CUDPSocket@@QAEAAV0@ABV0@@Z 10001220 f i mainserversocket.obj
 0001:00000250       ??_ECListenSocket@@UAEPAXI@Z 10001250 f i mainserversocket.obj
 0001:000002d0       ?IsConnect@CTCPSocket@@QAE_NXZ 100012d0 f i mainserversocket.obj
 0001:00000300       ?GetBeginTime@CTCPSocket@@QAEJXZ 10001300 f i mainserversocket.obj
 0001:00000320       ?GetConnectData@CTCPSocket@@QAEKXZ 10001320 f i mainserversocket.obj
 0001:00000340       ?GetRecvLock@CTCPSocket@@QAEPAVCAFCSignedLock@@XZ 10001340 f i mainserversocket.obj
 0001:00000360       ?GetSendLock@CTCPSocket@@QAEPAVCAFCSignedLock@@XZ 10001360 f i mainserversocket.obj
 0001:00000380       ?SetIndex@CTCPSocket@@IAEXI@Z 10001380 f i mainserversocket.obj
 0001:00000380       ?SetIndex@CTCPSocketForZ@@IAEXI@Z 10001380 f i mainserversocket.obj
 0001:00000380       ?SetIndex@CTCPSocketForWeb@@IAEXI@Z 10001380 f i mainserversocket.obj
 0001:000003a0       ?SetSocketManagePtr@CTCPSocket@@IAEXPAVCTCPSocketManage@@@Z 100013a0 f i mainserversocket.obj
 0001:000003d0       ??0CTCPSocket@@QAE@ABV0@@Z 100013d0 f i mainserversocket.obj
 0001:00000570       ??4CTCPSocket@@QAEAAV0@ABV0@@Z 10001570 f i mainserversocket.obj
 0001:00000730       ??_ECTCPSocket@@UAEPAXI@Z  10001730 f i mainserversocket.obj
 0001:000007b0       ?IsConnect@CTCPSocketForZ@@QAE_NXZ 100017b0 f i mainserversocket.obj
 0001:000007e0       ?GetBeginTime@CTCPSocketForZ@@QAEJXZ 100017e0 f i mainserversocket.obj
 0001:00000800       ?GetConnectData@CTCPSocketForZ@@QAEKXZ 10001800 f i mainserversocket.obj
 0001:00000820       ?GetRecvLock@CTCPSocketForZ@@QAEPAVCAFCSignedLock@@XZ 10001820 f i mainserversocket.obj
 0001:00000840       ?GetSendLock@CTCPSocketForZ@@QAEPAVCAFCSignedLock@@XZ 10001840 f i mainserversocket.obj
 0001:00000860       ?SetSocketManagePtr@CTCPSocketForZ@@IAEXPAVCTCPSocketManageForZ@@@Z 10001860 f i mainserversocket.obj
 0001:00000890       ??0CTCPSocketForZ@@QAE@ABV0@@Z 10001890 f i mainserversocket.obj
 0001:00000a30       ??4CTCPSocketForZ@@QAEAAV0@ABV0@@Z 10001a30 f i mainserversocket.obj
 0001:00000bf0       ??_ECTCPSocketForZ@@UAEPAXI@Z 10001bf0 f i mainserversocket.obj
 0001:00000c70       ??0CAFCException@@QAE@ABV0@@Z 10001c70 f i mainserversocket.obj
 0001:00000cc0       ??4CAFCException@@QAEAAV0@ABV0@@Z 10001cc0 f i mainserversocket.obj
 0001:00000d20       ??_ECAFCException@@UAEPAXI@Z 10001d20 f i mainserversocket.obj
 0001:00000da0       ??0CDataBaseHandle@@QAE@ABV0@@Z 10001da0 f i mainserversocket.obj
 0001:00000e00       ??4CDataBaseHandle@@QAEAAV0@ABV0@@Z 10001e00 f i mainserversocket.obj
 0001:00000e60       ??_ECDataBaseHandle@@UAEPAXI@Z 10001e60 f i mainserversocket.obj
 0001:00000ee0       ??0IDataBaseHandleService@@QAE@ABU0@@Z 10001ee0 f i mainserversocket.obj
 0001:00000f10       ??1HNFilter@@QAE@XZ        10001f10 f i mainserversocket.obj
 0001:00000f30       ??0HNFilter@@QAE@ABV0@@Z   10001f30 f i mainserversocket.obj
 0001:00000f60       ??4HNFilter@@QAEAAV0@ABV0@@Z 10001f60 f i mainserversocket.obj
 0001:00000f90       ??1HNTree@@QAE@XZ          10001f90 f i mainserversocket.obj
 0001:00000fb0       ??1HNTreeNode@@QAE@XZ      10001fb0 f i mainserversocket.obj
 0001:00001010       ??1?$map@V?$basic_string@DU?$char_traits@D@std@@V?$allocator@D@2@@std@@VHNTreeNode@@U?$less@V?$basic_string@DU?$char_traits@D@std@@V?$allocator@D@2@@std@@@2@V?$allocator@U?$pair@$$CBV?$basic_string@DU?$char_traits@D@std@@V?$allocator@D@2@@std@@VHNTreeNode@@@std@@@2@@std@@QAE@XZ 10002010 f i mainserversocket.obj
 0001:00001030       ??0HNTree@@QAE@ABV0@@Z     10002030 f i mainserversocket.obj
 0001:00001070       ??4HNTree@@QAEAAV0@ABV0@@Z 10002070 f i mainserversocket.obj
 0001:000010b0       ??0HNTreeNode@@QAE@ABV0@@Z 100020b0 f i mainserversocket.obj
 0001:00001130       ??4HNTreeNode@@QAEAAV0@ABV0@@Z 10002130 f i mainserversocket.obj
 0001:00001180       ?GetHandleID@CTCPSocketForWeb@@QAEKXZ 10002180 f i mainserversocket.obj
 0001:00001180       ?GetStatus@COleDateTime@ATL@@QBE?AW4DateTimeStatus@12@XZ 10002180 f i GameMainManage.obj
 0001:00001180       ?GetCount@?$CArray@ULimitTalkStruct@@U1@@@QBEHXZ 10002180 f i GameMainManage.obj
 0001:00001180       ?size@?$_Tree@V?$_Tmap_traits@V?$basic_string@DU?$char_traits@D@std@@V?$allocator@D@2@@std@@VHNTreeNode@@U?$less@V?$basic_string@DU?$char_traits@D@std@@V?$allocator@D@2@@std@@@2@V?$allocator@U?$pair@$$CBV?$basic_string@DU?$char_traits@D@std@@V?$allocator@D@2@@std@@VHNTreeNode@@@std@@@2@$0A@@std@@@std@@QBEIXZ 10002180 f i mainserversocket.obj
 0001:00001180       ?GetHandleID@CTCPSocket@@QAEKXZ 10002180 f i mainserversocket.obj
 0001:00001180       ?GetCount@CPtrArray@@QBEHXZ 10002180 f i GameDesk.obj
 0001:00001180       ?GetHandleID@CTCPSocketForZ@@QAEKXZ 10002180 f i mainserversocket.obj
 0001:000011a0       ?IsConnect@CTCPSocketForWeb@@QAE_NXZ 100021a0 f i mainserversocket.obj
 0001:000011d0       ?GetBeginTime@CTCPSocketForWeb@@QAEJXZ 100021d0 f i mainserversocket.obj
 0001:000011f0       ?GetConnectData@CTCPSocketForWeb@@QAEKXZ 100021f0 f i mainserversocket.obj
 0001:00001210       ?GetRecvLock@CTCPSocketForWeb@@QAEPAVCAFCSignedLock@@XZ 10002210 f i mainserversocket.obj
 0001:00001230       ?GetSendLock@CTCPSocketForWeb@@QAEPAVCAFCSignedLock@@XZ 10002230 f i mainserversocket.obj
 0001:00001250       ?SetSocketManagePtr@CTCPSocketForWeb@@IAEXPAVCTCPSocketManageForWeb@@@Z 10002250 f i mainserversocket.obj
 0001:00001280       ??0CTCPSocketForWeb@@QAE@ABV0@@Z 10002280 f i mainserversocket.obj
 0001:00001470       ??4CTCPSocketForWeb@@QAEAAV0@ABV0@@Z 10002470 f i mainserversocket.obj
 0001:000016a0       ??_ECTCPSocketForWeb@@UAEPAXI@Z 100026a0 f i mainserversocket.obj
 0001:00001720       ?OnInit@CBaseMainManage@@EAE_NPAUManageInfoStruct@@PAUKernelInfoStruct@@@Z 10002720 f i mainserversocket.obj
 0001:00001720       ?OnInit@CBaseMainManageForWeb@@EAE_NPAUManageInfoStruct@@PAUKernelInfoStruct@@@Z 10002720 f i mainserversocket.obj
 0001:00001740       ?IsAccess@CGameUserInfo@@QAE_NXZ 10002740 f i mainserversocket.obj
 0001:00001760       ?GetListenPort@CTCPSocketManageForWeb@@QAEIXZ 10002760 f i mainserversocket.obj
 0001:00001760       ?GetHandleID@CGameUserInfo@@QAEKXZ 10002760 f i mainserversocket.obj
 0001:00001760       ?GetListenPort@CTCPSocketManage@@QAEIXZ 10002760 f i mainserversocket.obj
 0001:00001780       ?GetSocketIndex@CGameUserInfo@@QAEIXZ 10002780 f i mainserversocket.obj
 0001:000017a0       ?GetLogonTime@CGameUserInfo@@QAEJXZ 100027a0 f i mainserversocket.obj
 0001:000017d0       ??4CGameUserInfo@@QAEAAV0@ABV0@@Z 100027d0 f i mainserversocket.obj
 0001:00001800       ?GetNetCutUserCount@CGameUserInfoManage@@QAEIXZ 10002800 f i mainserversocket.obj
 0001:00001820       ?GetGameRoomCount@CGameUserInfoManage@@QAEIXZ 10002820 f i mainserversocket.obj
 0001:00001850       ??4CGameUserInfoManage@@QAEAAV0@ABV0@@Z 10002850 f i mainserversocket.obj
 0001:00001880       ?OnStop@CBaseMainManageForWeb@@EAE_NXZ 10002880 f i mainserversocket.obj
 0001:00001880       ?InitDeskGameStation@CGameDesk@@UAE_NXZ 10002880 f i mainserversocket.obj
 0001:00001880       ?OnStart@CBaseMainManage@@EAE_NXZ 10002880 f i mainserversocket.obj
 0001:00001880       ?StopTimer@CBaseMainManageForWeb@@UAE_NXZ 10002880 f i mainserversocket.obj
 0001:00001880       ?OnStop@CBaseMainManage@@EAE_NXZ 10002880 f i mainserversocket.obj
 0001:00001880       ?OnUnInit@CBaseMainManageForWeb@@EAE_NXZ 10002880 f i mainserversocket.obj
 0001:00001880       ?OnStart@CBaseMainManageForWeb@@EAE_NXZ 10002880 f i mainserversocket.obj
 0001:00001880       ?StopTimer@CBaseMainManage@@UAE_NXZ 10002880 f i mainserversocket.obj
 0001:00001880       ?OnUnInit@CBaseMainManage@@EAE_NXZ 10002880 f i mainserversocket.obj
 0001:000018a0       ?IsBJLGameType@CGameDesk@@QBE_NXZ 100028a0 f i mainserversocket.obj
 0001:000018d0       ?SetCurrentZhuangjia@CGameDesk@@QAEXJ@Z 100028d0 f i mainserversocket.obj
 0001:000018f0       ?IsZhuangjia@CGameDesk@@QBE_NJ@Z 100028f0 f i mainserversocket.obj
 0001:00001930       ?GetDoublePointEffect@CGameDesk@@IAEEXZ 10002930 f i mainserversocket.obj
 0001:00001950       ?IsLock@CGameDesk@@QAE_NXZ 10002950 f i mainserversocket.obj
 0001:00001970       ?LockDesk@CGameDesk@@QAEXXZ 10002970 f i mainserversocket.obj
 0001:00001990       ?UnlockDesk@CGameDesk@@QAEXXZ 10002990 f i mainserversocket.obj
 0001:000019b0       ?IsVirtualLock@CGameDesk@@QAE_NXZ 100029b0 f i mainserversocket.obj
 0001:000019d0       ?VirtualLockDesk@CGameDesk@@QAEXXZ 100029d0 f i mainserversocket.obj
 0001:000019f0       ?UnVirtualLockDesk@CGameDesk@@QAEXXZ 100029f0 f i mainserversocket.obj
 0001:00001a10       ?GetTableBasePoint@CGameDesk@@QAEHXZ 10002a10 f i mainserversocket.obj
 0001:00001a30       ?SetTableBasePoint@CGameDesk@@QAEXH@Z 10002a30 f i mainserversocket.obj
 0001:00001a60       ?GetTableOwnerID@CGameDesk@@QAEJXZ 10002a60 f i mainserversocket.obj
 0001:00001a80       ?OnWatchSetChange@CGameDesk@@UAE_NEJ_N@Z 10002a80 f i mainserversocket.obj
 0001:00001aa0       ?PropInfo@CGameDesk@@UAEHABUTPropChange@@@Z 10002aa0 f i mainserversocket.obj
 0001:00001ac0       ?IsPlayGame@CGameDesk@@UAE_NE@Z 10002ac0 f i mainserversocket.obj
 0001:00001ae0       ?IsPlayingByGameStation@CGameDesk@@UAEHXZ 10002ae0 f i mainserversocket.obj
 0001:00001b00       ?SetReturnGameInfo@CGameDesk@@UAEXHPAXHH@Z 10002b00 f i mainserversocket.obj
 0001:00001b20       ??1CGameDataBaseHandle@@UAE@XZ 10002b20 f i mainserversocket.obj
 0001:00001b40       ??0CGameDataBaseHandle@@QAE@ABV0@@Z 10002b40 f i mainserversocket.obj
 0001:00001b80       ??4CGameDataBaseHandle@@QAEAAV0@ABV0@@Z 10002b80 f i mainserversocket.obj
 0001:00001bb0       ??_ECGameDataBaseHandle@@UAEPAXI@Z 10002bb0 f i mainserversocket.obj
 0001:00001c30       ??0CMainServerSocket@@QAE@PAVCGameMainManage@@@Z 10002c30 f   mainserversocket.obj
 0001:00001cd0       ??0IClientSocketService@@QAE@XZ 10002cd0 f i mainserversocket.obj
 0001:00001cf0       ??1CMainServerSocket@@QAE@XZ 10002cf0 f   mainserversocket.obj
 0001:00001db0       ?Initial@CMainServerSocket@@QAEHXZ 10002db0 f   mainserversocket.obj
 0001:00001fe0       ??3CObject@@SGXPAX@Z       10002fe0 f i mainserversocket.obj
 0001:00002000       ??2CObject@@SGPAXI@Z       10003000 f i mainserversocket.obj
 0001:00002020       ?Connect@CMainServerSocket@@QAEHPBDI@Z 10003020 f   mainserversocket.obj
 0001:00002080       ?SendData@CMainServerSocket@@QAEHPAXIIII@Z 10003080 f   mainserversocket.obj
 0001:000020d0       ?CheckReConnect@CMainServerSocket@@QAE_NXZ 100030d0 f   mainserversocket.obj
 0001:00002150       ?CheckKeepLive@CMainServerSocket@@QAE_NXZ 10003150 f   mainserversocket.obj
 0001:000021a0       ?OnSocketReadEvent@CMainServerSocket@@UAE_NPAUNetMessageHead@@PAXIPAVCTCPClientSocket@@@Z 100031a0 f   mainserversocket.obj
 0001:00002260       ?OnSocketConnectEvent@CMainServerSocket@@UAE_NIPAVCTCPClientSocket@@@Z 10003260 f   mainserversocket.obj
 0001:000022a0       ?OnSocketCloseEvent@CMainServerSocket@@UAE_NXZ 100032a0 f   mainserversocket.obj
 0001:000022c0       ??HATL@@YA?AV?$CStringT@DV?$StrTraitMFC_DLL@DV?$ChTraitsCRT@D@ATL@@@@@0@ABV10@PBD@Z 100032c0 f i mainserversocket.obj
 0001:00002380       ??0?$map@V?$basic_string@DU?$char_traits@D@std@@V?$allocator@D@2@@std@@VHNTreeNode@@U?$less@V?$basic_string@DU?$char_traits@D@std@@V?$allocator@D@2@@std@@@2@V?$allocator@U?$pair@$$CBV?$basic_string@DU?$char_traits@D@std@@V?$allocator@D@2@@std@@VHNTreeNode@@@std@@@2@@std@@QAE@ABV01@@Z 10003380 f i mainserversocket.obj
 0001:000023b0       ??4?$map@V?$basic_string@DU?$char_traits@D@std@@V?$allocator@D@2@@std@@VHNTreeNode@@U?$less@V?$basic_string@DU?$char_traits@D@std@@V?$allocator@D@2@@std@@@2@V?$allocator@U?$pair@$$CBV?$basic_string@DU?$char_traits@D@std@@V?$allocator@D@2@@std@@VHNTreeNode@@@std@@@2@@std@@QAEAAV01@ABV01@@Z 100033b0 f i mainserversocket.obj
 0001:000023e0       ??1?$_Tree@V?$_Tmap_traits@V?$basic_string@DU?$char_traits@D@std@@V?$allocator@D@2@@std@@VHNTreeNode@@U?$less@V?$basic_string@DU?$char_traits@D@std@@V?$allocator@D@2@@std@@@2@V?$allocator@U?$pair@$$CBV?$basic_string@DU?$char_traits@D@std@@V?$allocator@D@2@@std@@VHNTreeNode@@@std@@@2@$0A@@std@@@std@@QAE@XZ 100033e0 f i mainserversocket.obj
 0001:00002440       ??0?$_Tree@V?$_Tmap_traits@V?$basic_string@DU?$char_traits@D@std@@V?$allocator@D@2@@std@@VHNTreeNode@@U?$less@V?$basic_string@DU?$char_traits@D@std@@V?$allocator@D@2@@std@@@2@V?$allocator@U?$pair@$$CBV?$basic_string@DU?$char_traits@D@std@@V?$allocator@D@2@@std@@VHNTreeNode@@@std@@@2@$0A@@std@@@std@@QAE@ABV01@@Z 10003440 f i mainserversocket.obj
 0001:00002500       ??4?$_Tree@V?$_Tmap_traits@V?$basic_string@DU?$char_traits@D@std@@V?$allocator@D@2@@std@@VHNTreeNode@@U?$less@V?$basic_string@DU?$char_traits@D@std@@V?$allocator@D@2@@std@@@2@V?$allocator@U?$pair@$$CBV?$basic_string@DU?$char_traits@D@std@@V?$allocator@D@2@@std@@VHNTreeNode@@@std@@@2@$0A@@std@@@std@@QAEAAV01@ABV01@@Z 10003500 f i mainserversocket.obj
 0001:00002570       ?_Tidy@?$_Tree@V?$_Tmap_traits@V?$basic_string@DU?$char_traits@D@std@@V?$allocator@D@2@@std@@VHNTreeNode@@U?$less@V?$basic_string@DU?$char_traits@D@std@@V?$allocator@D@2@@std@@@2@V?$allocator@U?$pair@$$CBV?$basic_string@DU?$char_traits@D@std@@V?$allocator@D@2@@std@@VHNTreeNode@@@std@@@2@$0A@@std@@@std@@IAEXXZ 10003570 f i mainserversocket.obj
 0001:000025c0       ??1?$_Tree_val@V?$_Tmap_traits@V?$basic_string@DU?$char_traits@D@std@@V?$allocator@D@2@@std@@VHNTreeNode@@U?$less@V?$basic_string@DU?$char_traits@D@std@@V?$allocator@D@2@@std@@@2@V?$allocator@U?$pair@$$CBV?$basic_string@DU?$char_traits@D@std@@V?$allocator@D@2@@std@@VHNTreeNode@@@std@@@2@$0A@@std@@@std@@QAE@XZ 100035c0 f i mainserversocket.obj
 0001:000025f0       ?begin@?$_Tree@V?$_Tmap_traits@V?$basic_string@DU?$char_traits@D@std@@V?$allocator@D@2@@std@@VHNTreeNode@@U?$less@V?$basic_string@DU?$char_traits@D@std@@V?$allocator@D@2@@std@@@2@V?$allocator@U?$pair@$$CBV?$basic_string@DU?$char_traits@D@std@@V?$allocator@D@2@@std@@VHNTreeNode@@@std@@@2@$0A@@std@@@std@@QAE?AV?$_Tree_iterator@V?$_Tree_val@V?$_Tmap_traits@V?$basic_string@DU?$char_traits@D@std@@V?$allocator@D@2@@std@@VHNTreeNode@@U?$less@V?$basic_string@DU?$char_traits@D@std@@V?$allocator@D@2@@std@@@2@V?$allocator@U?$pair@$$CBV?$basic_string@DU?$char_traits@D@std@@V?$allocator@D@2@@std@@VHNTreeNode@@@std@@@2@$0A@@std@@@std@@@2@XZ 100035f0 f i mainserversocket.obj
 0001:00002620       ?end@?$_Tree@V?$_Tmap_traits@V?$basic_string@DU?$char_traits@D@std@@V?$allocator@D@2@@std@@VHNTreeNode@@U?$less@V?$basic_string@DU?$char_traits@D@std@@V?$allocator@D@2@@std@@@2@V?$allocator@U?$pair@$$CBV?$basic_string@DU?$char_traits@D@std@@V?$allocator@D@2@@std@@VHNTreeNode@@@std@@@2@$0A@@std@@@std@@QAE?AV?$_Tree_iterator@V?$_Tree_val@V?$_Tmap_traits@V?$basic_string@DU?$char_traits@D@std@@V?$allocator@D@2@@std@@VHNTreeNode@@U?$less@V?$basic_string@DU?$char_traits@D@std@@V?$allocator@D@2@@std@@@2@V?$allocator@U?$pair@$$CBV?$basic_string@DU?$char_traits@D@std@@V?$allocator@D@2@@std@@VHNTreeNode@@@std@@@2@$0A@@std@@@std@@@2@XZ 10003620 f i mainserversocket.obj
 0001:00002650       ?key_comp@?$_Tree@V?$_Tmap_traits@V?$basic_string@DU?$char_traits@D@std@@V?$allocator@D@2@@std@@VHNTreeNode@@U?$less@V?$basic_string@DU?$char_traits@D@std@@V?$allocator@D@2@@std@@@2@V?$allocator@U?$pair@$$CBV?$basic_string@DU?$char_traits@D@std@@V?$allocator@D@2@@std@@VHNTreeNode@@@std@@@2@$0A@@std@@@std@@QBE?AU?$less@V?$basic_string@DU?$char_traits@D@std@@V?$allocator@D@2@@std@@@2@XZ 10003650 f i mainserversocket.obj
 0001:00002670       ?erase@?$_Tree@V?$_Tmap_traits@V?$basic_string@DU?$char_traits@D@std@@V?$allocator@D@2@@std@@VHNTreeNode@@U?$less@V?$basic_string@DU?$char_traits@D@std@@V?$allocator@D@2@@std@@@2@V?$allocator@U?$pair@$$CBV?$basic_string@DU?$char_traits@D@std@@V?$allocator@D@2@@std@@VHNTreeNode@@@std@@@2@$0A@@std@@@std@@QAE?AV?$_Tree_iterator@V?$_Tree_val@V?$_Tmap_traits@V?$basic_string@DU?$char_traits@D@std@@V?$allocator@D@2@@std@@VHNTreeNode@@U?$less@V?$basic_string@DU?$char_traits@D@std@@V?$allocator@D@2@@std@@@2@V?$allocator@U?$pair@$$CBV?$basic_string@DU?$char_traits@D@std@@V?$allocator@D@2@@std@@VHNTreeNode@@@std@@@2@$0A@@std@@@std@@@2@V?$_Tree_const_iterator@V?$_Tree_val@V?$_Tmap_traits@V?$basic_string@DU?$char_traits@D@std@@V?$allocator@D@2@@std@@VHNTreeNode@@U?$less@V?$basic_string@DU?$char_traits@D@std@@V?$allocator@D@2@@std@@@2@V?$allocator@U?$pair@$$CBV?$basic_string@DU?$char_traits@D@std@@V?$allocator@D@2@@std@@VHNTreeNode@@@std@@@2@$0A@@std@@@std@@@2@0@Z 10003670 f i mainserversocket.obj
 0001:00002720       ?_Copy@?$_Tree@V?$_Tmap_traits@V?$basic_string@DU?$char_traits@D@std@@V?$allocator@D@2@@std@@VHNTreeNode@@U?$less@V?$basic_string@DU?$char_traits@D@std@@V?$allocator@D@2@@std@@@2@V?$allocator@U?$pair@$$CBV?$basic_string@DU?$char_traits@D@std@@V?$allocator@D@2@@std@@VHNTreeNode@@@std@@@2@$0A@@std@@@std@@IAEXABV12@@Z 10003720 f i mainserversocket.obj
 0001:000027f0       ??0?$_Tree_val@V?$_Tmap_traits@V?$basic_string@DU?$char_traits@D@std@@V?$allocator@D@2@@std@@VHNTreeNode@@U?$less@V?$basic_string@DU?$char_traits@D@std@@V?$allocator@D@2@@std@@@2@V?$allocator@U?$pair@$$CBV?$basic_string@DU?$char_traits@D@std@@V?$allocator@D@2@@std@@VHNTreeNode@@@std@@@2@$0A@@std@@@std@@QAE@ABU?$less@V?$basic_string@DU?$char_traits@D@std@@V?$allocator@D@2@@std@@@1@V?$allocator@U?$pair@$$CBV?$basic_string@DU?$char_traits@D@std@@V?$allocator@D@2@@std@@VHNTreeNode@@@std@@@1@@Z 100037f0 f i mainserversocket.obj
 0001:000028b0       ?erase@?$_Tree@V?$_Tmap_traits@V?$basic_string@DU?$char_traits@D@std@@V?$allocator@D@2@@std@@VHNTreeNode@@U?$less@V?$basic_string@DU?$char_traits@D@std@@V?$allocator@D@2@@std@@@2@V?$allocator@U?$pair@$$CBV?$basic_string@DU?$char_traits@D@std@@V?$allocator@D@2@@std@@VHNTreeNode@@@std@@@2@$0A@@std@@@std@@QAE?AV?$_Tree_iterator@V?$_Tree_val@V?$_Tmap_traits@V?$basic_string@DU?$char_traits@D@std@@V?$allocator@D@2@@std@@VHNTreeNode@@U?$less@V?$basic_string@DU?$char_traits@D@std@@V?$allocator@D@2@@std@@@2@V?$allocator@U?$pair@$$CBV?$basic_string@DU?$char_traits@D@std@@V?$allocator@D@2@@std@@VHNTreeNode@@@std@@@2@$0A@@std@@@std@@@2@V?$_Tree_const_iterator@V?$_Tree_val@V?$_Tmap_traits@V?$basic_string@DU?$char_traits@D@std@@V?$allocator@D@2@@std@@VHNTreeNode@@U?$less@V?$basic_string@DU?$char_traits@D@std@@V?$allocator@D@2@@std@@@2@V?$allocator@U?$pair@$$CBV?$basic_string@DU?$char_traits@D@std@@V?$allocator@D@2@@std@@VHNTreeNode@@@std@@@2@$0A@@std@@@std@@@2@@Z 100038b0 f i mainserversocket.obj
 0001:00003040       ?clear@?$_Tree@V?$_Tmap_traits@V?$basic_string@DU?$char_traits@D@std@@V?$allocator@D@2@@std@@VHNTreeNode@@U?$less@V?$basic_string@DU?$char_traits@D@std@@V?$allocator@D@2@@std@@@2@V?$allocator@U?$pair@$$CBV?$basic_string@DU?$char_traits@D@std@@V?$allocator@D@2@@std@@VHNTreeNode@@@std@@@2@$0A@@std@@@std@@QAEXXZ 10004040 f i mainserversocket.obj
 0001:000030a0       ?_Copy@?$_Tree@V?$_Tmap_traits@V?$basic_string@DU?$char_traits@D@std@@V?$allocator@D@2@@std@@VHNTreeNode@@U?$less@V?$basic_string@DU?$char_traits@D@std@@V?$allocator@D@2@@std@@@2@V?$allocator@U?$pair@$$CBV?$basic_string@DU?$char_traits@D@std@@V?$allocator@D@2@@std@@VHNTreeNode@@@std@@@2@$0A@@std@@@std@@IAEPAU_Node@?$_Tree_nod@V?$_Tmap_traits@V?$basic_string@DU?$char_traits@D@std@@V?$allocator@D@2@@std@@VHNTreeNode@@U?$less@V?$basic_string@DU?$char_traits@D@std@@V?$allocator@D@2@@std@@@2@V?$allocator@U?$pair@$$CBV?$basic_string@DU?$char_traits@D@std@@V?$allocator@D@2@@std@@VHNTreeNode@@@std@@@2@$0A@@std@@@2@PAU342@0@Z 100040a0 f i mainserversocket.obj
 0001:00003200       ?_Lmost@?$_Tree@V?$_Tmap_traits@V?$basic_string@DU?$char_traits@D@std@@V?$allocator@D@2@@std@@VHNTreeNode@@U?$less@V?$basic_string@DU?$char_traits@D@std@@V?$allocator@D@2@@std@@@2@V?$allocator@U?$pair@$$CBV?$basic_string@DU?$char_traits@D@std@@V?$allocator@D@2@@std@@VHNTreeNode@@@std@@@2@$0A@@std@@@std@@IBEAAPAU_Node@?$_Tree_nod@V?$_Tmap_traits@V?$basic_string@DU?$char_traits@D@std@@V?$allocator@D@2@@std@@VHNTreeNode@@U?$less@V?$basic_string@DU?$char_traits@D@std@@V?$allocator@D@2@@std@@@2@V?$allocator@U?$pair@$$CBV?$basic_string@DU?$char_traits@D@std@@V?$allocator@D@2@@std@@VHNTreeNode@@@std@@@2@$0A@@std@@@2@XZ 10004200 f i mainserversocket.obj
 0001:00003230       ?_Rmost@?$_Tree@V?$_Tmap_traits@V?$basic_string@DU?$char_traits@D@std@@V?$allocator@D@2@@std@@VHNTreeNode@@U?$less@V?$basic_string@DU?$char_traits@D@std@@V?$allocator@D@2@@std@@@2@V?$allocator@U?$pair@$$CBV?$basic_string@DU?$char_traits@D@std@@V?$allocator@D@2@@std@@VHNTreeNode@@@std@@@2@$0A@@std@@@std@@IBEAAPAU_Node@?$_Tree_nod@V?$_Tmap_traits@V?$basic_string@DU?$char_traits@D@std@@V?$allocator@D@2@@std@@VHNTreeNode@@U?$less@V?$basic_string@DU?$char_traits@D@std@@V?$allocator@D@2@@std@@@2@V?$allocator@U?$pair@$$CBV?$basic_string@DU?$char_traits@D@std@@V?$allocator@D@2@@std@@VHNTreeNode@@@std@@@2@$0A@@std@@@2@XZ 10004230 f i mainserversocket.obj
 0001:00003260       ?_Root@?$_Tree@V?$_Tmap_traits@V?$basic_string@DU?$char_traits@D@std@@V?$allocator@D@2@@std@@VHNTreeNode@@U?$less@V?$basic_string@DU?$char_traits@D@std@@V?$allocator@D@2@@std@@@2@V?$allocator@U?$pair@$$CBV?$basic_string@DU?$char_traits@D@std@@V?$allocator@D@2@@std@@VHNTreeNode@@@std@@@2@$0A@@std@@@std@@IBEAAPAU_Node@?$_Tree_nod@V?$_Tmap_traits@V?$basic_string@DU?$char_traits@D@std@@V?$allocator@D@2@@std@@VHNTreeNode@@U?$less@V?$basic_string@DU?$char_traits@D@std@@V?$allocator@D@2@@std@@@2@V?$allocator@U?$pair@$$CBV?$basic_string@DU?$char_traits@D@std@@V?$allocator@D@2@@std@@VHNTreeNode@@@std@@@2@$0A@@std@@@2@XZ 10004260 f i mainserversocket.obj
 0001:00003290       ?_Color@?$_Tree_val@V?$_Tmap_traits@V?$basic_string@DU?$char_traits@D@std@@V?$allocator@D@2@@std@@VHNTreeNode@@U?$less@V?$basic_string@DU?$char_traits@D@std@@V?$allocator@D@2@@std@@@2@V?$allocator@U?$pair@$$CBV?$basic_string@DU?$char_traits@D@std@@V?$allocator@D@2@@std@@VHNTreeNode@@@std@@@2@$0A@@std@@@std@@SAAADPAU_Node@?$_Tree_nod@V?$_Tmap_traits@V?$basic_string@DU?$char_traits@D@std@@V?$allocator@D@2@@std@@VHNTreeNode@@U?$less@V?$basic_string@DU?$char_traits@D@std@@V?$allocator@D@2@@std@@@2@V?$allocator@U?$pair@$$CBV?$basic_string@DU?$char_traits@D@std@@V?$allocator@D@2@@std@@VHNTreeNode@@@std@@@2@$0A@@std@@@2@@Z 10004290 f i mainserversocket.obj
 0001:000032b0       ?_Isnil@?$_Tree_val@V?$_Tmap_traits@V?$basic_string@DU?$char_traits@D@std@@V?$allocator@D@2@@std@@VHNTreeNode@@U?$less@V?$basic_string@DU?$char_traits@D@std@@V?$allocator@D@2@@std@@@2@V?$allocator@U?$pair@$$CBV?$basic_string@DU?$char_traits@D@std@@V?$allocator@D@2@@std@@VHNTreeNode@@@std@@@2@$0A@@std@@@std@@SAAADPAU_Node@?$_Tree_nod@V?$_Tmap_traits@V?$basic_string@DU?$char_traits@D@std@@V?$allocator@D@2@@std@@VHNTreeNode@@U?$less@V?$basic_string@DU?$char_traits@D@std@@V?$allocator@D@2@@std@@@2@V?$allocator@U?$pair@$$CBV?$basic_string@DU?$char_traits@D@std@@V?$allocator@D@2@@std@@VHNTreeNode@@@std@@@2@$0A@@std@@@2@@Z 100042b0 f i mainserversocket.obj
 0001:000032d0       ?_Parent@?$_Tree_val@V?$_Tmap_traits@V?$basic_string@DU?$char_traits@D@std@@V?$allocator@D@2@@std@@VHNTreeNode@@U?$less@V?$basic_string@DU?$char_traits@D@std@@V?$allocator@D@2@@std@@@2@V?$allocator@U?$pair@$$CBV?$basic_string@DU?$char_traits@D@std@@V?$allocator@D@2@@std@@VHNTreeNode@@@std@@@2@$0A@@std@@@std@@SAAAPAU_Node@?$_Tree_nod@V?$_Tmap_traits@V?$basic_string@DU?$char_traits@D@std@@V?$allocator@D@2@@std@@VHNTreeNode@@U?$less@V?$basic_string@DU?$char_traits@D@std@@V?$allocator@D@2@@std@@@2@V?$allocator@U?$pair@$$CBV?$basic_string@DU?$char_traits@D@std@@V?$allocator@D@2@@std@@VHNTreeNode@@@std@@@2@$0A@@std@@@2@PAU342@@Z 100042d0 f i mainserversocket.obj
 0001:000032d0       ?_Prevnode@?$_List_val@PAVCGameUserInfo@@V?$allocator@PAVCGameUserInfo@@@std@@@std@@SAAAPAU_Node@?$_List_nod@PAVCGameUserInfo@@V?$allocator@PAVCGameUserInfo@@@std@@@2@PAU342@@Z 100042d0 f i GameMainManage.obj
 0001:000032d0       ?_Prevnode@?$_List_val@PAUFILEINFO@@V?$allocator@PAUFILEINFO@@@std@@@std@@SAAAPAU_Node@?$_List_nod@PAUFILEINFO@@V?$allocator@PAUFILEINFO@@@std@@@2@PAU342@@Z 100042d0 f i stdafx.obj
 0001:000032f0       ?_Max@?$_Tree_val@V?$_Tmap_traits@V?$basic_string@DU?$char_traits@D@std@@V?$allocator@D@2@@std@@VHNTreeNode@@U?$less@V?$basic_string@DU?$char_traits@D@std@@V?$allocator@D@2@@std@@@2@V?$allocator@U?$pair@$$CBV?$basic_string@DU?$char_traits@D@std@@V?$allocator@D@2@@std@@VHNTreeNode@@@std@@@2@$0A@@std@@@std@@SAPAU_Node@?$_Tree_nod@V?$_Tmap_traits@V?$basic_string@DU?$char_traits@D@std@@V?$allocator@D@2@@std@@VHNTreeNode@@U?$less@V?$basic_string@DU?$char_traits@D@std@@V?$allocator@D@2@@std@@@2@V?$allocator@U?$pair@$$CBV?$basic_string@DU?$char_traits@D@std@@V?$allocator@D@2@@std@@VHNTreeNode@@@std@@@2@$0A@@std@@@2@PAU342@@Z 100042f0 f i mainserversocket.obj
 0001:00003340       ?_Min@?$_Tree_val@V?$_Tmap_traits@V?$basic_string@DU?$char_traits@D@std@@V?$allocator@D@2@@std@@VHNTreeNode@@U?$less@V?$basic_string@DU?$char_traits@D@std@@V?$allocator@D@2@@std@@@2@V?$allocator@U?$pair@$$CBV?$basic_string@DU?$char_traits@D@std@@V?$allocator@D@2@@std@@VHNTreeNode@@@std@@@2@$0A@@std@@@std@@SAPAU_Node@?$_Tree_nod@V?$_Tmap_traits@V?$basic_string@DU?$char_traits@D@std@@V?$allocator@D@2@@std@@VHNTreeNode@@U?$less@V?$basic_string@DU?$char_traits@D@std@@V?$allocator@D@2@@std@@@2@V?$allocator@U?$pair@$$CBV?$basic_string@DU?$char_traits@D@std@@V?$allocator@D@2@@std@@VHNTreeNode@@@std@@@2@$0A@@std@@@2@PAU342@@Z 10004340 f i mainserversocket.obj
 0001:00003390       ??0?$_Tree_nod@V?$_Tmap_traits@V?$basic_string@DU?$char_traits@D@std@@V?$allocator@D@2@@std@@VHNTreeNode@@U?$less@V?$basic_string@DU?$char_traits@D@std@@V?$allocator@D@2@@std@@@2@V?$allocator@U?$pair@$$CBV?$basic_string@DU?$char_traits@D@std@@V?$allocator@D@2@@std@@VHNTreeNode@@@std@@@2@$0A@@std@@@std@@QAE@ABU?$less@V?$basic_string@DU?$char_traits@D@std@@V?$allocator@D@2@@std@@@1@V?$allocator@U?$pair@$$CBV?$basic_string@DU?$char_traits@D@std@@V?$allocator@D@2@@std@@VHNTreeNode@@@std@@@1@@Z 10004390 f i mainserversocket.obj
 0001:000033e0       ?allocate@?$allocator@U_Node@?$_Tree_nod@V?$_Tmap_traits@V?$basic_string@DU?$char_traits@D@std@@V?$allocator@D@2@@std@@VHNTreeNode@@U?$less@V?$basic_string@DU?$char_traits@D@std@@V?$allocator@D@2@@std@@@2@V?$allocator@U?$pair@$$CBV?$basic_string@DU?$char_traits@D@std@@V?$allocator@D@2@@std@@VHNTreeNode@@@std@@@2@$0A@@std@@@std@@@std@@QAEPAU_Node@?$_Tree_nod@V?$_Tmap_traits@V?$basic_string@DU?$char_traits@D@std@@V?$allocator@D@2@@std@@VHNTreeNode@@U?$less@V?$basic_string@DU?$char_traits@D@std@@V?$allocator@D@2@@std@@@2@V?$allocator@U?$pair@$$CBV?$basic_string@DU?$char_traits@D@std@@V?$allocator@D@2@@std@@VHNTreeNode@@@std@@@2@$0A@@std@@@2@I@Z 100043e0 f i mainserversocket.obj
 0001:00003410       ??0?$_List_iterator@V?$_List_val@PAVCGameUserInfo@@V?$allocator@PAVCGameUserInfo@@@std@@@std@@@std@@QAE@PAU_Node@?$_List_nod@PAVCGameUserInfo@@V?$allocator@PAVCGameUserInfo@@@std@@@1@PBV?$_List_val@PAVCGameUserInfo@@V?$allocator@PAVCGameUserInfo@@@std@@@1@@Z 10004410 f i GameMainManage.obj
 0001:00003410       ??0?$_List_iterator@V?$_List_val@PAUFILEINFO@@V?$allocator@PAUFILEINFO@@@std@@@std@@@std@@QAE@PAU_Node@?$_List_nod@PAUFILEINFO@@V?$allocator@PAUFILEINFO@@@std@@@1@PBV?$_List_val@PAUFILEINFO@@V?$allocator@PAUFILEINFO@@@std@@@1@@Z 10004410 f i stdafx.obj
 0001:00003410       ??0?$_Tree_iterator@V?$_Tree_val@V?$_Tmap_traits@V?$basic_string@DU?$char_traits@D@std@@V?$allocator@D@2@@std@@VHNTreeNode@@U?$less@V?$basic_string@DU?$char_traits@D@std@@V?$allocator@D@2@@std@@@2@V?$allocator@U?$pair@$$CBV?$basic_string@DU?$char_traits@D@std@@V?$allocator@D@2@@std@@VHNTreeNode@@@std@@@2@$0A@@std@@@std@@@std@@QAE@PAU_Node@?$_Tree_nod@V?$_Tmap_traits@V?$basic_string@DU?$char_traits@D@std@@V?$allocator@D@2@@std@@VHNTreeNode@@U?$less@V?$basic_string@DU?$char_traits@D@std@@V?$allocator@D@2@@std@@@2@V?$allocator@U?$pair@$$CBV?$basic_string@DU?$char_traits@D@std@@V?$allocator@D@2@@std@@VHNTreeNode@@@std@@@2@$0A@@std@@@1@PBV?$_Tree_val@V?$_Tmap_traits@V?$basic_string@DU?$char_traits@D@std@@V?$allocator@D@2@@std@@VHNTreeNode@@U?$less@V?$basic_string@DU?$char_traits@D@std@@V?$allocator@D@2@@std@@@2@V?$allocator@U?$pair@$$CBV?$basic_string@DU?$char_traits@D@std@@V?$allocator@D@2@@std@@VHNTreeNode@@@std@@@2@$0A@@std@@@1@@Z 10004410 f i mainserversocket.obj
 0001:00003440       ??E?$_Tree_const_iterator@V?$_Tree_val@V?$_Tmap_traits@V?$basic_string@DU?$char_traits@D@std@@V?$allocator@D@2@@std@@VHNTreeNode@@U?$less@V?$basic_string@DU?$char_traits@D@std@@V?$allocator@D@2@@std@@@2@V?$allocator@U?$pair@$$CBV?$basic_string@DU?$char_traits@D@std@@V?$allocator@D@2@@std@@VHNTreeNode@@@std@@@2@$0A@@std@@@std@@@std@@QAE?AV01@H@Z 10004440 f i mainserversocket.obj
 0001:00003470       ??9?$_List_const_iterator@V?$_List_val@PAUFILEINFO@@V?$allocator@PAUFILEINFO@@@std@@@std@@@std@@QBE_NABV01@@Z 10004470 f i stdafx.obj
 0001:00003470       ??9?$_List_const_iterator@V?$_List_val@PAVCGameUserInfo@@V?$allocator@PAVCGameUserInfo@@@std@@@std@@@std@@QBE_NABV01@@Z 10004470 f i GameMainManage.obj
 0001:00003470       ??9?$_Tree_const_iterator@V?$_Tree_val@V?$_Tmap_traits@V?$basic_string@DU?$char_traits@D@std@@V?$allocator@D@2@@std@@VHNTreeNode@@U?$less@V?$basic_string@DU?$char_traits@D@std@@V?$allocator@D@2@@std@@@2@V?$allocator@U?$pair@$$CBV?$basic_string@DU?$char_traits@D@std@@V?$allocator@D@2@@std@@VHNTreeNode@@@std@@@2@$0A@@std@@@std@@@std@@QBE_NABV01@@Z 10004470 f i mainserversocket.obj
 0001:000034a0       ?_Erase@?$_Tree@V?$_Tmap_traits@V?$basic_string@DU?$char_traits@D@std@@V?$allocator@D@2@@std@@VHNTreeNode@@U?$less@V?$basic_string@DU?$char_traits@D@std@@V?$allocator@D@2@@std@@@2@V?$allocator@U?$pair@$$CBV?$basic_string@DU?$char_traits@D@std@@V?$allocator@D@2@@std@@VHNTreeNode@@@std@@@2@$0A@@std@@@std@@IAEXPAU_Node@?$_Tree_nod@V?$_Tmap_traits@V?$basic_string@DU?$char_traits@D@std@@V?$allocator@D@2@@std@@VHNTreeNode@@U?$less@V?$basic_string@DU?$char_traits@D@std@@V?$allocator@D@2@@std@@@2@V?$allocator@U?$pair@$$CBV?$basic_string@DU?$char_traits@D@std@@V?$allocator@D@2@@std@@VHNTreeNode@@@std@@@2@$0A@@std@@@2@@Z 100044a0 f i mainserversocket.obj
 0001:00003540       ?_Lrotate@?$_Tree@V?$_Tmap_traits@V?$basic_string@DU?$char_traits@D@std@@V?$allocator@D@2@@std@@VHNTreeNode@@U?$less@V?$basic_string@DU?$char_traits@D@std@@V?$allocator@D@2@@std@@@2@V?$allocator@U?$pair@$$CBV?$basic_string@DU?$char_traits@D@std@@V?$allocator@D@2@@std@@VHNTreeNode@@@std@@@2@$0A@@std@@@std@@IAEXPAU_Node@?$_Tree_nod@V?$_Tmap_traits@V?$basic_string@DU?$char_traits@D@std@@V?$allocator@D@2@@std@@VHNTreeNode@@U?$less@V?$basic_string@DU?$char_traits@D@std@@V?$allocator@D@2@@std@@@2@V?$allocator@U?$pair@$$CBV?$basic_string@DU?$char_traits@D@std@@V?$allocator@D@2@@std@@VHNTreeNode@@@std@@@2@$0A@@std@@@2@@Z 10004540 f i mainserversocket.obj
 0001:00003680       ?_Rrotate@?$_Tree@V?$_Tmap_traits@V?$basic_string@DU?$char_traits@D@std@@V?$allocator@D@2@@std@@VHNTreeNode@@U?$less@V?$basic_string@DU?$char_traits@D@std@@V?$allocator@D@2@@std@@@2@V?$allocator@U?$pair@$$CBV?$basic_string@DU?$char_traits@D@std@@V?$allocator@D@2@@std@@VHNTreeNode@@@std@@@2@$0A@@std@@@std@@IAEXPAU_Node@?$_Tree_nod@V?$_Tmap_traits@V?$basic_string@DU?$char_traits@D@std@@V?$allocator@D@2@@std@@VHNTreeNode@@U?$less@V?$basic_string@DU?$char_traits@D@std@@V?$allocator@D@2@@std@@@2@V?$allocator@U?$pair@$$CBV?$basic_string@DU?$char_traits@D@std@@V?$allocator@D@2@@std@@VHNTreeNode@@@std@@@2@$0A@@std@@@2@@Z 10004680 f i mainserversocket.obj
 0001:000037c0       ?_Myval@?$_Tree_val@V?$_Tmap_traits@V?$basic_string@DU?$char_traits@D@std@@V?$allocator@D@2@@std@@VHNTreeNode@@U?$less@V?$basic_string@DU?$char_traits@D@std@@V?$allocator@D@2@@std@@@2@V?$allocator@U?$pair@$$CBV?$basic_string@DU?$char_traits@D@std@@V?$allocator@D@2@@std@@VHNTreeNode@@@std@@@2@$0A@@std@@@std@@SAAAU?$pair@$$CBV?$basic_string@DU?$char_traits@D@std@@V?$allocator@D@2@@std@@VHNTreeNode@@@2@PAU_Node@?$_Tree_nod@V?$_Tmap_traits@V?$basic_string@DU?$char_traits@D@std@@V?$allocator@D@2@@std@@VHNTreeNode@@U?$less@V?$basic_string@DU?$char_traits@D@std@@V?$allocator@D@2@@std@@@2@V?$allocator@U?$pair@$$CBV?$basic_string@DU?$char_traits@D@std@@V?$allocator@D@2@@std@@VHNTreeNode@@@std@@@2@$0A@@std@@@2@@Z 100047c0 f i mainserversocket.obj
 0001:000037e0       ??0?$_Tree_const_iterator@V?$_Tree_val@V?$_Tmap_traits@V?$basic_string@DU?$char_traits@D@std@@V?$allocator@D@2@@std@@VHNTreeNode@@U?$less@V?$basic_string@DU?$char_traits@D@std@@V?$allocator@D@2@@std@@@2@V?$allocator@U?$pair@$$CBV?$basic_string@DU?$char_traits@D@std@@V?$allocator@D@2@@std@@VHNTreeNode@@@std@@@2@$0A@@std@@@std@@@std@@QAE@PAU_Node@?$_Tree_nod@V?$_Tmap_traits@V?$basic_string@DU?$char_traits@D@std@@V?$allocator@D@2@@std@@VHNTreeNode@@U?$less@V?$basic_string@DU?$char_traits@D@std@@V?$allocator@D@2@@std@@@2@V?$allocator@U?$pair@$$CBV?$basic_string@DU?$char_traits@D@std@@V?$allocator@D@2@@std@@VHNTreeNode@@@std@@@2@$0A@@std@@@1@PBV?$_Tree_val@V?$_Tmap_traits@V?$basic_string@DU?$char_traits@D@std@@V?$allocator@D@2@@std@@VHNTreeNode@@U?$less@V?$basic_string@DU?$char_traits@D@std@@V?$allocator@D@2@@std@@@2@V?$allocator@U?$pair@$$CBV?$basic_string@DU?$char_traits@D@std@@V?$allocator@D@2@@std@@VHNTreeNode@@@std@@@2@$0A@@std@@@1@@Z 100047e0 f i mainserversocket.obj
 0001:000037e0       ??0?$_Vector_iterator@V?$_Vector_val@IV?$allocator@I@std@@@std@@@std@@QAE@PAIPBU_Container_base0@1@@Z 100047e0 f i GameMainManage.obj
 0001:000037e0       ??0?$_List_const_iterator@V?$_List_val@PAVCGameUserInfo@@V?$allocator@PAVCGameUserInfo@@@std@@@std@@@std@@QAE@PAU_Node@?$_List_nod@PAVCGameUserInfo@@V?$allocator@PAVCGameUserInfo@@@std@@@1@PBV?$_List_val@PAVCGameUserInfo@@V?$allocator@PAVCGameUserInfo@@@std@@@1@@Z 100047e0 f i GameMainManage.obj
 0001:000037e0       ??0?$_Vector_iterator@V?$_Vector_val@JV?$allocator@J@std@@@std@@@std@@QAE@PAJPBU_Container_base0@1@@Z 100047e0 f i GameMainManage.obj
 0001:000037e0       ??0?$_List_const_iterator@V?$_List_val@PAUFILEINFO@@V?$allocator@PAUFILEINFO@@@std@@@std@@@std@@QAE@PAU_Node@?$_List_nod@PAUFILEINFO@@V?$allocator@PAUFILEINFO@@@std@@@1@PBV?$_List_val@PAUFILEINFO@@V?$allocator@PAUFILEINFO@@@std@@@1@@Z 100047e0 f i stdafx.obj
 0001:000037e0       ??0?$_Vector_iterator@V?$_Vector_val@UMSG_GR_S_Position_Notice@@V?$allocator@UMSG_GR_S_Position_Notice@@@std@@@std@@@std@@QAE@PAUMSG_GR_S_Position_Notice@@PBU_Container_base0@1@@Z 100047e0 f i GameDesk.obj
 0001:000037e0       ??0?$_Vector_iterator@V?$_Vector_val@HV?$allocator@H@std@@@std@@@std@@QAE@PAHPBU_Container_base0@1@@Z 100047e0 f i GameDesk.obj
 0001:000037e0       ??0?$_Vector_iterator@V?$_Vector_val@PAVCGameUserInfo@@V?$allocator@PAVCGameUserInfo@@@std@@@std@@@std@@QAE@PAPAVCGameUserInfo@@PBU_Container_base0@1@@Z 100047e0 f i GameMainManage.obj
 0001:000037e0       ??0?$_Vector_iterator@V?$_Vector_val@UMSG_GM_S_ReturnGameInfo@@V?$allocator@UMSG_GM_S_ReturnGameInfo@@@std@@@std@@@std@@QAE@PAUMSG_GM_S_ReturnGameInfo@@PBU_Container_base0@1@@Z 100047e0 f i GameDesk.obj
 0001:000037e0       ??0?$_Vector_iterator@V?$_Vector_val@UQueueInfo_t@@V?$allocator@UQueueInfo_t@@@std@@@std@@@std@@QAE@PAUQueueInfo_t@@PBU_Container_base0@1@@Z 100047e0 f i AutoAllotDesk.obj
 0001:00003810       ??E?$_Tree_const_iterator@V?$_Tree_val@V?$_Tmap_traits@V?$basic_string@DU?$char_traits@D@std@@V?$allocator@D@2@@std@@VHNTreeNode@@U?$less@V?$basic_string@DU?$char_traits@D@std@@V?$allocator@D@2@@std@@@2@V?$allocator@U?$pair@$$CBV?$basic_string@DU?$char_traits@D@std@@V?$allocator@D@2@@std@@VHNTreeNode@@@std@@@2@$0A@@std@@@std@@@std@@QAEAAV01@XZ 10004810 f i mainserversocket.obj
 0001:00003830       ??0?$_Vector_const_iterator@V?$_Vector_val@JV?$allocator@J@std@@@std@@@std@@QAE@PAJPBU_Container_base0@1@@Z 10004830 f i GameMainManage.obj
 0001:00003830       ??0?$_List_unchecked_const_iterator@V?$_List_val@PAUFILEINFO@@V?$allocator@PAUFILEINFO@@@std@@@std@@U_Iterator_base0@2@@std@@QAE@PAU_Node@?$_List_nod@PAUFILEINFO@@V?$allocator@PAUFILEINFO@@@std@@@1@PBV?$_List_val@PAUFILEINFO@@V?$allocator@PAUFILEINFO@@@std@@@1@@Z 10004830 f i stdafx.obj
 0001:00003830       ??0?$_List_unchecked_const_iterator@V?$_List_val@PAVCGameUserInfo@@V?$allocator@PAVCGameUserInfo@@@std@@@std@@U_Iterator_base0@2@@std@@QAE@PAU_Node@?$_List_nod@PAVCGameUserInfo@@V?$allocator@PAVCGameUserInfo@@@std@@@1@PBV?$_List_val@PAVCGameUserInfo@@V?$allocator@PAVCGameUserInfo@@@std@@@1@@Z 10004830 f i GameMainManage.obj
 0001:00003830       ??0?$_Vector_const_iterator@V?$_Vector_val@UMSG_GM_S_ReturnGameInfo@@V?$allocator@UMSG_GM_S_ReturnGameInfo@@@std@@@std@@@std@@QAE@PAUMSG_GM_S_ReturnGameInfo@@PBU_Container_base0@1@@Z 10004830 f i GameDesk.obj
 0001:00003830       ??0?$_Tree_unchecked_const_iterator@V?$_Tree_val@V?$_Tmap_traits@V?$basic_string@DU?$char_traits@D@std@@V?$allocator@D@2@@std@@VHNTreeNode@@U?$less@V?$basic_string@DU?$char_traits@D@std@@V?$allocator@D@2@@std@@@2@V?$allocator@U?$pair@$$CBV?$basic_string@DU?$char_traits@D@std@@V?$allocator@D@2@@std@@VHNTreeNode@@@std@@@2@$0A@@std@@@std@@U_Iterator_base0@2@@std@@QAE@PAU_Node@?$_Tree_nod@V?$_Tmap_traits@V?$basic_string@DU?$char_traits@D@std@@V?$allocator@D@2@@std@@VHNTreeNode@@U?$less@V?$basic_string@DU?$char_traits@D@std@@V?$allocator@D@2@@std@@@2@V?$allocator@U?$pair@$$CBV?$basic_string@DU?$char_traits@D@std@@V?$allocator@D@2@@std@@VHNTreeNode@@@std@@@2@$0A@@std@@@1@PBV?$_Tree_val@V?$_Tmap_traits@V?$basic_string@DU?$char_traits@D@std@@V?$allocator@D@2@@std@@VHNTreeNode@@U?$less@V?$basic_string@DU?$char_traits@D@std@@V?$allocator@D@2@@std@@@2@V?$allocator@U?$pair@$$CBV?$basic_string@DU?$char_traits@D@std@@V?$allocator@D@2@@std@@VHNTreeNode@@@std@@@2@$0A@@std@@@1@@Z 10004830 f i mainserversocket.obj
 0001:00003830       ??0?$_Vector_const_iterator@V?$_Vector_val@HV?$allocator@H@std@@@std@@@std@@QAE@PAHPBU_Container_base0@1@@Z 10004830 f i GameDesk.obj
 0001:00003830       ??0?$_Vector_const_iterator@V?$_Vector_val@UMSG_GR_S_Position_Notice@@V?$allocator@UMSG_GR_S_Position_Notice@@@std@@@std@@@std@@QAE@PAUMSG_GR_S_Position_Notice@@PBU_Container_base0@1@@Z 10004830 f i GameDesk.obj
 0001:00003830       ??0?$_Vector_const_iterator@V?$_Vector_val@PAVCGameUserInfo@@V?$allocator@PAVCGameUserInfo@@@std@@@std@@@std@@QAE@PAPAVCGameUserInfo@@PBU_Container_base0@1@@Z 10004830 f i GameMainManage.obj
 0001:00003830       ??0?$_Vector_const_iterator@V?$_Vector_val@UQueueInfo_t@@V?$allocator@UQueueInfo_t@@@std@@@std@@@std@@QAE@PAUQueueInfo_t@@PBU_Container_base0@1@@Z 10004830 f i AutoAllotDesk.obj
 0001:00003830       ??0?$_Vector_const_iterator@V?$_Vector_val@IV?$allocator@I@std@@@std@@@std@@QAE@PAIPBU_Container_base0@1@@Z 10004830 f i GameMainManage.obj
 0001:00003860       ??E?$_Tree_unchecked_const_iterator@V?$_Tree_val@V?$_Tmap_traits@V?$basic_string@DU?$char_traits@D@std@@V?$allocator@D@2@@std@@VHNTreeNode@@U?$less@V?$basic_string@DU?$char_traits@D@std@@V?$allocator@D@2@@std@@@2@V?$allocator@U?$pair@$$CBV?$basic_string@DU?$char_traits@D@std@@V?$allocator@D@2@@std@@VHNTreeNode@@@std@@@2@$0A@@std@@@std@@U_Iterator_base0@2@@std@@QAEAAV01@XZ 10004860 f i mainserversocket.obj
 0001:00003920       ??$_Dest_val@V?$allocator@U?$pair@$$CBV?$basic_string@DU?$char_traits@D@std@@V?$allocator@D@2@@std@@VHNTreeNode@@@std@@@std@@U?$pair@$$CBV?$basic_string@DU?$char_traits@D@std@@V?$allocator@D@2@@std@@VHNTreeNode@@@2@@std@@YAXAAV?$allocator@U?$pair@$$CBV?$basic_string@DU?$char_traits@D@std@@V?$allocator@D@2@@std@@VHNTreeNode@@@std@@@0@PAU?$pair@$$CBV?$basic_string@DU?$char_traits@D@std@@V?$allocator@D@2@@std@@VHNTreeNode@@@0@@Z 10004920 f i mainserversocket.obj
 0001:00003940       ??$_Buynode@AAU?$pair@$$CBV?$basic_string@DU?$char_traits@D@std@@V?$allocator@D@2@@std@@VHNTreeNode@@@std@@@?$_Tree_val@V?$_Tmap_traits@V?$basic_string@DU?$char_traits@D@std@@V?$allocator@D@2@@std@@VHNTreeNode@@U?$less@V?$basic_string@DU?$char_traits@D@std@@V?$allocator@D@2@@std@@@2@V?$allocator@U?$pair@$$CBV?$basic_string@DU?$char_traits@D@std@@V?$allocator@D@2@@std@@VHNTreeNode@@@std@@@2@$0A@@std@@@std@@QAEPAU_Node@?$_Tree_nod@V?$_Tmap_traits@V?$basic_string@DU?$char_traits@D@std@@V?$allocator@D@2@@std@@VHNTreeNode@@U?$less@V?$basic_string@DU?$char_traits@D@std@@V?$allocator@D@2@@std@@@2@V?$allocator@U?$pair@$$CBV?$basic_string@DU?$char_traits@D@std@@V?$allocator@D@2@@std@@VHNTreeNode@@@std@@@2@$0A@@std@@@1@AAU?$pair@$$CBV?$basic_string@DU?$char_traits@D@std@@V?$allocator@D@2@@std@@VHNTreeNode@@@1@@Z 10004940 f i mainserversocket.obj
 0001:00003a10       ??$_Allocate@U_Node@?$_Tree_nod@V?$_Tmap_traits@V?$basic_string@DU?$char_traits@D@std@@V?$allocator@D@2@@std@@VHNTreeNode@@U?$less@V?$basic_string@DU?$char_traits@D@std@@V?$allocator@D@2@@std@@@2@V?$allocator@U?$pair@$$CBV?$basic_string@DU?$char_traits@D@std@@V?$allocator@D@2@@std@@VHNTreeNode@@@std@@@2@$0A@@std@@@std@@@std@@YAPAU_Node@?$_Tree_nod@V?$_Tmap_traits@V?$basic_string@DU?$char_traits@D@std@@V?$allocator@D@2@@std@@VHNTreeNode@@U?$less@V?$basic_string@DU?$char_traits@D@std@@V?$allocator@D@2@@std@@@2@V?$allocator@U?$pair@$$CBV?$basic_string@DU?$char_traits@D@std@@V?$allocator@D@2@@std@@VHNTreeNode@@@std@@@2@$0A@@std@@@0@IPAU120@@Z 10004a10 f i mainserversocket.obj
 0001:00003a80       ?_Buynode@?$_Tree_val@V?$_Tmap_traits@V?$basic_string@DU?$char_traits@D@std@@V?$allocator@D@2@@std@@VHNTreeNode@@U?$less@V?$basic_string@DU?$char_traits@D@std@@V?$allocator@D@2@@std@@@2@V?$allocator@U?$pair@$$CBV?$basic_string@DU?$char_traits@D@std@@V?$allocator@D@2@@std@@VHNTreeNode@@@std@@@2@$0A@@std@@@std@@QAEPAU_Node@?$_Tree_nod@V?$_Tmap_traits@V?$basic_string@DU?$char_traits@D@std@@V?$allocator@D@2@@std@@VHNTreeNode@@U?$less@V?$basic_string@DU?$char_traits@D@std@@V?$allocator@D@2@@std@@@2@V?$allocator@U?$pair@$$CBV?$basic_string@DU?$char_traits@D@std@@V?$allocator@D@2@@std@@VHNTreeNode@@@std@@@2@$0A@@std@@@2@XZ 10004a80 f i mainserversocket.obj
 0001:00003b00       ?destroy@?$allocator@U?$pair@$$CBV?$basic_string@DU?$char_traits@D@std@@V?$allocator@D@2@@std@@VHNTreeNode@@@std@@@std@@QAEXPAU?$pair@$$CBV?$basic_string@DU?$char_traits@D@std@@V?$allocator@D@2@@std@@VHNTreeNode@@@2@@Z 10004b00 f i mainserversocket.obj
 0001:00003b30       ??$_Cons_val@V?$allocator@U?$pair@$$CBV?$basic_string@DU?$char_traits@D@std@@V?$allocator@D@2@@std@@VHNTreeNode@@@std@@@std@@U?$pair@$$CBV?$basic_string@DU?$char_traits@D@std@@V?$allocator@D@2@@std@@VHNTreeNode@@@2@AAU32@@std@@YAXAAV?$allocator@U?$pair@$$CBV?$basic_string@DU?$char_traits@D@std@@V?$allocator@D@2@@std@@VHNTreeNode@@@std@@@0@PAU?$pair@$$CBV?$basic_string@DU?$char_traits@D@std@@V?$allocator@D@2@@std@@VHNTreeNode@@@0@AAU20@@Z 10004b30 f i mainserversocket.obj
 0001:00003b60       ??$_Destroy@U?$pair@$$CBV?$basic_string@DU?$char_traits@D@std@@V?$allocator@D@2@@std@@VHNTreeNode@@@std@@@std@@YAXPAU?$pair@$$CBV?$basic_string@DU?$char_traits@D@std@@V?$allocator@D@2@@std@@VHNTreeNode@@@0@@Z 10004b60 f i mainserversocket.obj
 0001:00003b80       ??_G?$pair@$$CBV?$basic_string@DU?$char_traits@D@std@@V?$allocator@D@2@@std@@VHNTreeNode@@@std@@QAEPAXI@Z 10004b80 f i mainserversocket.obj
 0001:00003bc0       ??1?$pair@$$CBV?$basic_string@DU?$char_traits@D@std@@V?$allocator@D@2@@std@@VHNTreeNode@@@std@@QAE@XZ 10004bc0 f i mainserversocket.obj
 0001:00003be0       ??1?$_Pair_base@$$CBV?$basic_string@DU?$char_traits@D@std@@V?$allocator@D@2@@std@@VHNTreeNode@@@std@@QAE@XZ 10004be0 f i mainserversocket.obj
 0001:00003c40       ??$construct@AAU?$pair@$$CBV?$basic_string@DU?$char_traits@D@std@@V?$allocator@D@2@@std@@VHNTreeNode@@@std@@@?$allocator@U?$pair@$$CBV?$basic_string@DU?$char_traits@D@std@@V?$allocator@D@2@@std@@VHNTreeNode@@@std@@@std@@QAEXPAU?$pair@$$CBV?$basic_string@DU?$char_traits@D@std@@V?$allocator@D@2@@std@@VHNTreeNode@@@1@AAU21@@Z 10004c40 f i mainserversocket.obj
 0001:00003cd0       ??2@YAPAXIPAX@Z            10004cd0 f i mainserversocket.obj
 0001:00003cf0       ??$?0$$CBV?$basic_string@DU?$char_traits@D@std@@V?$allocator@D@2@@std@@VHNTreeNode@@@?$pair@$$CBV?$basic_string@DU?$char_traits@D@std@@V?$allocator@D@2@@std@@VHNTreeNode@@@std@@QAE@AAU01@@Z 10004cf0 f i mainserversocket.obj
 0001:00003d20       ??$?0ABV?$basic_string@DU?$char_traits@D@std@@V?$allocator@D@2@@std@@AAVHNTreeNode@@@?$_Pair_base@$$CBV?$basic_string@DU?$char_traits@D@std@@V?$allocator@D@2@@std@@VHNTreeNode@@@std@@QAE@ABV?$basic_string@DU?$char_traits@D@std@@V?$allocator@D@2@@1@AAVHNTreeNode@@@Z 10004d20 f i mainserversocket.obj
 0001:00003da0       ??0bad_alloc@std@@QAE@PBD@Z 10004da0 f i mainserversocket.obj
 0001:00003dd0       ??1bad_alloc@std@@UAE@XZ   10004dd0 f i mainserversocket.obj
 0001:00003e00       ??_Gbad_alloc@std@@UAEPAXI@Z 10004e00 f i mainserversocket.obj
 0001:00003e00       ??_Ebad_alloc@std@@UAEPAXI@Z 10004e00 f i mainserversocket.obj
 0001:00003e40       ?GetAppPath@CINIFile@@SA?AV?$CStringT@DV?$StrTraitMFC_DLL@DV?$ChTraitsCRT@D@ATL@@@@@ATL@@_N@Z 10004e40 f i mainserversocket.obj
 0001:00004180       ?AfxGetInstanceHandle@@YGPAUHINSTANCE__@@XZ 10005180 f i mainserversocket.obj
 0001:000041a0       ?GetKeyVal@CINIFile@@QAE?AV?$CStringT@DV?$StrTraitMFC_DLL@DV?$ChTraitsCRT@D@ATL@@@@@ATL@@V23@0PBD@Z 100051a0 f i mainserversocket.obj
 0001:000042c0       ??0CINIFile@@QAE@V?$CStringT@DV?$StrTraitMFC_DLL@DV?$ChTraitsCRT@D@ATL@@@@@ATL@@H@Z 100052c0 f i mainserversocket.obj
 0001:00004340       ??1CINIFile@@QAE@XZ        10005340 f i mainserversocket.obj
 0001:00004360       ??0?$basic_string@DU?$char_traits@D@std@@V?$allocator@D@2@@std@@QAE@ABV01@@Z 10005360 f i mainserversocket.obj
 0001:000043f0       ??1?$basic_string@DU?$char_traits@D@std@@V?$allocator@D@2@@std@@QAE@XZ 100053f0 f i mainserversocket.obj
 0001:00004450       ??4?$basic_string@DU?$char_traits@D@std@@V?$allocator@D@2@@std@@QAEAAV01@ABV01@@Z 10005450 f i mainserversocket.obj
 0001:00004480       ?assign@?$basic_string@DU?$char_traits@D@std@@V?$allocator@D@2@@std@@QAEAAV12@ABV12@@Z 10005480 f i mainserversocket.obj
 0001:000044b0       ?assign@?$basic_string@DU?$char_traits@D@std@@V?$allocator@D@2@@std@@QAEAAV12@ABV12@II@Z 100054b0 f i mainserversocket.obj
 0001:00004570       ?copy@?$char_traits@D@std@@SAPADPADPBDI@Z 10005570 f i mainserversocket.obj
 0001:000045a0       ?size@?$basic_string@DU?$char_traits@D@std@@V?$allocator@D@2@@std@@QBEIXZ 100055a0 f i mainserversocket.obj
 0001:000045c0       ?_Tidy@?$basic_string@DU?$char_traits@D@std@@V?$allocator@D@2@@std@@QAEX_NI@Z 100055c0 f i mainserversocket.obj
 0001:00004640       ?_Myptr@?$basic_string@DU?$char_traits@D@std@@V?$allocator@D@2@@std@@QBEPBDXZ 10005640 f i mainserversocket.obj
 0001:00004640       ?_Myptr@?$basic_string@DU?$char_traits@D@std@@V?$allocator@D@2@@std@@QAEPADXZ 10005640 f i mainserversocket.obj
 0001:00004670       ??0?$_String_val@DV?$allocator@D@std@@@std@@QAE@V?$allocator@D@1@@Z 10005670 f i mainserversocket.obj
 0001:000046a0       ??1CBankService@@QAE@XZ    100056a0 f i BankService.obj
 0001:000046a0       ??1CHandleMSMessage@@QAE@XZ 100056a0 f i HNHandleMSMessage.obj
 0001:000046a0       ??1?$_Vector_val@PAVCGameUserInfo@@V?$allocator@PAVCGameUserInfo@@@std@@@std@@QAE@XZ 100056a0 f i GameMainManage.obj
 0001:000046a0       ?ReleaseRoomBefore@CGameDesk@@UAEXXZ 100056a0 f i mainserversocket.obj
 0001:000046a0       ??1CPropService@@QAE@XZ    100056a0 f i PropService.obj
 0001:000046a0       ??1?$_Vector_val@IV?$allocator@I@std@@@std@@QAE@XZ 100056a0 f i GameMainManage.obj
 0001:000046a0       ?PresentCoin@CGameDesk@@QAEXXZ 100056a0 f i GameDesk.obj
 0001:000046a0       ??1?$_Vector_val@UMSG_GM_S_ReturnGameInfo@@V?$allocator@UMSG_GM_S_ReturnGameInfo@@@std@@@std@@QAE@XZ 100056a0 f i GameDesk.obj
 0001:000046a0       ??1?$_Vector_val@UQueueInfo_t@@V?$allocator@UQueueInfo_t@@@std@@@std@@QAE@XZ 100056a0 f i AutoAllotDesk.obj
 0001:000046a0       ??1?$_Vector_val@HV?$allocator@H@std@@@std@@QAE@XZ 100056a0 f i GameDesk.obj
 0001:000046a0       ??1?$_String_val@DV?$allocator@D@std@@@std@@QAE@XZ 100056a0 f i mainserversocket.obj
 0001:000046a0       ??1CGameUserInfo@@QAE@XZ   100056a0 f i UserInfo.obj
 0001:000046a0       ?AssertValid@CObject@@UBEXXZ 100056a0 f i GameMainManage.obj
 0001:000046a0       ??1CObject@@UAE@XZ         100056a0 f i GameMainManage.obj
 0001:000046a0       ??1?$_Vector_val@JV?$allocator@J@std@@@std@@QAE@XZ 100056a0 f i GameMainManage.obj
 0001:000046a0       ?CanGetDeskInfo@CGameDesk@@QAEXXZ 100056a0 f i mainserversocket.obj
 0001:000046a0       ?SetGameSN@CGameDesk@@UAEXXZ 100056a0 f i mainserversocket.obj
 0001:000046a0       ??1?$_Vector_val@UMSG_GR_S_Position_Notice@@V?$allocator@UMSG_GR_S_Position_Notice@@@std@@@std@@QAE@XZ 100056a0 f i GameDesk.obj
 0001:000046c0       ?erase@?$basic_string@DU?$char_traits@D@std@@V?$allocator@D@2@@std@@QAEAAV12@II@Z 100056c0 f i mainserversocket.obj
 0001:00004760       ?move@?$char_traits@D@std@@SAPADPADPBDI@Z 10005760 f i mainserversocket.obj
 0001:00004790       ?_Eos@?$basic_string@DU?$char_traits@D@std@@V?$allocator@D@2@@std@@QAEXI@Z 10005790 f i mainserversocket.obj
 0001:000047d0       ?assign@?$char_traits@D@std@@SAXAADABD@Z 100057d0 f i mainserversocket.obj
 0001:000047f0       ?_Grow@?$basic_string@DU?$char_traits@D@std@@V?$allocator@D@2@@std@@QAE_NI_N@Z 100057f0 f i mainserversocket.obj
 0001:00004890       ?_Xran@?$basic_string@DU?$char_traits@D@std@@V?$allocator@D@2@@std@@QBEXXZ 10005890 f i mainserversocket.obj
 0001:000048b0       ?max_size@?$basic_string@DU?$char_traits@D@std@@V?$allocator@D@2@@std@@QBEIXZ 100058b0 f i mainserversocket.obj
 0001:000048f0       ?_Copy@?$basic_string@DU?$char_traits@D@std@@V?$allocator@D@2@@std@@QAEXII@Z 100058f0 f i mainserversocket.obj
 0001:00004a80       ?_Xlen@?$basic_string@DU?$char_traits@D@std@@V?$allocator@D@2@@std@@QBEXXZ 10005a80 f i mainserversocket.obj
 0001:00004aa0       ?allocate@?$allocator@D@std@@QAEPADI@Z 10005aa0 f i mainserversocket.obj
 0001:00004ad0       ?max_size@?$allocator@D@std@@QBEIXZ 10005ad0 f i mainserversocket.obj
 0001:00004b10       ??$swap@D@std@@YAXAAD0@Z   10005b10 f i mainserversocket.obj
 0001:00004b60       ??$_Allocate@D@std@@YAPADIPAD@Z 10005b60 f i mainserversocket.obj
 0001:00004bc0       ??0bad_alloc@std@@QAE@ABV01@@Z 10005bc0 f i mainserversocket.obj
 0001:00004bf0       ?ContestPrintf@@YAXPBDZZ   10005bf0 f   AutoAllotDesk.obj
 0001:00004d20       ?ConvertIP2@@YAPADK@Z      10005d20 f   AutoAllotDesk.obj
 0001:00004d90       ?UserInfoCmp@@YAHABUQueueInfo_t@@0@Z 10005d90 f   AutoAllotDesk.obj
 0001:00004f40       ?DestroyAutoAllotDesk@@YAXAAPAUIAutoAllotDesk@@@Z 10005f40 f   AutoAllotDesk.obj
 0001:00004f70       ??0CAutoAllotDesk@@QAE@HHHH@Z 10005f70 f   AutoAllotDesk.obj
 0001:00005220       ??0IAutoAllotDesk@@QAE@XZ  10006220 f i AutoAllotDesk.obj
 0001:00005240       ?Add@CAutoAllotDesk@@UAEXPAVCGameUserInfo@@@Z 10006240 f   AutoAllotDesk.obj
 0001:00005400       ??0QueueInfo_t@@QAE@XZ     10006400 f i AutoAllotDesk.obj
 0001:00005460       ?Delete@CAutoAllotDesk@@UAEXPAVCGameUserInfo@@@Z 10006460 f   AutoAllotDesk.obj
 0001:00005620       ?DeleteAll@CAutoAllotDesk@@UAEXXZ 10006620 f   AutoAllotDesk.obj
 0001:00005680       ?ReQueue@CAutoAllotDesk@@UAEXPAVCGameUserInfo@@@Z 10006680 f   AutoAllotDesk.obj
 0001:00005740       ?AllotDesk@CAutoAllotDesk@@UAEXAAHAAPAH_N@Z 10006740 f   AutoAllotDesk.obj
 0001:00005d30       ?CanSit@CAutoAllotDesk@@UAE_NABUQueueInfo_t@@_N@Z 10006d30 f   AutoAllotDesk.obj
 0001:00005f40       ?CanSit@CAutoAllotDesk@@UAE_NHHH@Z 10006f40 f   AutoAllotDesk.obj
 0001:00005fe0       ?CanRobotAutoSit@CAutoAllotDesk@@UAE_NHHH@Z 10006fe0 f   AutoAllotDesk.obj
 0001:000060c0       ?Sort@CAutoAllotDesk@@UAEXXZ 100070c0 f   AutoAllotDesk.obj
 0001:00006110       ?GetQueueUserList@CAutoAllotDesk@@UAEXPAUMSG_GM_QueueUserList@@H@Z 10007110 f   AutoAllotDesk.obj
 0001:00006190       ?GetQueueUserCount@CAutoAllotDesk@@UAEIXZ 10007190 f   AutoAllotDesk.obj
 0001:00006210       ?Find@CAutoAllotDesk@@UAE_NH@Z 10007210 f   AutoAllotDesk.obj
 0001:00006280       ?IsAllUserStand@CAutoAllotDesk@@UAE_NXZ 10007280 f   AutoAllotDesk.obj
 0001:00006300       ?SetMinQueuePeople@CAutoAllotDesk@@UAEXH@Z 10007300 f   AutoAllotDesk.obj
 0001:00006320       ?SetUserEnterTime@CAutoAllotDesk@@UAEXH_J@Z 10007320 f   AutoAllotDesk.obj
 0001:000063a0       ??1?$vector@UQueueInfo_t@@V?$allocator@UQueueInfo_t@@@std@@@std@@QAE@XZ 100073a0 f i AutoAllotDesk.obj
 0001:00006400       ?reserve@?$vector@UQueueInfo_t@@V?$allocator@UQueueInfo_t@@@std@@@std@@QAEXI@Z 10007400 f i AutoAllotDesk.obj
 0001:00006550       ?size@?$vector@UQueueInfo_t@@V?$allocator@UQueueInfo_t@@@std@@@std@@QBEIXZ 10007550 f i AutoAllotDesk.obj
 0001:00006580       ??A?$vector@UQueueInfo_t@@V?$allocator@UQueueInfo_t@@@std@@@std@@QAEAAUQueueInfo_t@@I@Z 10007580 f i AutoAllotDesk.obj
 0001:000065a0       ?push_back@?$vector@UQueueInfo_t@@V?$allocator@UQueueInfo_t@@@std@@@std@@QAEXABUQueueInfo_t@@@Z 100075a0 f i AutoAllotDesk.obj
 0001:000066a0       ?erase@?$vector@UQueueInfo_t@@V?$allocator@UQueueInfo_t@@@std@@@std@@QAE?AV?$_Vector_iterator@V?$_Vector_val@UQueueInfo_t@@V?$allocator@UQueueInfo_t@@@std@@@std@@@2@V?$_Vector_const_iterator@V?$_Vector_val@UQueueInfo_t@@V?$allocator@UQueueInfo_t@@@std@@@std@@@2@@Z 100076a0 f i AutoAllotDesk.obj
 0001:00006710       ?erase@?$vector@UQueueInfo_t@@V?$allocator@UQueueInfo_t@@@std@@@std@@QAE?AV?$_Vector_iterator@V?$_Vector_val@UQueueInfo_t@@V?$allocator@UQueueInfo_t@@@std@@@std@@@2@V?$_Vector_const_iterator@V?$_Vector_val@UQueueInfo_t@@V?$allocator@UQueueInfo_t@@@std@@@std@@@2@0@Z 10007710 f i AutoAllotDesk.obj
 0001:000067a0       ?clear@?$vector@UQueueInfo_t@@V?$allocator@UQueueInfo_t@@@std@@@std@@QAEXXZ 100077a0 f i AutoAllotDesk.obj
 0001:000067f0       ??E?$_Vector_iterator@V?$_Vector_val@UQueueInfo_t@@V?$allocator@UQueueInfo_t@@@std@@@std@@@std@@QAE?AV01@H@Z 100077f0 f i AutoAllotDesk.obj
 0001:00006820       ?capacity@?$vector@UQueueInfo_t@@V?$allocator@UQueueInfo_t@@@std@@@std@@QBEIXZ 10007820 f i AutoAllotDesk.obj
 0001:00006850       ?max_size@?$vector@UQueueInfo_t@@V?$allocator@UQueueInfo_t@@@std@@@std@@QBEIXZ 10007850 f i AutoAllotDesk.obj
 0001:00006870       ?_Destroy@?$vector@UQueueInfo_t@@V?$allocator@UQueueInfo_t@@@std@@@std@@IAEXPAUQueueInfo_t@@0@Z 10007870 f i AutoAllotDesk.obj
 0001:000068a0       ?_Reserve@?$vector@UQueueInfo_t@@V?$allocator@UQueueInfo_t@@@std@@@std@@IAEXI@Z 100078a0 f i AutoAllotDesk.obj
 0001:00006910       ?_Tidy@?$vector@UQueueInfo_t@@V?$allocator@UQueueInfo_t@@@std@@@std@@IAEXXZ 10007910 f i AutoAllotDesk.obj
 0001:00006990       ??0?$_Vector_val@HV?$allocator@H@std@@@std@@QAE@V?$allocator@H@1@@Z 10007990 f i GameDesk.obj
 0001:00006990       ??0?$_Vector_val@UQueueInfo_t@@V?$allocator@UQueueInfo_t@@@std@@@std@@QAE@V?$allocator@UQueueInfo_t@@@1@@Z 10007990 f i AutoAllotDesk.obj
 0001:00006990       ??0?$_Vector_val@IV?$allocator@I@std@@@std@@QAE@V?$allocator@I@1@@Z 10007990 f i GameMainManage.obj
 0001:00006990       ??0?$_Vector_val@JV?$allocator@J@std@@@std@@QAE@V?$allocator@J@1@@Z 10007990 f i GameMainManage.obj
 0001:00006990       ??0?$_Vector_val@PAVCGameUserInfo@@V?$allocator@PAVCGameUserInfo@@@std@@@std@@QAE@V?$allocator@PAVCGameUserInfo@@@1@@Z 10007990 f i GameMainManage.obj
 0001:00006990       ??0?$_Vector_val@UMSG_GR_S_Position_Notice@@V?$allocator@UMSG_GR_S_Position_Notice@@@std@@@std@@QAE@V?$allocator@UMSG_GR_S_Position_Notice@@@1@@Z 10007990 f i GameDesk.obj
 0001:00006990       ??0?$_Vector_val@UMSG_GM_S_ReturnGameInfo@@V?$allocator@UMSG_GM_S_ReturnGameInfo@@@std@@@std@@QAE@V?$allocator@UMSG_GM_S_ReturnGameInfo@@@1@@Z 10007990 f i GameDesk.obj
 0001:000069e0       ?allocate@?$allocator@UQueueInfo_t@@@std@@QAEPAUQueueInfo_t@@I@Z 100079e0 f i AutoAllotDesk.obj
 0001:00006a10       ??E?$_Vector_iterator@V?$_Vector_val@UQueueInfo_t@@V?$allocator@UQueueInfo_t@@@std@@@std@@@std@@QAEAAV01@XZ 10007a10 f i AutoAllotDesk.obj
 0001:00006a30       ?_Grow_to@?$vector@UQueueInfo_t@@V?$allocator@UQueueInfo_t@@@std@@@std@@IBEII@Z 10007a30 f i AutoAllotDesk.obj
 0001:00006a90       ??0?$allocator@PAVCGameUserInfo@@@std@@QAE@ABV01@@Z 10007a90 f i GameMainManage.obj
 0001:00006a90       ??4IDataBaseHandleService@@QAEAAU0@ABU0@@Z 10007a90 f i mainserversocket.obj
 0001:00006a90       ??0?$allocator@H@std@@QAE@ABV01@@Z 10007a90 f i GameDesk.obj
 0001:00006a90       ??$?0PAVCGameUserInfo@@@?$allocator@U_Node@?$_List_nod@PAVCGameUserInfo@@V?$allocator@PAVCGameUserInfo@@@std@@@std@@@std@@QAE@ABV?$allocator@PAVCGameUserInfo@@@1@@Z 10007a90 f i GameMainManage.obj
 0001:00006a90       ??0?$allocator@I@std@@QAE@ABV01@@Z 10007a90 f i GameMainManage.obj
 0001:00006a90       ??0?$allocator@UMSG_GM_S_ReturnGameInfo@@@std@@QAE@ABV01@@Z 10007a90 f i GameDesk.obj
 0001:00006a90       ??0?$allocator@J@std@@QAE@ABV01@@Z 10007a90 f i GameMainManage.obj
 0001:00006a90       ??$?0U?$pair@$$CBV?$basic_string@DU?$char_traits@D@std@@V?$allocator@D@2@@std@@VHNTreeNode@@@std@@@?$allocator@U_Node@?$_Tree_nod@V?$_Tmap_traits@V?$basic_string@DU?$char_traits@D@std@@V?$allocator@D@2@@std@@VHNTreeNode@@U?$less@V?$basic_string@DU?$char_traits@D@std@@V?$allocator@D@2@@std@@@2@V?$allocator@U?$pair@$$CBV?$basic_string@DU?$char_traits@D@std@@V?$allocator@D@2@@std@@VHNTreeNode@@@std@@@2@$0A@@std@@@std@@@std@@QAE@ABV?$allocator@U?$pair@$$CBV?$basic_string@DU?$char_traits@D@std@@V?$allocator@D@2@@std@@VHNTreeNode@@@std@@@1@@Z 10007a90 f i mainserversocket.obj
 0001:00006a90       ??0?$allocator@D@std@@QAE@ABV01@@Z 10007a90 f i mainserversocket.obj
 0001:00006a90       ??0?$allocator@UMSG_GR_S_Position_Notice@@@std@@QAE@ABV01@@Z 10007a90 f i GameDesk.obj
 0001:00006a90       ??0?$_Tmap_traits@V?$basic_string@DU?$char_traits@D@std@@V?$allocator@D@2@@std@@VHNTreeNode@@U?$less@V?$basic_string@DU?$char_traits@D@std@@V?$allocator@D@2@@std@@@2@V?$allocator@U?$pair@$$CBV?$basic_string@DU?$char_traits@D@std@@V?$allocator@D@2@@std@@VHNTreeNode@@@std@@@2@$0A@@std@@QAE@U?$less@V?$basic_string@DU?$char_traits@D@std@@V?$allocator@D@2@@std@@@1@@Z 10007a90 f i mainserversocket.obj
 0001:00006a90       ??0?$allocator@U?$pair@$$CBV?$basic_string@DU?$char_traits@D@std@@V?$allocator@D@2@@std@@VHNTreeNode@@@std@@@std@@QAE@ABV01@@Z 10007a90 f i mainserversocket.obj
 0001:00006a90       ??$?0PAUFILEINFO@@@?$allocator@U_Node@?$_List_nod@PAUFILEINFO@@V?$allocator@PAUFILEINFO@@@std@@@std@@@std@@QAE@ABV?$allocator@PAUFILEINFO@@@1@@Z 10007a90 f i stdafx.obj
 0001:00006a90       ??0?$allocator@PAUFILEINFO@@@std@@QAE@ABV01@@Z 10007a90 f i stdafx.obj
 0001:00006a90       ??0?$allocator@UQueueInfo_t@@@std@@QAE@ABV01@@Z 10007a90 f i AutoAllotDesk.obj
 0001:00006a90       ??4CGameManage@@QAEAAV0@ABV0@@Z 10007a90 f i GameManage.obj
 0001:00006ab0       ?max_size@?$allocator@UQueueInfo_t@@@std@@QBEIXZ 10007ab0 f i AutoAllotDesk.obj
 0001:00006af0       ??E?$_Vector_const_iterator@V?$_Vector_val@UQueueInfo_t@@V?$allocator@UQueueInfo_t@@@std@@@std@@@std@@QAEAAV01@XZ 10007af0 f i AutoAllotDesk.obj
 0001:00006b20       ??$sort@V?$_Vector_iterator@V?$_Vector_val@UQueueInfo_t@@V?$allocator@UQueueInfo_t@@@std@@@std@@@std@@P6AHABUQueueInfo_t@@0@Z@std@@YAXV?$_Vector_iterator@V?$_Vector_val@UQueueInfo_t@@V?$allocator@UQueueInfo_t@@@std@@@std@@@0@0P6AHABUQueueInfo_t@@1@Z@Z 10007b20 f i AutoAllotDesk.obj
 0001:00006b70       ??$_Umove@PAUQueueInfo_t@@@?$vector@UQueueInfo_t@@V?$allocator@UQueueInfo_t@@@std@@@std@@IAEPAUQueueInfo_t@@PAU2@00@Z 10007b70 f i AutoAllotDesk.obj
 0001:00006ba0       ??$_Cons_val@V?$allocator@UQueueInfo_t@@@std@@UQueueInfo_t@@ABU3@@std@@YAXAAV?$allocator@UQueueInfo_t@@@0@PAUQueueInfo_t@@ABU2@@Z 10007ba0 f i AutoAllotDesk.obj
 0001:00006bd0       ??$_Move@PAUQueueInfo_t@@PAU1@@std@@YAPAUQueueInfo_t@@PAU1@00@Z 10007bd0 f i AutoAllotDesk.obj
 0001:00006c10       ??$_Destroy_range@V?$allocator@UQueueInfo_t@@@std@@@std@@YAXPAUQueueInfo_t@@0AAV?$allocator@UQueueInfo_t@@@0@@Z 10007c10 f i AutoAllotDesk.obj
 0001:00006c50       ??$_Allocate@UQueueInfo_t@@@std@@YAPAUQueueInfo_t@@IPAU1@@Z 10007c50 f i AutoAllotDesk.obj
 0001:00006cc0       ?construct@?$allocator@UQueueInfo_t@@@std@@QAEXPAUQueueInfo_t@@ABU3@@Z 10007cc0 f i AutoAllotDesk.obj
 0001:00006cf0       ??G?$_Vector_iterator@V?$_Vector_val@UQueueInfo_t@@V?$allocator@UQueueInfo_t@@@std@@@std@@@std@@QBEHABV?$_Vector_const_iterator@V?$_Vector_val@UQueueInfo_t@@V?$allocator@UQueueInfo_t@@@std@@@std@@@1@@Z 10007cf0 f i AutoAllotDesk.obj
 0001:00006d20       ??G?$_Vector_const_iterator@V?$_Vector_val@UQueueInfo_t@@V?$allocator@UQueueInfo_t@@@std@@@std@@@std@@QBEHABV01@@Z 10007d20 f i AutoAllotDesk.obj
 0001:00006d50       ??$_Sort@PAUQueueInfo_t@@HP6AHABU1@0@Z@std@@YAXPAUQueueInfo_t@@0HP6AHABU1@1@Z@Z 10007d50 f i AutoAllotDesk.obj
 0001:00006e60       ??$_Uninitialized_move@PAUQueueInfo_t@@PAU1@V?$allocator@UQueueInfo_t@@@std@@@std@@YAPAUQueueInfo_t@@PAU1@00AAV?$allocator@UQueueInfo_t@@@0@@Z 10007e60 f i AutoAllotDesk.obj
 0001:00006eb0       ??$_Move@PAUQueueInfo_t@@PAU1@@std@@YAPAUQueueInfo_t@@PAU1@00U_Nonscalar_ptr_iterator_tag@0@@Z 10007eb0 f i AutoAllotDesk.obj
 0001:00006f00       ??$_Destroy_range@V?$allocator@UQueueInfo_t@@@std@@@std@@YAXPAUQueueInfo_t@@0AAV?$allocator@UQueueInfo_t@@@0@U_Nonscalar_ptr_iterator_tag@0@@Z 10007f00 f i AutoAllotDesk.obj
 0001:00006f40       ??$_Construct@UQueueInfo_t@@ABU1@@std@@YAXPAUQueueInfo_t@@ABU1@@Z 10007f40 f i AutoAllotDesk.obj
 0001:00006fe0       ??$_Unguarded_partition@PAUQueueInfo_t@@P6AHABU1@0@Z@std@@YA?AU?$pair@PAUQueueInfo_t@@PAU1@@0@PAUQueueInfo_t@@0P6AHABU2@1@Z@Z 10007fe0 f i AutoAllotDesk.obj
 0001:00007270       ??$make_heap@PAUQueueInfo_t@@P6AHABU1@0@Z@std@@YAXPAUQueueInfo_t@@0P6AHABU1@1@Z@Z 10008270 f i AutoAllotDesk.obj
 0001:000072d0       ??$sort_heap@PAUQueueInfo_t@@P6AHABU1@0@Z@std@@YAXPAUQueueInfo_t@@0P6AHABU1@1@Z@Z 100082d0 f i AutoAllotDesk.obj
 0001:00007310       ??$_Insertion_sort@PAUQueueInfo_t@@P6AHABU1@0@Z@std@@YAXPAUQueueInfo_t@@0P6AHABU1@1@Z@Z 10008310 f i AutoAllotDesk.obj
 0001:00007350       ??$_Uninit_move@PAUQueueInfo_t@@PAU1@V?$allocator@UQueueInfo_t@@@std@@U1@@std@@YAPAUQueueInfo_t@@PAU1@00AAV?$allocator@UQueueInfo_t@@@0@0U_Nonscalar_ptr_iterator_tag@0@@Z 10008350 f i AutoAllotDesk.obj
 0001:00007420       ??$_Median@PAUQueueInfo_t@@P6AHABU1@0@Z@std@@YAXPAUQueueInfo_t@@00P6AHABU1@1@Z@Z 10008420 f i AutoAllotDesk.obj
 0001:00007510       ??$iter_swap@PAUQueueInfo_t@@PAU1@@std@@YAXPAUQueueInfo_t@@0@Z 10008510 f i AutoAllotDesk.obj
 0001:00007530       ??$?0AAPAUQueueInfo_t@@AAPAU0@@?$pair@PAUQueueInfo_t@@PAU1@@std@@QAE@AAPAUQueueInfo_t@@0@Z 10008530 f i AutoAllotDesk.obj
 0001:00007570       ??$_Make_heap@PAUQueueInfo_t@@HU1@P6AHABU1@0@Z@std@@YAXPAUQueueInfo_t@@0P6AHABU1@1@ZPAH0@Z 10008570 f i AutoAllotDesk.obj
 0001:000075f0       ??$_Sort_heap@PAUQueueInfo_t@@P6AHABU1@0@Z@std@@YAXPAUQueueInfo_t@@0P6AHABU1@1@Z@Z 100085f0 f i AutoAllotDesk.obj
 0001:00007630       ??$_Insertion_sort1@PAUQueueInfo_t@@P6AHABU1@0@ZU1@@std@@YAXPAUQueueInfo_t@@0P6AHABU1@1@Z0@Z 10008630 f i AutoAllotDesk.obj
 0001:00007730       ??$_Cons_val@V?$allocator@UQueueInfo_t@@@std@@UQueueInfo_t@@U3@@std@@YAXAAV?$allocator@UQueueInfo_t@@@0@PAUQueueInfo_t@@$$QAU2@@Z 10008730 f i AutoAllotDesk.obj
 0001:00007730       ??$_Cons_val@V?$allocator@UQueueInfo_t@@@std@@UQueueInfo_t@@AAU3@@std@@YAXAAV?$allocator@UQueueInfo_t@@@0@PAUQueueInfo_t@@AAU2@@Z 10008730 f i AutoAllotDesk.obj
 0001:00007760       ?construct@?$allocator@UQueueInfo_t@@@std@@QAEXPAUQueueInfo_t@@$$QAU3@@Z 10008760 f i AutoAllotDesk.obj
 0001:00007760       ??$construct@AAUQueueInfo_t@@@?$allocator@UQueueInfo_t@@@std@@QAEXPAUQueueInfo_t@@AAU2@@Z 10008760 f i AutoAllotDesk.obj
 0001:00007800       ??$_Med3@PAUQueueInfo_t@@P6AHABU1@0@Z@std@@YAXPAUQueueInfo_t@@00P6AHABU1@1@Z@Z 10008800 f i AutoAllotDesk.obj
 0001:00007880       ??$swap@UQueueInfo_t@@@std@@YAXAAUQueueInfo_t@@0@Z 10008880 f i AutoAllotDesk.obj
 0001:000078e0       ??$?0AAPAUQueueInfo_t@@AAPAU0@@?$_Pair_base@PAUQueueInfo_t@@PAU1@@std@@QAE@AAPAUQueueInfo_t@@0@Z 100088e0 f i AutoAllotDesk.obj
 0001:00007920       ??$_Adjust_heap@PAUQueueInfo_t@@HU1@P6AHABU1@0@Z@std@@YAXPAUQueueInfo_t@@HH$$QAU1@P6AHABU1@2@Z@Z 10008920 f i AutoAllotDesk.obj
 0001:00007a10       ??$_Pop_heap@PAUQueueInfo_t@@P6AHABU1@0@Z@std@@YAXPAUQueueInfo_t@@0P6AHABU1@1@Z@Z 10008a10 f i AutoAllotDesk.obj
 0001:00007a60       ??$_Move_backward@PAUQueueInfo_t@@PAU1@@std@@YAPAUQueueInfo_t@@PAU1@00@Z 10008a60 f i AutoAllotDesk.obj
 0001:00007aa0       ??$_Move@AAD@std@@YA$$QADAAD@Z 10008aa0 f i mainserversocket.obj
 0001:00007aa0       ??$addressof@$$CBUMSG_GR_S_Position_Notice@@@std@@YAPBUMSG_GR_S_Position_Notice@@ABU1@@Z 10008aa0 f i GameDesk.obj
 0001:00007aa0       ??$addressof@$$CBUMSG_GM_S_ReturnGameInfo@@@std@@YAPBUMSG_GM_S_ReturnGameInfo@@ABU1@@Z 10008aa0 f i GameMainManage.obj
 0001:00007aa0       ??$forward@ABUQueueInfo_t@@@std@@YAABUQueueInfo_t@@ABU1@@Z 10008aa0 f i AutoAllotDesk.obj
 0001:00007aa0       ??$move@AAUMSG_GM_S_ReturnGameInfo@@@std@@YA$$QAUMSG_GM_S_ReturnGameInfo@@AAU1@@Z 10008aa0 f i GameDesk.obj
 0001:00007aa0       ??$forward@AAU?$pair@$$CBV?$basic_string@DU?$char_traits@D@std@@V?$allocator@D@2@@std@@VHNTreeNode@@@std@@@std@@YAAAU?$pair@$$CBV?$basic_string@DU?$char_traits@D@std@@V?$allocator@D@2@@std@@VHNTreeNode@@@0@AAU10@@Z 10008aa0 f i mainserversocket.obj
 0001:00007aa0       ??$forward@AAUMSG_GM_S_ReturnGameInfo@@@std@@YAAAUMSG_GM_S_ReturnGameInfo@@AAU1@@Z 10008aa0 f i GameMainManage.obj
 0001:00007aa0       ??$move@AAUMSG_GR_S_Position_Notice@@@std@@YA$$QAUMSG_GR_S_Position_Notice@@AAU1@@Z 10008aa0 f i GameDesk.obj
 0001:00007aa0       ??$addressof@$$CBJ@std@@YAPBJABJ@Z 10008aa0 f i GameMainManage.obj
 0001:00007aa0       ??$forward@UMSG_GR_S_Position_Notice@@@std@@YA$$QAUMSG_GR_S_Position_Notice@@AAU1@@Z 10008aa0 f i GameDesk.obj
 0001:00007aa0       ??$move@AAUQueueInfo_t@@@std@@YA$$QAUQueueInfo_t@@AAU1@@Z 10008aa0 f i AutoAllotDesk.obj
 0001:00007aa0       ??$addressof@U?$pair@$$CBV?$basic_string@DU?$char_traits@D@std@@V?$allocator@D@2@@std@@VHNTreeNode@@@std@@@std@@YAPAU?$pair@$$CBV?$basic_string@DU?$char_traits@D@std@@V?$allocator@D@2@@std@@VHNTreeNode@@@0@AAU10@@Z 10008aa0 f i mainserversocket.obj
 0001:00007aa0       ??$forward@UMSG_GM_S_ReturnGameInfo@@@std@@YA$$QAUMSG_GM_S_ReturnGameInfo@@AAU1@@Z 10008aa0 f i GameMainManage.obj
 0001:00007aa0       ??$addressof@PAUFILEINFO@@@std@@YAPAPAUFILEINFO@@AAPAU1@@Z 10008aa0 f i stdafx.obj
 0001:00007aa0       ??$addressof@$$CBH@std@@YAPBHABH@Z 10008aa0 f i GameDesk.obj
 0001:00007aa0       ?_Left@?$_Tree_val@V?$_Tmap_traits@V?$basic_string@DU?$char_traits@D@std@@V?$allocator@D@2@@std@@VHNTreeNode@@U?$less@V?$basic_string@DU?$char_traits@D@std@@V?$allocator@D@2@@std@@@2@V?$allocator@U?$pair@$$CBV?$basic_string@DU?$char_traits@D@std@@V?$allocator@D@2@@std@@VHNTreeNode@@@std@@@2@$0A@@std@@@std@@SAAAPAU_Node@?$_Tree_nod@V?$_Tmap_traits@V?$basic_string@DU?$char_traits@D@std@@V?$allocator@D@2@@std@@VHNTreeNode@@U?$less@V?$basic_string@DU?$char_traits@D@std@@V?$allocator@D@2@@std@@@2@V?$allocator@U?$pair@$$CBV?$basic_string@DU?$char_traits@D@std@@V?$allocator@D@2@@std@@VHNTreeNode@@@std@@@2@$0A@@std@@@2@PAU342@@Z 10008aa0 f i mainserversocket.obj
 0001:00007aa0       ??$forward@ABH@std@@YAABHABH@Z 10008aa0 f i GameDesk.obj
 0001:00007aa0       ??$addressof@PAVCGameUserInfo@@@std@@YAPAPAVCGameUserInfo@@AAPAV1@@Z 10008aa0 f i GameMainManage.obj
 0001:00007aa0       ??$forward@ABUMSG_GM_S_ReturnGameInfo@@@std@@YAABUMSG_GM_S_ReturnGameInfo@@ABU1@@Z 10008aa0 f i GameMainManage.obj
 0001:00007aa0       ??$_Move@AAUQueueInfo_t@@@std@@YA$$QAUQueueInfo_t@@AAU1@@Z 10008aa0 f i AutoAllotDesk.obj
 0001:00007aa0       ??$forward@ABV?$basic_string@DU?$char_traits@D@std@@V?$allocator@D@2@@std@@@std@@YAABV?$basic_string@DU?$char_traits@D@std@@V?$allocator@D@2@@0@ABV10@@Z 10008aa0 f i mainserversocket.obj
 0001:00007aa0       ??$_Unchecked@PAUQueueInfo_t@@@std@@YAPAUQueueInfo_t@@PAU1@@Z 10008aa0 f i AutoAllotDesk.obj
 0001:00007aa0       ??$forward@ABUMSG_GR_S_Position_Notice@@@std@@YAABUMSG_GR_S_Position_Notice@@ABU1@@Z 10008aa0 f i GameDesk.obj
 0001:00007aa0       ??$forward@PAVCGameUserInfo@@@std@@YA$$QAPAVCGameUserInfo@@AAPAV1@@Z 10008aa0 f i GameMainManage.obj
 0001:00007aa0       ??$forward@ABQAUFILEINFO@@@std@@YAABQAUFILEINFO@@ABQAU1@@Z 10008aa0 f i stdafx.obj
 0001:00007aa0       ??$forward@AAH@std@@YAAAHAAH@Z 10008aa0 f i GameDesk.obj
 0001:00007aa0       ??$forward@ABQAVCGameUserInfo@@@std@@YAABQAVCGameUserInfo@@ABQAV1@@Z 10008aa0 f i GameMainManage.obj
 0001:00007aa0       ??$forward@AAUMSG_GR_S_Position_Notice@@@std@@YAAAUMSG_GR_S_Position_Notice@@AAU1@@Z 10008aa0 f i GameDesk.obj
 0001:00007aa0       ??$_Move@AAI@std@@YA$$QAIAAI@Z 10008aa0 f i GameMainManage.obj
 0001:00007aa0       ??$_Move@AAPAU_Node@?$_List_nod@PAVCGameUserInfo@@V?$allocator@PAVCGameUserInfo@@@std@@@std@@@std@@YA$$QAPAU_Node@?$_List_nod@PAVCGameUserInfo@@V?$allocator@PAVCGameUserInfo@@@std@@@0@AAPAU120@@Z 10008aa0 f i GameMainManage.obj
 0001:00007aa0       ?_Nextnode@?$_List_val@PAUFILEINFO@@V?$allocator@PAUFILEINFO@@@std@@@std@@SAAAPAU_Node@?$_List_nod@PAUFILEINFO@@V?$allocator@PAUFILEINFO@@@std@@@2@PAU342@@Z 10008aa0 f i stdafx.obj
 0001:00007aa0       ??$addressof@$$CBUQueueInfo_t@@@std@@YAPBUQueueInfo_t@@ABU1@@Z 10008aa0 f i AutoAllotDesk.obj
 0001:00007aa0       ?_Nextnode@?$_List_val@PAVCGameUserInfo@@V?$allocator@PAVCGameUserInfo@@@std@@@std@@SAAAPAU_Node@?$_List_nod@PAVCGameUserInfo@@V?$allocator@PAVCGameUserInfo@@@std@@@2@PAU342@@Z 10008aa0 f i GameMainManage.obj
 0001:00007aa0       ??$forward@AAPAVCGameUserInfo@@@std@@YAAAPAVCGameUserInfo@@AAPAV1@@Z 10008aa0 f i GameMainManage.obj
 0001:00007aa0       ??$forward@ABJ@std@@YAABJABJ@Z 10008aa0 f i GameMainManage.obj
 0001:00007aa0       ??$forward@AAVHNTreeNode@@@std@@YAAAVHNTreeNode@@AAV1@@Z 10008aa0 f i mainserversocket.obj
 0001:00007aa0       ??$forward@AAJ@std@@YAAAJAAJ@Z 10008aa0 f i GameMainManage.obj
 0001:00007aa0       ??$forward@AAPAUQueueInfo_t@@@std@@YAAAPAUQueueInfo_t@@AAPAU1@@Z 10008aa0 f i AutoAllotDesk.obj
 0001:00007aa0       ??$forward@UQueueInfo_t@@@std@@YA$$QAUQueueInfo_t@@AAU1@@Z 10008aa0 f i AutoAllotDesk.obj
 0001:00007aa0       ??$addressof@QAVCGameUserInfo@@@std@@YAPBQAVCGameUserInfo@@ABQAV1@@Z 10008aa0 f i GameMainManage.obj
 0001:00007aa0       ??$forward@AAUQueueInfo_t@@@std@@YAAAUQueueInfo_t@@AAU1@@Z 10008aa0 f i AutoAllotDesk.obj
 0001:00007ac0       ??$_Push_heap@PAUQueueInfo_t@@HU1@P6AHABU1@0@Z@std@@YAXPAUQueueInfo_t@@HH$$QAU1@P6AHABU1@2@Z@Z 10008ac0 f i AutoAllotDesk.obj
 0001:00007b60       ??$_Pop_heap_0@PAUQueueInfo_t@@U1@P6AHABU1@0@Z@std@@YAXPAUQueueInfo_t@@0P6AHABU1@1@Z0@Z 10008b60 f i AutoAllotDesk.obj
 0001:00007bd0       ??$_Move_backward@PAUQueueInfo_t@@PAU1@@std@@YAPAUQueueInfo_t@@PAU1@00U_Nonscalar_ptr_iterator_tag@0@@Z 10008bd0 f i AutoAllotDesk.obj
 0001:00007c20       ??$_Pop_heap@PAUQueueInfo_t@@HU1@P6AHABU1@0@Z@std@@YAXPAUQueueInfo_t@@00$$QAU1@P6AHABU1@2@ZPAH@Z 10008c20 f i AutoAllotDesk.obj
 0001:00007c80       ?GetTickCount@CTime@ATL@@SG?AV12@XZ 10008c80 f i AutoAllotDesk.obj
 0001:00007cb0       ??0CTime@ATL@@QAE@XZ       10008cb0 f i AutoAllotDesk.obj
 0001:00007ce0       ?OnNetMessage@CBankService@@QAE_NPAUNetMessageHead@@PAXIKIK@Z 10008ce0 f   BankService.obj
 0001:000081a0       ?OnDataBaseResult@CBankService@@QAE_NPAUDataBaseResultLine@@@Z 100091a0 f   BankService.obj
 0001:00008570       ??0CGameDataBaseHandle@@QAE@XZ 10009570 f   GameDataBaseHandle.obj
 0001:000085b0       ?HandleDataBase@CGameDataBaseHandle@@EAEIPAUDataBaseLineHead@@@Z 100095b0 f   GameDataBaseHandle.obj
 0001:00008d30       ?OnCheckDataConnect@CGameDataBaseHandle@@AAEIPAUDataBaseLineHead@@@Z 10009d30 f   GameDataBaseHandle.obj
 0001:00008dd0       ?OnRecordGameInfo@CGameDataBaseHandle@@AAEIPAUDataBaseLineHead@@@Z 10009dd0 f   GameDataBaseHandle.obj
 0001:000091d0       ?OnClearNetCutUserOnlineFlag@CGameDataBaseHandle@@AAEIPAUDataBaseLineHead@@@Z 1000a1d0 f   GameDataBaseHandle.obj
 0001:000092a0       ?OnReWriteWLoginRecord@CGameDataBaseHandle@@AAEIPAUDataBaseLineHead@@@Z 1000a2a0 f   GameDataBaseHandle.obj
 0001:00009350       ?OnContestReturnFee@CGameDataBaseHandle@@AAEIPAUDataBaseLineHead@@@Z 1000a350 f   GameDataBaseHandle.obj
 0001:00009410       ?OnContestUserLeft@CGameDataBaseHandle@@AAEIPAUDataBaseLineHead@@@Z 1000a410 f   GameDataBaseHandle.obj
 0001:000094a0       ?OnUpdateServerInfo@CGameDataBaseHandle@@AAEIPAUDataBaseLineHead@@@Z 1000a4a0 f   GameDataBaseHandle.obj
 0001:000095c0       ?OnRoomLogon@CGameDataBaseHandle@@AAEIPAUDataBaseLineHead@@@Z 1000a5c0 f   GameDataBaseHandle.obj
 0001:0000a080       ??0CTime@ATL@@QAE@HHHHHHH@Z 1000b080 f i GameDataBaseHandle.obj
 0001:0000a2c0       ?AtlThrowImpl@ATL@@YGXJ@Z  1000b2c0 f i GameDataBaseHandle.obj
 0001:0000a2f0       ??0CTimeSpan@ATL@@QAE@_J@Z 1000b2f0 f i GameMainManage.obj
 0001:0000a2f0       ??0CTime@ATL@@QAE@_J@Z     1000b2f0 f i AutoAllotDesk.obj
 0001:0000a2f0       ??4CTime@ATL@@QAEAAV01@_J@Z 1000b2f0 f i GameDataBaseHandle.obj
 0001:0000a320       ??0DL_GR_O_LogonResult@@QAE@XZ 1000b320 f i GameDataBaseHandle.obj
 0001:0000a360       ?OnGetNickNameOnID@CGameDataBaseHandle@@AAEIPAUDataBaseLineHead@@@Z 1000b360 f   GameDataBaseHandle.obj
 0001:0000a520       ?OnUseKickProp@CGameDataBaseHandle@@AAEIPAUDataBaseLineHead@@H@Z 1000b520 f   GameDataBaseHandle.obj
 0001:0000a7e0       ?OnNewKickUserProp@CGameDataBaseHandle@@AAEIPAUDataBaseLineHead@@@Z 1000b7e0 f   GameDataBaseHandle.obj
 0001:0000a960       ?OnBankOperateNormal@CGameDataBaseHandle@@AAEIPAUDataBaseLineHead@@@Z 1000b960 f   GameDataBaseHandle.obj
 0001:0000ab40       ?OnBankOperateTransfer@CGameDataBaseHandle@@AAEIPAUDataBaseLineHead@@@Z 1000bb40 f   GameDataBaseHandle.obj
 0001:0000ad60       ?OnBankOperateDeposit@CGameDataBaseHandle@@AAEIPAUDataBaseLineHead@@@Z 1000bd60 f   GameDataBaseHandle.obj
 0001:0000b120       ?OnPropChange@CGameDataBaseHandle@@AAEIPAUDataBaseLineHead@@@Z 1000c120 f   GameDataBaseHandle.obj
 0001:0000b310       ?OnBankQueryDeposits@CGameDataBaseHandle@@AAEIPAUDataBaseLineHead@@@Z 1000c310 f   GameDataBaseHandle.obj
 0001:0000b590       ??0db_bank_op_query_deposit_out@@QAE@XZ 1000c590 f i GameDataBaseHandle.obj
 0001:0000b5c0       ??0bank_op_deposit_node@@QAE@XZ 1000c5c0 f i GameDataBaseHandle.obj
 0001:0000b5f0       ?OnBankGetWallet@CGameDataBaseHandle@@AAEIPAUDataBaseLineHead@@@Z 1000c5f0 f   GameDataBaseHandle.obj
 0001:0000b7e0       ?OnCheckOutMoney@CGameDataBaseHandle@@AAEIPAUDataBaseLineHead@@I@Z 1000c7e0 f   GameDataBaseHandle.obj
 0001:0000bb20       ?OnCheckInMoney@CGameDataBaseHandle@@AAEIPAUDataBaseLineHead@@I@Z 1000cb20 f   GameDataBaseHandle.obj
 0001:0000be60       ?OnTransferRecord@CGameDataBaseHandle@@AAEIPAUDataBaseLineHead@@I@Z 1000ce60 f   GameDataBaseHandle.obj
 0001:0000c040       ??0DL_GR_O_TransferRecord_t@@QAE@XZ 1000d040 f i GameDataBaseHandle.obj
 0001:0000c070       ??0MSG_GR_R_TransferRecord_t@@QAE@XZ 1000d070 f i GameDataBaseHandle.obj
 0001:0000c0a0       ?OnChangePasswd@CGameDataBaseHandle@@AAEIPAUDataBaseLineHead@@I@Z 1000d0a0 f   GameDataBaseHandle.obj
 0001:0000c1c0       ?OnTransferMoney@CGameDataBaseHandle@@AAEIPAUDataBaseLineHead@@I@Z 1000d1c0 f   GameDataBaseHandle.obj
 0001:0000c5d0       ??0DL_GR_O_TransferMoney@@QAE@XZ 1000d5d0 f i GameDataBaseHandle.obj
 0001:0000c600       ??0MSG_GR_S_TransferMoney@@QAE@XZ 1000d600 f i GameDataBaseHandle.obj
 0001:0000c630       ?OnBankTransferRebate@CGameDataBaseHandle@@AAEIPAUDataBaseLineHead@@I@Z 1000d630 f   GameDataBaseHandle.obj
 0001:0000c800       ?OnUpdateRebate@CGameDataBaseHandle@@AAEIPAUDataBaseLineHead@@@Z 1000d800 f   GameDataBaseHandle.obj
 0001:0000c8c0       ?OnUpdateUserRebate@CGameDataBaseHandle@@AAEIPAUDataBaseLineHead@@I@Z 1000d8c0 f   GameDataBaseHandle.obj
 0001:0000ca10       ?OnOpenWallet@CGameDataBaseHandle@@AAEIPAUDataBaseLineHead@@I@Z 1000da10 f   GameDataBaseHandle.obj
 0001:0000cc00       ?OnGMWarningUserRecord@CGameDataBaseHandle@@AAEIPAUDataBaseLineHead@@@Z 1000dc00 f   GameDataBaseHandle.obj
 0001:0000ccb0       ?OnGMKickUserRecord@CGameDataBaseHandle@@AAEIPAUDataBaseLineHead@@@Z 1000dcb0 f   GameDataBaseHandle.obj
 0001:0000cd60       ?OnCallGM@CGameDataBaseHandle@@AAEIPAUDataBaseLineHead@@@Z 1000dd60 f   GameDataBaseHandle.obj
 0001:0000cfb0       ?OnRoomPWChangeRecord@CGameDataBaseHandle@@AAEIPAUDataBaseLineHead@@@Z 1000dfb0 f   GameDataBaseHandle.obj
 0001:0000d0b0       ?OnUserLeft@CGameDataBaseHandle@@AAEIPAUDataBaseLineHead@@@Z 1000e0b0 f   GameDataBaseHandle.obj
 0001:0000d520       ?OnUpdateAllUserResult@CGameDataBaseHandle@@AAEIPAUDataBaseLineHead@@@Z 1000e520 f   GameDataBaseHandle.obj
 0001:0000dc80       ??0DL_GR_O_SendMoney_On_TC@@QAE@XZ 1000ec80 f i GameDataBaseHandle.obj
 0001:0000dcb0       ?GetWalletMoney@CGameDataBaseHandle@@AAEXAAUtag_RECEIVEMONEY@@K@Z 1000ecb0 f   GameDataBaseHandle.obj
 0001:0000ddd0       ?OnContestBegin@CGameDataBaseHandle@@AAEIPAUDataBaseLineHead@@@Z 1000edd0 f   GameDataBaseHandle.obj
[...]
 0001:0003aa30       __unwindfunclet$?OnRoomMessage@CGameMainManage@@AAE_NPAUNetMessageHead@@PAXIKIK@Z$0 1003ba30 f   GameMainManage.obj
 0001:0003aa39       __unwindfunclet$?OnRoomMessage@CGameMainManage@@AAE_NPAUNetMessageHead@@PAXIKIK@Z$1 1003ba39 f   GameMainManage.obj
 0001:0003aa41       __unwindfunclet$?OnRoomMessage@CGameMainManage@@AAE_NPAUNetMessageHead@@PAXIKIK@Z$2 1003ba41 f   GameMainManage.obj
 0001:0003aa49       __ehhandler$?OnRoomMessage@CGameMainManage@@AAE_NPAUNetMessageHead@@PAXIKIK@Z 1003ba49 f   GameMainManage.obj
 0001:0003aa80       __unwindfunclet$?UserLeftDesk@CGameMainManage@@AAE_NPAVCGameUserInfo@@_N@Z$0 1003ba80 f   GameMainManage.obj
 0001:0003aa89       __unwindfunclet$?UserLeftDesk@CGameMainManage@@AAE_NPAVCGameUserInfo@@_N@Z$2 1003ba89 f   GameMainManage.obj
 0001:0003aa92       __unwindfunclet$?UserLeftDesk@CGameMainManage@@AAE_NPAVCGameUserInfo@@_N@Z$3 1003ba92 f   GameMainManage.obj
 0001:0003aa9b       __ehhandler$?UserLeftDesk@CGameMainManage@@AAE_NPAVCGameUserInfo@@_N@Z 1003ba9b f   GameMainManage.obj
 0001:0003aac0       __unwindfunclet$?OnRoomLogonResult@CGameMainManage@@AAE_NPAUDataBaseResultLine@@@Z$2 1003bac0 f   GameMainManage.obj
 0001:0003aacc       __unwindfunclet$?OnRoomLogonResult@CGameMainManage@@AAE_NPAUDataBaseResultLine@@@Z$4 1003bacc f   GameMainManage.obj
 0001:0003aad5       __unwindfunclet$?OnRoomLogonResult@CGameMainManage@@AAE_NPAUDataBaseResultLine@@@Z$5 1003bad5 f   GameMainManage.obj
 0001:0003aade       __unwindfunclet$?OnRoomLogonResult@CGameMainManage@@AAE_NPAUDataBaseResultLine@@@Z$6 1003bade f   GameMainManage.obj
 0001:0003aaea       __ehhandler$?OnRoomLogonResult@CGameMainManage@@AAE_NPAUDataBaseResultLine@@@Z 1003baea f   GameMainManage.obj
 0001:0003ab20       __unwindfunclet$?OnTransferMoney@CGameMainManage@@AAE_NPAUDataBaseResultLine@@I@Z$0 1003bb20 f   GameMainManage.obj
 0001:0003ab2c       __ehhandler$?OnTransferMoney@CGameMainManage@@AAE_NPAUDataBaseResultLine@@I@Z 1003bb2c f   GameMainManage.obj
 0001:0003ab60       __ehhandler$?OnGetContestAbandonResult@CGameMainManage@@AAE_NPAUDataBaseResultLine@@@Z 1003bb60 f   GameMainManage.obj
 0001:0003ab80       __unwindfunclet$?InitGameDesk@CGameMainManage@@AAE_NII@Z$0 1003bb80 f   GameMainManage.obj
 0001:0003ab8e       __unwindfunclet$?InitGameDesk@CGameMainManage@@AAE_NII@Z$1 1003bb8e f   GameMainManage.obj
 0001:0003ab99       __unwindfunclet$?InitGameDesk@CGameMainManage@@AAE_NII@Z$2 1003bb99 f   GameMainManage.obj
 0001:0003aba2       __unwindfunclet$?InitGameDesk@CGameMainManage@@AAE_NII@Z$4 1003bba2 f   GameMainManage.obj
 0001:0003abab       __unwindfunclet$?InitGameDesk@CGameMainManage@@AAE_NII@Z$5 1003bbab f   GameMainManage.obj
 0001:0003abb4       __ehhandler$?InitGameDesk@CGameMainManage@@AAE_NII@Z 1003bbb4 f   GameMainManage.obj
 0001:0003abe0       __unwindfunclet$?CreateAutoAllotDesk@CGameMainManage@@UAEPAUIAutoAllotDesk@@HH@Z$0 1003bbe0 f   GameMainManage.obj
 0001:0003abeb       __ehhandler$?CreateAutoAllotDesk@CGameMainManage@@UAEPAUIAutoAllotDesk@@HH@Z 1003bbeb f   GameMainManage.obj
 0001:0003ac10       __unwindfunclet$?NewQueueGame@CGameMainManage@@QAEXXZ$0 1003bc10 f   GameMainManage.obj
 0001:0003ac18       __ehhandler$?NewQueueGame@CGameMainManage@@QAEXXZ 1003bc18 f   GameMainManage.obj
 0001:0003ac40       __unwindfunclet$?OnStartTimingMatchTimer@CGameMainManage@@QAEXVCOleDateTime@ATL@@@Z$0 1003bc40 f   GameMainManage.obj
 0001:0003ac49       __ehhandler$?OnStartTimingMatchTimer@CGameMainManage@@QAEXVCOleDateTime@ATL@@@Z 1003bc49 f   GameMainManage.obj
 0001:0003ac70       __unwindfunclet$??1?$list@PAVCGameUserInfo@@V?$allocator@PAVCGameUserInfo@@@std@@@std@@QAE@XZ$0 1003bc70 f   GameMainManage.obj
 0001:0003ac78       __ehhandler$??1?$list@PAVCGameUserInfo@@V?$allocator@PAVCGameUserInfo@@@std@@@std@@QAE@XZ 1003bc78 f   GameMainManage.obj
 0001:0003aca0       __ehhandler$?reserve@?$vector@UMSG_GM_S_ReturnGameInfo@@V?$allocator@UMSG_GM_S_ReturnGameInfo@@@std@@@std@@QAEXI@Z 1003bca0 f   GameMainManage.obj
 0001:0003acc0       __ehhandler$?reserve@?$vector@JV?$allocator@J@std@@@std@@QAEXI@Z 1003bcc0 f   GameMainManage.obj
 0001:0003acc0       __ehhandler$?reserve@?$vector@PAVCGameUserInfo@@V?$allocator@PAVCGameUserInfo@@@std@@@std@@QAEXI@Z 1003bcc0 f   GameMainManage.obj
 0001:0003acc0       __ehhandler$?reserve@?$vector@HV?$allocator@H@std@@@std@@QAEXI@Z 1003bcc0 f   GameMainManage.obj
 0001:0003ace0       __unwindfunclet$??$sort@Vcompare@@@?$list@PAVCGameUserInfo@@V?$allocator@PAVCGameUserInfo@@@std@@@std@@QAEXVcompare@@@Z$0 1003bce0 f   GameMainManage.obj
 0001:0003ace8       __unwindfunclet$??$sort@Vcompare@@@?$list@PAVCGameUserInfo@@V?$allocator@PAVCGameUserInfo@@@std@@@std@@QAEXVcompare@@@Z$1 1003bce8 f   GameMainManage.obj
 0001:0003acfe       __ehhandler$??$sort@Vcompare@@@?$list@PAVCGameUserInfo@@V?$allocator@PAVCGameUserInfo@@@std@@@std@@QAEXVcompare@@@Z 1003bcfe f   GameMainManage.obj
 0001:0003ad30       __unwindfunclet$??$_Construct@PAVCGameUserInfo@@ABQAV1@@std@@YAXPAPAVCGameUserInfo@@ABQAV1@@Z$0 1003bd30 f   GameMainManage.obj
 0001:0003ad30       __unwindfunclet$??$_Construct@PAUFILEINFO@@ABQAU1@@std@@YAXPAPAUFILEINFO@@ABQAU1@@Z$0 1003bd30 f   GameMainManage.obj
 0001:0003ad30       __unwindfunclet$??$_Construct@JABJ@std@@YAXPAJABJ@Z$0 1003bd30 f   GameMainManage.obj
 0001:0003ad30       __unwindfunclet$??$_Construct@UQueueInfo_t@@ABU1@@std@@YAXPAUQueueInfo_t@@ABU1@@Z$0 1003bd30 f   GameMainManage.obj
 0001:0003ad30       __unwindfunclet$??$_Construct@HABH@std@@YAXPAHABH@Z$0 1003bd30 f   GameMainManage.obj
 0001:0003ad30       __unwindfunclet$??$_Construct@UMSG_GR_S_Position_Notice@@ABU1@@std@@YAXPAUMSG_GR_S_Position_Notice@@ABU1@@Z$0 1003bd30 f   GameMainManage.obj
 0001:0003ad30       __unwindfunclet$??$_Construct@UMSG_GM_S_ReturnGameInfo@@ABU1@@std@@YAXPAUMSG_GM_S_ReturnGameInfo@@ABU1@@Z$0 1003bd30 f   GameMainManage.obj
 0001:0003ad41       __ehhandler$??$_Construct@HABH@std@@YAXPAHABH@Z 1003bd41 f   GameMainManage.obj
 0001:0003ad41       __ehhandler$??$_Construct@UMSG_GM_S_ReturnGameInfo@@ABU1@@std@@YAXPAUMSG_GM_S_ReturnGameInfo@@ABU1@@Z 1003bd41 f   GameMainManage.obj
 0001:0003ad41       __ehhandler$??$_Construct@JABJ@std@@YAXPAJABJ@Z 1003bd41 f   GameMainManage.obj
 0001:0003ad41       __ehhandler$??$_Construct@UQueueInfo_t@@ABU1@@std@@YAXPAUQueueInfo_t@@ABU1@@Z 1003bd41 f   GameMainManage.obj
 0001:0003ad41       __ehhandler$??$_Construct@UMSG_GR_S_Position_Notice@@ABU1@@std@@YAXPAUMSG_GR_S_Position_Notice@@ABU1@@Z 1003bd41 f   GameMainManage.obj
 0001:0003ad41       __ehhandler$??$_Construct@PAVCGameUserInfo@@ABQAV1@@std@@YAXPAPAVCGameUserInfo@@ABQAV1@@Z 1003bd41 f   GameMainManage.obj
 0001:0003ad41       __ehhandler$??$_Construct@PAUFILEINFO@@ABQAU1@@std@@YAXPAPAUFILEINFO@@ABQAU1@@Z 1003bd41 f   GameMainManage.obj
 0001:0003ad60       __ehhandler$??$_Uninit_move@PAUMSG_GM_S_ReturnGameInfo@@PAU1@V?$allocator@UMSG_GM_S_ReturnGameInfo@@@std@@U1@@std@@YAPAUMSG_GM_S_ReturnGameInfo@@PAU1@00AAV?$allocator@UMSG_GM_S_ReturnGameInfo@@@0@0U_Nonscalar_ptr_iterator_tag@0@@Z 1003bd60 f   GameMainManage.obj
 0001:0003ad80       __ehhandler$??$_Buynode@PAVCGameUserInfo@@@?$_List_val@PAVCGameUserInfo@@V?$allocator@PAVCGameUserInfo@@@std@@@std@@QAEPAU_Node@?$_List_nod@PAVCGameUserInfo@@V?$allocator@PAVCGameUserInfo@@@std@@@1@PAU231@0$$QAPAVCGameUserInfo@@@Z 1003bd80 f   GameMainManage.obj
 0001:0003ada0       __unwindfunclet$??$construct@AAU?$pair@$$CBV?$basic_string@DU?$char_traits@D@std@@V?$allocator@D@2@@std@@VHNTreeNode@@@std@@@?$allocator@U?$pair@$$CBV?$basic_string@DU?$char_traits@D@std@@V?$allocator@D@2@@std@@VHNTreeNode@@@std@@@std@@QAEXPAU?$pair@$$CBV?$basic_string@DU?$char_traits@D@std@@V?$allocator@D@2@@std@@VHNTreeNode@@@1@AAU21@@Z$0 1003bda0 f   GameMainManage.obj
 0001:0003ada0       __unwindfunclet$?construct@?$allocator@UMSG_GR_S_Position_Notice@@@std@@QAEXPAUMSG_GR_S_Position_Notice@@$$QAU3@@Z$0 1003bda0 f   GameMainManage.obj
 0001:0003ada0       __unwindfunclet$??$construct@AAJ@?$allocator@J@std@@QAEXPAJAAJ@Z$0 1003bda0 f   GameMainManage.obj
 0001:0003ada0       __unwindfunclet$??$construct@AAUMSG_GR_S_Position_Notice@@@?$allocator@UMSG_GR_S_Position_Notice@@@std@@QAEXPAUMSG_GR_S_Position_Notice@@AAU2@@Z$0 1003bda0 f   GameMainManage.obj
 0001:0003ada0       __unwindfunclet$??$construct@AAPAVCGameUserInfo@@@?$allocator@PAVCGameUserInfo@@@std@@QAEXPAPAVCGameUserInfo@@AAPAV2@@Z$0 1003bda0 f   GameMainManage.obj
 0001:0003ada0       __unwindfunclet$??$construct@AAH@?$allocator@H@std@@QAEXPAHAAH@Z$0 1003bda0 f   GameMainManage.obj
 0001:0003ada0       __unwindfunclet$??$construct@AAUQueueInfo_t@@@?$allocator@UQueueInfo_t@@@std@@QAEXPAUQueueInfo_t@@AAU2@@Z$0 1003bda0 f   GameMainManage.obj
 0001:0003ada0       __unwindfunclet$?construct@?$allocator@UMSG_GM_S_ReturnGameInfo@@@std@@QAEXPAUMSG_GM_S_ReturnGameInfo@@$$QAU3@@Z$0 1003bda0 f   GameMainManage.obj
 0001:0003ada0       __unwindfunclet$?construct@?$allocator@UQueueInfo_t@@@std@@QAEXPAUQueueInfo_t@@$$QAU3@@Z$0 1003bda0 f   GameMainManage.obj
 0001:0003ada0       __unwindfunclet$?construct@?$allocator@PAVCGameUserInfo@@@std@@QAEXPAPAVCGameUserInfo@@$$QAPAV3@@Z$0 1003bda0 f   GameMainManage.obj
 0001:0003ada0       __unwindfunclet$??$construct@AAUMSG_GM_S_ReturnGameInfo@@@?$allocator@UMSG_GM_S_ReturnGameInfo@@@std@@QAEXPAUMSG_GM_S_ReturnGameInfo@@AAU2@@Z$0 1003bda0 f   GameMainManage.obj
 0001:0003adb1       __ehhandler$??$construct@AAUQueueInfo_t@@@?$allocator@UQueueInfo_t@@@std@@QAEXPAUQueueInfo_t@@AAU2@@Z 1003bdb1 f   GameMainManage.obj
 0001:0003adb1       __ehhandler$?construct@?$allocator@UMSG_GR_S_Position_Notice@@@std@@QAEXPAUMSG_GR_S_Position_Notice@@$$QAU3@@Z 1003bdb1 f   GameMainManage.obj
 0001:0003adb1       __ehhandler$?construct@?$allocator@UMSG_GM_S_ReturnGameInfo@@@std@@QAEXPAUMSG_GM_S_ReturnGameInfo@@$$QAU3@@Z 1003bdb1 f   GameMainManage.obj
 0001:0003adb1       __ehhandler$?construct@?$allocator@UQueueInfo_t@@@std@@QAEXPAUQueueInfo_t@@$$QAU3@@Z 1003bdb1 f   GameMainManage.obj
 0001:0003adb1       __ehhandler$??$construct@AAU?$pair@$$CBV?$basic_string@DU?$char_traits@D@std@@V?$allocator@D@2@@std@@VHNTreeNode@@@std@@@?$allocator@U?$pair@$$CBV?$basic_string@DU?$char_traits@D@std@@V?$allocator@D@2@@std@@VHNTreeNode@@@std@@@std@@QAEXPAU?$pair@$$CBV?$basic_string@DU?$char_traits@D@std@@V?$allocator@D@2@@std@@VHNTreeNode@@@1@AAU21@@Z 1003bdb1 f   GameMainManage.obj
 0001:0003adb1       __ehhandler$??$construct@AAPAVCGameUserInfo@@@?$allocator@PAVCGameUserInfo@@@std@@QAEXPAPAVCGameUserInfo@@AAPAV2@@Z 1003bdb1 f   GameMainManage.obj
 0001:0003adb1       __ehhandler$??$construct@AAH@?$allocator@H@std@@QAEXPAHAAH@Z 1003bdb1 f   GameMainManage.obj
 0001:0003adb1       __ehhandler$??$construct@AAJ@?$allocator@J@std@@QAEXPAJAAJ@Z 1003bdb1 f   GameMainManage.obj
 0001:0003adb1       __ehhandler$??$construct@AAUMSG_GR_S_Position_Notice@@@?$allocator@UMSG_GR_S_Position_Notice@@@std@@QAEXPAUMSG_GR_S_Position_Notice@@AAU2@@Z 1003bdb1 f   GameMainManage.obj
 0001:0003adb1       __ehhandler$??$construct@AAUMSG_GM_S_ReturnGameInfo@@@?$allocator@UMSG_GM_S_ReturnGameInfo@@@std@@QAEXPAUMSG_GM_S_ReturnGameInfo@@AAU2@@Z 1003bdb1 f   GameMainManage.obj
 0001:0003adb1       __ehhandler$?construct@?$allocator@PAVCGameUserInfo@@@std@@QAEXPAPAVCGameUserInfo@@$$QAPAV3@@Z 1003bdb1 f   GameMainManage.obj
 0001:0003add0       __unwindfunclet$?GetKeyVal@CINIFile@@QAE_JV?$CStringT@DV?$StrTraitMFC_DLL@DV?$ChTraitsCRT@D@ATL@@@@@ATL@@0_J@Z$0 1003bdd0 f   GameMainManage.obj
 0001:0003add9       __unwindfunclet$?GetKeyVal@CINIFile@@QAE_JV?$CStringT@DV?$StrTraitMFC_DLL@DV?$ChTraitsCRT@D@ATL@@@@@ATL@@0_J@Z$1 1003bdd9 f   GameMainManage.obj
 0001:0003ade2       __unwindfunclet$?GetKeyVal@CINIFile@@QAE_JV?$CStringT@DV?$StrTraitMFC_DLL@DV?$ChTraitsCRT@D@ATL@@@@@ATL@@0_J@Z$2 1003bde2 f   GameMainManage.obj
 0001:0003adee       __unwindfunclet$?GetKeyVal@CINIFile@@QAE_JV?$CStringT@DV?$StrTraitMFC_DLL@DV?$ChTraitsCRT@D@ATL@@@@@ATL@@0_J@Z$4 1003bdee f   GameMainManage.obj
 0001:0003adfa       __ehhandler$?GetKeyVal@CINIFile@@QAE_JV?$CStringT@DV?$StrTraitMFC_DLL@DV?$ChTraitsCRT@D@ATL@@@@@ATL@@0_J@Z 1003bdfa f   GameMainManage.obj
 0001:0003ae30       __unwindfunclet$?OnNetMessage@CPropService@@QAE_NPAUNetMessageHead@@PAXIKIK@Z$0 1003be30 f   PropService.obj
 0001:0003ae39       __ehhandler$?OnNetMessage@CPropService@@QAE_NPAUNetMessageHead@@PAXIKIK@Z 1003be39 f   PropService.obj
 0001:0003ae60       __unwindfunclet$?OnUserSmallBoardcase@CPropService@@QAE_NPAUNetMessageHead@@PAXIKIK@Z$0 1003be60 f   PropService.obj
 0001:0003ae6b       __ehhandler$?OnUserSmallBoardcase@CPropService@@QAE_NPAUNetMessageHead@@PAXIKIK@Z 1003be6b f   PropService.obj
 0001:0003aea0       __unwindfunclet$??0CSmtp@@QAE@ABV0@@Z$0 1003bea0 f   stdafx.obj
 0001:0003aeab       __unwindfunclet$??0CSmtp@@QAE@ABV0@@Z$1 1003beab f   stdafx.obj
 0001:0003aeb6       __unwindfunclet$??0CSmtp@@QAE@ABV0@@Z$2 1003beb6 f   stdafx.obj
 0001:0003aec1       __unwindfunclet$??0CSmtp@@QAE@ABV0@@Z$3 1003bec1 f   stdafx.obj
 0001:0003aecc       __unwindfunclet$??0CSmtp@@QAE@ABV0@@Z$4 1003becc f   stdafx.obj
 0001:0003aed7       __unwindfunclet$??0CSmtp@@QAE@ABV0@@Z$5 1003bed7 f   stdafx.obj
 0001:0003aee5       __ehhandler$??0CSmtp@@QAE@ABV0@@Z 1003bee5 f   stdafx.obj
 0001:0003af00       __unwindfunclet$??0?$list@PAUFILEINFO@@V?$allocator@PAUFILEINFO@@@std@@@std@@QAE@ABV01@@Z$2 1003bf00 f   stdafx.obj
 0001:0003af08       __ehhandler$??0?$list@PAUFILEINFO@@V?$allocator@PAUFILEINFO@@@std@@@std@@QAE@ABV01@@Z 1003bf08 f   stdafx.obj
 0001:0003af30       __ehhandler$??$_Insert@V?$_List_const_iterator@V?$_List_val@PAVCGameUserInfo@@V?$allocator@PAVCGameUserInfo@@@std@@@std@@@std@@@?$list@PAVCGameUserInfo@@V?$allocator@PAVCGameUserInfo@@@std@@@std@@QAEXV?$_List_const_iterator@V?$_List_val@PAVCGameUserInfo@@V?$allocator@PAVCGameUserInfo@@@std@@@std@@@1@00Uforward_iterator_tag@1@@Z 1003bf30 f   stdafx.obj
 0001:0003af30       __ehhandler$??$_Insert@V?$_List_const_iterator@V?$_List_val@PAUFILEINFO@@V?$allocator@PAUFILEINFO@@@std@@@std@@@std@@@?$list@PAUFILEINFO@@V?$allocator@PAUFILEINFO@@@std@@@std@@QAEXV?$_List_const_iterator@V?$_List_val@PAUFILEINFO@@V?$allocator@PAUFILEINFO@@@std@@@std@@@1@00Uforward_iterator_tag@1@@Z 1003bf30 f   stdafx.obj
 0001:0003af50       __ehhandler$?_Buynode@?$_List_val@PAUFILEINFO@@V?$allocator@PAUFILEINFO@@@std@@@std@@QAEPAU_Node@?$_List_nod@PAUFILEINFO@@V?$allocator@PAUFILEINFO@@@std@@@2@PAU342@0ABQAUFILEINFO@@@Z 1003bf50 f   stdafx.obj
 0001:0003af50       __ehhandler$?_Buynode@?$_List_val@PAVCGameUserInfo@@V?$allocator@PAVCGameUserInfo@@@std@@@std@@QAEPAU_Node@?$_List_nod@PAVCGameUserInfo@@V?$allocator@PAVCGameUserInfo@@@std@@@2@PAU342@0ABQAVCGameUserInfo@@@Z 1003bf50 f   stdafx.obj
 0001:0003af70       __unwindfunclet$??__EUSER_STATESTRING@@YAXXZ$0 1003bf70 f   stdafx.obj
 0001:0003af7b       __unwindfunclet$??__EUSER_STATESTRING@@YAXXZ$1 1003bf7b f   stdafx.obj
 0001:0003af86       __unwindfunclet$??__EUSER_STATESTRING@@YAXXZ$2 1003bf86 f   stdafx.obj
 0001:0003af91       __unwindfunclet$??__EUSER_STATESTRING@@YAXXZ$3 1003bf91 f   stdafx.obj
 0001:0003af9c       __unwindfunclet$??__EUSER_STATESTRING@@YAXXZ$4 1003bf9c f   stdafx.obj
 0001:0003afa7       __unwindfunclet$??__EUSER_STATESTRING@@YAXXZ$5 1003bfa7 f   stdafx.obj
 0001:0003afb2       __unwindfunclet$??__EUSER_STATESTRING@@YAXXZ$6 1003bfb2 f   stdafx.obj
 0001:0003afbd       __ehhandler$??__EUSER_STATESTRING@@YAXXZ 1003bfbd f   stdafx.obj
 0001:0003aff0       __unwindfunclet$??__EERR_RP_STRING@@YAXXZ$0 1003bff0 f   stdafx.obj
 0001:0003affb       __unwindfunclet$??__EERR_RP_STRING@@YAXXZ$1 1003bffb f   stdafx.obj
 0001:0003b006       __unwindfunclet$??__EERR_RP_STRING@@YAXXZ$2 1003c006 f   stdafx.obj
 0001:0003b011       __unwindfunclet$??__EERR_RP_STRING@@YAXXZ$3 1003c011 f   stdafx.obj
 0001:0003b01c       __unwindfunclet$??__EERR_RP_STRING@@YAXXZ$4 1003c01c f   stdafx.obj
 0001:0003b027       __unwindfunclet$??__EERR_RP_STRING@@YAXXZ$5 1003c027 f   stdafx.obj
 0001:0003b032       __unwindfunclet$??__EERR_RP_STRING@@YAXXZ$6 1003c032 f   stdafx.obj
 0001:0003b03d       __unwindfunclet$??__EERR_RP_STRING@@YAXXZ$7 1003c03d f   stdafx.obj
 0001:0003b048       __unwindfunclet$??__EERR_RP_STRING@@YAXXZ$8 1003c048 f   stdafx.obj
 0001:0003b053       __unwindfunclet$??__EERR_RP_STRING@@YAXXZ$9 1003c053 f   stdafx.obj
 0001:0003b05e       __unwindfunclet$??__EERR_RP_STRING@@YAXXZ$10 1003c05e f   stdafx.obj
 0001:0003b069       __unwindfunclet$??__EERR_RP_STRING@@YAXXZ$11 1003c069 f   stdafx.obj
 0001:0003b074       __unwindfunclet$??__EERR_RP_STRING@@YAXXZ$12 1003c074 f   stdafx.obj
 0001:0003b07f       __unwindfunclet$??__EERR_RP_STRING@@YAXXZ$13 1003c07f f   stdafx.obj
 0001:0003b08a       __unwindfunclet$??__EERR_RP_STRING@@YAXXZ$14 1003c08a f   stdafx.obj
 0001:0003b095       __unwindfunclet$??__EERR_RP_STRING@@YAXXZ$15 1003c095 f   stdafx.obj
 0001:0003b0a0       __unwindfunclet$??__EERR_RP_STRING@@YAXXZ$16 1003c0a0 f   stdafx.obj
 0001:0003b0ab       __unwindfunclet$??__EERR_RP_STRING@@YAXXZ$17 1003c0ab f   stdafx.obj
 0001:0003b0b6       __unwindfunclet$??__EERR_RP_STRING@@YAXXZ$18 1003c0b6 f   stdafx.obj
 0001:0003b0c1       __unwindfunclet$??__EERR_RP_STRING@@YAXXZ$19 1003c0c1 f   stdafx.obj
 0001:0003b0cc       __ehhandler$??__EERR_RP_STRING@@YAXXZ 1003c0cc f   stdafx.obj
 0001:0003b0f0       __unwindfunclet$?ChangePoint@CGameUserInfo@@QAE_N_J0_N111JAA_J1@Z$0 1003c0f0 f   UserInfo.obj
 0001:0003b0f9       __ehhandler$?ChangePoint@CGameUserInfo@@QAE_N_J0_N111JAA_J1@Z 1003c0f9 f   UserInfo.obj
 0001:0003b120       __unwindfunclet$?GetWeigth@CGameUserInfo@@QAEHXZ$0 1003c120 f   UserInfo.obj
 0001:0003b129       __unwindfunclet$?GetWeigth@CGameUserInfo@@QAEHXZ$2 1003c129 f   UserInfo.obj
 0001:0003b132       __unwindfunclet$?GetWeigth@CGameUserInfo@@QAEHXZ$3 1003c132 f   UserInfo.obj
 0001:0003b13b       __ehhandler$?GetWeigth@CGameUserInfo@@QAEHXZ 1003c13b f   UserInfo.obj
 0001:0003b160       __unwindfunclet$??1CGameUserInfoManage@@QAE@XZ$0 1003c160 f   UserInfo.obj
 0001:0003b160       __unwindfunclet$??0CGameUserInfoManage@@QAE@XZ$0 1003c160 f   UserInfo.obj
 0001:0003b16b       __ehhandler$??0CGameUserInfoManage@@QAE@XZ 1003c16b f   UserInfo.obj
 0001:0003b16b       __ehhandler$??1CGameUserInfoManage@@QAE@XZ 1003c16b f   UserInfo.obj
 0001:0003b190       __unwindfunclet$??1?$CAFCPtrArray@VCGameUserInfo@@@@QAE@XZ$0 1003c190 f   UserInfo.obj
 0001:0003b19b       __ehhandler$??1?$CAFCPtrArray@VCGameUserInfo@@@@QAE@XZ 1003c19b f   UserInfo.obj
 0001:0003b1c0       __unwindfunclet$?Init@?$CAFCPtrArray@VCGameUserInfo@@@@QAE_NII@Z$2 1003c1c0 f   UserInfo.obj
 0001:0003b1cb       __ehhandler$?Init@?$CAFCPtrArray@VCGameUserInfo@@@@QAE_NII@Z 1003c1cb f   UserInfo.obj
 0001:0003b1f0       __ehhandler$?UnInit@?$CAFCPtrArray@VCGameUserInfo@@@@QAE_NXZ 1003c1f0 f   UserInfo.obj
 0001:0003b20b       __unwindfunclet$?AfxWndProcDllStatic@@YGJPAUHWND__@@IIJ@Z$0 1003c20b f   mfcs100:dllmodul.obj
 0001:0003b213       __ehhandler$?AfxWndProcDllStatic@@YGJPAUHWND__@@IIJ@Z 1003c213 f   mfcs100:dllmodul.obj
 0001:0003b22e       __unwindfunclet$_InternalDllMain@12$5 1003c22e f   mfcs100:dllmodul.obj
 0001:0003b237       __unwindfunclet$_InternalDllMain@12$6 1003c237 f   mfcs100:dllmodul.obj
 0001:0003b23f       __ehhandler$_InternalDllMain@12 1003c23f f   mfcs100:dllmodul.obj
 0001:0003b260       ??__EtheApp@@YAXXZ         1003c260 f   GameManage.obj
 0001:0003b290       ??__EUSER_STATESTRING@@YAXXZ 1003c290 f   stdafx.obj
 0001:0003b380       ??__EERR_RP_STRING@@YAXXZ  1003c380 f   stdafx.obj
 0001:0003b571       ??__EafxModuleState@@YAXXZ 1003c571 f   mfcs100:dllmodul.obj
 0001:0003b5a0       ??__FtheApp@@YAXXZ         1003c5a0 f   GameManage.obj
 0001:0003b5c0       ??__FUSER_STATESTRING@@YAXXZ 1003c5c0 f   stdafx.obj
 0001:0003b5f0       ??__FERR_RP_STRING@@YAXXZ  1003c5f0 f   stdafx.obj
 0001:0003b614       ??__FafxModuleState@@YAXXZ 1003c614 f   mfcs100:dllmodul.obj
