 GServer

 Timestamp is 5c7c88ce (Mon Mar 04 10:09:18 2019)

 Preferred load address is 00400000

 Start         Length     Name                   Class
 0001:00000000 0000f26cH .text                   CODE
 0001:0000f270 00000d18H .text$x                 CODE
 0001:0000ff90 00000202H .text$yc                CODE
 0001:000101a0 00000064H .text$yd                CODE
 0002:00000000 00000648H .idata$5                DATA
 0002:00000648 00000004H .CRT$XCA                DATA
 0002:0000064c 00000004H .CRT$XCAA               DATA
 0002:00000650 00000004H .CRT$XCL                DATA
 0002:00000654 00000020H .CRT$XCU                DATA
 0002:00000674 00000004H .CRT$XCZ                DATA
 0002:00000678 00000004H .CRT$XIA                DATA
 0002:0000067c 00000004H .CRT$XIAA               DATA
 0002:00000680 00000004H .CRT$XIY                DATA
 0002:00000684 00000004H .CRT$XIZ                DATA
 0002:00000690 000027d8H .rdata                  DATA
 0002:00002e68 00000059H .rdata$debug            DATA
 0002:00002ec4 00000a24H .rdata$r                DATA
 0002:000038f0 000000c8H .rdata$sxdata           DATA
 0002:000039b8 00000004H .rtc$IAA                DATA
 0002:000039bc 00000004H .rtc$IZZ                DATA
 0002:000039c0 00000004H .rtc$TAA                DATA
 0002:000039c4 00000004H .rtc$TZZ                DATA
 0002:000039c8 00000d1cH .xdata$x                DATA
 0002:000046e4 00000000H ATL$__a                 DATA
 0002:000046e4 00000000H ATL$__z                 DATA
 0002:000046e4 000000c8H .idata$2                DATA
 0002:000047ac 00000014H .idata$3                DATA
 0002:000047c0 00000648H .idata$4                DATA
 0002:00004e08 00000992H .idata$6                DATA
 0002:0000579a 00000000H .edata                  DATA
 0003:00000000 00000510H .data                   DATA
 0003:00000510 00000740H .bss                    DATA
 0004:00000000 00000550H .rsrc$01                DATA
 0004:00000550 000055a8H .rsrc$02                DATA

  Address         Publics by Value              Rva+Base       Lib:Object

 0000:00000000       __except_list              00000000     <absolute>
 0000:00000032       ___safe_se_handler_count   00000032     <absolute>
 0000:00009876       __ldused                   00009876     <absolute>
 0000:00009876       __fltused                  00009876     <absolute>
 0000:00000000       ___ImageBase               00400000     <linker-defined>
 0001:00000000       ??1StrPair@tinyxml2@@QAE@XZ 00401000 f   tinyxml2.obj
 0001:00000020       ?Reset@StrPair@tinyxml2@@AAEXXZ 00401020 f   tinyxml2.obj
 0001:00000080       ?SetStr@StrPair@tinyxml2@@QAEXPBDH@Z 00401080 f   tinyxml2.obj
 0001:00000100       ?ParseText@StrPair@tinyxml2@@QAEPADPADPBDH@Z 00401100 f   tinyxml2.obj
 0001:00000190       ?Set@StrPair@tinyxml2@@QAEXPAD0H@Z 00401190 f i tinyxml2.obj
 0001:000001d0       ?ParseName@StrPair@tinyxml2@@QAEPADPAD@Z 004011d0 f   tinyxml2.obj
 0001:00000270       ?IsNameStartChar@XMLUtil@tinyxml2@@SA_NE@Z 00401270 f i tinyxml2.obj
 0001:000002d0       ?IsNameChar@XMLUtil@tinyxml2@@SA_NE@Z 004012d0 f i tinyxml2.obj
 0001:00000330       ?CollapseWhitespace@StrPair@tinyxml2@@AAEXXZ 00401330 f   tinyxml2.obj
 0001:00000400       ?IsWhiteSpace@XMLUtil@tinyxml2@@SA_ND@Z 00401400 f i tinyxml2.obj
 0001:00000450       ?IsUTF8Continuation@XMLUtil@tinyxml2@@SAHD@Z 00401450 f i tinyxml2.obj
 0001:00000470       ?GetStr@StrPair@tinyxml2@@QAEPBDXZ 00401470 f   tinyxml2.obj
 0001:00000710       ?ReadBOM@XMLUtil@tinyxml2@@SAPBDPBDPA_N@Z 00401710 f   tinyxml2.obj
 0001:00000770       ?ConvertUTF32ToUTF8@XMLUtil@tinyxml2@@SAXKPADPAH@Z 00401770 f   tinyxml2.obj
 0001:00000900       ?GetCharacterRef@XMLUtil@tinyxml2@@SAPBDPBDPADPAH@Z 00401900 f   tinyxml2.obj
 0001:00000b30       ?StringEqual@XMLUtil@tinyxml2@@SA_NPBD0H@Z 00401b30 f i tinyxml2.obj
 0001:00000bc0       ?Identify@XMLDocument@tinyxml2@@QAEPADPADPAPAVXMLNode@2@@Z 00401bc0 f   tinyxml2.obj
 0001:00001050       ?SetCData@XMLText@tinyxml2@@QAEX_N@Z 00402050 f i tinyxml2.obj
 0001:00001070       ??0XMLText@tinyxml2@@IAE@PAVXMLDocument@1@@Z 00402070 f i tinyxml2.obj
 0001:000010b0       ??_GXMLText@tinyxml2@@MAEPAXI@Z 004020b0 f i tinyxml2.obj
 0001:000010b0       ??_EXMLText@tinyxml2@@MAEPAXI@Z 004020b0 f i tinyxml2.obj
 0001:000010f0       ??1XMLText@tinyxml2@@MAE@XZ 004020f0 f i tinyxml2.obj
 0001:00001120       ??2@YAPAXIPAX@Z            00402120 f i tinyxml2.obj
 0001:00001140       ??3@YAXPAX0@Z              00402140 f i tinyxml2.obj
 0001:00001150       ?Accept@XMLDocument@tinyxml2@@UBE_NPAVXMLVisitor@2@@Z 00402150 f   tinyxml2.obj
 0001:000011d0       ?FirstChild@XMLNode@tinyxml2@@QBEPBV12@XZ 004021d0 f i tinyxml2.obj
 0001:000011f0       ?NextSibling@XMLNode@tinyxml2@@QBEPBV12@XZ 004021f0 f i tinyxml2.obj
 0001:00001210       ??0XMLNode@tinyxml2@@IAE@PAVXMLDocument@1@@Z 00402210 f   tinyxml2.obj
 0001:00001290       ??0StrPair@tinyxml2@@QAE@XZ 00402290 f i tinyxml2.obj
 0001:000012d0       ?ToElement@XMLNode@tinyxml2@@UAEPAVXMLElement@2@XZ 004022d0 f i tinyxml2.obj
 0001:000012d0       ?ToUnknown@XMLNode@tinyxml2@@UBEPBVXMLUnknown@2@XZ 004022d0 f i tinyxml2.obj
 0001:000012d0       ?ToDocument@XMLNode@tinyxml2@@UBEPBVXMLDocument@2@XZ 004022d0 f i tinyxml2.obj
 0001:000012d0       ?ToDeclaration@XMLNode@tinyxml2@@UBEPBVXMLDeclaration@2@XZ 004022d0 f i tinyxml2.obj
 0001:000012d0       ?ToComment@XMLNode@tinyxml2@@UBEPBVXMLComment@2@XZ 004022d0 f i tinyxml2.obj
 0001:000012d0       ?ToDocument@XMLNode@tinyxml2@@UAEPAVXMLDocument@2@XZ 004022d0 f i tinyxml2.obj
 0001:000012d0       ?GetApplicationRecoveryParameter@CWinApp@@UAEPAXXZ 004022d0 f i AFCLoader.obj
 0001:000012d0       ?ToText@XMLNode@tinyxml2@@UAEPAVXMLText@2@XZ 004022d0 f i tinyxml2.obj
 0001:000012d0       ?ToUnknown@XMLNode@tinyxml2@@UAEPAVXMLUnknown@2@XZ 004022d0 f i tinyxml2.obj
 0001:000012d0       ?ToComment@XMLNode@tinyxml2@@UAEPAVXMLComment@2@XZ 004022d0 f i tinyxml2.obj
 0001:000012d0       ?ToDeclaration@XMLNode@tinyxml2@@UAEPAVXMLDeclaration@2@XZ 004022d0 f i tinyxml2.obj
 0001:000012d0       ?ToElement@XMLNode@tinyxml2@@UBEPBVXMLElement@2@XZ 004022d0 f i tinyxml2.obj
 0001:000012d0       ?GetApplicationRestartFlags@CWinApp@@UAEKXZ 004022d0 f i AFCLoader.obj
 0001:000012d0       ?ToText@XMLNode@tinyxml2@@UBEPBVXMLText@2@XZ 004022d0 f i tinyxml2.obj
 0001:000012f0       ??_GXMLNode@tinyxml2@@MAEPAXI@Z 004022f0 f i tinyxml2.obj
 0001:000012f0       ??_EXMLNode@tinyxml2@@MAEPAXI@Z 004022f0 f i tinyxml2.obj
 0001:00001330       ??1XMLNode@tinyxml2@@MAE@XZ 00402330 f   tinyxml2.obj
 0001:000013b0       ?Value@XMLNode@tinyxml2@@QBEPBDXZ 004023b0 f   tinyxml2.obj
 0001:000013d0       ?SetValue@XMLNode@tinyxml2@@QAEXPBD_N@Z 004023d0 f   tinyxml2.obj
 0001:00001410       ?SetInternedStr@StrPair@tinyxml2@@QAEXPBD@Z 00402410 f i tinyxml2.obj
 0001:00001440       ?DeleteChildren@XMLNode@tinyxml2@@QAEXXZ 00402440 f   tinyxml2.obj
 0001:000014c0       ?Unlink@XMLNode@tinyxml2@@AAEXPAV12@@Z 004024c0 f   tinyxml2.obj
 0001:00001550       ?InsertEndChild@XMLNode@tinyxml2@@QAEPAV12@PAV12@@Z 00402550 f   tinyxml2.obj
 0001:00001620       ?FirstChildElement@XMLNode@tinyxml2@@QBEPBVXMLElement@2@PBD@Z 00402620 f   tinyxml2.obj
 0001:000016a0       ?Name@XMLElement@tinyxml2@@QBEPBDXZ 004026a0 f i tinyxml2.obj
 0001:000016c0       ?NextSiblingElement@XMLNode@tinyxml2@@QBEPBVXMLElement@2@PBD@Z 004026c0 f   tinyxml2.obj
 0001:00001740       ?ParseDeep@XMLNode@tinyxml2@@UAEPADPADPAVStrPair@2@@Z 00402740 f   tinyxml2.obj
 0001:00001a60       ?Empty@StrPair@tinyxml2@@QBE_NXZ 00402a60 f i tinyxml2.obj
 0001:00001a90       ?ClosingType@XMLElement@tinyxml2@@QBEHXZ 00402a90 f i tinyxml2.obj
 0001:00001ab0       ?Error@XMLDocument@tinyxml2@@QBE_NXZ 00402ab0 f i tinyxml2.obj
 0001:00001ae0       ?ParseDeep@XMLText@tinyxml2@@UAEPADPADPAVStrPair@2@@Z 00402ae0 f   tinyxml2.obj
 0001:00001bd0       ?CData@XMLText@tinyxml2@@QBE_NXZ 00402bd0 f i tinyxml2.obj
 0001:00001bf0       ?ProcessEntities@XMLDocument@tinyxml2@@QBE_NXZ 00402bf0 f i tinyxml2.obj
 0001:00001c10       ?WhitespaceMode@XMLDocument@tinyxml2@@QBE?AW4Whitespace@2@XZ 00402c10 f i tinyxml2.obj
 0001:00001c30       ?ShallowClone@XMLText@tinyxml2@@UBEPAVXMLNode@2@PAVXMLDocument@2@@Z 00402c30 f   tinyxml2.obj
 0001:00001c80       ?ShallowEqual@XMLText@tinyxml2@@UBE_NPBVXMLNode@2@@Z 00402c80 f   tinyxml2.obj
 0001:00001cf0       ?Accept@XMLText@tinyxml2@@UBE_NPAVXMLVisitor@2@@Z 00402cf0 f   tinyxml2.obj
 0001:00001d20       ??0XMLComment@tinyxml2@@IAE@PAVXMLDocument@1@@Z 00402d20 f   tinyxml2.obj
 0001:00001d50       ??_GXMLComment@tinyxml2@@MAEPAXI@Z 00402d50 f i tinyxml2.obj
 0001:00001d50       ??_EXMLComment@tinyxml2@@MAEPAXI@Z 00402d50 f i tinyxml2.obj
 0001:00001d90       ??1XMLComment@tinyxml2@@MAE@XZ 00402d90 f   tinyxml2.obj
 0001:00001dc0       ?ParseDeep@XMLComment@tinyxml2@@UAEPADPADPAVStrPair@2@@Z 00402dc0 f   tinyxml2.obj
 0001:00001e10       ?ShallowClone@XMLComment@tinyxml2@@UBEPAVXMLNode@2@PAVXMLDocument@2@@Z 00402e10 f   tinyxml2.obj
 0001:00001e50       ?ShallowEqual@XMLComment@tinyxml2@@UBE_NPBVXMLNode@2@@Z 00402e50 f   tinyxml2.obj
 0001:00001ec0       ?Accept@XMLComment@tinyxml2@@UBE_NPAVXMLVisitor@2@@Z 00402ec0 f   tinyxml2.obj
 0001:00001ef0       ??0XMLDeclaration@tinyxml2@@IAE@PAVXMLDocument@1@@Z 00402ef0 f   tinyxml2.obj
 0001:00001f20       ??_GXMLDeclaration@tinyxml2@@MAEPAXI@Z 00402f20 f i tinyxml2.obj
 0001:00001f20       ??_EXMLDeclaration@tinyxml2@@MAEPAXI@Z 00402f20 f i tinyxml2.obj
 0001:00001f60       ??1XMLDeclaration@tinyxml2@@MAE@XZ 00402f60 f   tinyxml2.obj
 0001:00001f90       ?ParseDeep@XMLDeclaration@tinyxml2@@UAEPADPADPAVStrPair@2@@Z 00402f90 f   tinyxml2.obj
 0001:00001fe0       ?ShallowClone@XMLDeclaration@tinyxml2@@UBEPAVXMLNode@2@PAVXMLDocument@2@@Z 00402fe0 f   tinyxml2.obj
 0001:00002020       ?ShallowEqual@XMLDeclaration@tinyxml2@@UBE_NPBVXMLNode@2@@Z 00403020 f   tinyxml2.obj
 0001:00002090       ?Accept@XMLDeclaration@tinyxml2@@UBE_NPAVXMLVisitor@2@@Z 00403090 f   tinyxml2.obj
 0001:000020c0       ??0XMLUnknown@tinyxml2@@IAE@PAVXMLDocument@1@@Z 004030c0 f   tinyxml2.obj
 0001:000020f0       ??0ManageInfoStruct@@QAE@XZ 004030f0 f i ServiceManage.obj
 0001:000020f0       ?ToDocument@XMLDocument@tinyxml2@@UAEPAV12@XZ 004030f0 f i tinyxml2.obj
 0001:000020f0       ??0CObject@@IAE@XZ         004030f0 f i MainFrm.obj
 0001:000020f0       ?ToElement@XMLElement@tinyxml2@@UBEPBV12@XZ 004030f0 f i tinyxml2.obj
 0001:000020f0       ??0CGameSelecter@@QAE@XZ   004030f0 f i GameSelect.obj
 0001:000020f0       ?ToUnknown@XMLUnknown@tinyxml2@@UAEPAV12@XZ 004030f0 f i tinyxml2.obj
 0001:000020f0       ?ToComment@XMLComment@tinyxml2@@UBEPBV12@XZ 004030f0 f i tinyxml2.obj
 0001:000020f0       ?ToElement@XMLElement@tinyxml2@@UAEPAV12@XZ 004030f0 f i tinyxml2.obj
 0001:000020f0       ?ToComment@XMLComment@tinyxml2@@UAEPAV12@XZ 004030f0 f i tinyxml2.obj
 0001:000020f0       ?ToDeclaration@XMLDeclaration@tinyxml2@@UAEPAV12@XZ 004030f0 f i tinyxml2.obj
 0001:000020f0       ?ToDocument@XMLDocument@tinyxml2@@UBEPBV12@XZ 004030f0 f i tinyxml2.obj
 0001:000020f0       ?ToText@XMLText@tinyxml2@@UBEPBV12@XZ 004030f0 f i tinyxml2.obj
 0001:000020f0       ?ToText@XMLText@tinyxml2@@UAEPAV12@XZ 004030f0 f i tinyxml2.obj
 0001:000020f0       ?ToUnknown@XMLUnknown@tinyxml2@@UBEPBV12@XZ 004030f0 f i tinyxml2.obj
 0001:000020f0       ?ToDeclaration@XMLDeclaration@tinyxml2@@UBEPBV12@XZ 004030f0 f i tinyxml2.obj
 0001:00002110       ??_GXMLUnknown@tinyxml2@@MAEPAXI@Z 00403110 f i tinyxml2.obj
 0001:00002110       ??_EXMLUnknown@tinyxml2@@MAEPAXI@Z 00403110 f i tinyxml2.obj
 0001:00002150       ??1XMLUnknown@tinyxml2@@MAE@XZ 00403150 f   tinyxml2.obj
 0001:00002180       ?ParseDeep@XMLUnknown@tinyxml2@@UAEPADPADPAVStrPair@2@@Z 00403180 f   tinyxml2.obj
 0001:000021d0       ?ShallowClone@XMLUnknown@tinyxml2@@UBEPAVXMLNode@2@PAVXMLDocument@2@@Z 004031d0 f   tinyxml2.obj
 0001:00002210       ?ShallowEqual@XMLUnknown@tinyxml2@@UBE_NPBVXMLNode@2@@Z 00403210 f   tinyxml2.obj
 0001:00002280       ?Accept@XMLUnknown@tinyxml2@@UBE_NPAVXMLVisitor@2@@Z 00403280 f   tinyxml2.obj
 0001:000022b0       ?Name@XMLAttribute@tinyxml2@@QBEPBDXZ 004032b0 f   tinyxml2.obj
 0001:000022d0       ?Value@XMLAttribute@tinyxml2@@QBEPBDXZ 004032d0 f   tinyxml2.obj
 0001:000022f0       ?ParseDeep@XMLAttribute@tinyxml2@@AAEPADPAD_N@Z 004032f0 f   tinyxml2.obj
 0001:000023c0       ?SetName@XMLAttribute@tinyxml2@@AAEXPBD@Z 004033c0 f   tinyxml2.obj
 0001:000023f0       ?SetAttribute@XMLAttribute@tinyxml2@@QAEXPBD@Z 004033f0 f   tinyxml2.obj
 0001:00002420       ??0XMLElement@tinyxml2@@AAE@PAVXMLDocument@1@@Z 00403420 f   tinyxml2.obj
 0001:00002470       ??_GXMLElement@tinyxml2@@EAEPAXI@Z 00403470 f i tinyxml2.obj
 0001:00002470       ??_EXMLElement@tinyxml2@@EAEPAXI@Z 00403470 f i tinyxml2.obj
 0001:000024b0       ??1XMLElement@tinyxml2@@EAE@XZ 004034b0 f   tinyxml2.obj
 0001:00002570       ?FindAttribute@XMLElement@tinyxml2@@QBEPBVXMLAttribute@2@PBD@Z 00403570 f   tinyxml2.obj
 0001:000025d0       ?Attribute@XMLElement@tinyxml2@@QBEPBDPBD0@Z 004035d0 f   tinyxml2.obj
 0001:00002640       ?FindOrCreateAttribute@XMLElement@tinyxml2@@AAEPAVXMLAttribute@2@PBD@Z 00403640 f   tinyxml2.obj
 0001:000027a0       ??0XMLAttribute@tinyxml2@@AAE@XZ 004037a0 f i tinyxml2.obj
 0001:00002830       ??_GXMLAttribute@tinyxml2@@EAEPAXI@Z 00403830 f i tinyxml2.obj
 0001:00002830       ??_EXMLAttribute@tinyxml2@@EAEPAXI@Z 00403830 f i tinyxml2.obj
 0001:00002870       ??1XMLAttribute@tinyxml2@@EAE@XZ 00403870 f i tinyxml2.obj
 0001:000028e0       ?ParseAttributes@XMLElement@tinyxml2@@AAEPADPAD@Z 004038e0 f   tinyxml2.obj
 0001:00002b30       ?ParseDeep@XMLElement@tinyxml2@@UAEPADPADPAVStrPair@2@@Z 00403b30 f   tinyxml2.obj
 0001:00002bf0       ?ShallowClone@XMLElement@tinyxml2@@UBEPAVXMLNode@2@PAVXMLDocument@2@@Z 00403bf0 f   tinyxml2.obj
 0001:00002c70       ?Next@XMLAttribute@tinyxml2@@QBEPBV12@XZ 00403c70 f i tinyxml2.obj
 0001:00002c90       ?SetAttribute@XMLElement@tinyxml2@@QAEXPBD0@Z 00403c90 f i tinyxml2.obj
 0001:00002cc0       ?ShallowEqual@XMLElement@tinyxml2@@UBE_NPBVXMLNode@2@@Z 00403cc0 f   tinyxml2.obj
 0001:00002d90       ?Accept@XMLElement@tinyxml2@@UBE_NPAVXMLVisitor@2@@Z 00403d90 f   tinyxml2.obj
 0001:00002e10       ??0XMLDocument@tinyxml2@@QAE@_NW4Whitespace@1@@Z 00403e10 f   tinyxml2.obj
 0001:00002f00       ?ShallowClone@XMLDocument@tinyxml2@@UBEPAVXMLNode@2@PAV12@@Z 00403f00 f i tinyxml2.obj
 0001:00002f20       ?ShallowEqual@XMLDocument@tinyxml2@@UBE_NPBVXMLNode@2@@Z 00403f20 f i tinyxml2.obj
 0001:00002f40       ??_EXMLDocument@tinyxml2@@UAEPAXI@Z 00403f40 f i tinyxml2.obj
 0001:00002f40       ??_GXMLDocument@tinyxml2@@UAEPAXI@Z 00403f40 f i tinyxml2.obj
 0001:00002f80       ??1XMLDocument@tinyxml2@@UAE@XZ 00403f80 f   tinyxml2.obj
 0001:00003040       ?Clear@XMLDocument@tinyxml2@@QAEXXZ 00404040 f   tinyxml2.obj
 0001:000030a0       ?NewElement@XMLDocument@tinyxml2@@QAEPAVXMLElement@2@PBD@Z 004040a0 f   tinyxml2.obj
 0001:00003160       ?SetName@XMLElement@tinyxml2@@QAEXPBD_N@Z 00404160 f i tinyxml2.obj
 0001:00003190       ?NewComment@XMLDocument@tinyxml2@@QAEPAVXMLComment@2@PBD@Z 00404190 f   tinyxml2.obj
 0001:00003260       ?NewText@XMLDocument@tinyxml2@@QAEPAVXMLText@2@PBD@Z 00404260 f   tinyxml2.obj
 0001:00003330       ?NewDeclaration@XMLDocument@tinyxml2@@QAEPAVXMLDeclaration@2@PBD@Z 00404330 f   tinyxml2.obj
 0001:00003410       ?NewUnknown@XMLDocument@tinyxml2@@QAEPAVXMLUnknown@2@PBD@Z 00404410 f   tinyxml2.obj
 0001:000034e0       ?LoadFile@XMLDocument@tinyxml2@@QAE?AW4XMLError@2@PBD@Z 004044e0 f   tinyxml2.obj
 0001:00003560       ?LoadFile@XMLDocument@tinyxml2@@QAE?AW4XMLError@2@PAU_iobuf@@@Z 00404560 f   tinyxml2.obj
 0001:00003700       ?SkipWhiteSpace@XMLUtil@tinyxml2@@SAPADPAD@Z 00404700 f i tinyxml2.obj
 0001:00003700       ?SkipWhiteSpace@XMLUtil@tinyxml2@@SAPBDPBD@Z 00404700 f i tinyxml2.obj
 0001:00003750       ?SetError@XMLDocument@tinyxml2@@QAEXW4XMLError@2@PBD1@Z 00404750 f   tinyxml2.obj
 0001:00003780       ??0?$MemPoolT@$0DE@@tinyxml2@@QAE@XZ 00404780 f i tinyxml2.obj
 0001:00003820       ??0MemPool@tinyxml2@@QAE@XZ 00404820 f i tinyxml2.obj
 0001:00003840       ??1MemPool@tinyxml2@@UAE@XZ 00404840 f i tinyxml2.obj
 0001:00003860       ??_EMemPool@tinyxml2@@UAEPAXI@Z 00404860 f i tinyxml2.obj
 0001:00003860       ??_GMemPool@tinyxml2@@UAEPAXI@Z 00404860 f i tinyxml2.obj
 0001:000038a0       ??1?$MemPoolT@$0DE@@tinyxml2@@UAE@XZ 004048a0 f i tinyxml2.obj
 0001:00003950       ?ItemSize@?$MemPoolT@$0DE@@tinyxml2@@UBEHXZ 00404950 f i tinyxml2.obj
 0001:00003970       ?Alloc@?$MemPoolT@$0DE@@tinyxml2@@UAEPAXXZ 00404970 f i tinyxml2.obj
 0001:00003a90       ??0?$MemPoolT@$0CE@@tinyxml2@@QAE@XZ 00404a90 f i tinyxml2.obj
 0001:00003b30       ??1?$MemPoolT@$0CE@@tinyxml2@@UAE@XZ 00404b30 f i tinyxml2.obj
 0001:00003be0       ?ItemSize@?$MemPoolT@$0CE@@tinyxml2@@UBEHXZ 00404be0 f i tinyxml2.obj
 0001:00003c00       ?Alloc@?$MemPoolT@$0CE@@tinyxml2@@UAEPAXXZ 00404c00 f i tinyxml2.obj
 0001:00003d20       ??0?$MemPoolT@$0DA@@tinyxml2@@QAE@XZ 00404d20 f i tinyxml2.obj
 0001:00003dc0       ??1?$MemPoolT@$0DA@@tinyxml2@@UAE@XZ 00404dc0 f i tinyxml2.obj
 0001:00003e70       ?ItemSize@?$MemPoolT@$0DA@@tinyxml2@@UBEHXZ 00404e70 f i tinyxml2.obj
 0001:00003e90       ?Alloc@?$MemPoolT@$0DA@@tinyxml2@@UAEPAXXZ 00404e90 f i tinyxml2.obj
 0001:00003fb0       ?Free@?$MemPoolT@$0CM@@tinyxml2@@UAEXPAX@Z 00404fb0 f i tinyxml2.obj
 0001:00003fb0       ?Free@?$MemPoolT@$0DE@@tinyxml2@@UAEXPAX@Z 00404fb0 f i tinyxml2.obj
 0001:00003fb0       ?Free@?$MemPoolT@$0CE@@tinyxml2@@UAEXPAX@Z 00404fb0 f i tinyxml2.obj
 0001:00003fb0       ?Free@?$MemPoolT@$0DA@@tinyxml2@@UAEXPAX@Z 00404fb0 f i tinyxml2.obj
 0001:00004000       ?SetTracked@?$MemPoolT@$0CE@@tinyxml2@@UAEXXZ 00405000 f i tinyxml2.obj
 0001:00004000       ?SetTracked@?$MemPoolT@$0DA@@tinyxml2@@UAEXXZ 00405000 f i tinyxml2.obj
 0001:00004000       ?SetTracked@?$MemPoolT@$0DE@@tinyxml2@@UAEXXZ 00405000 f i tinyxml2.obj
 0001:00004000       ?SetTracked@?$MemPoolT@$0CM@@tinyxml2@@UAEXXZ 00405000 f i tinyxml2.obj
 0001:00004030       ??0?$MemPoolT@$0CM@@tinyxml2@@QAE@XZ 00405030 f i tinyxml2.obj
 0001:000040d0       ??1?$MemPoolT@$0CM@@tinyxml2@@UAE@XZ 004050d0 f i tinyxml2.obj
 0001:00004180       ?ItemSize@?$MemPoolT@$0CM@@tinyxml2@@UBEHXZ 00405180 f i tinyxml2.obj
 0001:000041a0       ?Alloc@?$MemPoolT@$0CM@@tinyxml2@@UAEPAXXZ 004051a0 f i tinyxml2.obj
 0001:000042c0       ??_E?$MemPoolT@$0DE@@tinyxml2@@UAEPAXI@Z 004052c0 f i tinyxml2.obj
 0001:000042c0       ??_G?$MemPoolT@$0DE@@tinyxml2@@UAEPAXI@Z 004052c0 f i tinyxml2.obj
 0001:00004300       ??_E?$MemPoolT@$0CE@@tinyxml2@@UAEPAXI@Z 00405300 f i tinyxml2.obj
 0001:00004300       ??_G?$MemPoolT@$0CE@@tinyxml2@@UAEPAXI@Z 00405300 f i tinyxml2.obj
 0001:00004340       ??_E?$MemPoolT@$0DA@@tinyxml2@@UAEPAXI@Z 00405340 f i tinyxml2.obj
 0001:00004340       ??_G?$MemPoolT@$0DA@@tinyxml2@@UAEPAXI@Z 00405340 f i tinyxml2.obj
 0001:00004380       ??_G?$MemPoolT@$0CM@@tinyxml2@@UAEPAXI@Z 00405380 f i tinyxml2.obj
 0001:00004380       ??_E?$MemPoolT@$0CM@@tinyxml2@@UAEPAXI@Z 00405380 f i tinyxml2.obj
 0001:000043c0       ?Push@?$DynArray@PAUBlock@?$MemPoolT@$0DA@@tinyxml2@@$09@tinyxml2@@QAEXPAUBlock@?$MemPoolT@$0DA@@2@@Z 004053c0 f i tinyxml2.obj
 0001:000043c0       ?Push@?$DynArray@PAUBlock@?$MemPoolT@$0CM@@tinyxml2@@$09@tinyxml2@@QAEXPAUBlock@?$MemPoolT@$0CM@@2@@Z 004053c0 f i tinyxml2.obj
 0001:000043c0       ?Push@?$DynArray@PAUBlock@?$MemPoolT@$0CE@@tinyxml2@@$09@tinyxml2@@QAEXPAUBlock@?$MemPoolT@$0CE@@2@@Z 004053c0 f i tinyxml2.obj
 0001:000043c0       ?Push@?$DynArray@PAUBlock@?$MemPoolT@$0DE@@tinyxml2@@$09@tinyxml2@@QAEXPAUBlock@?$MemPoolT@$0DE@@2@@Z 004053c0 f i tinyxml2.obj
 0001:00004410       ??A?$DynArray@PAUBlock@?$MemPoolT@$0CE@@tinyxml2@@$09@tinyxml2@@QAEAAPAUBlock@?$MemPoolT@$0CE@@1@H@Z 00405410 f i tinyxml2.obj
 0001:00004410       ??A?$DynArray@PAUBlock@?$MemPoolT@$0DA@@tinyxml2@@$09@tinyxml2@@QAEAAPAUBlock@?$MemPoolT@$0DA@@1@H@Z 00405410 f i tinyxml2.obj
 0001:00004410       ??A?$DynArray@PAUBlock@?$MemPoolT@$0DE@@tinyxml2@@$09@tinyxml2@@QAEAAPAUBlock@?$MemPoolT@$0DE@@1@H@Z 00405410 f i tinyxml2.obj
 0001:00004410       ??A?$DynArray@PAUBlock@?$MemPoolT@$0CM@@tinyxml2@@$09@tinyxml2@@QAEAAPAUBlock@?$MemPoolT@$0CM@@1@H@Z 00405410 f i tinyxml2.obj
 0001:00004430       ?Size@?$DynArray@PAUBlock@?$MemPoolT@$0DA@@tinyxml2@@$09@tinyxml2@@QBEHXZ 00405430 f i tinyxml2.obj
 0001:00004430       ?Size@?$DynArray@PAUBlock@?$MemPoolT@$0CE@@tinyxml2@@$09@tinyxml2@@QBEHXZ 00405430 f i tinyxml2.obj
 0001:00004430       ?Size@?$DynArray@PAUBlock@?$MemPoolT@$0CM@@tinyxml2@@$09@tinyxml2@@QBEHXZ 00405430 f i tinyxml2.obj
 0001:00004430       ?FirstAttribute@XMLElement@tinyxml2@@QBEPBVXMLAttribute@2@XZ 00405430 f i tinyxml2.obj
 0001:00004430       ?Size@?$DynArray@PAUBlock@?$MemPoolT@$0DE@@tinyxml2@@$09@tinyxml2@@QBEHXZ 00405430 f i tinyxml2.obj
 0001:00004450       ??0?$DynArray@PAUBlock@?$MemPoolT@$0DE@@tinyxml2@@$09@tinyxml2@@QAE@XZ 00405450 f i tinyxml2.obj
 0001:00004450       ??0?$DynArray@PAUBlock@?$MemPoolT@$0CM@@tinyxml2@@$09@tinyxml2@@QAE@XZ 00405450 f i tinyxml2.obj
 0001:00004450       ??0?$DynArray@PAUBlock@?$MemPoolT@$0DA@@tinyxml2@@$09@tinyxml2@@QAE@XZ 00405450 f i tinyxml2.obj
 0001:00004450       ??0?$DynArray@PAUBlock@?$MemPoolT@$0CE@@tinyxml2@@$09@tinyxml2@@QAE@XZ 00405450 f i tinyxml2.obj
 0001:00004490       ??1?$DynArray@PAUBlock@?$MemPoolT@$0DE@@tinyxml2@@$09@tinyxml2@@QAE@XZ 00405490 f i tinyxml2.obj
 0001:00004490       ??1?$DynArray@PAUBlock@?$MemPoolT@$0CM@@tinyxml2@@$09@tinyxml2@@QAE@XZ 00405490 f i tinyxml2.obj
 0001:00004490       ??1?$DynArray@PAUBlock@?$MemPoolT@$0DA@@tinyxml2@@$09@tinyxml2@@QAE@XZ 00405490 f i tinyxml2.obj
 0001:00004490       ??1?$DynArray@PAUBlock@?$MemPoolT@$0CE@@tinyxml2@@$09@tinyxml2@@QAE@XZ 00405490 f i tinyxml2.obj
 0001:000044d0       ?EnsureCapacity@?$DynArray@PAUBlock@?$MemPoolT@$0DE@@tinyxml2@@$09@tinyxml2@@AAEXH@Z 004054d0 f i tinyxml2.obj
 0001:000044d0       ?EnsureCapacity@?$DynArray@PAUBlock@?$MemPoolT@$0CM@@tinyxml2@@$09@tinyxml2@@AAEXH@Z 004054d0 f i tinyxml2.obj
 0001:000044d0       ?EnsureCapacity@?$DynArray@PAUBlock@?$MemPoolT@$0DA@@tinyxml2@@$09@tinyxml2@@AAEXH@Z 004054d0 f i tinyxml2.obj
 0001:000044d0       ?EnsureCapacity@?$DynArray@PAUBlock@?$MemPoolT@$0CE@@tinyxml2@@$09@tinyxml2@@AAEXH@Z 004054d0 f i tinyxml2.obj
 0001:00004570       ??3CObject@@SGXPAX@Z       00405570 f i AddRoomDialog.obj
 0001:00004590       ?DoDataExchange@CWnd@@MAEXPAVCDataExchange@@@Z 00405590 f i AddRoomDialog.obj
 0001:00004590       ?Serialize@CObject@@UAEXAAVCArchive@@@Z 00405590 f i AddRoomDialog.obj
 0001:00004590       ?Dump@CObject@@UBEXAAVCDumpContext@@@Z 00405590 f i AddRoomDialog.obj
 0001:000045b0       ?BeginModalState@CWnd@@UAEXXZ 004055b0 f i AddRoomDialog.obj
 0001:000045e0       ?EndModalState@CWnd@@UAEXXZ 004055e0 f i AddRoomDialog.obj
 0001:00004610       ?Create@CDialog@@UAEHIPAVCWnd@@@Z 00405610 f i AddRoomDialog.obj
 0001:00004640       ?GetMessageMap@CAFCLoaderApp@@MBEPBUAFX_MSGMAP@@XZ 00405640 f   AFCLoader.obj
 0001:00004660       ?GetThisMessageMap@CAFCLoaderApp@@KGPBUAFX_MSGMAP@@XZ 00405660 f   AFCLoader.obj
 0001:00004680       ?MyUnhandledExceptionFilter@@YGJPAU_EXCEPTION_POINTERS@@@Z 00405680 f   AFCLoader.obj
 0001:00004820       ?CreateMiniDump@@YAXPAU_EXCEPTION_POINTERS@@PBD@Z 00405820 f i AFCLoader.obj
 0001:000048c0       ?MiniDumpCallback@@YGHPAXQAU_MINIDUMP_CALLBACK_INPUT@@PAU_MINIDUMP_CALLBACK_OUTPUT@@@Z 004058c0 f i AFCLoader.obj
 0001:00004940       ?IsDataSectionNeeded@@YAHPB_W@Z 00405940 f i AFCLoader.obj
 0001:000049d0       ?DisableSetUnhandledExceptionFilter@@YAXXZ 004059d0 f   AFCLoader.obj
 0001:00004ac0       ?InitMinDump@@YAXXZ        00405ac0 f   AFCLoader.obj
 0001:00004ae0       ??0CAFCLoaderApp@@QAE@XZ   00405ae0 f   AFCLoader.obj
 0001:00004b10       ??_ECAFCLoaderApp@@UAEPAXI@Z 00405b10 f i AFCLoader.obj
 0001:00004b10       ??_GCAFCLoaderApp@@UAEPAXI@Z 00405b10 f i AFCLoader.obj
 0001:00004b50       ??1CAFCLoaderApp@@UAE@XZ   00405b50 f i AFCLoader.obj
 0001:00004b70       ?CheckBanBen@CAFCLoaderApp@@QAE_NXZ 00405b70 f   AFCLoader.obj
 0001:00004db0       ?InitInstance@CAFCLoaderApp@@UAEHXZ 00405db0 f   AFCLoader.obj
 0001:00004f70       ??0CTimeSpan@ATL@@QAE@XZ   00405f70 f i AFCLoader.obj
 0001:00004fa0       ?GetDays@CTimeSpan@ATL@@QBE_JXZ 00405fa0 f i AFCLoader.obj
 0001:00004fd0       ?GetTickCount@CTime@ATL@@SG?AV12@XZ 00405fd0 f i AFCLoader.obj
 0001:00005000       ??0CTime@ATL@@QAE@HHHHHHH@Z 00406000 f i AFCLoader.obj
 0001:00005240       ?AtlThrowImpl@ATL@@YGXJ@Z  00406240 f i AFCLoader.obj
 0001:00005270       ??GCTime@ATL@@QBE?AVCTimeSpan@1@V01@@Z 00406270 f i AFCLoader.obj
 0001:000052a0       ??0CTimeSpan@ATL@@QAE@_J@Z 004062a0 f i AFCLoader.obj
 0001:000052a0       ??0CTime@ATL@@QAE@_J@Z     004062a0 f i AFCLoader.obj
 0001:000052d0       ??OCTime@ATL@@QBE_NV01@@Z  004062d0 f i AFCLoader.obj
 0001:00005320       ?GetYear@CTime@ATL@@QBEHXZ 00406320 f i AFCLoader.obj
 0001:00005380       ?GetLocalTm@CTime@ATL@@QBEPAUtm@@PAU3@@Z 00406380 f i AFCLoader.obj
 0001:00005410       ?GetMonth@CTime@ATL@@QBEHXZ 00406410 f i AFCLoader.obj
 0001:00005470       ?GetDay@CTime@ATL@@QBEHXZ  00406470 f i AFCLoader.obj
 0001:000054d0       ?GetHour@CTime@ATL@@QBEHXZ 004064d0 f i AFCLoader.obj
 0001:00005530       ?GetMinute@CTime@ATL@@QBEHXZ 00406530 f i AFCLoader.obj
 0001:00005590       ?GetSecond@CTime@ATL@@QBEHXZ 00406590 f i AFCLoader.obj
 0001:000055e0       ??2CObject@@SGPAXI@Z       004065e0 f i AFCLoader.obj
 0001:00005600       ?SupportsRestartManager@CWinApp@@UBEHXZ 00406600 f i AFCLoader.obj
 0001:00005620       ?SupportsApplicationRecovery@CWinApp@@UBEHXZ 00406620 f i AFCLoader.obj
 0001:00005640       ?SupportsAutosaveAtRestart@CWinApp@@UBEHXZ 00406640 f i AFCLoader.obj
 0001:00005660       ?SupportsAutosaveAtInterval@CWinApp@@UBEHXZ 00406660 f i AFCLoader.obj
 0001:00005680       ?ReopenPreviousFilesAtRestart@CWinApp@@UBEHXZ 00406680 f i AFCLoader.obj
 0001:000056a0       ?RestoreAutosavedFilesAtRestart@CWinApp@@UBEHXZ 004066a0 f i AFCLoader.obj
 0001:000056c0       ?GetApplicationRecoveryPingInterval@CWinApp@@UAEKXZ 004066c0 f i AFCLoader.obj
 0001:000056e0       ?AfxGetInstanceHandle@@YGPAUHINSTANCE__@@XZ 004066e0 f i AFCLoader.obj
 0001:00005700       ?GetMessageMap@CChildView@@MBEPBUAFX_MSGMAP@@XZ 00406700 f   ChildView.obj
 0001:00005720       ?GetThisMessageMap@CChildView@@KGPBUAFX_MSGMAP@@XZ 00406720 f   ChildView.obj
 0001:00005740       ??0CChildView@@QAE@XZ      00406740 f   ChildView.obj
 0001:000057b0       ??_GCChildView@@UAEPAXI@Z  004067b0 f i ChildView.obj
 0001:000057b0       ??_ECChildView@@UAEPAXI@Z  004067b0 f i ChildView.obj
 0001:000057f0       ??1CChildView@@UAE@XZ      004067f0 f   ChildView.obj
 0001:00005860       ?PreCreateWindow@CChildView@@MAEHAAUtagCREATESTRUCTA@@@Z 00406860 f   ChildView.obj
 0001:000058e0       ?OnPaint@CChildView@@IAEXXZ 004068e0 f   ChildView.obj
 0001:00005920       ?OnCreate@CChildView@@IAEHPAUtagCREATESTRUCTA@@@Z 00406920 f   ChildView.obj
 0001:00005a30       ?OnSize@CChildView@@IAEXIHH@Z 00406a30 f   ChildView.obj
 0001:00005a80       ??0CRect@@QAE@HHHH@Z       00406a80 f i ChildView.obj
 0001:00005ac0       ?OnCreate@CWnd@@IAEHPAUtagCREATESTRUCTA@@@Z 00406ac0 f i ChildView.obj
 0001:00005ac0       ?OnTimer@CWnd@@IAEXI@Z     00406ac0 f i ServiceControl.obj
 0001:00005ae0       ?OnSize@CWnd@@IAEXIHH@Z    00406ae0 f i ChildView.obj
 0001:00005b00       ??0CStatic@@QAE@XZ         00406b00 f i ChildView.obj
 0001:00005b30       ??_ECStatic@@UAEPAXI@Z     00406b30 f i ChildView.obj
 0001:00005b30       ??_GCStatic@@UAEPAXI@Z     00406b30 f i ChildView.obj
 0001:00005b70       ?GameIsUsable@CGameSelecter@@QAEHI@Z 00406b70 f   GameSelect.obj
 0001:00005bc0       ?FreeGameIsUsable@CGameSelecter@@AAEHI@Z 00406bc0 f   GameSelect.obj
 0001:00005c40       ?PayGameIsUsable@CGameSelecter@@AAEHI@Z 00406c40 f   GameSelect.obj
 0001:00005cc0       ?GetNameIDFromFreeTable@CGameSelecter@@AAEII@Z 00406cc0 f   GameSelect.obj
 0001:00005e00       ?GetNameIDFromPayTable@CGameSelecter@@AAEII@Z 00406e00 f   GameSelect.obj
 0001:00005f40       ?Decode@CGameSelecter@@AAEEE@Z 00406f40 f   GameSelect.obj
 0001:00005f70       ?_GetBaseClass@CMainFrame@@KGPAUCRuntimeClass@@XZ 00406f70 f   MainFrm.obj
 0001:00005f90       ?GetRuntimeClass@CMainFrame@@UBEPAUCRuntimeClass@@XZ 00406f90 f   MainFrm.obj
 0001:00005fb0       ?GetMessageMap@CMainFrame@@MBEPBUAFX_MSGMAP@@XZ 00406fb0 f   MainFrm.obj
 0001:00005fd0       ?GetThisMessageMap@CMainFrame@@KGPBUAFX_MSGMAP@@XZ 00406fd0 f   MainFrm.obj
 0001:00005ff0       ??0CMainFrame@@QAE@XZ      00406ff0 f   MainFrm.obj
 0001:000060a0       ??_ECMainFrame@@UAEPAXI@Z  004070a0 f i MainFrm.obj
 0001:000060a0       ??_GCMainFrame@@UAEPAXI@Z  004070a0 f i MainFrm.obj
 0001:000060e0       ??0IMessageShow@@QAE@XZ    004070e0 f i MainFrm.obj
 0001:00006100       ??1CMainFrame@@UAE@XZ      00407100 f   MainFrm.obj
 0001:00006190       ?OnCreate@CMainFrame@@QAEHPAUtagCREATESTRUCTA@@@Z 00407190 f   MainFrm.obj
 0001:00006380       ?PreTranslateMessage@CMainFrame@@UAEHPAUtagMSG@@@Z 00407380 f   MainFrm.obj
 0001:00006470       ?PreCreateWindow@CMainFrame@@UAEHAAUtagCREATESTRUCTA@@@Z 00407470 f   MainFrm.obj
 0001:000064d0       ?OnSetFocus@CMainFrame@@QAEXPAVCWnd@@@Z 004074d0 f   MainFrm.obj
 0001:00006500       ?OnCmdMsg@CMainFrame@@UAEHIHPAXPAUAFX_CMDHANDLERINFO@@@Z 00407500 f   MainFrm.obj
 0001:00006560       ?OnMouseHover@CMainFrame@@QAEJIJ@Z 00407560 f   MainFrm.obj
 0001:00006580       ?OnMouseLeave@CMainFrame@@QAEJIJ@Z 00407580 f   MainFrm.obj
 0001:00006630       ?OnTrayIconNotify@CMainFrame@@QAEJIJ@Z 00407630 f   MainFrm.obj
 0001:000067c0       ?OnSize@CMainFrame@@QAEXIHH@Z 004077c0 f   MainFrm.obj
 0001:00006800       ?OnLogonSystem@CMainFrame@@QAEXXZ 00407800 f   MainFrm.obj
 0001:00006830       ?ShowMessage@CMainFrame@@UAE_NPBD@Z 00407830 f   MainFrm.obj
 0001:00006860       ?OnGetRoomList@CMainFrame@@QAEXXZ 00407860 f   MainFrm.obj
 0001:000068a0       ?OnCreateTray@CMainFrame@@QAEJIJ@Z 004078a0 f   MainFrm.obj
 0001:000068e0       ??0CPoint@@QAE@XZ          004078e0 f i MainFrm.obj
 0001:00006910       ?AfxGetApp@@YGPAVCWinApp@@XZ 00407910 f i MainFrm.obj
 0001:00006930       ?AfxGetMainWnd@@YGPAVCWnd@@XZ 00407930 f i MainFrm.obj
 0001:00006970       ??0CMenu@@QAE@XZ           00407970 f i MainFrm.obj
 0001:000069b0       ??_GCMenu@@UAEPAXI@Z       004079b0 f i MainFrm.obj
 0001:000069b0       ??_ECMenu@@UAEPAXI@Z       004079b0 f i MainFrm.obj
 0001:000069f0       ??1CMenu@@UAE@XZ           004079f0 f i MainFrm.obj
 0001:00006a60       ?GetSafeHmenu@CMenu@@QBEPAUHMENU__@@XZ 00407a60 f i MainFrm.obj
 0001:00006a90       ?EnableMenuItem@CMenu@@QAEIII@Z 00407a90 f i MainFrm.obj
 0001:00006ac0       ?GetSubMenu@CMenu@@QBEPAV1@H@Z 00407ac0 f i MainFrm.obj
 0001:00006af0       ?LoadMenuA@CMenu@@QAEHI@Z  00407af0 f i MainFrm.obj
 0001:00006b30       ?GetSafeHwnd@CWnd@@QBEPAUHWND__@@XZ 00407b30 f i MainFrm.obj
 0001:00006b60       ?PostMessageA@CWnd@@QAEHIIJ@Z 00407b60 f i MainFrm.obj
 0001:00006b90       ?SetForegroundWindow@CWnd@@QAEHXZ 00407b90 f i MainFrm.obj
 0001:00006bb0       ?SetIcon@CWnd@@QAEPAUHICON__@@PAU2@H@Z 00407bb0 f i MainFrm.obj
 0001:00006be0       ?LoadIconA@CWinApp@@QBEPAUHICON__@@I@Z 00407be0 f i MainFrm.obj
 0001:00006c10       ?OnBnClickedOk@RegKeyDlg@@QAEXXZ 00407c10 f   RegKeyDlg.obj
 0001:00006cc0       ?OnBnClickedCancel@RegKeyDlg@@QAEXXZ 00407cc0 f   RegKeyDlg.obj
 0001:00006cf0       ??0CEdit@@QAE@XZ           00407cf0 f i RegKeyDlg.obj
 0001:00006d20       ??_ECEdit@@UAEPAXI@Z       00407d20 f i RegKeyDlg.obj
 0001:00006d20       ??_GCEdit@@UAEPAXI@Z       00407d20 f i RegKeyDlg.obj
 0001:00006d60       ?GetMessageMap@CBaseDialog@@MBEPBUAFX_MSGMAP@@XZ 00407d60 f   ServiceControl.obj
 0001:00006d80       ?GetThisMessageMap@CBaseDialog@@KGPBUAFX_MSGMAP@@XZ 00407d80 f   ServiceControl.obj
 0001:00006da0       ?GetMessageMap@CServiceControl@@MBEPBUAFX_MSGMAP@@XZ 00407da0 f   ServiceControl.obj
 0001:00006dc0       ?GetThisMessageMap@CServiceControl@@KGPBUAFX_MSGMAP@@XZ 00407dc0 f   ServiceControl.obj
 0001:00006de0       ??0CBaseDialog@@QAE@IPAVCWnd@@@Z 00407de0 f   ServiceControl.obj
 0001:00006e20       ??_GCBaseDialog@@UAEPAXI@Z 00407e20 f i ServiceControl.obj
 0001:00006e20       ??_ECBaseDialog@@UAEPAXI@Z 00407e20 f i ServiceControl.obj
 0001:00006e60       ??1CBaseDialog@@UAE@XZ     00407e60 f   ServiceControl.obj
 0001:00006e90       ?SafeMoveWindow@CBaseDialog@@QAE_NIHHHH@Z 00407e90 f   ServiceControl.obj
 0001:00006f00       ??0CServiceControl@@QAE@XZ 00407f00 f   ServiceControl.obj
 0001:00006f90       ??_ECServiceControl@@UAEPAXI@Z 00407f90 f i ServiceControl.obj
 0001:00006f90       ??_GCServiceControl@@UAEPAXI@Z 00407f90 f i ServiceControl.obj
 0001:00006fd0       ??1CServiceControl@@UAE@XZ 00407fd0 f   ServiceControl.obj
 0001:00007050       ?DoDataExchange@CServiceControl@@UAEXPAVCDataExchange@@@Z 00408050 f   ServiceControl.obj
 0001:000070a0       ?OnInitDialog@CServiceControl@@UAEHXZ 004080a0 f   ServiceControl.obj
 0001:00007480       ?OnSize@CServiceControl@@QAEXIHH@Z 00408480 f   ServiceControl.obj
 0001:00007790       ?OnBnClickedStop@CServiceControl@@QAEXXZ 00408790 f   ServiceControl.obj
 0001:000078d0       ?GetLastErrorMsg@CServiceManage@@QAEQBDXZ 004088d0 f i ServiceControl.obj
 0001:000078f0       ?OnBnClickedStart@CServiceControl@@QAEXXZ 004088f0 f   ServiceControl.obj
 0001:00007bd0       ?OnBnClickedSetCom@CServiceControl@@QAEXXZ 00408bd0 f   ServiceControl.obj
 0001:00007d60       ?OnBnClickedReLoad@CServiceControl@@QAEXXZ 00408d60 f   ServiceControl.obj
 0001:00007d90       ?OnBnClickedUpdateCom@CServiceControl@@QAEXXZ 00408d90 f   ServiceControl.obj
 0001:00008080       ?OnBnClickedSetup@CServiceControl@@QAEXXZ 00409080 f   ServiceControl.obj
 0001:00008130       ?OnBnClickedMotif@CServiceControl@@QAEXXZ 00409130 f   ServiceControl.obj
 0001:000083d0       ?OnBnClickedRemove@CServiceControl@@QAEXXZ 004093d0 f   ServiceControl.obj
 0001:00008460       ?OnBnClickedStartAll@CServiceControl@@QAEXXZ 00409460 f   ServiceControl.obj
 0001:000086f0       ?OnBnClickedStopAll@CServiceControl@@QAEXXZ 004096f0 f   ServiceControl.obj
 0001:00008810       ?OnBnClickedDelete@CServiceControl@@QAEXXZ 00409810 f   ServiceControl.obj
 0001:000088d0       ??1CGameSelecter@@QAE@XZ   004098d0 f   GameSelect.obj
 0001:000088d0       ?OnBnClickedChange@CServiceControl@@QAEXXZ 004098d0 f   ServiceControl.obj
 0001:000088d0       ??1CObject@@UAE@XZ         004098d0 f   MainFrm.obj
 0001:000088d0       ?OnBnClickedInfo@CServiceControl@@QAEXXZ 004098d0 f   ServiceControl.obj
 0001:000088d0       ?OnBnClickedManage@CServiceControl@@QAEXXZ 004098d0 f   ServiceControl.obj
 0001:000088d0       ?AssertValid@CObject@@UBEXXZ 004098d0 f   AddRoomDialog.obj
 0001:000088f0       ?OnBnClickedReloadRoomlist@CServiceControl@@QAEXXZ 004098f0 f   ServiceControl.obj
 0001:00008920       ?OnTimer@CServiceControl@@QAEXI@Z 00409920 f   ServiceControl.obj
 0001:00008970       ?PreTranslateMessage@CServiceControl@@UAEHPAUtagMSG@@@Z 00409970 f   ServiceControl.obj
 0001:000089c0       ??HATL@@YA?AV?$CStringT@DV?$StrTraitMFC_DLL@DV?$ChTraitsCRT@D@ATL@@@@@0@PBDABV10@@Z 004099c0 f i ServiceControl.obj
 0001:00008a80       ??9ATL@@YA_NABV?$CStringT@DV?$StrTraitMFC_DLL@DV?$ChTraitsCRT@D@ATL@@@@@0@PBD@Z 00409a80 f i ServiceControl.obj
 0001:00008ab0       ?GetCount@CPtrArray@@QBEHXZ 00409ab0 f i ServiceManage.obj
 0001:00008ab0       ?GetSize@CPtrArray@@QBEHXZ 00409ab0 f i ServiceControl.obj
 0001:00008ad0       ?GetUpperBound@CPtrArray@@QBEHXZ 00409ad0 f i ServiceControl.obj
 0001:00008af0       ?GetAt@CPtrArray@@QBEPAXH@Z 00409af0 f i ServiceControl.obj
 0001:00008b30       ?SendMessageA@CWnd@@QBEJIIJ@Z 00409b30 f i ServiceControl.obj
 0001:00008b60       ??0CListCtrl@@QAE@XZ       00409b60 f i ServiceControl.obj
 0001:00008b90       ??_ECListCtrl@@UAEPAXI@Z   00409b90 f i ServiceControl.obj
 0001:00008b90       ??_GCListCtrl@@UAEPAXI@Z   00409b90 f i ServiceControl.obj
 0001:00008bd0       ?GetFirstSelectedItemPosition@CListCtrl@@QBEPAU__POSITION@@XZ 00409bd0 f i ServiceControl.obj
 0001:00008c00       ?GetNextItem@CListCtrl@@QBEHHH@Z 00409c00 f i ServiceControl.obj
 0001:00008c40       ?GetNextSelectedItem@CListCtrl@@QBEHAAPAU__POSITION@@@Z 00409c40 f i ServiceControl.obj
 0001:00008c80       ??0CServiceManage@@QAE@XZ  00409c80 f   ServiceManage.obj
 0001:00009140       ??_ECServiceManage@@UAEPAXI@Z 0040a140 f i ServiceManage.obj
 0001:00009140       ??_GCServiceManage@@UAEPAXI@Z 0040a140 f i ServiceManage.obj
 0001:00009180       ??0IClientSocketService@@QAE@XZ 0040a180 f i ServiceManage.obj
 0001:000091a0       ?LogonSystem@CServiceManage@@QAE_NPBD0@Z 0040a1a0 f   ServiceManage.obj
 0001:000091e0       ?StartAllGames@CServiceManage@@QAEXPAVCListCtrl@@@Z 0040a1e0 f   ServiceManage.obj
 0001:000094a0       ?bGetServiceInfo@CServiceManage@@QAE_NPAUSC_GameRoomInitStruct@@@Z 0040a4a0 f   ServiceManage.obj
 0001:00009690       ?StartGameRoom@CServiceManage@@QAE_NPAUSC_GameRoomInitStruct@@@Z 0040a690 f   ServiceManage.obj
 0001:00009840       ?UpdateServiceInfo@CServiceManage@@QAE_NPAVCListCtrl@@@Z 0040a840 f   ServiceManage.obj
 0001:00009880       ??0CServiceInfo@@QAE@XZ    0040a880 f   ServiceManage.obj
 0001:00009960       ??1CServiceInfo@@QAE@XZ    0040a960 f   ServiceManage.obj
 0001:00009980       ?LoadData@CServiceInfo@@QAE_NXZ 0040a980 f   ServiceManage.obj
 0001:00009b70       ?SaveData@CServiceInfo@@QAE_NXZ 0040ab70 f   ServiceManage.obj
 0001:00009c30       ?IsLogonSystem@CServiceInfo@@QAE_NXZ 0040ac30 f   ServiceManage.obj
 0001:00009c70       ?IsLockSystem@CServiceInfo@@QAE_NXZ 0040ac70 f   ServiceManage.obj
 0001:00009ca0       ??1CServiceManage@@UAE@XZ  0040aca0 f   ServiceManage.obj
 0001:00009f90       ?sqlAddConnection@CServiceManage@@QAE_NXZ 0040af90 f   ServiceManage.obj
 0001:0000a1d0       ?SetMessageInterface@CServiceManage@@QAE_NPAUIMessageShow@@@Z 0040b1d0 f   ServiceManage.obj
 0001:0000a200       ?UpdateComDLLList@CServiceManage@@QAE_NPAVCListCtrl@@@Z 0040b200 f   ServiceManage.obj
 0001:0000a760       ?Init@CServiceManage@@QAE_NXZ 0040b760 f   ServiceManage.obj
 0001:0000a780       ?StopGameRoom@CServiceManage@@QAE_NPAUSC_GameRoomInitStruct@@@Z 0040b780 f   ServiceManage.obj
 0001:0000a980       ?OnSocketReadEvent@CServiceManage@@MAE_NPAUNetMessageHead@@PAXIPAVCTCPClientSocket@@@Z 0040b980 f   ServiceManage.obj
 0001:0000ad70       ?OnSocketConnectEvent@CServiceManage@@MAE_NIPAVCTCPClientSocket@@@Z 0040bd70 f   ServiceManage.obj
 0001:0000adf0       ?OnSocketCloseEvent@CServiceManage@@MAE_NXZ 0040bdf0 f   ServiceManage.obj
 0001:0000ae70       ?SetupCom@CServiceManage@@QAE_NPAVCListCtrl@@USC_ServiceInfoStruct@@@Z 0040be70 f   ServiceManage.obj
 0001:0000b0e0       ?ModifCom@CServiceManage@@QAE_NPAVCListCtrl@@PAUSC_ServiceInfoStruct@@U3@@Z 0040c0e0 f   ServiceManage.obj
 0001:0000b3b0       ?CopyNewCom@CServiceManage@@QAE_NPAUSC_ServiceInfoStruct@@@Z 0040c3b0 f   ServiceManage.obj
 0001:0000b3e0       ?RemoveDLLCom@CServiceManage@@QAE_NPAVCListCtrl@@PAUSC_ServiceInfoStruct@@@Z 0040c3e0 f   ServiceManage.obj
 0001:0000b550       ?DeleteGameRoomInfo@CServiceManage@@QAE_NPAUSC_GameRoomInitStruct@@@Z 0040c550 f   ServiceManage.obj
 0001:0000b780       ?GetRoomListInfo@CServiceManage@@QAE_NXZ 0040c780 f   ServiceManage.obj
 0001:0000ca50       ??0SC_GameRoomInitStruct@@QAE@XZ 0040da50 f i ServiceManage.obj
 0001:0000ca80       ?UpdateRoomListInfo@CServiceManage@@QAE_NPAVCListCtrl@@@Z 0040da80 f   ServiceManage.obj
 0001:0000d090       ?CountOnLinePeople@CServiceManage@@QAEXPAVCListCtrl@@0@Z 0040e090 f   ServiceManage.obj
 0001:0000d3e0       ?GetRoomName@CServiceManage@@QAE?AV?$CStringT@DV?$StrTraitMFC_DLL@DV?$ChTraitsCRT@D@ATL@@@@@ATL@@XZ 0040e3e0 f   ServiceManage.obj
 0001:0000d4e0       ?ClearRoomTWRecode@CServiceManage@@QAEXH@Z 0040e4e0 f   ServiceManage.obj
 0001:0000d630       ??HATL@@YA?AV?$CStringT@DV?$StrTraitMFC_DLL@DV?$ChTraitsCRT@D@ATL@@@@@0@ABV10@0@Z 0040e630 f i ServiceManage.obj
 0001:0000d6f0       ??HATL@@YA?AV?$CStringT@DV?$StrTraitMFC_DLL@DV?$ChTraitsCRT@D@ATL@@@@@0@ABV10@PBD@Z 0040e6f0 f i ServiceManage.obj
 0001:0000d7b0       ??$strcpy_s@$0EA@@@YAHAAY0EA@DPBD@Z 0040e7b0 f i ServiceManage.obj
 0001:0000d7e0       ?GetTime@CTime@ATL@@QBE_JXZ 0040e7e0 f i ServiceManage.obj
 0001:0000d800       ?IsEmpty@CPtrArray@@QBEHXZ 0040e800 f i ServiceManage.obj
 0001:0000d830       ?RemoveAll@CPtrArray@@QAEXXZ 0040e830 f i ServiceManage.obj
 0001:0000d850       ?SetAt@CPtrArray@@QAEXHPAX@Z 0040e850 f i ServiceManage.obj
 0001:0000d890       ?Add@CPtrArray@@QAEHPAX@Z  0040e890 f i ServiceManage.obj
 0001:0000d8d0       ?GetItemCount@CListCtrl@@QBEHXZ 0040e8d0 f i ServiceManage.obj
 0001:0000d900       ?SetItemData@CListCtrl@@QAEHHK@Z 0040e900 f i ServiceManage.obj
 0001:0000d940       ?InsertItem@CListCtrl@@QAEHHPBD@Z 0040e940 f i ServiceManage.obj
 0001:0000d970       ?DeleteItem@CListCtrl@@QAEHH@Z 0040e970 f i ServiceManage.obj
 0001:0000d9a0       ?DeleteAllItems@CListCtrl@@QAEHXZ 0040e9a0 f i ServiceManage.obj
 0001:0000d9d0       ?FirstChildElement@XMLNode@tinyxml2@@QAEPAVXMLElement@2@PBD@Z 0040e9d0 f i ServiceManage.obj
 0001:0000da00       ??0DB_CREATE_PARAM@@QAE@XZ 0040ea00 f i ServiceManage.obj
 0001:0000da80       ?_GetBaseClass@CSetupDialog@@KGPAUCRuntimeClass@@XZ 0040ea80 f   SetupDialog.obj
 0001:0000daa0       ?GetRuntimeClass@CSetupDialog@@UBEPAUCRuntimeClass@@XZ 0040eaa0 f   SetupDialog.obj
 0001:0000dac0       ??0CSetupDialog@@QAE@PAVCWnd@@@Z 0040eac0 f   SetupDialog.obj
 0001:0000dc40       ??_ECSetupDialog@@UAEPAXI@Z 0040ec40 f i SetupDialog.obj
 0001:0000dc40       ??_GCSetupDialog@@UAEPAXI@Z 0040ec40 f i SetupDialog.obj
 0001:0000dc80       ??1CSetupDialog@@UAE@XZ    0040ec80 f   SetupDialog.obj
 0001:0000dd50       ?DoDataExchange@CSetupDialog@@MAEXPAVCDataExchange@@@Z 0040ed50 f   SetupDialog.obj
 0001:0000dea0       ?GetMessageMap@CSetupDialog@@MBEPBUAFX_MSGMAP@@XZ 0040eea0 f   SetupDialog.obj
 0001:0000dec0       ?GetThisMessageMap@CSetupDialog@@KGPBUAFX_MSGMAP@@XZ 0040eec0 f   SetupDialog.obj
 0001:0000dee0       ?Format@CTime@ATL@@QBE?AV?$CStringT@DV?$StrTraitMFC_DLL@DV?$ChTraitsCRT@D@ATL@@@@@2@PBD@Z 0040eee0 f i SetupDialog.obj
 0001:0000dfb0       ??0CTrayIcon@@QAE@I@Z      0040efb0 f   TrayIcon.obj
 0001:0000dff0       ??1CTrayIcon@@QAE@XZ       0040eff0 f   TrayIcon.obj
 0001:0000e020       ?SetNotifyWnd@CTrayIcon@@QAEXPAVCWnd@@I@Z 0040f020 f   TrayIcon.obj
 0001:0000e050       ?SetIcon@CTrayIcon@@QAEHPAUHICON__@@PBDH@Z 0040f050 f   TrayIcon.obj
 0001:0000e160       ?ShowBalloonTip@CTrayIcon@@QAEHPBD0IK@Z 0040f160 f   TrayIcon.obj
 0001:0000e1fa       ??_U@YAPAXI@Z              0040f1fa f   msvcprt:newaop_s.obj
 0001:0000e206       ??_V@YAXPAX@Z              0040f206 f   MSVCRT:MSVCR100.dll
 0001:0000e20c       _memcpy                    0040f20c f   MSVCRT:MSVCR100.dll
 0001:0000e212       _strlen                    0040f212 f   MSVCRT:MSVCR100.dll
 0001:0000e218       @__security_check_cookie@4 0040f218 f   MSVCRT:secchk.obj
 0001:0000e230       ___CxxFrameHandler3        0040f230 f   MSVCRT:MSVCR100.dll
 0001:0000e236       ??_Etype_info@@UAEPAXI@Z   0040f236 f i MSVCRT:ti_inst.obj
 0001:0000e282       ??3@YAXPAX@Z               0040f282 f   MSVCRT:MSVCR100.dll
 0001:0000e288       __purecall                 0040f288 f   MSVCRT:MSVCR100.dll
 0001:0000e28e       ??2@YAPAXI@Z               0040f28e f   MSVCRT:MSVCR100.dll
 0001:0000e294       _memset                    0040f294 f   MSVCRT:MSVCR100.dll
 0001:0000e2a0       __alldiv                   0040f2a0 f   MSVCRT:lldiv.obj
 0001:0000e34a       __onexit                   0040f34a f   MSVCRT:atonexit.obj
 0001:0000e3eb       _atexit                    0040f3eb f   MSVCRT:atonexit.obj
 0001:0000e402       _strcpy                    0040f402 f   MSVCRT:MSVCR100.dll
 0001:0000e408       _strcmp                    0040f408 f   MSVCRT:MSVCR100.dll
 0001:0000e40e       __CxxThrowException@8      0040f40e f   MSVCRT:MSVCR100.dll
 0001:0000e414       ?__ArrayUnwind@@YGXPAXIHP6EX0@Z@Z 0040f414 f   MSVCRT:ehvecdtr.obj
 0001:0000e472       ??_M@YGXPAXIHP6EX0@Z@Z     0040f472 f   MSVCRT:ehvecdtr.obj
 0001:0000e7b3       _WinMainCRTStartup         0040f7b3 f   MSVCRT:crtexew.obj
 0001:0000e7bd       ___report_gsfailure        0040f7bd f   MSVCRT:gs_report.obj
 0001:0000e8c4       __unlock                   0040f8c4 f   MSVCRT:MSVCR100.dll
 0001:0000e8ca       ___dllonexit               0040f8ca f   MSVCRT:MSVCR100.dll
 0001:0000e8d0       __lock                     0040f8d0 f   MSVCRT:MSVCR100.dll
 0001:0000e8e0       __SEH_prolog4              0040f8e0 f   MSVCRT:sehprolg4.obj
 0001:0000e925       __SEH_epilog4              0040f925 f   MSVCRT:sehprolg4.obj
 0001:0000e939       __except_handler4          0040f939 f   MSVCRT:chandler4gs.obj
 0001:0000e95e       ?terminate@@YAXXZ          0040f95e f   MSVCRT:MSVCR100.dll
 0001:0000e964       ?__CxxUnhandledExceptionFilter@@YGJPAU_EXCEPTION_POINTERS@@@Z 0040f964 f   MSVCRT:unhandld.obj
 0001:0000e9a6       ___CxxSetUnhandledExceptionFilter 0040f9a6 f   MSVCRT:unhandld.obj
 0001:0000e9b4       __amsg_exit                0040f9b4 f   MSVCRT:MSVCR100.dll
 0001:0000e9ba       __RTC_Initialize           0040f9ba f   MSVCRT:_initsect_.obj
 0001:0000e9e0       __RTC_Terminate            0040f9e0 f   MSVCRT:_initsect_.obj
 0001:0000ea06       __XcptFilter               0040fa06 f   MSVCRT:MSVCR100.dll
 0001:0000ea10       __ValidateImageBase        0040fa10 f   MSVCRT:pesect.obj
 0001:0000ea50       __FindPESection            0040fa50 f   MSVCRT:pesect.obj
 0001:0000eaa0       __IsNonwritableInCurrentImage 0040faa0 f   MSVCRT:pesect.obj
 0001:0000eb5c       __initterm                 0040fb5c f   MSVCRT:MSVCR100.dll
 0001:0000eb62       __initterm_e               0040fb62 f   MSVCRT:MSVCR100.dll
 0001:0000eb68       __setdefaultprecision      0040fb68 f   MSVCRT:fp8.obj
 0001:0000eb90       __matherr                  0040fb90 f   MSVCRT:merr.obj
 0001:0000eb90       __setargv                  0040fb90 f   MSVCRT:dllargv.obj
 0001:0000eb93       ___security_init_cookie    0040fb93 f   MSVCRT:gs_support.obj
 0001:0000ec2e       __crt_debugger_hook        0040fc2e f   MSVCRT:MSVCR100.dll
 0001:0000ec34       ??1type_info@@UAE@XZ       0040fc34 f   MSVCRT:MSVCR100.dll
 0001:0000ec34       ?_type_info_dtor_internal_method@type_info@@QAEXXZ 0040fc34 f   MSVCRT:MSVCR100.dll
 0001:0000ec3a       __except_handler4_common   0040fc3a f   MSVCRT:MSVCR100.dll
 0001:0000ec40       __invoke_watson            0040fc40 f   MSVCRT:MSVCR100.dll
 0001:0000ec46       __controlfp_s              0040fc46 f   MSVCRT:MSVCR100.dll
 0001:0000ec4c       ?GetThisMessageMap@CDialog@@KGPBUAFX_MSGMAP@@XZ 0040fc4c f   mfc100:mfc100.dll
 0001:0000ec52       ?GetThisClass@CDialog@@SGPAUCRuntimeClass@@XZ 0040fc52 f   mfc100:mfc100.dll
 0001:0000ec58       ??1CDialog@@UAE@XZ         0040fc58 f   mfc100:mfc100.dll
 0001:0000ec5e       ??0CDialog@@QAE@IPAVCWnd@@@Z 0040fc5e f   mfc100:mfc100.dll
 0001:0000ec64       ?OnCmdMsg@CDialog@@UAEHIHPAXPAUAFX_CMDHANDLERINFO@@@Z 0040fc64 f   mfc100:mfc100.dll
 0001:0000ec6a       ?IsInvokeAllowed@CCmdTarget@@UAEHJ@Z 0040fc6a f   mfc100:mfc100.dll
 0001:0000ec70       ?GetDispatchIID@CCmdTarget@@UAEHPAU_GUID@@@Z 0040fc70 f   mfc100:mfc100.dll
 0001:0000ec76       ?GetTypeInfoCount@CCmdTarget@@UAEIXZ 0040fc76 f   mfc100:mfc100.dll
 0001:0000ec7c       ?GetTypeLibCache@CCmdTarget@@UAEPAVCTypeLibCache@@XZ 0040fc7c f   mfc100:mfc100.dll
 0001:0000ec82       ?GetTypeLib@CCmdTarget@@UAEJKPAPAUITypeLib@@@Z 0040fc82 f   mfc100:mfc100.dll
 0001:0000ec88       ?GetCommandMap@CCmdTarget@@MBEPBUAFX_OLECMDMAP@@XZ 0040fc88 f   mfc100:mfc100.dll
 0001:0000ec8e       ?GetConnectionMap@CCmdTarget@@MBEPBUAFX_CONNECTIONMAP@@XZ 0040fc8e f   mfc100:mfc100.dll
 0001:0000ec94       ?GetEventSinkMap@CCmdTarget@@MBEPBUAFX_EVENTSINKMAP@@XZ 0040fc94 f   mfc100:mfc100.dll
 0001:0000ec9a       ?OnCreateAggregates@CCmdTarget@@UAEHXZ 0040fc9a f   mfc100:mfc100.dll
 0001:0000eca0       ?GetInterfaceHook@CCmdTarget@@UAEPAUIUnknown@@PBX@Z 0040fca0 f   mfc100:mfc100.dll
 0001:0000eca6       ?GetExtraConnectionPoints@CCmdTarget@@MAEHPAVCPtrArray@@@Z 0040fca6 f   mfc100:mfc100.dll
 0001:0000ecac       ?GetConnectionHook@CCmdTarget@@MAEPAUIConnectionPoint@@ABU_GUID@@@Z 0040fcac f   mfc100:mfc100.dll
 0001:0000ecb2       ?PreSubclassWindow@CWnd@@UAEXXZ 0040fcb2 f   mfc100:mfc100.dll
 0001:0000ecb8       ?Create@CWnd@@UAEHPBD0KABUtagRECT@@PAV1@IPAUCCreateContext@@@Z 0040fcb8 f   mfc100:mfc100.dll
 0001:0000ecbe       ?CreateEx@CWnd@@UAEHKPBD0KABUtagRECT@@PAV1@IPAX@Z 0040fcbe f   mfc100:mfc100.dll
 0001:0000ecc4       ?CreateEx@CWnd@@UAEHKPBD0KHHHHPAUHWND__@@PAUHMENU__@@PAX@Z 0040fcc4 f   mfc100:mfc100.dll
 0001:0000ecca       ?DestroyWindow@CWnd@@UAEHXZ 0040fcca f   mfc100:mfc100.dll
 0001:0000ecd0       ?PreCreateWindow@CWnd@@UAEHAAUtagCREATESTRUCTA@@@Z 0040fcd0 f   mfc100:mfc100.dll
 0001:0000ecd6       ?CalcWindowRect@CWnd@@UAEXPAUtagRECT@@I@Z 0040fcd6 f   mfc100:mfc100.dll
 0001:0000ecdc       ?GetMenu@CWnd@@UBEPAVCMenu@@XZ 0040fcdc f   mfc100:mfc100.dll
 0001:0000ece2       ?SetMenu@CWnd@@UAEHPAVCMenu@@@Z 0040fce2 f   mfc100:mfc100.dll
 0001:0000ece8       ?OnToolHitTest@CWnd@@UBEHVCPoint@@PAUtagTOOLINFOA@@@Z 0040fce8 f   mfc100:mfc100.dll
 0001:0000ecee       ?GetScrollBarCtrl@CWnd@@UBEPAVCScrollBar@@H@Z 0040fcee f   mfc100:mfc100.dll
 0001:0000ecf4       ?WinHelpA@CWnd@@UAEXKI@Z   0040fcf4 f   mfc100:mfc100.dll
 0001:0000ecfa       ?HtmlHelpA@CWnd@@UAEXKI@Z  0040fcfa f   mfc100:mfc100.dll
 0001:0000ed00       ?WinHelpInternal@CWnd@@UAEXKI@Z 0040fd00 f   mfc100:mfc100.dll
 0001:0000ed06       ?ContinueModal@CWnd@@UAEHXZ 0040fd06 f   mfc100:mfc100.dll
 0001:0000ed0c       ?EndModalLoop@CWnd@@UAEXH@Z 0040fd0c f   mfc100:mfc100.dll
 0001:0000ed12       ?OnDrawIconicThumbnailOrLivePreview@CWnd@@UAEXAAVCDC@@VCRect@@VCSize@@HAAH@Z 0040fd12 f   mfc100:mfc100.dll
 0001:0000ed18       ?EnsureStdObj@CWnd@@UAEJXZ 0040fd18 f   mfc100:mfc100.dll
 0001:0000ed1e       ?get_accParent@CWnd@@UAEJPAPAUIDispatch@@@Z 0040fd1e f   mfc100:mfc100.dll
 0001:0000ed24       ?get_accChildCount@CWnd@@UAEJPAJ@Z 0040fd24 f   mfc100:mfc100.dll
 0001:0000ed2a       ?get_accChild@CWnd@@UAEJUtagVARIANT@@PAPAUIDispatch@@@Z 0040fd2a f   mfc100:mfc100.dll
 0001:0000ed30       ?get_accName@CWnd@@UAEJUtagVARIANT@@PAPA_W@Z 0040fd30 f   mfc100:mfc100.dll
 0001:0000ed36       ?get_accValue@CWnd@@UAEJUtagVARIANT@@PAPA_W@Z 0040fd36 f   mfc100:mfc100.dll
 0001:0000ed3c       ?get_accDescription@CWnd@@UAEJUtagVARIANT@@PAPA_W@Z 0040fd3c f   mfc100:mfc100.dll
 0001:0000ed42       ?get_accRole@CWnd@@UAEJUtagVARIANT@@PAU2@@Z 0040fd42 f   mfc100:mfc100.dll
 0001:0000ed48       ?get_accState@CWnd@@UAEJUtagVARIANT@@PAU2@@Z 0040fd48 f   mfc100:mfc100.dll
 0001:0000ed4e       ?get_accHelp@CWnd@@UAEJUtagVARIANT@@PAPA_W@Z 0040fd4e f   mfc100:mfc100.dll
 0001:0000ed54       ?get_accHelpTopic@CWnd@@UAEJPAPA_WUtagVARIANT@@PAJ@Z 0040fd54 f   mfc100:mfc100.dll
 0001:0000ed5a       ?get_accKeyboardShortcut@CWnd@@UAEJUtagVARIANT@@PAPA_W@Z 0040fd5a f   mfc100:mfc100.dll
 0001:0000ed60       ?get_accFocus@CWnd@@UAEJPAUtagVARIANT@@@Z 0040fd60 f   mfc100:mfc100.dll
 0001:0000ed66       ?get_accSelection@CWnd@@UAEJPAUtagVARIANT@@@Z 0040fd66 f   mfc100:mfc100.dll
 0001:0000ed6c       ?get_accDefaultAction@CWnd@@UAEJUtagVARIANT@@PAPA_W@Z 0040fd6c f   mfc100:mfc100.dll
 0001:0000ed72       ?accSelect@CWnd@@UAEJJUtagVARIANT@@@Z 0040fd72 f   mfc100:mfc100.dll
 0001:0000ed78       ?accLocation@CWnd@@UAEJPAJ000UtagVARIANT@@@Z 0040fd78 f   mfc100:mfc100.dll
 0001:0000ed7e       ?accNavigate@CWnd@@UAEJJUtagVARIANT@@PAU2@@Z 0040fd7e f   mfc100:mfc100.dll
 0001:0000ed84       ?accHitTest@CWnd@@UAEJJJPAUtagVARIANT@@@Z 0040fd84 f   mfc100:mfc100.dll
 0001:0000ed8a       ?accDoDefaultAction@CWnd@@UAEJUtagVARIANT@@@Z 0040fd8a f   mfc100:mfc100.dll
 0001:0000ed90       ?put_accName@CWnd@@UAEJUtagVARIANT@@PA_W@Z 0040fd90 f   mfc100:mfc100.dll
 0001:0000ed96       ?put_accValue@CWnd@@UAEJUtagVARIANT@@PA_W@Z 0040fd96 f   mfc100:mfc100.dll
 0001:0000ed9c       ?SetProxy@CWnd@@UAEJPAUIAccessibleProxy@@@Z 0040fd9c f   mfc100:mfc100.dll
 0001:0000eda2       ?CreateAccessibleProxy@CWnd@@UAEJIJPAJ@Z 0040fda2 f   mfc100:mfc100.dll
 0001:0000eda8       ?OnCommand@CWnd@@MAEHIJ@Z  0040fda8 f   mfc100:mfc100.dll
 0001:0000edae       ?OnNotify@CWnd@@MAEHIJPAJ@Z 0040fdae f   mfc100:mfc100.dll
 0001:0000edb4       ?GetSuperWndProcAddr@CWnd@@MAEPAP6GJPAUHWND__@@IIJ@ZXZ 0040fdb4 f   mfc100:mfc100.dll
 0001:0000edba       ?PreTranslateMessage@CDialog@@UAEHPAUtagMSG@@@Z 0040fdba f   mfc100:mfc100.dll
 0001:0000edc0       ?OnAmbientProperty@CWnd@@UAEHPAVCOleControlSite@@JPAUtagVARIANT@@@Z 0040fdc0 f   mfc100:mfc100.dll
 0001:0000edc6       ?WindowProc@CWnd@@MAEJIIJ@Z 0040fdc6 f   mfc100:mfc100.dll
 0001:0000edcc       ?OnWndMsg@CWnd@@MAEHIIJPAJ@Z 0040fdcc f   mfc100:mfc100.dll
 0001:0000edd2       ?DefWindowProcA@CWnd@@MAEJIIJ@Z 0040fdd2 f   mfc100:mfc100.dll
 0001:0000edd8       ?PostNcDestroy@CWnd@@MAEXXZ 0040fdd8 f   mfc100:mfc100.dll
 0001:0000edde       ?OnChildNotify@CWnd@@MAEHIIJPAJ@Z 0040fdde f   mfc100:mfc100.dll
 0001:0000ede4       ?OnTouchInputs@CWnd@@MAEHIPAUtagTOUCHINPUT@@@Z 0040fde4 f   mfc100:mfc100.dll
 0001:0000edea       ?OnTouchInput@CWnd@@MAEHVCPoint@@HHPAUtagTOUCHINPUT@@@Z 0040fdea f   mfc100:mfc100.dll
 0001:0000edf0       ?GetGestureStatus@CWnd@@MAEKVCPoint@@@Z 0040fdf0 f   mfc100:mfc100.dll
 0001:0000edf6       ?OnGestureZoom@CWnd@@MAEHVCPoint@@J@Z 0040fdf6 f   mfc100:mfc100.dll
 0001:0000edfc       ?OnGesturePan@CWnd@@MAEHVCPoint@@0@Z 0040fdfc f   mfc100:mfc100.dll
 0001:0000ee02       ?OnGestureRotate@CWnd@@MAEHVCPoint@@N@Z 0040fe02 f   mfc100:mfc100.dll
 0001:0000ee08       ?OnGestureTwoFingerTap@CWnd@@MAEHVCPoint@@@Z 0040fe08 f   mfc100:mfc100.dll
 0001:0000ee0e       ?OnGesturePressAndTap@CWnd@@MAEHVCPoint@@J@Z 0040fe0e f   mfc100:mfc100.dll
 0001:0000ee14       ?CheckAutoCenter@CDialog@@UAEHXZ 0040fe14 f   mfc100:mfc100.dll
 0001:0000ee1a       ?IsFrameWnd@CWnd@@UBEHXZ   0040fe1a f   mfc100:mfc100.dll
 0001:0000ee20       ?CreateControlContainer@CWnd@@MAEHPAPAVCOleControlContainer@@@Z 0040fe20 f   mfc100:mfc100.dll
 0001:0000ee26       ?CreateControlSite@CWnd@@MAEHPAVCOleControlContainer@@PAPAVCOleControlSite@@IABU_GUID@@@Z 0040fe26 f   mfc100:mfc100.dll
 0001:0000ee2c       ?SetOccDialogInfo@CDialog@@MAEHPAU_AFX_OCC_DIALOG_INFO@@@Z 0040fe2c f   mfc100:mfc100.dll
 0001:0000ee32       ?GetOccDialogInfo@CDialog@@MAEPAU_AFX_OCC_DIALOG_INFO@@XZ 0040fe32 f   mfc100:mfc100.dll
 0001:0000ee38       ?Create@CDialog@@UAEHPBDPAVCWnd@@@Z 0040fe38 f   mfc100:mfc100.dll
 0001:0000ee3e       ?CreateIndirect@CDialog@@UAEHPAXPAVCWnd@@@Z 0040fe3e f   mfc100:mfc100.dll
 0001:0000ee44       ?CreateIndirect@CDialog@@UAEHPBUDLGTEMPLATE@@PAVCWnd@@PAX@Z 0040fe44 f   mfc100:mfc100.dll
 0001:0000ee4a       ?DoModal@CDialog@@UAEHXZ   0040fe4a f   mfc100:mfc100.dll
 0001:0000ee50       ?OnInitDialog@CDialog@@UAEHXZ 0040fe50 f   mfc100:mfc100.dll
 0001:0000ee56       ?OnSetFont@CDialog@@UAEXPAVCFont@@@Z 0040fe56 f   mfc100:mfc100.dll
 0001:0000ee5c       ?OnOK@CDialog@@MAEXXZ      0040fe5c f   mfc100:mfc100.dll
 0001:0000ee62       ?OnCancel@CDialog@@MAEXXZ  0040fe62 f   mfc100:mfc100.dll
 0001:0000ee68       ?PreInitDialog@CDialog@@MAEXXZ 0040fe68 f   mfc100:mfc100.dll
 0001:0000ee6e       ?OnFinalRelease@CWnd@@UAEXXZ 0040fe6e f   mfc100:mfc100.dll
 0001:0000ee74       ?DDV_MinMaxInt@@YGXPAVCDataExchange@@HHH@Z 0040fe74 f   mfc100:mfc100.dll
 0001:0000ee7a       ?DDX_Control@@YGXPAVCDataExchange@@HAAVCWnd@@@Z 0040fe7a f   mfc100:mfc100.dll
 0001:0000ee80       ?DDX_Text@@YGXPAVCDataExchange@@HAAV?$CStringT@DV?$StrTraitMFC_DLL@DV?$ChTraitsCRT@D@ATL@@@@@ATL@@@Z 0040fe80 f   mfc100:mfc100.dll
 0001:0000ee86       ??0CWnd@@QAE@XZ            0040fe86 f   mfc100:mfc100.dll
 0001:0000ee8c       ?OnCmdMsg@CCmdTarget@@UAEHIHPAXPAUAFX_CMDHANDLERINFO@@@Z 0040fe8c f   mfc100:mfc100.dll
 0001:0000ee92       ?GetMessageMap@CWnd@@MBEPBUAFX_MSGMAP@@XZ 0040fe92 f   mfc100:mfc100.dll
 0001:0000ee98       ?GetDispatchMap@CCmdTarget@@MBEPBUAFX_DISPMAP@@XZ 0040fe98 f   mfc100:mfc100.dll
 0001:0000ee9e       ?GetInterfaceMap@CWnd@@MBEPBUAFX_INTERFACEMAP@@XZ 0040fe9e f   mfc100:mfc100.dll
 0001:0000eea4       ?PreTranslateMessage@CWnd@@UAEHPAUtagMSG@@@Z 0040fea4 f   mfc100:mfc100.dll
 0001:0000eeaa       ?CheckAutoCenter@CWnd@@UAEHXZ 0040feaa f   mfc100:mfc100.dll
 0001:0000eeb0       ?SetOccDialogInfo@CWnd@@MAEHPAU_AFX_OCC_DIALOG_INFO@@@Z 0040feb0 f   mfc100:mfc100.dll
 0001:0000eeb6       ?GetOccDialogInfo@CWnd@@MAEPAU_AFX_OCC_DIALOG_INFO@@XZ 0040feb6 f   mfc100:mfc100.dll
 0001:0000eebc       ?GetThisMessageMap@CWinApp@@KGPBUAFX_MSGMAP@@XZ 0040febc f   mfc100:mfc100.dll
 0001:0000eec2       ?AfxMessageBox@@YGHPBDII@Z 0040fec2 f   mfc100:mfc100.dll
 0001:0000eec8       ??0CWinApp@@QAE@PBD@Z      0040fec8 f   mfc100:mfc100.dll
 0001:0000eece       ?GetRuntimeClass@CWinApp@@UBEPAUCRuntimeClass@@XZ 0040fece f   mfc100:mfc100.dll
 0001:0000eed4       ?OnFinalRelease@CCmdTarget@@UAEXXZ 0040fed4 f   mfc100:mfc100.dll
 0001:0000eeda       ?GetInterfaceMap@CCmdTarget@@MBEPBUAFX_INTERFACEMAP@@XZ 0040feda f   mfc100:mfc100.dll
 0001:0000eee0       ?Run@CWinApp@@UAEHXZ       0040fee0 f   mfc100:mfc100.dll
 0001:0000eee6       ?PreTranslateMessage@CWinThread@@UAEHPAUtagMSG@@@Z 0040fee6 f   mfc100:mfc100.dll
 0001:0000eeec       ?PumpMessage@CWinThread@@UAEHXZ 0040feec f   mfc100:mfc100.dll
 0001:0000eef2       ?OnIdle@CWinApp@@UAEHJ@Z   0040fef2 f   mfc100:mfc100.dll
 0001:0000eef8       ?IsIdleMessage@CWinThread@@UAEHPAUtagMSG@@@Z 0040fef8 f   mfc100:mfc100.dll
 0001:0000eefe       ?ExitInstance@CWinApp@@UAEHXZ 0040fefe f   mfc100:mfc100.dll
 0001:0000ef04       ?ProcessWndProcException@CWinApp@@UAEJPAVCException@@PBUtagMSG@@@Z 0040ff04 f   mfc100:mfc100.dll
 0001:0000ef0a       ?ProcessMessageFilter@CWinThread@@UAEHHPAUtagMSG@@@Z 0040ff0a f   mfc100:mfc100.dll
 0001:0000ef10       ?GetMainWnd@CWinThread@@UAEPAVCWnd@@XZ 0040ff10 f   mfc100:mfc100.dll
 0001:0000ef16       ?Delete@CWinThread@@UAEXXZ 0040ff16 f   mfc100:mfc100.dll
 0001:0000ef1c       ?GetProfileIntA@CWinApp@@UAEIPBD0H@Z 0040ff1c f   mfc100:mfc100.dll
 0001:0000ef22       ?WriteProfileInt@CWinApp@@UAEHPBD0H@Z 0040ff22 f   mfc100:mfc100.dll
 0001:0000ef28       ?GetProfileStringA@CWinApp@@UAE?AV?$CStringT@DV?$StrTraitMFC_DLL@DV?$ChTraitsCRT@D@ATL@@@@@ATL@@PBD00@Z 0040ff28 f   mfc100:mfc100.dll
 0001:0000ef2e       ?WriteProfileStringA@CWinApp@@UAEHPBD00@Z 0040ff2e f   mfc100:mfc100.dll
 0001:0000ef34       ?GetProfileBinary@CWinApp@@UAEHPBD0PAPAEPAI@Z 0040ff34 f   mfc100:mfc100.dll
 0001:0000ef3a       ?WriteProfileBinary@CWinApp@@UAEHPBD0PAEI@Z 0040ff3a f   mfc100:mfc100.dll
 0001:0000ef40       ?InitLibId@CWinApp@@UAEXXZ 0040ff40 f   mfc100:mfc100.dll
 0001:0000ef46       ?Register@CWinApp@@UAEHXZ  0040ff46 f   mfc100:mfc100.dll
 0001:0000ef4c       ?Unregister@CWinApp@@UAEHXZ 0040ff4c f   mfc100:mfc100.dll
 0001:0000ef52       ?OpenDocumentFile@CWinApp@@UAEPAVCDocument@@PBDH@Z 0040ff52 f   mfc100:mfc100.dll
 0001:0000ef58       ?OpenDocumentFile@CWinApp@@UAEPAVCDocument@@PBD@Z 0040ff58 f   mfc100:mfc100.dll
 0001:0000ef5e       ?AddToRecentFileList@CWinApp@@UAEXPBD@Z 0040ff5e f   mfc100:mfc100.dll
 0001:0000ef64       ?InitApplication@CWinApp@@UAEHXZ 0040ff64 f   mfc100:mfc100.dll
 0001:0000ef6a       ?SaveAllModified@CWinApp@@UAEHXZ 0040ff6a f   mfc100:mfc100.dll
 0001:0000ef70       ?DoMessageBox@CWinApp@@UAEHPBDII@Z 0040ff70 f   mfc100:mfc100.dll
 0001:0000ef76       ?DoWaitCursor@CWinApp@@UAEXH@Z 0040ff76 f   mfc100:mfc100.dll
 0001:0000ef7c       ?OnDDECommand@CWinApp@@UAEHPAD@Z 0040ff7c f   mfc100:mfc100.dll
 0001:0000ef82       ?WinHelpA@CWinApp@@UAEXKI@Z 0040ff82 f   mfc100:mfc100.dll
 0001:0000ef88       ?HtmlHelpA@CWinApp@@UAEXKI@Z 0040ff88 f   mfc100:mfc100.dll
 0001:0000ef8e       ?WinHelpInternal@CWinApp@@UAEXKI@Z 0040ff8e f   mfc100:mfc100.dll
 0001:0000ef94       ?RegisterWithRestartManager@CWinApp@@UAEJPB_WKP6GKPAX@Z1KK@Z 0040ff94 f   mfc100:mfc100.dll
 0001:0000ef9a       ?RegisterWithRestartManager@CWinApp@@UAEJHABV?$CStringT@DV?$StrTraitMFC_DLL@DV?$ChTraitsCRT@D@ATL@@@@@ATL@@@Z 0040ff9a f   mfc100:mfc100.dll
 0001:0000efa0       ?ApplicationRecoveryCallback@CWinApp@@UAEKPAX@Z 0040ffa0 f   mfc100:mfc100.dll
 0001:0000efa6       ?GetDataRecoveryHandler@CWinApp@@UAEPAVCDataRecoveryHandler@@XZ 0040ffa6 f   mfc100:mfc100.dll
 0001:0000efac       ?IsTaskbarInteractionEnabled@CWinApp@@UAEHXZ 0040ffac f   mfc100:mfc100.dll
 0001:0000efb2       ?RestartInstance@CWinApp@@UAEHXZ 0040ffb2 f   mfc100:mfc100.dll
 0001:0000efb8       ?LoadAppLangResourceDLL@CWinApp@@UAEPAUHINSTANCE__@@XZ 0040ffb8 f   mfc100:mfc100.dll
 0001:0000efbe       ?LoadSysPolicies@CWinApp@@UAEHXZ 0040ffbe f   mfc100:mfc100.dll
 0001:0000efc4       ??1CWinApp@@UAE@XZ         0040ffc4 f   mfc100:mfc100.dll
 0001:0000efca       ?SetRegistryKey@CWinApp@@IAEXPBD@Z 0040ffca f   mfc100:mfc100.dll
 0001:0000efd0       ?AfxEnableControlContainer@@YAXPAVCOccManager@@@Z 0040ffd0 f   mfc100:mfc100.dll
 0001:0000efd6       ?AfxOleInit@@YGHXZ         0040ffd6 f   mfc100:mfc100.dll
 0001:0000efdc       ?InitInstance@CWinApp@@UAEHXZ 0040ffdc f   mfc100:mfc100.dll
 0001:0000efe2       ?AfxThrowOleException@@YGXJ@Z 0040ffe2 f   mfc100:mfc100.dll
 0001:0000efe8       ?AfxThrowMemoryException@@YGXXZ 0040ffe8 f   mfc100:mfc100.dll
 0001:0000efee       ?AfxGetModuleState@@YGPAVAFX_MODULE_STATE@@XZ 0040ffee f   mfc100:mfc100.dll
 0001:0000eff4       ?GetThisMessageMap@CWnd@@KGPBUAFX_MSGMAP@@XZ 0040fff4 f   mfc100:mfc100.dll
 0001:0000effa       ??1CWnd@@UAE@XZ            0040fffa f   mfc100:mfc100.dll
 0001:0000f000       ?GetRuntimeClass@CWnd@@UBEPAUCRuntimeClass@@XZ 00410000 f   mfc100:mfc100.dll
 0001:0000f006       ?AfxRegisterWndClass@@YGPBDIPAUHICON__@@PAUHBRUSH__@@0@Z 00410006 f   mfc100:mfc100.dll
 0001:0000f00c       ??1CPaintDC@@UAE@XZ        0041000c f   mfc100:mfc100.dll
 0001:0000f012       ??0CPaintDC@@QAE@PAVCWnd@@@Z 00410012 f   mfc100:mfc100.dll
 0001:0000f018       ?ShowWindow@CWnd@@QAEHH@Z  00410018 f   mfc100:mfc100.dll
 0001:0000f01e       ?MoveWindow@CWnd@@QAEXHHHHH@Z 0041001e f   mfc100:mfc100.dll
 0001:0000f024       ?Default@CWnd@@IAEJXZ      00410024 f   mfc100:mfc100.dll
 0001:0000f02a       ?GetRuntimeClass@CStatic@@UBEPAUCRuntimeClass@@XZ 0041002a f   mfc100:mfc100.dll
 0001:0000f030       ?OnChildNotify@CStatic@@MAEHIIJPAJ@Z 00410030 f   mfc100:mfc100.dll
 0001:0000f036       ?Create@CStatic@@UAEHPBDKABUtagRECT@@PAVCWnd@@I@Z 00410036 f   mfc100:mfc100.dll
 0001:0000f03c       ?DrawItem@CStatic@@UAEXPAUtagDRAWITEMSTRUCT@@@Z 0041003c f   mfc100:mfc100.dll
 0001:0000f042       ??1CStatic@@UAE@XZ         00410042 f   mfc100:mfc100.dll
 0001:0000f048       ?GetThisMessageMap@CFrameWnd@@KGPBUAFX_MSGMAP@@XZ 00410048 f   mfc100:mfc100.dll
 0001:0000f04e       ?GetThisClass@CFrameWnd@@SGPAUCRuntimeClass@@XZ 0041004e f   mfc100:mfc100.dll
 0001:0000f054       ??1CFrameWnd@@UAE@XZ       00410054 f   mfc100:mfc100.dll
 0001:0000f05a       ??0CFrameWnd@@QAE@XZ       0041005a f   mfc100:mfc100.dll
 0001:0000f060       ?GetMenu@CFrameWnd@@UBEPAVCMenu@@XZ 00410060 f   mfc100:mfc100.dll
 0001:0000f066       ?SetMenu@CFrameWnd@@UAEHPAVCMenu@@@Z 00410066 f   mfc100:mfc100.dll
 0001:0000f06c       ?OnCommand@CFrameWnd@@MAEHIJ@Z 0041006c f   mfc100:mfc100.dll
 0001:0000f072       ?BeginModalState@CFrameWnd@@UAEXXZ 00410072 f   mfc100:mfc100.dll
 0001:0000f078       ?EndModalState@CFrameWnd@@UAEXXZ 00410078 f   mfc100:mfc100.dll
 0001:0000f07e       ?PostNcDestroy@CFrameWnd@@MAEXXZ 0041007e f   mfc100:mfc100.dll
 0001:0000f084       ?IsFrameWnd@CFrameWnd@@UBEHXZ 00410084 f   mfc100:mfc100.dll
 0001:0000f08a       ?Create@CFrameWnd@@UAEHPBD0KABUtagRECT@@PAVCWnd@@0KPAUCCreateContext@@@Z 0041008a f   mfc100:mfc100.dll
 0001:0000f090       ?LoadFrame@CFrameWnd@@UAEHIKPAVCWnd@@PAUCCreateContext@@@Z 00410090 f   mfc100:mfc100.dll
 0001:0000f096       ?GetActiveDocument@CFrameWnd@@UAEPAVCDocument@@XZ 00410096 f   mfc100:mfc100.dll
 0001:0000f09c       ?GetActiveFrame@CFrameWnd@@UAEPAV1@XZ 0041009c f   mfc100:mfc100.dll
 0001:0000f0a2       ?GetMessageString@CFrameWnd@@UBEXIAAV?$CStringT@DV?$StrTraitMFC_DLL@DV?$ChTraitsCRT@D@ATL@@@@@ATL@@@Z 004100a2 f   mfc100:mfc100.dll
 0001:0000f0a8       ?RecalcLayout@CFrameWnd@@UAEXH@Z 004100a8 f   mfc100:mfc100.dll
 0001:0000f0ae       ?ActivateFrame@CFrameWnd@@UAEXH@Z 004100ae f   mfc100:mfc100.dll
 0001:0000f0b4       ?SetMenuBarVisibility@CFrameWnd@@UAEXK@Z 004100b4 f   mfc100:mfc100.dll
 0001:0000f0ba       ?GetMenuBarVisibility@CFrameWnd@@UBEKXZ 004100ba f   mfc100:mfc100.dll
 0001:0000f0c0       ?SetMenuBarState@CFrameWnd@@UAEHK@Z 004100c0 f   mfc100:mfc100.dll
 0001:0000f0c6       ?GetMenuBarState@CFrameWnd@@UBEKXZ 004100c6 f   mfc100:mfc100.dll
 0001:0000f0cc       ?OnSetPreviewMode@CFrameWnd@@UAEXHPAUCPrintPreviewState@@@Z 004100cc f   mfc100:mfc100.dll
 0001:0000f0d2       ?GetMessageBar@CFrameWnd@@UAEPAVCWnd@@XZ 004100d2 f   mfc100:mfc100.dll
 0001:0000f0d8       ?NegotiateBorderSpace@CFrameWnd@@UAEHIPAUtagRECT@@@Z 004100d8 f   mfc100:mfc100.dll
 0001:0000f0de       ?OnCreateClient@CFrameWnd@@MAEHPAUtagCREATESTRUCTA@@PAUCCreateContext@@@Z 004100de f   mfc100:mfc100.dll
 0001:0000f0e4       ?OnUpdateFrameTitle@CFrameWnd@@UAEXH@Z 004100e4 f   mfc100:mfc100.dll
 0001:0000f0ea       ?OnUpdateFrameMenu@CFrameWnd@@UAEXPAUHMENU__@@@Z 004100ea f   mfc100:mfc100.dll
 0001:0000f0f0       ?GetDefaultAccelerator@CFrameWnd@@UAEPAUHACCEL__@@XZ 004100f0 f   mfc100:mfc100.dll
 0001:0000f0f6       ?DelayUpdateFrameMenu@CFrameWnd@@UAEXPAUHMENU__@@@Z 004100f6 f   mfc100:mfc100.dll
 0001:0000f0fc       ?ExitHelpMode@CFrameWnd@@UAEXXZ 004100fc f   mfc100:mfc100.dll
 0001:0000f102       ?OnShowMenuBar@CFrameWnd@@MAEXXZ 00410102 f   mfc100:mfc100.dll
 0001:0000f108       ?OnHideMenuBar@CFrameWnd@@MAEXXZ 00410108 f   mfc100:mfc100.dll
 0001:0000f10e       ?SetWindowTextA@CWnd@@QAEXPBD@Z 0041010e f   mfc100:mfc100.dll
 0001:0000f114       ?GetWindowTextA@CWnd@@QBEXAAV?$CStringT@DV?$StrTraitMFC_DLL@DV?$ChTraitsCRT@D@ATL@@@@@ATL@@@Z 00410114 f   mfc100:mfc100.dll
 0001:0000f11a       ?CenterWindow@CWnd@@QAEXPAV1@@Z 0041011a f   mfc100:mfc100.dll
 0001:0000f120       ?OnCreate@CFrameWnd@@IAEHPAUtagCREATESTRUCTA@@@Z 00410120 f   mfc100:mfc100.dll
 0001:0000f126       ?PreTranslateMessage@CFrameWnd@@UAEHPAUtagMSG@@@Z 00410126 f   mfc100:mfc100.dll
 0001:0000f12c       ?PreCreateWindow@CFrameWnd@@MAEHAAUtagCREATESTRUCTA@@@Z 0041012c f   mfc100:mfc100.dll
 0001:0000f132       ?SetFocus@CWnd@@QAEPAV1@XZ 00410132 f   mfc100:mfc100.dll
 0001:0000f138       ?OnCmdMsg@CFrameWnd@@UAEHIHPAXPAUAFX_CMDHANDLERINFO@@@Z 00410138 f   mfc100:mfc100.dll
 0001:0000f13e       ?OnSize@CFrameWnd@@IAEXIHH@Z 0041013e f   mfc100:mfc100.dll
 0001:0000f144       ?AfxGetThread@@YGPAVCWinThread@@XZ 00410144 f   mfc100:mfc100.dll
 0001:0000f14a       ?GetRuntimeClass@CMenu@@UBEPAUCRuntimeClass@@XZ 0041014a f   mfc100:mfc100.dll
 0001:0000f150       ?DrawItem@CMenu@@UAEXPAUtagDRAWITEMSTRUCT@@@Z 00410150 f   mfc100:mfc100.dll
 0001:0000f156       ?MeasureItem@CMenu@@UAEXPAUtagMEASUREITEMSTRUCT@@@Z 00410156 f   mfc100:mfc100.dll
 0001:0000f15c       ?DestroyMenu@CMenu@@QAEHXZ 0041015c f   mfc100:mfc100.dll
 0001:0000f162       ?FromHandle@CMenu@@SGPAV1@PAUHMENU__@@@Z 00410162 f   mfc100:mfc100.dll
 0001:0000f168       ?Attach@CMenu@@QAEHPAUHMENU__@@@Z 00410168 f   mfc100:mfc100.dll
 0001:0000f16e       ?AfxFindResourceHandle@@YGPAUHINSTANCE__@@PBD0@Z 0041016e f   mfc100:mfc100.dll
 0001:0000f174       ??1CEdit@@UAE@XZ           00410174 f   mfc100:mfc100.dll
 0001:0000f17a       ?GetDlgItem@CWnd@@QBEPAV1@H@Z 0041017a f   mfc100:mfc100.dll
 0001:0000f180       ?MessageBoxA@CWnd@@QAEHPBD0I@Z 00410180 f   mfc100:mfc100.dll
 0001:0000f186       ?GetWindowTextA@CWnd@@QBEHPADH@Z 00410186 f   mfc100:mfc100.dll
 0001:0000f18c       ?GetRuntimeClass@CEdit@@UBEPAUCRuntimeClass@@XZ 0041018c f   mfc100:mfc100.dll
 0001:0000f192       ?GetRuntimeClass@CDialog@@UBEPAUCRuntimeClass@@XZ 00410192 f   mfc100:mfc100.dll
 0001:0000f198       ??1CListCtrl@@UAE@XZ       00410198 f   mfc100:mfc100.dll
 0001:0000f19e       ?InsertColumn@CListCtrl@@QAEHHPBDHHH@Z 0041019e f   mfc100:mfc100.dll
 0001:0000f1a4       ?SetItemText@CListCtrl@@QAEHHHPBD@Z 004101a4 f   mfc100:mfc100.dll
 0001:0000f1aa       ?GetItemData@CListCtrl@@QBEKH@Z 004101aa f   mfc100:mfc100.dll
 0001:0000f1b0       ?AfxThrowInvalidArgException@@YGXXZ 004101b0 f   mfc100:mfc100.dll
 0001:0000f1b6       ?GetRuntimeClass@CListCtrl@@UBEPAUCRuntimeClass@@XZ 004101b6 f   mfc100:mfc100.dll
 0001:0000f1bc       ?GetMessageMap@CListCtrl@@MBEPBUAFX_MSGMAP@@XZ 004101bc f   mfc100:mfc100.dll
 0001:0000f1c2       ?OnChildNotify@CListCtrl@@MAEHIIJPAJ@Z 004101c2 f   mfc100:mfc100.dll
 0001:0000f1c8       ?DrawItem@CListCtrl@@UAEXPAUtagDRAWITEMSTRUCT@@@Z 004101c8 f   mfc100:mfc100.dll
 0001:0000f1ce       ??1CPtrArray@@UAE@XZ       004101ce f   mfc100:mfc100.dll
 0001:0000f1d4       ??0CPtrArray@@QAE@XZ       004101d4 f   mfc100:mfc100.dll
 0001:0000f1da       ?AfxLoadLibrary@@YGPAUHINSTANCE__@@PBD@Z 004101da f   mfc100:mfc100.dll
 0001:0000f1e0       ?AfxFreeLibrary@@YGHPAUHINSTANCE__@@@Z 004101e0 f   mfc100:mfc100.dll
 0001:0000f1e6       ?SetItem@CListCtrl@@QAEHHHIPBDHIIJ@Z 004101e6 f   mfc100:mfc100.dll
 0001:0000f1ec       ?RemoveAt@CPtrArray@@QAEXHH@Z 004101ec f   mfc100:mfc100.dll
 0001:0000f1f2       ?SetSize@CPtrArray@@QAEXHH@Z 004101f2 f   mfc100:mfc100.dll
 0001:0000f1f8       ?SetAtGrow@CPtrArray@@QAEXHPAX@Z 004101f8 f   mfc100:mfc100.dll
 0001:0000f1fe       ?InsertItem@CListCtrl@@QAEHIHPBDIIHJ@Z 004101fe f   mfc100:mfc100.dll
 0001:0000f204       ?DDX_Text@@YGXPAVCDataExchange@@HAAI@Z 00410204 f   mfc100:mfc100.dll
 0001:0000f20a       ?AfxSocketInit@@YGHPAUWSAData@@@Z 0041020a f   mfcs100:sockexp.obj
 0001:0000f224       _WinMain@16                00410224 f   mfcs100:appmodul.obj
 0001:0000f22f       ?AfxInitialize@@YGHHK@Z    0041022f f   mfcs100:appmodul.obj
 0001:0000f25a       _MiniDumpWriteDump@28      0041025a f   dbghelp:dbghelp.dll
 0001:0000f260       ?_AfxSocketInit@@YGHPAUWSAData@@@Z 00410260 f   mfc100:mfc100.dll
 0001:0000f266       ?AfxWinMain@@YGHPAUHINSTANCE__@@0PADH@Z 00410266 f   mfc100:mfc100.dll
 0002:00000000       __imp_?SendData@CTCPClientSocket@@QAEHPAXIEEE@Z 00412000     AFCComDllEx:AFCComDllEx.dll
 0002:00000004       __imp_?CloseSocket@CTCPClientSocket@@QAE_N_N@Z 00412004     AFCComDllEx:AFCComDllEx.dll
 0002:00000008       __imp_?SendData@CTCPClientSocket@@QAEHEEE@Z 00412008     AFCComDllEx:AFCComDllEx.dll
 0002:0000000c       __imp_??1CBcfFile@@QAE@XZ  0041200c     AFCComDllEx:AFCComDllEx.dll
 0002:00000010       __imp_?GetKeyVal@CBcfFile@@QAEHV?$CStringT@DV?$StrTraitMFC_DLL@DV?$ChTraitsCRT@D@ATL@@@@@ATL@@0H@Z 00412010     AFCComDllEx:AFCComDllEx.dll
 0002:00000014       __imp_??0CBcfFile@@QAE@V?$CStringT@DV?$StrTraitMFC_DLL@DV?$ChTraitsCRT@D@ATL@@@@@ATL@@@Z 00412014     AFCComDllEx:AFCComDllEx.dll
 0002:00000018       __imp_?IsFileExist@CBcfFile@@SA_NV?$CStringT@DV?$StrTraitMFC_DLL@DV?$ChTraitsCRT@D@ATL@@@@@ATL@@@Z 00412018     AFCComDllEx:AFCComDllEx.dll
 0002:0000001c       __imp_?GetAppPath@CBcfFile@@SA?AV?$CStringT@DV?$StrTraitMFC_DLL@DV?$ChTraitsCRT@D@ATL@@@@@ATL@@_N@Z 0041201c     AFCComDllEx:AFCComDllEx.dll
 0002:00000020       \177AFCComDllEx_NULL_THUNK_DATA 00412020     AFCComDllEx:AFCComDllEx.dll
 0002:00000024       __imp__InitCommonControls@0 00412024     comctl32:COMCTL32.dll
 0002:00000028       \177COMCTL32_NULL_THUNK_DATA 00412028     comctl32:COMCTL32.dll
 0002:0000002c       __imp__dklSQLEngineCreate  0041202c     HNlibSqlEngine:HNlibSqlEngine.dll
 0002:00000030       __imp__dklSQLEngineDelete  00412030     HNlibSqlEngine:HNlibSqlEngine.dll
 0002:00000034       \177HNlibSqlEngine_NULL_THUNK_DATA 00412034     HNlibSqlEngine:HNlibSqlEngine.dll
 0002:00000038       __imp__GetCurrentProcess@0 00412038     kernel32:KERNEL32.dll
 0002:0000003c       __imp__GetCurrentProcessId@0 0041203c     kernel32:KERNEL32.dll
 0002:00000040       __imp__GetCurrentThreadId@0 00412040     kernel32:KERNEL32.dll
 0002:00000044       __imp__CreateFileA@28      00412044     kernel32:KERNEL32.dll
 0002:00000048       __imp__WriteProcessMemory@20 00412048     kernel32:KERNEL32.dll
 0002:0000004c       __imp__VirtualProtect@16   0041204c     kernel32:KERNEL32.dll
 0002:00000050       __imp__GetProcAddress@8    00412050     kernel32:KERNEL32.dll
 0002:00000054       __imp__LoadLibraryA@4      00412054     kernel32:KERNEL32.dll
 0002:00000058       __imp__CloseHandle@4       00412058     kernel32:KERNEL32.dll
 0002:0000005c       __imp__SetCurrentDirectoryA@4 0041205c     kernel32:KERNEL32.dll
 0002:00000060       __imp__lstrlenA@4          00412060     kernel32:KERNEL32.dll
 0002:00000064       __imp__GetModuleFileNameA@12 00412064     kernel32:KERNEL32.dll
 0002:00000068       __imp__lstrcpyA@8          00412068     kernel32:KERNEL32.dll
 0002:0000006c       __imp__GetCurrentDirectoryA@8 0041206c     kernel32:KERNEL32.dll
 0002:00000070       __imp__EncodePointer@4     00412070     kernel32:KERNEL32.dll
 0002:00000074       __imp__DecodePointer@4     00412074     kernel32:KERNEL32.dll
 0002:00000078       __imp__InterlockedExchange@8 00412078     kernel32:KERNEL32.dll
 0002:0000007c       __imp__Sleep@4             0041207c     kernel32:KERNEL32.dll
 0002:00000080       __imp__InterlockedCompareExchange@12 00412080     kernel32:KERNEL32.dll
 0002:00000084       __imp__HeapSetInformation@16 00412084     kernel32:KERNEL32.dll
 0002:00000088       __imp__GetStartupInfoW@4   00412088     kernel32:KERNEL32.dll
 0002:0000008c       __imp__TerminateProcess@8  0041208c     kernel32:KERNEL32.dll
 0002:00000090       __imp__UnhandledExceptionFilter@4 00412090     kernel32:KERNEL32.dll
 0002:00000094       __imp__IsDebuggerPresent@0 00412094     kernel32:KERNEL32.dll
 0002:00000098       __imp__QueryPerformanceCounter@4 00412098     kernel32:KERNEL32.dll
 0002:0000009c       __imp__GetTickCount@0      0041209c     kernel32:KERNEL32.dll
 0002:000000a0       __imp__GetSystemTimeAsFileTime@4 004120a0     kernel32:KERNEL32.dll
 0002:000000a4       __imp__GetLastError@0      004120a4     kernel32:KERNEL32.dll
 0002:000000a8       __imp__SetUnhandledExceptionFilter@4 004120a8     kernel32:KERNEL32.dll
 0002:000000ac       __imp__CreateDirectoryA@8  004120ac     kernel32:KERNEL32.dll
 0002:000000b0       \177KERNEL32_NULL_THUNK_DATA 004120b0     kernel32:KERNEL32.dll
 0002:000000b4       __imp___stat64i32          004120b4     MSVCRT:MSVCR100.dll
 0002:000000b8       __imp___CxxThrowException@8 004120b8     MSVCRT:MSVCR100.dll
 0002:000000bc       __imp__sscanf              004120bc     MSVCRT:MSVCR100.dll
 0002:000000c0       __imp__sprintf             004120c0     MSVCRT:MSVCR100.dll
 0002:000000c4       __imp__ltoa                004120c4     MSVCRT:MSVCR100.dll
 0002:000000c4       __imp___ltoa               004120c4     MSVCRT:MSVCR100.dll
 0002:000000c8       __imp__strcpy_s            004120c8     MSVCRT:MSVCR100.dll
 0002:000000cc       __imp__strftime            004120cc     MSVCRT:MSVCR100.dll
 0002:000000d0       __imp___unlock             004120d0     MSVCRT:MSVCR100.dll
 0002:000000d4       __imp____dllonexit         004120d4     MSVCRT:MSVCR100.dll
 0002:000000d8       __imp___lock               004120d8     MSVCRT:MSVCR100.dll
 0002:000000dc       __imp___onexit             004120dc     MSVCRT:MSVCR100.dll
 0002:000000e0       __imp__strcmp              004120e0     MSVCRT:MSVCR100.dll
 0002:000000e4       __imp___amsg_exit          004120e4     MSVCRT:MSVCR100.dll
 0002:000000e8       __imp____getmainargs       004120e8     MSVCRT:MSVCR100.dll
 0002:000000ec       __imp___cexit              004120ec     MSVCRT:MSVCR100.dll
 0002:000000f0       __imp___exit               004120f0     MSVCRT:MSVCR100.dll
 0002:000000f4       __imp___XcptFilter         004120f4     MSVCRT:MSVCR100.dll
 0002:000000f8       __imp___ismbblead          004120f8     MSVCRT:MSVCR100.dll
 0002:000000fc       __imp__exit                004120fc     MSVCRT:MSVCR100.dll
 0002:00000100       __imp___acmdln             00412100     MSVCRT:MSVCR100.dll
 0002:00000104       __imp___initterm           00412104     MSVCRT:MSVCR100.dll
 0002:00000108       __imp___initterm_e         00412108     MSVCRT:MSVCR100.dll
 0002:0000010c       __imp___configthreadlocale 0041210c     MSVCRT:MSVCR100.dll
 0002:00000110       __imp____setusermatherr    00412110     MSVCRT:MSVCR100.dll
 0002:00000114       __imp___commode            00412114     MSVCRT:MSVCR100.dll
 0002:00000118       __imp___fmode              00412118     MSVCRT:MSVCR100.dll
 0002:0000011c       __imp____set_app_type      0041211c     MSVCRT:MSVCR100.dll
 0002:00000120       __imp___crt_debugger_hook  00412120     MSVCRT:MSVCR100.dll
 0002:00000124       __imp_?_type_info_dtor_internal_method@type_info@@QAEXXZ 00412124     MSVCRT:MSVCR100.dll
 0002:00000128       __imp___except_handler4_common 00412128     MSVCRT:MSVCR100.dll
 0002:0000012c       __imp___invoke_watson      0041212c     MSVCRT:MSVCR100.dll
 0002:00000130       __imp___controlfp_s        00412130     MSVCRT:MSVCR100.dll
 0002:00000134       __imp__itoa                00412134     MSVCRT:MSVCR100.dll
 0002:00000134       __imp___itoa               00412134     MSVCRT:MSVCR100.dll
 0002:00000138       __imp___wcsicmp            00412138     MSVCRT:MSVCR100.dll
 0002:00000138       __imp__wcsicmp             00412138     MSVCRT:MSVCR100.dll
 0002:0000013c       __imp__strcpy              0041213c     MSVCRT:MSVCR100.dll
 0002:00000140       __imp___localtime64_s      00412140     MSVCRT:MSVCR100.dll
 0002:00000144       __imp___mktime64           00412144     MSVCRT:MSVCR100.dll
 0002:00000148       __imp___time64             00412148     MSVCRT:MSVCR100.dll
 0002:0000014c       __imp__atol                0041214c     MSVCRT:MSVCR100.dll
 0002:00000150       __imp__atoi                00412150     MSVCRT:MSVCR100.dll
 0002:00000154       __imp___wsplitpath         00412154     MSVCRT:MSVCR100.dll
 0002:00000158       __imp__memset              00412158     MSVCRT:MSVCR100.dll
 0002:0000015c       __imp_??2@YAPAXI@Z         0041215c     MSVCRT:MSVCR100.dll
 0002:00000160       __imp__fseek               00412160     MSVCRT:MSVCR100.dll
 0002:00000164       __imp__fgetc               00412164     MSVCRT:MSVCR100.dll
 0002:00000168       __imp__ferror              00412168     MSVCRT:MSVCR100.dll
 0002:0000016c       __imp__ftell               0041216c     MSVCRT:MSVCR100.dll
 0002:00000170       __imp__fread               00412170     MSVCRT:MSVCR100.dll
 0002:00000174       __imp__fopen_s             00412174     MSVCRT:MSVCR100.dll
 0002:00000178       __imp__fclose              00412178     MSVCRT:MSVCR100.dll
 0002:0000017c       __imp___purecall           0041217c     MSVCRT:MSVCR100.dll
 0002:00000180       __imp_??3@YAXPAX@Z         00412180     MSVCRT:MSVCR100.dll
 0002:00000184       __imp____CxxFrameHandler3  00412184     MSVCRT:MSVCR100.dll
 0002:00000188       __imp__strchr              00412188     MSVCRT:MSVCR100.dll
 0002:0000018c       __imp__isspace             0041218c     MSVCRT:MSVCR100.dll
 0002:00000190       __imp__isdigit             00412190     MSVCRT:MSVCR100.dll
 0002:00000194       __imp__isalpha             00412194     MSVCRT:MSVCR100.dll
 0002:00000198       __imp__strncmp             00412198     MSVCRT:MSVCR100.dll
 0002:0000019c       __imp__strlen              0041219c     MSVCRT:MSVCR100.dll
 0002:000001a0       __imp__memcpy              004121a0     MSVCRT:MSVCR100.dll
 0002:000001a4       __imp_??_V@YAXPAX@Z        004121a4     MSVCRT:MSVCR100.dll
 0002:000001a8       __imp_?terminate@@YAXXZ    004121a8     MSVCRT:MSVCR100.dll
[...]
 0001:0000f4e0       __unwindfunclet$?NewUnknown@XMLDocument@tinyxml2@@QAEPAVXMLUnknown@2@PBD@Z$0 004104e0 f   tinyxml2.obj
 0001:0000f4e0       __unwindfunclet$?NewText@XMLDocument@tinyxml2@@QAEPAVXMLText@2@PBD@Z$0 004104e0 f   tinyxml2.obj
 0001:0000f4e0       __unwindfunclet$?NewComment@XMLDocument@tinyxml2@@QAEPAVXMLComment@2@PBD@Z$0 004104e0 f   tinyxml2.obj
 0001:0000f4e0       __unwindfunclet$?NewElement@XMLDocument@tinyxml2@@QAEPAVXMLElement@2@PBD@Z$0 004104e0 f   tinyxml2.obj
 0001:0000f4f1       __ehhandler$?NewUnknown@XMLDocument@tinyxml2@@QAEPAVXMLUnknown@2@PBD@Z 004104f1 f   tinyxml2.obj
 0001:0000f4f1       __ehhandler$?NewElement@XMLDocument@tinyxml2@@QAEPAVXMLElement@2@PBD@Z 004104f1 f   tinyxml2.obj
 0001:0000f4f1       __ehhandler$?NewText@XMLDocument@tinyxml2@@QAEPAVXMLText@2@PBD@Z 004104f1 f   tinyxml2.obj
 0001:0000f4f1       __ehhandler$?NewComment@XMLDocument@tinyxml2@@QAEPAVXMLComment@2@PBD@Z 004104f1 f   tinyxml2.obj
 0001:0000f4f1       __ehhandler$?NewDeclaration@XMLDocument@tinyxml2@@QAEPAVXMLDeclaration@2@PBD@Z 004104f1 f   tinyxml2.obj
 0001:0000f510       __unwindfunclet$??0?$MemPoolT@$0CE@@tinyxml2@@QAE@XZ$0 00410510 f   tinyxml2.obj
 0001:0000f510       __unwindfunclet$??0?$MemPoolT@$0CM@@tinyxml2@@QAE@XZ$0 00410510 f   tinyxml2.obj
 0001:0000f510       __unwindfunclet$??0?$MemPoolT@$0DE@@tinyxml2@@QAE@XZ$0 00410510 f   tinyxml2.obj
 0001:0000f510       __unwindfunclet$??0?$MemPoolT@$0DA@@tinyxml2@@QAE@XZ$0 00410510 f   tinyxml2.obj
 0001:0000f518       __ehhandler$??0?$MemPoolT@$0CM@@tinyxml2@@QAE@XZ 00410518 f   tinyxml2.obj
 0001:0000f518       __ehhandler$??0?$MemPoolT@$0CE@@tinyxml2@@QAE@XZ 00410518 f   tinyxml2.obj
 0001:0000f518       __ehhandler$??0?$MemPoolT@$0DA@@tinyxml2@@QAE@XZ 00410518 f   tinyxml2.obj
 0001:0000f518       __ehhandler$??0?$MemPoolT@$0DE@@tinyxml2@@QAE@XZ 00410518 f   tinyxml2.obj
 0001:0000f540       __unwindfunclet$??1?$MemPoolT@$0DA@@tinyxml2@@UAE@XZ$0 00410540 f   tinyxml2.obj
 0001:0000f540       __unwindfunclet$??1?$MemPoolT@$0CM@@tinyxml2@@UAE@XZ$0 00410540 f   tinyxml2.obj
 0001:0000f540       __unwindfunclet$??1?$MemPoolT@$0CE@@tinyxml2@@UAE@XZ$0 00410540 f   tinyxml2.obj
 0001:0000f540       __unwindfunclet$??1?$MemPoolT@$0DE@@tinyxml2@@UAE@XZ$0 00410540 f   tinyxml2.obj
 0001:0000f548       __unwindfunclet$??1?$MemPoolT@$0DE@@tinyxml2@@UAE@XZ$1 00410548 f   tinyxml2.obj
 0001:0000f548       __unwindfunclet$??1?$MemPoolT@$0CE@@tinyxml2@@UAE@XZ$1 00410548 f   tinyxml2.obj
 0001:0000f548       __unwindfunclet$??1?$MemPoolT@$0CM@@tinyxml2@@UAE@XZ$1 00410548 f   tinyxml2.obj
 0001:0000f548       __unwindfunclet$??1?$MemPoolT@$0DA@@tinyxml2@@UAE@XZ$1 00410548 f   tinyxml2.obj
 0001:0000f553       __ehhandler$??1?$MemPoolT@$0DE@@tinyxml2@@UAE@XZ 00410553 f   tinyxml2.obj
 0001:0000f553       __ehhandler$??1?$MemPoolT@$0CE@@tinyxml2@@UAE@XZ 00410553 f   tinyxml2.obj
 0001:0000f553       __ehhandler$??1?$MemPoolT@$0DA@@tinyxml2@@UAE@XZ 00410553 f   tinyxml2.obj
 0001:0000f553       __ehhandler$??1?$MemPoolT@$0CM@@tinyxml2@@UAE@XZ 00410553 f   tinyxml2.obj
 0001:0000f570       __unwindfunclet$?MyUnhandledExceptionFilter@@YGJPAU_EXCEPTION_POINTERS@@@Z$0 00410570 f   AFCLoader.obj
 0001:0000f579       __unwindfunclet$?MyUnhandledExceptionFilter@@YGJPAU_EXCEPTION_POINTERS@@@Z$1 00410579 f   AFCLoader.obj
 0001:0000f585       __ehhandler$?MyUnhandledExceptionFilter@@YGJPAU_EXCEPTION_POINTERS@@@Z 00410585 f   AFCLoader.obj
 0001:0000f5b0       __unwindfunclet$?CheckBanBen@CAFCLoaderApp@@QAE_NXZ$0 004105b0 f   AFCLoader.obj
 0001:0000f5b9       __ehhandler$?CheckBanBen@CAFCLoaderApp@@QAE_NXZ 004105b9 f   AFCLoader.obj
 0001:0000f5e0       __unwindfunclet$?InitInstance@CAFCLoaderApp@@UAEHXZ$0 004105e0 f   AFCLoader.obj
 0001:0000f5ed       __ehhandler$?InitInstance@CAFCLoaderApp@@UAEHXZ 004105ed f   AFCLoader.obj
 0001:0000f620       __unwindfunclet$??0CChildView@@QAE@XZ$0 00410620 f   ChildView.obj
 0001:0000f620       __unwindfunclet$??1CChildView@@UAE@XZ$0 00410620 f   ChildView.obj
 0001:0000f628       __ehhandler$??1CChildView@@UAE@XZ 00410628 f   ChildView.obj
 0001:0000f628       __ehhandler$??0CChildView@@QAE@XZ 00410628 f   ChildView.obj
 0001:0000f650       __unwindfunclet$?OnCreate@CChildView@@IAEHPAUtagCREATESTRUCTA@@@Z$0 00410650 f   ChildView.obj
 0001:0000f65a       __ehhandler$?OnCreate@CChildView@@IAEHPAUtagCREATESTRUCTA@@@Z 0041065a f   ChildView.obj
 0001:0000f680       __unwindfunclet$?GetNameIDFromFreeTable@CGameSelecter@@AAEII@Z$0 00410680 f   GameSelect.obj
 0001:0000f680       __unwindfunclet$?GetNameIDFromPayTable@CGameSelecter@@AAEII@Z$0 00410680 f   GameSelect.obj
 0001:0000f689       __ehhandler$?GetNameIDFromFreeTable@CGameSelecter@@AAEII@Z 00410689 f   GameSelect.obj
 0001:0000f689       __ehhandler$?GetNameIDFromPayTable@CGameSelecter@@AAEII@Z 00410689 f   GameSelect.obj
 0001:0000f6c0       __unwindfunclet$??1CMainFrame@@UAE@XZ$0 004106c0 f   MainFrm.obj
 0001:0000f6c0       __unwindfunclet$??0CMainFrame@@QAE@XZ$0 004106c0 f   MainFrm.obj
 0001:0000f6c8       __unwindfunclet$??1CMainFrame@@UAE@XZ$1 004106c8 f   MainFrm.obj
 0001:0000f6c8       __unwindfunclet$??0CMainFrame@@QAE@XZ$1 004106c8 f   MainFrm.obj
 0001:0000f6d6       __ehhandler$??1CMainFrame@@UAE@XZ 004106d6 f   MainFrm.obj
 0001:0000f6d6       __ehhandler$??0CMainFrame@@QAE@XZ 004106d6 f   MainFrm.obj
 0001:0000f700       __unwindfunclet$?OnCreate@CMainFrame@@QAEHPAUtagCREATESTRUCTA@@@Z$0 00410700 f   MainFrm.obj
 0001:0000f709       __unwindfunclet$?OnCreate@CMainFrame@@QAEHPAUtagCREATESTRUCTA@@@Z$1 00410709 f   MainFrm.obj
 0001:0000f712       __ehhandler$?OnCreate@CMainFrame@@QAEHPAUtagCREATESTRUCTA@@@Z 00410712 f   MainFrm.obj
 0001:0000f740       __unwindfunclet$?PreTranslateMessage@CMainFrame@@UAEHPAUtagMSG@@@Z$0 00410740 f   MainFrm.obj
 0001:0000f749       __ehhandler$?PreTranslateMessage@CMainFrame@@UAEHPAUtagMSG@@@Z 00410749 f   MainFrm.obj
 0001:0000f770       __unwindfunclet$?OnMouseLeave@CMainFrame@@QAEJIJ@Z$0 00410770 f   MainFrm.obj
 0001:0000f779       __ehhandler$?OnMouseLeave@CMainFrame@@QAEJIJ@Z 00410779 f   MainFrm.obj
 0001:0000f7a0       __unwindfunclet$?OnTrayIconNotify@CMainFrame@@QAEJIJ@Z$0 004107a0 f   MainFrm.obj
 0001:0000f7a8       __ehhandler$?OnTrayIconNotify@CMainFrame@@QAEJIJ@Z 004107a8 f   MainFrm.obj
 0001:0000f7d0       __unwindfunclet$??1CMenu@@UAE@XZ$0 004107d0 f   MainFrm.obj
 0001:0000f7d8       __ehhandler$??1CMenu@@UAE@XZ 004107d8 f   MainFrm.obj
 0001:0000f800       __unwindfunclet$??1CServiceControl@@UAE@XZ$0 00410800 f   ServiceControl.obj
 0001:0000f800       __unwindfunclet$??0CServiceControl@@QAE@XZ$0 00410800 f   ServiceControl.obj
 0001:0000f808       __unwindfunclet$??0CServiceControl@@QAE@XZ$1 00410808 f   ServiceControl.obj
 0001:0000f808       __unwindfunclet$??1CServiceControl@@UAE@XZ$1 00410808 f   ServiceControl.obj
 0001:0000f816       __ehhandler$??0CServiceControl@@QAE@XZ 00410816 f   ServiceControl.obj
 0001:0000f816       __ehhandler$??1CServiceControl@@UAE@XZ 00410816 f   ServiceControl.obj
 0001:0000f840       __unwindfunclet$?OnBnClickedStop@CServiceControl@@QAEXXZ$0 00410840 f   ServiceControl.obj
 0001:0000f849       __ehhandler$?OnBnClickedStop@CServiceControl@@QAEXXZ 00410849 f   ServiceControl.obj
 0001:0000f870       __unwindfunclet$?OnBnClickedStart@CServiceControl@@QAEXXZ$0 00410870 f   ServiceControl.obj
 0001:0000f879       __unwindfunclet$?OnBnClickedStart@CServiceControl@@QAEXXZ$1 00410879 f   ServiceControl.obj
 0001:0000f882       __unwindfunclet$?OnBnClickedStart@CServiceControl@@QAEXXZ$2 00410882 f   ServiceControl.obj
 0001:0000f88b       __unwindfunclet$?OnBnClickedStart@CServiceControl@@QAEXXZ$4 0041088b f   ServiceControl.obj
 0001:0000f894       __unwindfunclet$?OnBnClickedStart@CServiceControl@@QAEXXZ$5 00410894 f   ServiceControl.obj
 0001:0000f89d       __ehhandler$?OnBnClickedStart@CServiceControl@@QAEXXZ 0041089d f   ServiceControl.obj
 0001:0000f8c0       __unwindfunclet$?OnBnClickedSetCom@CServiceControl@@QAEXXZ$0 004108c0 f   ServiceControl.obj
 0001:0000f8cb       __ehhandler$?OnBnClickedSetCom@CServiceControl@@QAEXXZ 004108cb f   ServiceControl.obj
 0001:0000f900       __unwindfunclet$?OnBnClickedUpdateCom@CServiceControl@@QAEXXZ$0 00410900 f   ServiceControl.obj
 0001:0000f909       __unwindfunclet$?OnBnClickedUpdateCom@CServiceControl@@QAEXXZ$1 00410909 f   ServiceControl.obj
 0001:0000f912       __unwindfunclet$?OnBnClickedUpdateCom@CServiceControl@@QAEXXZ$2 00410912 f   ServiceControl.obj
 0001:0000f91b       __ehhandler$?OnBnClickedUpdateCom@CServiceControl@@QAEXXZ 0041091b f   ServiceControl.obj
 0001:0000f940       __unwindfunclet$?OnBnClickedMotif@CServiceControl@@QAEXXZ$0 00410940 f   ServiceControl.obj
 0001:0000f94b       __ehhandler$?OnBnClickedMotif@CServiceControl@@QAEXXZ 0041094b f   ServiceControl.obj
 0001:0000f980       __unwindfunclet$?OnBnClickedStartAll@CServiceControl@@QAEXXZ$0 00410980 f   ServiceControl.obj
 0001:0000f989       __unwindfunclet$?OnBnClickedStartAll@CServiceControl@@QAEXXZ$1 00410989 f   ServiceControl.obj
 0001:0000f992       __unwindfunclet$?OnBnClickedStartAll@CServiceControl@@QAEXXZ$2 00410992 f   ServiceControl.obj
 0001:0000f99b       __unwindfunclet$?OnBnClickedStartAll@CServiceControl@@QAEXXZ$4 0041099b f   ServiceControl.obj
 0001:0000f9a4       __unwindfunclet$?OnBnClickedStartAll@CServiceControl@@QAEXXZ$5 004109a4 f   ServiceControl.obj
 0001:0000f9ad       __ehhandler$?OnBnClickedStartAll@CServiceControl@@QAEXXZ 004109ad f   ServiceControl.obj
 0001:0000f9d0       __unwindfunclet$?OnBnClickedStopAll@CServiceControl@@QAEXXZ$0 004109d0 f   ServiceControl.obj
 0001:0000f9d9       __ehhandler$?OnBnClickedStopAll@CServiceControl@@QAEXXZ 004109d9 f   ServiceControl.obj
 0001:0000fa00       __unwindfunclet$??HATL@@YA?AV?$CStringT@DV?$StrTraitMFC_DLL@DV?$ChTraitsCRT@D@ATL@@@@@0@PBDABV10@@Z$0 00410a00 f   ServiceControl.obj
 0001:0000fa00       __unwindfunclet$??HATL@@YA?AV?$CStringT@DV?$StrTraitMFC_DLL@DV?$ChTraitsCRT@D@ATL@@@@@0@ABV10@PBD@Z$0 00410a00 f   ServiceControl.obj
 0001:0000fa00       __unwindfunclet$??HATL@@YA?AV?$CStringT@DV?$StrTraitMFC_DLL@DV?$ChTraitsCRT@D@ATL@@@@@0@ABV10@0@Z$0 00410a00 f   ServiceControl.obj
 0001:0000fa09       __ehhandler$??HATL@@YA?AV?$CStringT@DV?$StrTraitMFC_DLL@DV?$ChTraitsCRT@D@ATL@@@@@0@ABV10@PBD@Z 00410a09 f   ServiceControl.obj
 0001:0000fa09       __ehhandler$??HATL@@YA?AV?$CStringT@DV?$StrTraitMFC_DLL@DV?$ChTraitsCRT@D@ATL@@@@@0@ABV10@0@Z 00410a09 f   ServiceControl.obj
 0001:0000fa09       __ehhandler$??HATL@@YA?AV?$CStringT@DV?$StrTraitMFC_DLL@DV?$ChTraitsCRT@D@ATL@@@@@0@PBDABV10@@Z 00410a09 f   ServiceControl.obj
 0001:0000fa30       __unwindfunclet$??0CServiceManage@@QAE@XZ$0 00410a30 f   ServiceManage.obj
 0001:0000fa3c       __unwindfunclet$??0CServiceManage@@QAE@XZ$1 00410a3c f   ServiceManage.obj
 0001:0000fa48       __unwindfunclet$??0CServiceManage@@QAE@XZ$2 00410a48 f   ServiceManage.obj
 0001:0000fa54       __unwindfunclet$??0CServiceManage@@QAE@XZ$3 00410a54 f   ServiceManage.obj
 0001:0000fa60       __unwindfunclet$??0CServiceManage@@QAE@XZ$4 00410a60 f   ServiceManage.obj
 0001:0000fa6c       __unwindfunclet$??0CServiceManage@@QAE@XZ$5 00410a6c f   ServiceManage.obj
 0001:0000fa78       __unwindfunclet$??0CServiceManage@@QAE@XZ$6 00410a78 f   ServiceManage.obj
 0001:0000fa84       __unwindfunclet$??0CServiceManage@@QAE@XZ$7 00410a84 f   ServiceManage.obj
 0001:0000fa92       __unwindfunclet$??0CServiceManage@@QAE@XZ$8 00410a92 f   ServiceManage.obj
 0001:0000faa0       __unwindfunclet$??0CServiceManage@@QAE@XZ$9 00410aa0 f   ServiceManage.obj
 0001:0000faae       __unwindfunclet$??0CServiceManage@@QAE@XZ$10 00410aae f   ServiceManage.obj
 0001:0000fabd       __unwindfunclet$??0CServiceManage@@QAE@XZ$11 00410abd f   ServiceManage.obj
 0001:0000facb       __unwindfunclet$??0CServiceManage@@QAE@XZ$12 00410acb f   ServiceManage.obj
 0001:0000fad6       __ehhandler$??0CServiceManage@@QAE@XZ 00410ad6 f   ServiceManage.obj
 0001:0000fb00       __unwindfunclet$?StartAllGames@CServiceManage@@QAEXPAVCListCtrl@@@Z$0 00410b00 f   ServiceManage.obj
 0001:0000fb09       __unwindfunclet$?StartAllGames@CServiceManage@@QAEXPAVCListCtrl@@@Z$1 00410b09 f   ServiceManage.obj
 0001:0000fb12       __unwindfunclet$?StartAllGames@CServiceManage@@QAEXPAVCListCtrl@@@Z$3 00410b12 f   ServiceManage.obj
 0001:0000fb1b       __unwindfunclet$?StartAllGames@CServiceManage@@QAEXPAVCListCtrl@@@Z$4 00410b1b f   ServiceManage.obj
 0001:0000fb24       __ehhandler$?StartAllGames@CServiceManage@@QAEXPAVCListCtrl@@@Z 00410b24 f   ServiceManage.obj
 0001:0000fb40       __ehhandler$?bGetServiceInfo@CServiceManage@@QAE_NPAUSC_GameRoomInitStruct@@@Z 00410b40 f   ServiceManage.obj
 0001:0000fb70       __ehhandler$?StartGameRoom@CServiceManage@@QAE_NPAUSC_GameRoomInitStruct@@@Z 00410b70 f   ServiceManage.obj
 0001:0000fb90       __unwindfunclet$?LoadData@CServiceInfo@@QAE_NXZ$0 00410b90 f   ServiceManage.obj
 0001:0000fb99       __unwindfunclet$?LoadData@CServiceInfo@@QAE_NXZ$1 00410b99 f   ServiceManage.obj
 0001:0000fba2       __unwindfunclet$?LoadData@CServiceInfo@@QAE_NXZ$2 00410ba2 f   ServiceManage.obj
 0001:0000fbab       __unwindfunclet$?LoadData@CServiceInfo@@QAE_NXZ$3 00410bab f   ServiceManage.obj
 0001:0000fbb4       __ehhandler$?LoadData@CServiceInfo@@QAE_NXZ 00410bb4 f   ServiceManage.obj
 0001:0000fbd0       __unwindfunclet$??1CServiceManage@@UAE@XZ$0 00410bd0 f   ServiceManage.obj
 0001:0000fbdc       __unwindfunclet$??1CServiceManage@@UAE@XZ$1 00410bdc f   ServiceManage.obj
 0001:0000fbe8       __unwindfunclet$??1CServiceManage@@UAE@XZ$2 00410be8 f   ServiceManage.obj
 0001:0000fbf4       __unwindfunclet$??1CServiceManage@@UAE@XZ$3 00410bf4 f   ServiceManage.obj
 0001:0000fc00       __unwindfunclet$??1CServiceManage@@UAE@XZ$4 00410c00 f   ServiceManage.obj
 0001:0000fc0c       __unwindfunclet$??1CServiceManage@@UAE@XZ$5 00410c0c f   ServiceManage.obj
 0001:0000fc18       __unwindfunclet$??1CServiceManage@@UAE@XZ$6 00410c18 f   ServiceManage.obj
 0001:0000fc24       __unwindfunclet$??1CServiceManage@@UAE@XZ$7 00410c24 f   ServiceManage.obj
 0001:0000fc32       __unwindfunclet$??1CServiceManage@@UAE@XZ$8 00410c32 f   ServiceManage.obj
 0001:0000fc40       __unwindfunclet$??1CServiceManage@@UAE@XZ$9 00410c40 f   ServiceManage.obj
 0001:0000fc4e       __unwindfunclet$??1CServiceManage@@UAE@XZ$10 00410c4e f   ServiceManage.obj
 0001:0000fc5d       __unwindfunclet$??1CServiceManage@@UAE@XZ$11 00410c5d f   ServiceManage.obj
 0001:0000fc6b       __ehhandler$??1CServiceManage@@UAE@XZ 00410c6b f   ServiceManage.obj
 0001:0000fc90       __unwindfunclet$?sqlAddConnection@CServiceManage@@QAE_NXZ$0 00410c90 f   ServiceManage.obj
 0001:0000fc99       __unwindfunclet$?sqlAddConnection@CServiceManage@@QAE_NXZ$1 00410c99 f   ServiceManage.obj
 0001:0000fca2       __unwindfunclet$?sqlAddConnection@CServiceManage@@QAE_NXZ$2 00410ca2 f   ServiceManage.obj
 0001:0000fcae       __ehhandler$?sqlAddConnection@CServiceManage@@QAE_NXZ 00410cae f   ServiceManage.obj
 0001:0000fce0       __ehhandler$?StopGameRoom@CServiceManage@@QAE_NPAUSC_GameRoomInitStruct@@@Z 00410ce0 f   ServiceManage.obj
 0001:0000fd00       __unwindfunclet$?OnSocketReadEvent@CServiceManage@@MAE_NPAUNetMessageHead@@PAXIPAVCTCPClientSocket@@@Z$0 00410d00 f   ServiceManage.obj
 0001:0000fd0c       __ehhandler$?OnSocketReadEvent@CServiceManage@@MAE_NPAUNetMessageHead@@PAXIPAVCTCPClientSocket@@@Z 00410d0c f   ServiceManage.obj
 0001:0000fd40       __ehhandler$?DeleteGameRoomInfo@CServiceManage@@QAE_NPAUSC_GameRoomInitStruct@@@Z 00410d40 f   ServiceManage.obj
 0001:0000fd60       __unwindfunclet$?GetRoomListInfo@CServiceManage@@QAE_NXZ$2 00410d60 f   ServiceManage.obj
 0001:0000fd6e       __unwindfunclet$?GetRoomListInfo@CServiceManage@@QAE_NXZ$3 00410d6e f   ServiceManage.obj
 0001:0000fd77       __unwindfunclet$?GetRoomListInfo@CServiceManage@@QAE_NXZ$6 00410d77 f   ServiceManage.obj
 0001:0000fd80       __unwindfunclet$?GetRoomListInfo@CServiceManage@@QAE_NXZ$7 00410d80 f   ServiceManage.obj
 0001:0000fd8c       __unwindfunclet$?GetRoomListInfo@CServiceManage@@QAE_NXZ$9 00410d8c f   ServiceManage.obj
 0001:0000fd95       __ehhandler$?GetRoomListInfo@CServiceManage@@QAE_NXZ 00410d95 f   ServiceManage.obj
 0001:0000fdc0       __ehhandler$?CountOnLinePeople@CServiceManage@@QAEXPAVCListCtrl@@0@Z 00410dc0 f   ServiceManage.obj
 0001:0000fdf0       __unwindfunclet$?GetRoomName@CServiceManage@@QAE?AV?$CStringT@DV?$StrTraitMFC_DLL@DV?$ChTraitsCRT@D@ATL@@@@@ATL@@XZ$0 00410df0 f   ServiceManage.obj
 0001:0000fdf9       __ehhandler$?GetRoomName@CServiceManage@@QAE?AV?$CStringT@DV?$StrTraitMFC_DLL@DV?$ChTraitsCRT@D@ATL@@@@@ATL@@XZ 00410df9 f   ServiceManage.obj
 0001:0000fe20       __unwindfunclet$??0CSetupDialog@@QAE@PAVCWnd@@@Z$0 00410e20 f   SetupDialog.obj
 0001:0000fe28       __unwindfunclet$??0CSetupDialog@@QAE@PAVCWnd@@@Z$1 00410e28 f   SetupDialog.obj
 0001:0000fe37       __unwindfunclet$??0CSetupDialog@@QAE@PAVCWnd@@@Z$2 00410e37 f   SetupDialog.obj
 0001:0000fe46       __unwindfunclet$??0CSetupDialog@@QAE@PAVCWnd@@@Z$3 00410e46 f   SetupDialog.obj
 0001:0000fe55       __unwindfunclet$??0CSetupDialog@@QAE@PAVCWnd@@@Z$4 00410e55 f   SetupDialog.obj
 0001:0000fe64       __unwindfunclet$??0CSetupDialog@@QAE@PAVCWnd@@@Z$5 00410e64 f   SetupDialog.obj
 0001:0000fe73       __unwindfunclet$??0CSetupDialog@@QAE@PAVCWnd@@@Z$6 00410e73 f   SetupDialog.obj
 0001:0000fe81       __unwindfunclet$??0CSetupDialog@@QAE@PAVCWnd@@@Z$7 00410e81 f   SetupDialog.obj
 0001:0000fe8a       __ehhandler$??0CSetupDialog@@QAE@PAVCWnd@@@Z 00410e8a f   SetupDialog.obj
 0001:0000feb0       __unwindfunclet$??1CSetupDialog@@UAE@XZ$0 00410eb0 f   SetupDialog.obj
 0001:0000feb8       __unwindfunclet$??1CSetupDialog@@UAE@XZ$1 00410eb8 f   SetupDialog.obj
 0001:0000fec7       __unwindfunclet$??1CSetupDialog@@UAE@XZ$2 00410ec7 f   SetupDialog.obj
 0001:0000fed6       __unwindfunclet$??1CSetupDialog@@UAE@XZ$3 00410ed6 f   SetupDialog.obj
 0001:0000fee5       __unwindfunclet$??1CSetupDialog@@UAE@XZ$4 00410ee5 f   SetupDialog.obj
 0001:0000fef4       __unwindfunclet$??1CSetupDialog@@UAE@XZ$5 00410ef4 f   SetupDialog.obj
 0001:0000ff03       __ehhandler$??1CSetupDialog@@UAE@XZ 00410f03 f   SetupDialog.obj
 0001:0000ff20       __unwindfunclet$??__EUSER_STATESTRING@@YAXXZ$0 00410f20 f   stdafx.obj
 0001:0000ff2b       __unwindfunclet$??__EUSER_STATESTRING@@YAXXZ$1 00410f2b f   stdafx.obj
 0001:0000ff36       __unwindfunclet$??__EUSER_STATESTRING@@YAXXZ$2 00410f36 f   stdafx.obj
 0001:0000ff41       __unwindfunclet$??__EUSER_STATESTRING@@YAXXZ$3 00410f41 f   stdafx.obj
 0001:0000ff4c       __unwindfunclet$??__EUSER_STATESTRING@@YAXXZ$4 00410f4c f   stdafx.obj
 0001:0000ff57       __unwindfunclet$??__EUSER_STATESTRING@@YAXXZ$5 00410f57 f   stdafx.obj
 0001:0000ff62       __unwindfunclet$??__EUSER_STATESTRING@@YAXXZ$6 00410f62 f   stdafx.obj
 0001:0000ff6d       __ehhandler$??__EUSER_STATESTRING@@YAXXZ 00410f6d f   stdafx.obj
 0001:0000ff90       ??__EWM_CREATETRAYBAR@@YAXXZ 00410f90 f   AFCLoader.obj
 0001:0000ffb0       ??__EtheApp@@YAXXZ         00410fb0 f   AFCLoader.obj
 0001:0000ffe0       ??__EWM_CREATETRAYBAR@@YAXXZ 00410fe0 f   MainFrm.obj
 0001:00010000       ??__Eg_Service@@YAXXZ      00411000 f   MainFrm.obj
 0001:00010030       ??__EWM_CREATETRAYBAR@@YAXXZ 00411030 f   ServiceControl.obj
 0001:00010050       ??__EWM_CREATETRAYBAR@@YAXXZ 00411050 f   ServiceManage.obj
 0001:00010070       ??__EUSER_STATESTRING@@YAXXZ 00411070 f   stdafx.obj
 0001:00010160       ??__EWM_CREATETRAYBAR@@YAXXZ 00411160 f   TrayIcon.obj
 0001:00010180       ??__E_afxInitAppState@@YAXXZ 00411180 f   mfcs100:appmodul.obj
 0001:000101a0       ??__FtheApp@@YAXXZ         004111a0 f   AFCLoader.obj
 0001:000101c0       ??__Fg_Service@@YAXXZ      004111c0 f   MainFrm.obj
 0001:000101e0       ??__FUSER_STATESTRING@@YAXXZ 004111e0 f   stdafx.obj
