 MServer

 Timestamp is 5c7c88d6 (Mon Mar 04 10:09:26 2019)

 Preferred load address is 00400000

 Start         Length     Name                   Class
 0001:00000000 000355b4H .text                   CODE
 0001:000355c0 00002303H .text$x                 CODE
 0001:000378d0 0000072cH .text$yc                CODE
 0001:00038000 00000123H .text$yd                CODE
 0002:00000000 0000081cH .idata$5                DATA
 0002:0000081c 00000004H .CRT$XCA                DATA
 0002:00000820 00000004H .CRT$XCAA               DATA
 0002:00000824 00000010H .CRT$XCL                DATA
 0002:00000834 00000030H .CRT$XCU                DATA
 0002:00000864 00000004H .CRT$XCZ                DATA
 0002:00000868 00000004H .CRT$XIA                DATA
 0002:0000086c 00000004H .CRT$XIAA               DATA
 0002:00000870 00000004H .CRT$XIC                DATA
 0002:00000874 00000004H .CRT$XIY                DATA
 0002:00000878 00000004H .CRT$XIZ                DATA
 0002:00000880 00003790H .rdata                  DATA
 0002:00004010 0000005cH .rdata$debug            DATA
 0002:0000406c 00000bd4H .rdata$r                DATA
 0002:00004c40 00000238H .rdata$sxdata           DATA
 0002:00004e78 00000004H .rtc$IAA                DATA
 0002:00004e7c 00000004H .rtc$IZZ                DATA
 0002:00004e80 00000004H .rtc$TAA                DATA
 0002:00004e84 00000004H .rtc$TZZ                DATA
 0002:00004e88 00002b7cH .xdata$x                DATA
 0002:00007a04 00000000H ATL$__a                 DATA
 0002:00007a04 00000000H ATL$__z                 DATA
 0002:00007a04 00000104H .idata$2                DATA
 0002:00007b08 00000014H .idata$3                DATA
 0002:00007b1c 0000081cH .idata$4                DATA
 0002:00008338 0000211aH .idata$6                DATA
 0002:0000a452 00000000H .edata                  DATA
 0003:00000000 00000630H .data                   DATA
 0003:00000630 00000778H .bss                    DATA
 0004:00000000 00000130H .rsrc$01                DATA
 0004:00000130 00001428H .rsrc$02                DATA

  Address         Publics by Value              Rva+Base       Lib:Object

 0000:00000000       __except_list              00000000     <absolute>
 0000:0000008e       ___safe_se_handler_count   0000008e     <absolute>
 0000:00009876       __fltused                  00009876     <absolute>
 0000:00009876       __ldused                   00009876     <absolute>
 0000:00000000       ___ImageBase               00400000     <linker-defined>
 0001:00000000       ?_AtlGetConversionACP@ATL@@YGIXZ 00401000 f i GMTools:XGmMessage.obj
 0001:00000010       ??0CAtlException@ATL@@QAE@J@Z 00401010 f i GMTools:XGmMessage.obj
 0001:00000030       ?AtlThrowImpl@ATL@@YGXJ@Z  00401030 f i GMTools:XGmMessage.obj
 0001:00000060       ?_AtlGetStringResourceImage@ATL@@YAPBUATLSTRINGRESOURCEIMAGE@1@PAUHINSTANCE__@@PAUHRSRC__@@I@Z 00401060 f i GMTools:XGmMessage.obj
 0001:00000110       ?AtlGetStringResourceImage@ATL@@YAPBUATLSTRINGRESOURCEIMAGE@1@PAUHINSTANCE__@@I@Z 00401110 f i GMTools:XGmMessage.obj
 0001:00000160       ?AtlGetStringResourceImage@ATL@@YAPBUATLSTRINGRESOURCEIMAGE@1@PAUHINSTANCE__@@IG@Z 00401160 f i GMTools:XGmMessage.obj
 0001:000001b0       ?AtlFindStringResourceInstance@ATL@@YAPAUHINSTANCE__@@IG@Z 004011b0 f i GMTools:XGmMessage.obj
 0001:00000230       ?data@CStringData@ATL@@QAEPAXXZ 00401230 f i GMTools:XGmMessage.obj
 0001:00000250       ?IsLocked@CStringData@ATL@@QBE_NXZ 00401250 f i GMTools:XGmMessage.obj
 0001:00000270       ?IsShared@CStringData@ATL@@QBE_NXZ 00401270 f i GMTools:XGmMessage.obj
 0001:00000290       ?Release@CStringData@ATL@@QAEXXZ 00401290 f i GMTools:XGmMessage.obj
 0001:000002d0       ??2@YAPAXIPAX@Z            004012d0 f i GMTools:XGmMessage.obj
 0001:000002e0       ??3@YAXPAX0@Z              004012e0 f i GMTools:XGmMessage.obj
 0001:000002f0       ??0CTimeSpan@ATL@@QAE@JHHH@Z 004012f0 f i GMTools:XGmMessage.obj
 0001:00000370       ?GetTimeSpan@CTimeSpan@ATL@@QBE_JXZ 00401370 f i GMTools:XGmMessage.obj
 0001:00000390       ?GetTickCount@CTime@ATL@@SG?AV12@XZ 00401390 f i GMTools:XGmMessage.obj
 0001:000003b0       ??0CTime@ATL@@QAE@_J@Z     004013b0 f i GMTools:XGmMessage.obj
 0001:000003d0       ??GCTime@ATL@@QBE?AV01@VCTimeSpan@1@@Z 004013d0 f i GMTools:XGmMessage.obj
 0001:00000400       ?Format@CTime@ATL@@QBE?AV?$CStringT@DV?$StrTraitATL@DV?$ChTraitsCRT@D@ATL@@@ATL@@@2@PBD@Z 00401400 f i GMTools:XGmMessage.obj
 0001:000004d0       ??0DataLineHead@@QAE@XZ    004014d0 f i GMTools:XGmMessage.obj
 0001:000004f0       ??0DataBaseLineHead@@QAE@XZ 004014f0 f i GMTools:XGmMessage.obj
 0001:00000520       ??0GM_GetOperationByPlayer_t@@QAE@XZ 00401520 f i GMTools:XGmMessage.obj
 0001:00000540       ??0GM_OperateByID_t@@QAE@XZ 00401540 f i GMTools:XGmMessage.obj
 0001:00000570       ??0GM_Broadcast_t@@QAE@XZ  00401570 f i GMTools:XGmMessage.obj
 0001:000005a0       ??0GM_MSG_S_LogonByName_t@@QAE@XZ 004015a0 f i GMTools:XGmMessage.obj
 0001:000005d0       ??0GM_DT_I_OperateUser_t@@QAE@XZ 004015d0 f i GMTools:XGmMessage.obj
 0001:00000610       ??0GM_DT_I_LogonByName_t@@QAE@XZ 00401610 f i GMTools:XGmMessage.obj
 0001:00000650       ??0GM_MSG_O_LogonResult_t@@QAE@XZ 00401650 f i GMTools:XGmMessage.obj
 0001:00000680       ??0CGMMessageBase@@QAE@XZ  00401680 f i GMTools:XGmMessage.obj
 0001:000006a0       ??1CGMMessageBase@@UAE@XZ  004016a0 f i GMTools:XGmMessage.obj
 0001:000006c0       ??_GCGMMessageBase@@UAEPAXI@Z 004016c0 f i GMTools:XGmMessage.obj
 0001:000006c0       ??_ECGMMessageBase@@UAEPAXI@Z 004016c0 f i  CIL library: CIL module
 0001:000006f0       ??0bad_alloc@std@@QAE@PBD@Z 004016f0 f i GMTools:XGmMessage.obj
 0001:00000720       ??1bad_alloc@std@@UAE@XZ   00401720 f i GMTools:XGmMessage.obj
 0001:00000740       ??_Ebad_alloc@std@@UAEPAXI@Z 00401740 f i  CIL library: CIL module
 0001:00000740       ??_Gbad_alloc@std@@UAEPAXI@Z 00401740 f i GMTools:XGmMessage.obj
 0001:00000770       ?compare@?$char_traits@D@std@@SAHPBD0I@Z 00401770 f i GMTools:XGmMessage.obj
 0001:00000790       ?length@?$char_traits@D@std@@SAIPBD@Z 00401790 f i GMTools:XGmMessage.obj
 0001:000007b0       ?copy@?$char_traits@D@std@@SAPADPADPBDI@Z 004017b0 f i GMTools:XGmMessage.obj
 0001:000007d0       ?move@?$char_traits@D@std@@SAPADPADPBDI@Z 004017d0 f i GMTools:XGmMessage.obj
 0001:000007f0       ?assign@?$char_traits@D@std@@SAXAADABD@Z 004017f0 f i GMTools:XGmMessage.obj
 0001:00000800       ?eq@?$char_traits@D@std@@SA_NABD0@Z 00401800 f i GMTools:XGmMessage.obj
 0001:00000820       ?_Adopt@_Iterator_base0@std@@QAEXPBX@Z 00401820 f i GMTools:XGmMessage.obj
 0001:00000830       ?setAppender@Category@log4cpp@@QAEXPAVAppender@2@@Z 00401830 f i GMTools:XGmMessage.obj
 0001:00000870       ??1?$map@V?$basic_string@DU?$char_traits@D@std@@V?$allocator@D@2@@std@@HU?$less@V?$basic_string@DU?$char_traits@D@std@@V?$allocator@D@2@@std@@@2@V?$allocator@U?$pair@$$CBV?$basic_string@DU?$char_traits@D@std@@V?$allocator@D@2@@std@@H@std@@@2@@std@@QAE@XZ 00401870 f i GMTools:XGmMessage.obj
 0001:00000890       ??1?$set@V?$basic_string@DU?$char_traits@D@std@@V?$allocator@D@2@@std@@U?$less@V?$basic_string@DU?$char_traits@D@std@@V?$allocator@D@2@@std@@@2@V?$allocator@V?$basic_string@DU?$char_traits@D@std@@V?$allocator@D@2@@std@@@2@@std@@QAE@XZ 00401890 f i GMTools:XGmMessage.obj
 0001:000008b0       ??0LogEx@XAFCLog@@QAE@HV?$basic_string@DU?$char_traits@D@std@@V?$allocator@D@2@@std@@0@Z 004018b0 f i GMTools:XGmMessage.obj
 0001:000009c0       ??1LogEx@XAFCLog@@QAE@XZ   004019c0 f i GMTools:XGmMessage.obj
 0001:000009f0       ??RLogEx@XAFCLog@@QAAXV?$basic_string@DU?$char_traits@D@std@@V?$allocator@D@2@@std@@PBDZZ 004019f0 f i GMTools:XGmMessage.obj
 0001:00000cb0       ??0CSingLog@XAFCLog@@QAE@XZ 00401cb0 f i GMTools:XGmMessage.obj
 0001:00000cf0       ??1CSingLog@XAFCLog@@QAE@XZ 00401cf0 f i GMTools:XGmMessage.obj
 0001:00000d10       ??_GXGmMessageModule@@UAEPAXI@Z 00401d10 f i GMTools:XGmMessage.obj
 0001:00000d10       ??_EXGmMessageModule@@UAEPAXI@Z 00401d10 f i  CIL library: CIL module
 0001:00000d40       ??0GM_DT_I_GetOperatedUser_t@@QAE@XZ 00401d40 f i GMTools:XGmMessage.obj
 0001:00000d70       ??0?$CStringT@DV?$StrTraitATL@DV?$ChTraitsCRT@D@ATL@@@ATL@@@ATL@@QAE@PBD@Z 00401d70 f i GMTools:XGmMessage.obj
 0001:00000df0       ??1?$CStringT@DV?$StrTraitATL@DV?$ChTraitsCRT@D@ATL@@@ATL@@@ATL@@QAE@XZ 00401df0 f i GMTools:XGmMessage.obj
 0001:00000e10       ??Y?$CStringT@DV?$StrTraitATL@DV?$ChTraitsCRT@D@ATL@@@ATL@@@ATL@@QAEAAV01@PBD@Z 00401e10 f i GMTools:XGmMessage.obj
 0001:00000e30       ?LoadStringA@?$CStringT@DV?$StrTraitATL@DV?$ChTraitsCRT@D@ATL@@@ATL@@@ATL@@QAEHI@Z 00401e30 f i GMTools:XGmMessage.obj
 0001:00000e70       ??B?$CSimpleStringT@D$0A@@ATL@@QBEPBDXZ 00401e70 f i GMTools:XGmMessage.obj
 0001:00000e70       ?GetString@?$CSimpleStringT@D$0A@@ATL@@QBEPBDXZ 00401e70 f i GMTools:XGmMessage.obj
 0001:00000e70       ?_Mynode@?$_Tree_unchecked_const_iterator@V?$_Tree_val@V?$_Tmap_traits@V?$basic_string@DU?$char_traits@D@std@@V?$allocator@D@2@@std@@HU?$less@V?$basic_string@DU?$char_traits@D@std@@V?$allocator@D@2@@std@@@2@V?$allocator@U?$pair@$$CBV?$basic_string@DU?$char_traits@D@std@@V?$allocator@D@2@@std@@H@std@@@2@$0A@@std@@@std@@U_Iterator_base0@2@@std@@QBEPAU_Node@?$_Tree_nod@V?$_Tmap_traits@V?$basic_string@DU?$char_traits@D@std@@V?$allocator@D@2@@std@@HU?$less@V?$basic_string@DU?$char_traits@D@std@@V?$allocator@D@2@@std@@@2@V?$allocator@U?$pair@$$CBV?$basic_string@DU?$char_traits@D@std@@V?$allocator@D@2@@std@@H@std@@@2@$0A@@std@@@2@XZ 00401e70 f i GMTools:XGmMessage.obj
 0001:00000e70       ?_Mynode@?$_Tree_unchecked_const_iterator@V?$_Tree_val@V?$_Tset_traits@V?$basic_string@DU?$char_traits@D@std@@V?$allocator@D@2@@std@@U?$less@V?$basic_string@DU?$char_traits@D@std@@V?$allocator@D@2@@std@@@2@V?$allocator@V?$basic_string@DU?$char_traits@D@std@@V?$allocator@D@2@@std@@@2@$0A@@std@@@std@@U_Iterator_base0@2@@std@@QBEPAU_Node@?$_Tree_nod@V?$_Tset_traits@V?$basic_string@DU?$char_traits@D@std@@V?$allocator@D@2@@std@@U?$less@V?$basic_string@DU?$char_traits@D@std@@V?$allocator@D@2@@std@@@2@V?$allocator@V?$basic_string@DU?$char_traits@D@std@@V?$allocator@D@2@@std@@@2@$0A@@std@@@2@XZ 00401e70 f i GMTools:XGmMessage.obj
 0001:00000e80       ?GetBuffer@?$CSimpleStringT@D$0A@@ATL@@QAEPADXZ 00401e80 f i GMTools:XGmMessage.obj
 0001:00000ec0       ?GetLength@?$CSimpleStringT@D$0A@@ATL@@QBEHXZ 00401ec0 f i GMTools:XGmMessage.obj
 0001:00000ee0       ??0?$basic_string@DU?$char_traits@D@std@@V?$allocator@D@2@@std@@QAE@ABV01@@Z 00401ee0 f i GMTools:XGmMessage.obj
 0001:00000f70       ??0?$basic_string@DU?$char_traits@D@std@@V?$allocator@D@2@@std@@QAE@XZ 00401f70 f i GMTools:XGmMessage.obj
 0001:00000fa0       ??0?$basic_string@DU?$char_traits@D@std@@V?$allocator@D@2@@std@@QAE@PBD@Z 00401fa0 f i GMTools:XGmMessage.obj
 0001:00001020       ??4?$basic_string@DU?$char_traits@D@std@@V?$allocator@D@2@@std@@QAEAAV01@$$QAV01@@Z 00402020 f i GMTools:XGmMessage.obj
 0001:00001050       ??1?$basic_string@DU?$char_traits@D@std@@V?$allocator@D@2@@std@@QAE@XZ 00402050 f i GMTools:XGmMessage.obj
 0001:00001070       ??4?$basic_string@DU?$char_traits@D@std@@V?$allocator@D@2@@std@@QAEAAV01@ABV01@@Z 00402070 f i GMTools:XGmMessage.obj
 0001:00001090       ?c_str@?$basic_string@DU?$char_traits@D@std@@V?$allocator@D@2@@std@@QBEPBDXZ 00402090 f i GMTools:XGmMessage.obj
 0001:000010b0       ?size@?$basic_string@DU?$char_traits@D@std@@V?$allocator@D@2@@std@@QBEIXZ 004020b0 f i GMTools:XGmMessage.obj
 0001:000010b0       ?length@?$basic_string@DU?$char_traits@D@std@@V?$allocator@D@2@@std@@QBEIXZ 004020b0 f i GMTools:XGmMessage.obj
 0001:000010d0       ?rfind@?$basic_string@DU?$char_traits@D@std@@V?$allocator@D@2@@std@@QBEIDI@Z 004020d0 f i GMTools:XGmMessage.obj
 0001:000010f0       ?substr@?$basic_string@DU?$char_traits@D@std@@V?$allocator@D@2@@std@@QBE?AV12@II@Z 004020f0 f i GMTools:XGmMessage.obj
 0001:00001140       ?compare@?$basic_string@DU?$char_traits@D@std@@V?$allocator@D@2@@std@@QBEHABV12@@Z 00402140 f i GMTools:XGmMessage.obj
 0001:00001170       ??0?$map@V?$basic_string@DU?$char_traits@D@std@@V?$allocator@D@2@@std@@HU?$less@V?$basic_string@DU?$char_traits@D@std@@V?$allocator@D@2@@std@@@2@V?$allocator@U?$pair@$$CBV?$basic_string@DU?$char_traits@D@std@@V?$allocator@D@2@@std@@H@std@@@2@@std@@QAE@XZ 00402170 f i GMTools:XGmMessage.obj
 0001:000011a0       ??A?$map@V?$basic_string@DU?$char_traits@D@std@@V?$allocator@D@2@@std@@HU?$less@V?$basic_string@DU?$char_traits@D@std@@V?$allocator@D@2@@std@@@2@V?$allocator@U?$pair@$$CBV?$basic_string@DU?$char_traits@D@std@@V?$allocator@D@2@@std@@H@std@@@2@@std@@QAEAAHABV?$basic_string@DU?$char_traits@D@std@@V?$allocator@D@2@@1@@Z 004021a0 f i GMTools:XGmMessage.obj
 0001:000012a0       ??1?$_Tree@V?$_Tmap_traits@V?$basic_string@DU?$char_traits@D@std@@V?$allocator@D@2@@std@@HU?$less@V?$basic_string@DU?$char_traits@D@std@@V?$allocator@D@2@@std@@@2@V?$allocator@U?$pair@$$CBV?$basic_string@DU?$char_traits@D@std@@V?$allocator@D@2@@std@@H@std@@@2@$0A@@std@@@std@@QAE@XZ 004022a0 f i GMTools:XGmMessage.obj
 0001:00001300       ?end@?$_Tree@V?$_Tmap_traits@V?$basic_string@DU?$char_traits@D@std@@V?$allocator@D@2@@std@@HU?$less@V?$basic_string@DU?$char_traits@D@std@@V?$allocator@D@2@@std@@@2@V?$allocator@U?$pair@$$CBV?$basic_string@DU?$char_traits@D@std@@V?$allocator@D@2@@std@@H@std@@@2@$0A@@std@@@std@@QAE?AV?$_Tree_iterator@V?$_Tree_val@V?$_Tmap_traits@V?$basic_string@DU?$char_traits@D@std@@V?$allocator@D@2@@std@@HU?$less@V?$basic_string@DU?$char_traits@D@std@@V?$allocator@D@2@@std@@@2@V?$allocator@U?$pair@$$CBV?$basic_string@DU?$char_traits@D@std@@V?$allocator@D@2@@std@@H@std@@@2@$0A@@std@@@std@@@2@XZ 00402300 f i GMTools:XGmMessage.obj
 0001:00001330       ?find@?$_Tree@V?$_Tmap_traits@V?$basic_string@DU?$char_traits@D@std@@V?$allocator@D@2@@std@@HU?$less@V?$basic_string@DU?$char_traits@D@std@@V?$allocator@D@2@@std@@@2@V?$allocator@U?$pair@$$CBV?$basic_string@DU?$char_traits@D@std@@V?$allocator@D@2@@std@@H@std@@@2@$0A@@std@@@std@@QAE?AV?$_Tree_iterator@V?$_Tree_val@V?$_Tmap_traits@V?$basic_string@DU?$char_traits@D@std@@V?$allocator@D@2@@std@@HU?$less@V?$basic_string@DU?$char_traits@D@std@@V?$allocator@D@2@@std@@@2@V?$allocator@U?$pair@$$CBV?$basic_string@DU?$char_traits@D@std@@V?$allocator@D@2@@std@@H@std@@@2@$0A@@std@@@std@@@2@ABV?$basic_string@DU?$char_traits@D@std@@V?$allocator@D@2@@2@@Z 00402330 f i GMTools:XGmMessage.obj
 0001:000013c0       ??0?$set@V?$basic_string@DU?$char_traits@D@std@@V?$allocator@D@2@@std@@U?$less@V?$basic_string@DU?$char_traits@D@std@@V?$allocator@D@2@@std@@@2@V?$allocator@V?$basic_string@DU?$char_traits@D@std@@V?$allocator@D@2@@std@@@2@@std@@QAE@XZ 004023c0 f i GMTools:XGmMessage.obj
 0001:000013f0       ??1?$_Tree@V?$_Tset_traits@V?$basic_string@DU?$char_traits@D@std@@V?$allocator@D@2@@std@@U?$less@V?$basic_string@DU?$char_traits@D@std@@V?$allocator@D@2@@std@@@2@V?$allocator@V?$basic_string@DU?$char_traits@D@std@@V?$allocator@D@2@@std@@@2@$0A@@std@@@std@@QAE@XZ 004023f0 f i GMTools:XGmMessage.obj
 0001:00001450       ?end@?$_Tree@V?$_Tset_traits@V?$basic_string@DU?$char_traits@D@std@@V?$allocator@D@2@@std@@U?$less@V?$basic_string@DU?$char_traits@D@std@@V?$allocator@D@2@@std@@@2@V?$allocator@V?$basic_string@DU?$char_traits@D@std@@V?$allocator@D@2@@std@@@2@$0A@@std@@@std@@QAE?AV?$_Tree_const_iterator@V?$_Tree_val@V?$_Tset_traits@V?$basic_string@DU?$char_traits@D@std@@V?$allocator@D@2@@std@@U?$less@V?$basic_string@DU?$char_traits@D@std@@V?$allocator@D@2@@std@@@2@V?$allocator@V?$basic_string@DU?$char_traits@D@std@@V?$allocator@D@2@@std@@@2@$0A@@std@@@std@@@2@XZ 00402450 f i GMTools:XGmMessage.obj
 0001:00001480       ?find@?$_Tree@V?$_Tset_traits@V?$basic_string@DU?$char_traits@D@std@@V?$allocator@D@2@@std@@U?$less@V?$basic_string@DU?$char_traits@D@std@@V?$allocator@D@2@@std@@@2@V?$allocator@V?$basic_string@DU?$char_traits@D@std@@V?$allocator@D@2@@std@@@2@$0A@@std@@@std@@QAE?AV?$_Tree_const_iterator@V?$_Tree_val@V?$_Tset_traits@V?$basic_string@DU?$char_traits@D@std@@V?$allocator@D@2@@std@@U?$less@V?$basic_string@DU?$char_traits@D@std@@V?$allocator@D@2@@std@@@2@V?$allocator@V?$basic_string@DU?$char_traits@D@std@@V?$allocator@D@2@@std@@@2@$0A@@std@@@std@@@2@ABV?$basic_string@DU?$char_traits@D@std@@V?$allocator@D@2@@2@@Z 00402480 f i GMTools:XGmMessage.obj
 0001:00001510       ??C?$_Tree_iterator@V?$_Tree_val@V?$_Tmap_traits@V?$basic_string@DU?$char_traits@D@std@@V?$allocator@D@2@@std@@HU?$less@V?$basic_string@DU?$char_traits@D@std@@V?$allocator@D@2@@std@@@2@V?$allocator@U?$pair@$$CBV?$basic_string@DU?$char_traits@D@std@@V?$allocator@D@2@@std@@H@std@@@2@$0A@@std@@@std@@@std@@QBEPAU?$pair@$$CBV?$basic_string@DU?$char_traits@D@std@@V?$allocator@D@2@@std@@H@1@XZ 00402510 f i GMTools:XGmMessage.obj
 0001:00001530       ??9?$_Tree_const_iterator@V?$_Tree_val@V?$_Tmap_traits@V?$basic_string@DU?$char_traits@D@std@@V?$allocator@D@2@@std@@HU?$less@V?$basic_string@DU?$char_traits@D@std@@V?$allocator@D@2@@std@@@2@V?$allocator@U?$pair@$$CBV?$basic_string@DU?$char_traits@D@std@@V?$allocator@D@2@@std@@H@std@@@2@$0A@@std@@@std@@@std@@QBE_NABV01@@Z 00402530 f i GMTools:XGmMessage.obj
 0001:00001530       ??9?$_Tree_const_iterator@V?$_Tree_val@V?$_Tset_traits@V?$basic_string@DU?$char_traits@D@std@@V?$allocator@D@2@@std@@U?$less@V?$basic_string@DU?$char_traits@D@std@@V?$allocator@D@2@@std@@@2@V?$allocator@V?$basic_string@DU?$char_traits@D@std@@V?$allocator@D@2@@std@@@2@$0A@@std@@@std@@@std@@QBE_NABV01@@Z 00402530 f i GMTools:XGmMessage.obj
 0001:00001560       ??1?$pair@$$CBV?$basic_string@DU?$char_traits@D@std@@V?$allocator@D@2@@std@@H@std@@QAE@XZ 00402560 f i GMTools:XGmMessage.obj
 0001:00001580       ??1?$_Pair_base@$$CBV?$basic_string@DU?$char_traits@D@std@@V?$allocator@D@2@@std@@H@std@@QAE@XZ 00402580 f i GMTools:XGmMessage.obj
 0001:000015a0       ??4?$CStringT@DV?$StrTraitATL@DV?$ChTraitsCRT@D@ATL@@@ATL@@@ATL@@QAEAAV01@PBD@Z 004025a0 f i GMTools:XGmMessage.obj
 0001:000015c0       ?LoadStringA@?$CStringT@DV?$StrTraitATL@DV?$ChTraitsCRT@D@ATL@@@ATL@@@ATL@@QAEHPAUHINSTANCE__@@I@Z 004025c0 f i GMTools:XGmMessage.obj
 0001:00001650       ?CheckImplicitLoad@?$CStringT@DV?$StrTraitATL@DV?$ChTraitsCRT@D@ATL@@@ATL@@@ATL@@AAE_NPBX@Z 00402650 f i GMTools:XGmMessage.obj
 0001:000016a0       ??0?$CSimpleStringT@D$0A@@ATL@@QAE@PAUIAtlStringMgr@1@@Z 004026a0 f i GMTools:XGmMessage.obj
 0001:00001700       ??1?$CSimpleStringT@D$0A@@ATL@@QAE@XZ 00402700 f i GMTools:XGmMessage.obj
 0001:00001720       ??Y?$CSimpleStringT@D$0A@@ATL@@QAEAAV01@PBD@Z 00402720 f i GMTools:XGmMessage.obj
 0001:00001740       ?GetBuffer@?$CSimpleStringT@D$0A@@ATL@@QAEPADH@Z 00402740 f i GMTools:XGmMessage.obj
 0001:00001760       ?StringLengthN@?$CSimpleStringT@D$0A@@ATL@@SAHPBDI@Z 00402760 f i GMTools:XGmMessage.obj
 0001:00001780       ?Fork@?$CSimpleStringT@D$0A@@ATL@@AAEXH@Z 00402780 f i GMTools:XGmMessage.obj
 0001:00001840       ?GetData@?$CSimpleStringT@D$0A@@ATL@@ABEPAUCStringData@2@XZ 00402840 f i GMTools:XGmMessage.obj
 0001:00001860       ?PrepareWrite@?$CSimpleStringT@D$0A@@ATL@@AAEPADH@Z 00402860 f i GMTools:XGmMessage.obj
 0001:000018c0       ?SetLength@?$CSimpleStringT@D$0A@@ATL@@AAEXH@Z 004028c0 f i GMTools:XGmMessage.obj
 0001:00001910       ??0?$basic_string@DU?$char_traits@D@std@@V?$allocator@D@2@@std@@QAE@ABV01@IIABV?$allocator@D@1@@Z 00402910 f i GMTools:XGmMessage.obj
 0001:000019a0       ?assign@?$basic_string@DU?$char_traits@D@std@@V?$allocator@D@2@@std@@QAEAAV12@$$QAV12@@Z 004029a0 f i GMTools:XGmMessage.obj
 0001:00001a70       ?assign@?$basic_string@DU?$char_traits@D@std@@V?$allocator@D@2@@std@@QAEAAV12@ABV12@@Z 00402a70 f i GMTools:XGmMessage.obj
 0001:00001aa0       ?assign@?$basic_string@DU?$char_traits@D@std@@V?$allocator@D@2@@std@@QAEAAV12@ABV12@II@Z 00402aa0 f i GMTools:XGmMessage.obj
 0001:00001b60       ?assign@?$basic_string@DU?$char_traits@D@std@@V?$allocator@D@2@@std@@QAEAAV12@PBD@Z 00402b60 f i GMTools:XGmMessage.obj
 0001:00001b90       ?rfind@?$basic_string@DU?$char_traits@D@std@@V?$allocator@D@2@@std@@QBEIPBDII@Z 00402b90 f i GMTools:XGmMessage.obj
 0001:00001c70       ?compare@?$basic_string@DU?$char_traits@D@std@@V?$allocator@D@2@@std@@QBEHIIPBDI@Z 00402c70 f i GMTools:XGmMessage.obj
 0001:00001d20       ?get_allocator@?$basic_string@DU?$char_traits@D@std@@V?$allocator@D@2@@std@@QBE?AV?$allocator@D@2@XZ 00402d20 f i GMTools:XGmMessage.obj
 0001:00001d40       ?_Tidy@?$basic_string@DU?$char_traits@D@std@@V?$allocator@D@2@@std@@QAEX_NI@Z 00402d40 f i GMTools:XGmMessage.obj
 0001:00001dc0       ?_Myptr@?$basic_string@DU?$char_traits@D@std@@V?$allocator@D@2@@std@@QBEPBDXZ 00402dc0 f i GMTools:XGmMessage.obj
 0001:00001dc0       ?_Myptr@?$basic_string@DU?$char_traits@D@std@@V?$allocator@D@2@@std@@QAEPADXZ 00402dc0 f i GMTools:XGmMessage.obj
 0001:00001df0       ??0?$_String_val@DV?$allocator@D@std@@@std@@QAE@V?$allocator@D@1@@Z 00402df0 f i GMTools:XGmMessage.obj
 0001:00001e10       ??1?$_String_val@DV?$allocator@D@std@@@std@@QAE@XZ 00402e10 f i GMTools:XGmMessage.obj
 0001:00001e20       ??0?$allocator@V?$basic_string@DU?$char_traits@D@std@@V?$allocator@D@2@@std@@@std@@QAE@XZ 00402e20 f i GMTools:XGmMessage.obj
 0001:00001e20       ??0?$allocator@D@std@@QAE@XZ 00402e20 f i GMTools:XGmMessage.obj
 0001:00001e20       ??0?$allocator@U?$pair@$$CBV?$basic_string@DU?$char_traits@D@std@@V?$allocator@D@2@@std@@H@std@@@std@@QAE@XZ 00402e20 f i GMTools:XGmMessage.obj
 0001:00001e30       ??0?$_Tree@V?$_Tmap_traits@V?$basic_string@DU?$char_traits@D@std@@V?$allocator@D@2@@std@@HU?$less@V?$basic_string@DU?$char_traits@D@std@@V?$allocator@D@2@@std@@@2@V?$allocator@U?$pair@$$CBV?$basic_string@DU?$char_traits@D@std@@V?$allocator@D@2@@std@@H@std@@@2@$0A@@std@@@std@@QAE@ABU?$less@V?$basic_string@DU?$char_traits@D@std@@V?$allocator@D@2@@std@@@1@ABV?$allocator@U?$pair@$$CBV?$basic_string@DU?$char_traits@D@std@@V?$allocator@D@2@@std@@H@std@@@1@@Z 00402e30 f i GMTools:XGmMessage.obj
 0001:00001e60       ?lower_bound@?$_Tree@V?$_Tmap_traits@V?$basic_string@DU?$char_traits@D@std@@V?$allocator@D@2@@std@@HU?$less@V?$basic_string@DU?$char_traits@D@std@@V?$allocator@D@2@@std@@@2@V?$allocator@U?$pair@$$CBV?$basic_string@DU?$char_traits@D@std@@V?$allocator@D@2@@std@@H@std@@@2@$0A@@std@@@std@@QAE?AV?$_Tree_iterator@V?$_Tree_val@V?$_Tmap_traits@V?$basic_string@DU?$char_traits@D@std@@V?$allocator@D@2@@std@@HU?$less@V?$basic_string@DU?$char_traits@D@std@@V?$allocator@D@2@@std@@@2@V?$allocator@U?$pair@$$CBV?$basic_string@DU?$char_traits@D@std@@V?$allocator@D@2@@std@@H@std@@@2@$0A@@std@@@std@@@2@ABV?$basic_string@DU?$char_traits@D@std@@V?$allocator@D@2@@2@@Z 00402e60 f i GMTools:XGmMessage.obj
 0001:00001e90       ?_Tidy@?$_Tree@V?$_Tmap_traits@V?$basic_string@DU?$char_traits@D@std@@V?$allocator@D@2@@std@@HU?$less@V?$basic_string@DU?$char_traits@D@std@@V?$allocator@D@2@@std@@@2@V?$allocator@U?$pair@$$CBV?$basic_string@DU?$char_traits@D@std@@V?$allocator@D@2@@std@@H@std@@@2@$0A@@std@@@std@@IAEXXZ 00402e90 f i GMTools:XGmMessage.obj
 0001:00001ee0       ??1?$_Tree_val@V?$_Tmap_traits@V?$basic_string@DU?$char_traits@D@std@@V?$allocator@D@2@@std@@HU?$less@V?$basic_string@DU?$char_traits@D@std@@V?$allocator@D@2@@std@@@2@V?$allocator@U?$pair@$$CBV?$basic_string@DU?$char_traits@D@std@@V?$allocator@D@2@@std@@H@std@@@2@$0A@@std@@@std@@QAE@XZ 00402ee0 f i GMTools:XGmMessage.obj
 0001:00001ee0       ??1?$_Tree_val@V?$_Tset_traits@V?$basic_string@DU?$char_traits@D@std@@V?$allocator@D@2@@std@@U?$less@V?$basic_string@DU?$char_traits@D@std@@V?$allocator@D@2@@std@@@2@V?$allocator@V?$basic_string@DU?$char_traits@D@std@@V?$allocator@D@2@@std@@@2@$0A@@std@@@std@@QAE@XZ 00402ee0 f i GMTools:XGmMessage.obj
 0001:00001f00       ??R?$less@V?$basic_string@DU?$char_traits@D@std@@V?$allocator@D@2@@std@@@std@@QBE_NABV?$basic_string@DU?$char_traits@D@std@@V?$allocator@D@2@@1@0@Z 00402f00 f i GMTools:XGmMessage.obj
 0001:00001f20       ??0?$_Tree@V?$_Tset_traits@V?$basic_string@DU?$char_traits@D@std@@V?$allocator@D@2@@std@@U?$less@V?$basic_string@DU?$char_traits@D@std@@V?$allocator@D@2@@std@@@2@V?$allocator@V?$basic_string@DU?$char_traits@D@std@@V?$allocator@D@2@@std@@@2@$0A@@std@@@std@@QAE@ABU?$less@V?$basic_string@DU?$char_traits@D@std@@V?$allocator@D@2@@std@@@1@ABV?$allocator@V?$basic_string@DU?$char_traits@D@std@@V?$allocator@D@2@@std@@@1@@Z 00402f20 f i GMTools:XGmMessage.obj
 0001:00001f50       ?lower_bound@?$_Tree@V?$_Tset_traits@V?$basic_string@DU?$char_traits@D@std@@V?$allocator@D@2@@std@@U?$less@V?$basic_string@DU?$char_traits@D@std@@V?$allocator@D@2@@std@@@2@V?$allocator@V?$basic_string@DU?$char_traits@D@std@@V?$allocator@D@2@@std@@@2@$0A@@std@@@std@@QAE?AV?$_Tree_const_iterator@V?$_Tree_val@V?$_Tset_traits@V?$basic_string@DU?$char_traits@D@std@@V?$allocator@D@2@@std@@U?$less@V?$basic_string@DU?$char_traits@D@std@@V?$allocator@D@2@@std@@@2@V?$allocator@V?$basic_string@DU?$char_traits@D@std@@V?$allocator@D@2@@std@@@2@$0A@@std@@@std@@@2@ABV?$basic_string@DU?$char_traits@D@std@@V?$allocator@D@2@@2@@Z 00402f50 f i GMTools:XGmMessage.obj
 0001:00001f80       ?_Tidy@?$_Tree@V?$_Tset_traits@V?$basic_string@DU?$char_traits@D@std@@V?$allocator@D@2@@std@@U?$less@V?$basic_string@DU?$char_traits@D@std@@V?$allocator@D@2@@std@@@2@V?$allocator@V?$basic_string@DU?$char_traits@D@std@@V?$allocator@D@2@@std@@@2@$0A@@std@@@std@@IAEXXZ 00402f80 f i GMTools:XGmMessage.obj
 0001:00001fc0       ?_Key@?$_Tree_val@V?$_Tmap_traits@V?$basic_string@DU?$char_traits@D@std@@V?$allocator@D@2@@std@@HU?$less@V?$basic_string@DU?$char_traits@D@std@@V?$allocator@D@2@@std@@@2@V?$allocator@U?$pair@$$CBV?$basic_string@DU?$char_traits@D@std@@V?$allocator@D@2@@std@@H@std@@@2@$0A@@std@@@std@@SAAAV?$basic_string@DU?$char_traits@D@std@@V?$allocator@D@2@@2@PAU_Node@?$_Tree_nod@V?$_Tmap_traits@V?$basic_string@DU?$char_traits@D@std@@V?$allocator@D@2@@std@@HU?$less@V?$basic_string@DU?$char_traits@D@std@@V?$allocator@D@2@@std@@@2@V?$allocator@U?$pair@$$CBV?$basic_string@DU?$char_traits@D@std@@V?$allocator@D@2@@std@@H@std@@@2@$0A@@std@@@2@@Z 00402fc0 f i GMTools:XGmMessage.obj
 0001:00001fc0       ?_Key@?$_Tree_val@V?$_Tset_traits@V?$basic_string@DU?$char_traits@D@std@@V?$allocator@D@2@@std@@U?$less@V?$basic_string@DU?$char_traits@D@std@@V?$allocator@D@2@@std@@@2@V?$allocator@V?$basic_string@DU?$char_traits@D@std@@V?$allocator@D@2@@std@@@2@$0A@@std@@@std@@SAAAV?$basic_string@DU?$char_traits@D@std@@V?$allocator@D@2@@2@PAU_Node@?$_Tree_nod@V?$_Tset_traits@V?$basic_string@DU?$char_traits@D@std@@V?$allocator@D@2@@std@@U?$less@V?$basic_string@DU?$char_traits@D@std@@V?$allocator@D@2@@std@@@2@V?$allocator@V?$basic_string@DU?$char_traits@D@std@@V?$allocator@D@2@@std@@@2@$0A@@std@@@2@@Z 00402fc0 f i GMTools:XGmMessage.obj
 0001:00001fe0       ??0?$_Tree_const_iterator@V?$_Tree_val@V?$_Tmap_traits@V?$basic_string@DU?$char_traits@D@std@@V?$allocator@D@2@@std@@HU?$less@V?$basic_string@DU?$char_traits@D@std@@V?$allocator@D@2@@std@@@2@V?$allocator@U?$pair@$$CBV?$basic_string@DU?$char_traits@D@std@@V?$allocator@D@2@@std@@H@std@@@2@$0A@@std@@@std@@@std@@QAE@PAU_Node@?$_Tree_nod@V?$_Tmap_traits@V?$basic_string@DU?$char_traits@D@std@@V?$allocator@D@2@@std@@HU?$less@V?$basic_string@DU?$char_traits@D@std@@V?$allocator@D@2@@std@@@2@V?$allocator@U?$pair@$$CBV?$basic_string@DU?$char_traits@D@std@@V?$allocator@D@2@@std@@H@std@@@2@$0A@@std@@@1@PBV?$_Tree_val@V?$_Tmap_traits@V?$basic_string@DU?$char_traits@D@std@@V?$allocator@D@2@@std@@HU?$less@V?$basic_string@DU?$char_traits@D@std@@V?$allocator@D@2@@std@@@2@V?$allocator@U?$pair@$$CBV?$basic_string@DU?$char_traits@D@std@@V?$allocator@D@2@@std@@H@std@@@2@$0A@@std@@@1@@Z 00402fe0 f i GMTools:XGmMessage.obj
 0001:00001fe0       ??0?$_Tree_const_iterator@V?$_Tree_val@V?$_Tset_traits@V?$basic_string@DU?$char_traits@D@std@@V?$allocator@D@2@@std@@U?$less@V?$basic_string@DU?$char_traits@D@std@@V?$allocator@D@2@@std@@@2@V?$allocator@V?$basic_string@DU?$char_traits@D@std@@V?$allocator@D@2@@std@@@2@$0A@@std@@@std@@@std@@QAE@PAU_Node@?$_Tree_nod@V?$_Tset_traits@V?$basic_string@DU?$char_traits@D@std@@V?$allocator@D@2@@std@@U?$less@V?$basic_string@DU?$char_traits@D@std@@V?$allocator@D@2@@std@@@2@V?$allocator@V?$basic_string@DU?$char_traits@D@std@@V?$allocator@D@2@@std@@@2@$0A@@std@@@1@PBV?$_Tree_val@V?$_Tset_traits@V?$basic_string@DU?$char_traits@D@std@@V?$allocator@D@2@@std@@U?$less@V?$basic_string@DU?$char_traits@D@std@@V?$allocator@D@2@@std@@@2@V?$allocator@V?$basic_string@DU?$char_traits@D@std@@V?$allocator@D@2@@std@@@2@$0A@@std@@@1@@Z 00402fe0 f i GMTools:XGmMessage.obj
 0001:00002000       ??0?$_Tree_iterator@V?$_Tree_val@V?$_Tmap_traits@V?$basic_string@DU?$char_traits@D@std@@V?$allocator@D@2@@std@@HU?$less@V?$basic_string@DU?$char_traits@D@std@@V?$allocator@D@2@@std@@@2@V?$allocator@U?$pair@$$CBV?$basic_string@DU?$char_traits@D@std@@V?$allocator@D@2@@std@@H@std@@@2@$0A@@std@@@std@@@std@@QAE@PAU_Node@?$_Tree_nod@V?$_Tmap_traits@V?$basic_string@DU?$char_traits@D@std@@V?$allocator@D@2@@std@@HU?$less@V?$basic_string@DU?$char_traits@D@std@@V?$allocator@D@2@@std@@@2@V?$allocator@U?$pair@$$CBV?$basic_string@DU?$char_traits@D@std@@V?$allocator@D@2@@std@@H@std@@@2@$0A@@std@@@1@PBV?$_Tree_val@V?$_Tmap_traits@V?$basic_string@DU?$char_traits@D@std@@V?$allocator@D@2@@std@@HU?$less@V?$basic_string@DU?$char_traits@D@std@@V?$allocator@D@2@@std@@@2@V?$allocator@U?$pair@$$CBV?$basic_string@DU?$char_traits@D@std@@V?$allocator@D@2@@std@@H@std@@@2@$0A@@std@@@1@@Z 00403000 f i GMTools:XGmMessage.obj
 0001:00002020       ??D?$_Tree_iterator@V?$_Tree_val@V?$_Tmap_traits@V?$basic_string@DU?$char_traits@D@std@@V?$allocator@D@2@@std@@HU?$less@V?$basic_string@DU?$char_traits@D@std@@V?$allocator@D@2@@std@@@2@V?$allocator@U?$pair@$$CBV?$basic_string@DU?$char_traits@D@std@@V?$allocator@D@2@@std@@H@std@@@2@$0A@@std@@@std@@@std@@QBEAAU?$pair@$$CBV?$basic_string@DU?$char_traits@D@std@@V?$allocator@D@2@@std@@H@1@XZ 00403020 f i GMTools:XGmMessage.obj
 0001:00002040       ??8?$_Tree_const_iterator@V?$_Tree_val@V?$_Tset_traits@V?$basic_string@DU?$char_traits@D@std@@V?$allocator@D@2@@std@@U?$less@V?$basic_string@DU?$char_traits@D@std@@V?$allocator@D@2@@std@@@2@V?$allocator@V?$basic_string@DU?$char_traits@D@std@@V?$allocator@D@2@@std@@@2@$0A@@std@@@std@@@std@@QBE_NABV01@@Z 00403040 f i GMTools:XGmMessage.obj
 0001:00002040       ??8?$_Tree_const_iterator@V?$_Tree_val@V?$_Tmap_traits@V?$basic_string@DU?$char_traits@D@std@@V?$allocator@D@2@@std@@HU?$less@V?$basic_string@DU?$char_traits@D@std@@V?$allocator@D@2@@std@@@2@V?$allocator@U?$pair@$$CBV?$basic_string@DU?$char_traits@D@std@@V?$allocator@D@2@@std@@H@std@@@2@$0A@@std@@@std@@@std@@QBE_NABV01@@Z 00403040 f i GMTools:XGmMessage.obj
 0001:00002060       ??0?$pair@$$CBV?$basic_string@DU?$char_traits@D@std@@V?$allocator@D@2@@std@@H@std@@QAE@ABV?$basic_string@DU?$char_traits@D@std@@V?$allocator@D@2@@1@$$QAH@Z 00403060 f i GMTools:XGmMessage.obj
 0001:00002090       ?FindStringResourceInstance@?$StrTraitATL@DV?$ChTraitsCRT@D@ATL@@@ATL@@SAPAUHINSTANCE__@@I@Z 00403090 f i GMTools:XGmMessage.obj
 0001:000020b0       ?GetDefaultManager@?$StrTraitATL@DV?$ChTraitsCRT@D@ATL@@@ATL@@SAPAUIAtlStringMgr@2@XZ 004030b0 f i GMTools:XGmMessage.obj
 0001:000020c0       ??4?$CSimpleStringT@D$0A@@ATL@@QAEAAV01@PBD@Z 004030c0 f i GMTools:XGmMessage.obj
 0001:000020e0       ?Append@?$CSimpleStringT@D$0A@@ATL@@QAEXPBD@Z 004030e0 f i GMTools:XGmMessage.obj
 0001:00002110       ?Empty@?$CSimpleStringT@D$0A@@ATL@@QAEXXZ 00403110 f i GMTools:XGmMessage.obj
 0001:00002180       ?ReleaseBufferSetLength@?$CSimpleStringT@D$0A@@ATL@@QAEXH@Z 00403180 f i GMTools:XGmMessage.obj
 0001:000021a0       ?CopyChars@?$CSimpleStringT@D$0A@@ATL@@SAXPADIPBDH@Z 004031a0 f i GMTools:XGmMessage.obj
 0001:000021c0       ?ThrowMemoryException@?$CSimpleStringT@D$0A@@ATL@@KAXXZ 004031c0 f i GMTools:XGmMessage.obj
 0001:000021d0       ?Attach@?$CSimpleStringT@D$0A@@ATL@@AAEXPAUCStringData@2@@Z 004031d0 f i GMTools:XGmMessage.obj
 0001:000021f0       ?PrepareWrite2@?$CSimpleStringT@D$0A@@ATL@@AAEXH@Z 004031f0 f i GMTools:XGmMessage.obj
 0001:00002290       ?assign@?$basic_string@DU?$char_traits@D@std@@V?$allocator@D@2@@std@@QAEAAV12@PBDI@Z 00403290 f i GMTools:XGmMessage.obj
 0001:00002310       ?erase@?$basic_string@DU?$char_traits@D@std@@V?$allocator@D@2@@std@@QAEAAV12@II@Z 00403310 f i GMTools:XGmMessage.obj
 0001:000023a0       ?_Eos@?$basic_string@DU?$char_traits@D@std@@V?$allocator@D@2@@std@@QAEXI@Z 004033a0 f i GMTools:XGmMessage.obj
 0001:000023e0       ?_Grow@?$basic_string@DU?$char_traits@D@std@@V?$allocator@D@2@@std@@QAE_NI_N@Z 004033e0 f i GMTools:XGmMessage.obj
 0001:00002480       ?_Xran@?$basic_string@DU?$char_traits@D@std@@V?$allocator@D@2@@std@@QBEXXZ 00403480 f i GMTools:XGmMessage.obj
 0001:000024a0       ?begin@?$_Tree@V?$_Tmap_traits@V?$basic_string@DU?$char_traits@D@std@@V?$allocator@D@2@@std@@HU?$less@V?$basic_string@DU?$char_traits@D@std@@V?$allocator@D@2@@std@@@2@V?$allocator@U?$pair@$$CBV?$basic_string@DU?$char_traits@D@std@@V?$allocator@D@2@@std@@H@std@@@2@$0A@@std@@@std@@QAE?AV?$_Tree_iterator@V?$_Tree_val@V?$_Tmap_traits@V?$basic_string@DU?$char_traits@D@std@@V?$allocator@D@2@@std@@HU?$less@V?$basic_string@DU?$char_traits@D@std@@V?$allocator@D@2@@std@@@2@V?$allocator@U?$pair@$$CBV?$basic_string@DU?$char_traits@D@std@@V?$allocator@D@2@@std@@H@std@@@2@$0A@@std@@@std@@@2@XZ 004034a0 f i GMTools:XGmMessage.obj
 0001:000024d0       ?erase@?$_Tree@V?$_Tmap_traits@V?$basic_string@DU?$char_traits@D@std@@V?$allocator@D@2@@std@@HU?$less@V?$basic_string@DU?$char_traits@D@std@@V?$allocator@D@2@@std@@@2@V?$allocator@U?$pair@$$CBV?$basic_string@DU?$char_traits@D@std@@V?$allocator@D@2@@std@@H@std@@@2@$0A@@std@@@std@@QAE?AV?$_Tree_iterator@V?$_Tree_val@V?$_Tmap_traits@V?$basic_string@DU?$char_traits@D@std@@V?$allocator@D@2@@std@@HU?$less@V?$basic_string@DU?$char_traits@D@std@@V?$allocator@D@2@@std@@@2@V?$allocator@U?$pair@$$CBV?$basic_string@DU?$char_traits@D@std@@V?$allocator@D@2@@std@@H@std@@@2@$0A@@std@@@std@@@2@V?$_Tree_const_iterator@V?$_Tree_val@V?$_Tmap_traits@V?$basic_string@DU?$char_traits@D@std@@V?$allocator@D@2@@std@@HU?$less@V?$basic_string@DU?$char_traits@D@std@@V?$allocator@D@2@@std@@@2@V?$allocator@U?$pair@$$CBV?$basic_string@DU?$char_traits@D@std@@V?$allocator@D@2@@std@@H@std@@@2@$0A@@std@@@std@@@2@0@Z 004034d0 f i GMTools:XGmMessage.obj
 0001:00002580       ?_Lbound@?$_Tree@V?$_Tmap_traits@V?$basic_string@DU?$char_traits@D@std@@V?$allocator@D@2@@std@@HU?$less@V?$basic_string@DU?$char_traits@D@std@@V?$allocator@D@2@@std@@@2@V?$allocator@U?$pair@$$CBV?$basic_string@DU?$char_traits@D@std@@V?$allocator@D@2@@std@@H@std@@@2@$0A@@std@@@std@@IAEPAU_Node@?$_Tree_nod@V?$_Tmap_traits@V?$basic_string@DU?$char_traits@D@std@@V?$allocator@D@2@@std@@HU?$less@V?$basic_string@DU?$char_traits@D@std@@V?$allocator@D@2@@std@@@2@V?$allocator@U?$pair@$$CBV?$basic_string@DU?$char_traits@D@std@@V?$allocator@D@2@@std@@H@std@@@2@$0A@@std@@@2@ABV?$basic_string@DU?$char_traits@D@std@@V?$allocator@D@2@@2@@Z 00403580 f i GMTools:XGmMessage.obj
 0001:00002610       ??0?$_Tree_val@V?$_Tmap_traits@V?$basic_string@DU?$char_traits@D@std@@V?$allocator@D@2@@std@@HU?$less@V?$basic_string@DU?$char_traits@D@std@@V?$allocator@D@2@@std@@@2@V?$allocator@U?$pair@$$CBV?$basic_string@DU?$char_traits@D@std@@V?$allocator@D@2@@std@@H@std@@@2@$0A@@std@@@std@@QAE@ABU?$less@V?$basic_string@DU?$char_traits@D@std@@V?$allocator@D@2@@std@@@1@V?$allocator@U?$pair@$$CBV?$basic_string@DU?$char_traits@D@std@@V?$allocator@D@2@@std@@H@std@@@1@@Z 00403610 f i GMTools:XGmMessage.obj
 0001:000026c0       ?_Myval@?$_Tree_val@V?$_Tset_traits@V?$basic_string@DU?$char_traits@D@std@@V?$allocator@D@2@@std@@U?$less@V?$basic_string@DU?$char_traits@D@std@@V?$allocator@D@2@@std@@@2@V?$allocator@V?$basic_string@DU?$char_traits@D@std@@V?$allocator@D@2@@std@@@2@$0A@@std@@@std@@SAAAV?$basic_string@DU?$char_traits@D@std@@V?$allocator@D@2@@2@PAU_Node@?$_Tree_nod@V?$_Tset_traits@V?$basic_string@DU?$char_traits@D@std@@V?$allocator@D@2@@std@@U?$less@V?$basic_string@DU?$char_traits@D@std@@V?$allocator@D@2@@std@@@2@V?$allocator@V?$basic_string@DU?$char_traits@D@std@@V?$allocator@D@2@@std@@@2@$0A@@std@@@2@@Z 004036c0 f i GMTools:XGmMessage.obj
 0001:000026c0       ?_Myval@?$_Tree_val@V?$_Tmap_traits@V?$basic_string@DU?$char_traits@D@std@@V?$allocator@D@2@@std@@HU?$less@V?$basic_string@DU?$char_traits@D@std@@V?$allocator@D@2@@std@@@2@V?$allocator@U?$pair@$$CBV?$basic_string@DU?$char_traits@D@std@@V?$allocator@D@2@@std@@H@std@@@2@$0A@@std@@@std@@SAAAU?$pair@$$CBV?$basic_string@DU?$char_traits@D@std@@V?$allocator@D@2@@std@@H@2@PAU_Node@?$_Tree_nod@V?$_Tmap_traits@V?$basic_string@DU?$char_traits@D@std@@V?$allocator@D@2@@std@@HU?$less@V?$basic_string@DU?$char_traits@D@std@@V?$allocator@D@2@@std@@@2@V?$allocator@U?$pair@$$CBV?$basic_string@DU?$char_traits@D@std@@V?$allocator@D@2@@std@@H@std@@@2@$0A@@std@@@2@@Z 004036c0 f i GMTools:XGmMessage.obj
 0001:000026d0       ?deallocate@?$allocator@U_Node@?$_Tree_nod@V?$_Tmap_traits@V?$basic_string@DU?$char_traits@D@std@@V?$allocator@D@2@@std@@HU?$less@V?$basic_string@DU?$char_traits@D@std@@V?$allocator@D@2@@std@@@2@V?$allocator@U?$pair@$$CBV?$basic_string@DU?$char_traits@D@std@@V?$allocator@D@2@@std@@H@std@@@2@$0A@@std@@@std@@@std@@QAEXPAU_Node@?$_Tree_nod@V?$_Tmap_traits@V?$basic_string@DU?$char_traits@D@std@@V?$allocator@D@2@@std@@HU?$less@V?$basic_string@DU?$char_traits@D@std@@V?$allocator@D@2@@std@@@2@V?$allocator@U?$pair@$$CBV?$basic_string@DU?$char_traits@D@std@@V?$allocator@D@2@@std@@H@std@@@2@$0A@@std@@@2@I@Z 004036d0 f i GMTools:XGmMessage.obj
 0001:000026d0       ?deallocate@?$allocator@U_Node@?$_Tree_nod@V?$_Tset_traits@V?$basic_string@DU?$char_traits@D@std@@V?$allocator@D@2@@std@@U?$less@V?$basic_string@DU?$char_traits@D@std@@V?$allocator@D@2@@std@@@2@V?$allocator@V?$basic_string@DU?$char_traits@D@std@@V?$allocator@D@2@@std@@@2@$0A@@std@@@std@@@std@@QAEXPAU_Node@?$_Tree_nod@V?$_Tset_traits@V?$basic_string@DU?$char_traits@D@std@@V?$allocator@D@2@@std@@U?$less@V?$basic_string@DU?$char_traits@D@std@@V?$allocator@D@2@@std@@@2@V?$allocator@V?$basic_string@DU?$char_traits@D@std@@V?$allocator@D@2@@std@@@2@$0A@@std@@@2@I@Z 004036d0 f i GMTools:XGmMessage.obj
 0001:000026d0       ?deallocate@?$allocator@D@std@@QAEXPADI@Z 004036d0 f i GMTools:XGmMessage.obj
 0001:000026f0       ?begin@?$_Tree@V?$_Tset_traits@V?$basic_string@DU?$char_traits@D@std@@V?$allocator@D@2@@std@@U?$less@V?$basic_string@DU?$char_traits@D@std@@V?$allocator@D@2@@std@@@2@V?$allocator@V?$basic_string@DU?$char_traits@D@std@@V?$allocator@D@2@@std@@@2@$0A@@std@@@std@@QAE?AV?$_Tree_const_iterator@V?$_Tree_val@V?$_Tset_traits@V?$basic_string@DU?$char_traits@D@std@@V?$allocator@D@2@@std@@U?$less@V?$basic_string@DU?$char_traits@D@std@@V?$allocator@D@2@@std@@@2@V?$allocator@V?$basic_string@DU?$char_traits@D@std@@V?$allocator@D@2@@std@@@2@$0A@@std@@@std@@@2@XZ 004036f0 f i GMTools:XGmMessage.obj
 0001:00002720       ?erase@?$_Tree@V?$_Tset_traits@V?$basic_string@DU?$char_traits@D@std@@V?$allocator@D@2@@std@@U?$less@V?$basic_string@DU?$char_traits@D@std@@V?$allocator@D@2@@std@@@2@V?$allocator@V?$basic_string@DU?$char_traits@D@std@@V?$allocator@D@2@@std@@@2@$0A@@std@@@std@@QAE?AV?$_Tree_const_iterator@V?$_Tree_val@V?$_Tset_traits@V?$basic_string@DU?$char_traits@D@std@@V?$allocator@D@2@@std@@U?$less@V?$basic_string@DU?$char_traits@D@std@@V?$allocator@D@2@@std@@@2@V?$allocator@V?$basic_string@DU?$char_traits@D@std@@V?$allocator@D@2@@std@@@2@$0A@@std@@@std@@@2@V32@0@Z 00403720 f i GMTools:XGmMessage.obj
 0001:000027d0       ?_Lbound@?$_Tree@V?$_Tset_traits@V?$basic_string@DU?$char_traits@D@std@@V?$allocator@D@2@@std@@U?$less@V?$basic_string@DU?$char_traits@D@std@@V?$allocator@D@2@@std@@@2@V?$allocator@V?$basic_string@DU?$char_traits@D@std@@V?$allocator@D@2@@std@@@2@$0A@@std@@@std@@IAEPAU_Node@?$_Tree_nod@V?$_Tset_traits@V?$basic_string@DU?$char_traits@D@std@@V?$allocator@D@2@@std@@U?$less@V?$basic_string@DU?$char_traits@D@std@@V?$allocator@D@2@@std@@@2@V?$allocator@V?$basic_string@DU?$char_traits@D@std@@V?$allocator@D@2@@std@@@2@$0A@@std@@@2@ABV?$basic_string@DU?$char_traits@D@std@@V?$allocator@D@2@@2@@Z 004037d0 f i GMTools:XGmMessage.obj
 0001:00002860       ??0?$_Tree_val@V?$_Tset_traits@V?$basic_string@DU?$char_traits@D@std@@V?$allocator@D@2@@std@@U?$less@V?$basic_string@DU?$char_traits@D@std@@V?$allocator@D@2@@std@@@2@V?$allocator@V?$basic_string@DU?$char_traits@D@std@@V?$allocator@D@2@@std@@@2@$0A@@std@@@std@@QAE@ABU?$less@V?$basic_string@DU?$char_traits@D@std@@V?$allocator@D@2@@std@@@1@V?$allocator@V?$basic_string@DU?$char_traits@D@std@@V?$allocator@D@2@@std@@@1@@Z 00403860 f i GMTools:XGmMessage.obj
 0001:00002910       ??0?$_Tree_unchecked_const_iterator@V?$_Tree_val@V?$_Tmap_traits@V?$basic_string@DU?$char_traits@D@std@@V?$allocator@D@2@@std@@HU?$less@V?$basic_string@DU?$char_traits@D@std@@V?$allocator@D@2@@std@@@2@V?$allocator@U?$pair@$$CBV?$basic_string@DU?$char_traits@D@std@@V?$allocator@D@2@@std@@H@std@@@2@$0A@@std@@@std@@U_Iterator_base0@2@@std@@QAE@PAU_Node@?$_Tree_nod@V?$_Tmap_traits@V?$basic_string@DU?$char_traits@D@std@@V?$allocator@D@2@@std@@HU?$less@V?$basic_string@DU?$char_traits@D@std@@V?$allocator@D@2@@std@@@2@V?$allocator@U?$pair@$$CBV?$basic_string@DU?$char_traits@D@std@@V?$allocator@D@2@@std@@H@std@@@2@$0A@@std@@@1@PBV?$_Tree_val@V?$_Tmap_traits@V?$basic_string@DU?$char_traits@D@std@@V?$allocator@D@2@@std@@HU?$less@V?$basic_string@DU?$char_traits@D@std@@V?$allocator@D@2@@std@@@2@V?$allocator@U?$pair@$$CBV?$basic_string@DU?$char_traits@D@std@@V?$allocator@D@2@@std@@H@std@@@2@$0A@@std@@@1@@Z 00403910 f i GMTools:XGmMessage.obj
 0001:00002910       ??0?$_Tree_unchecked_const_iterator@V?$_Tree_val@V?$_Tset_traits@V?$basic_string@DU?$char_traits@D@std@@V?$allocator@D@2@@std@@U?$less@V?$basic_string@DU?$char_traits@D@std@@V?$allocator@D@2@@std@@@2@V?$allocator@V?$basic_string@DU?$char_traits@D@std@@V?$allocator@D@2@@std@@@2@$0A@@std@@@std@@U_Iterator_base0@2@@std@@QAE@PAU_Node@?$_Tree_nod@V?$_Tset_traits@V?$basic_string@DU?$char_traits@D@std@@V?$allocator@D@2@@std@@U?$less@V?$basic_string@DU?$char_traits@D@std@@V?$allocator@D@2@@std@@@2@V?$allocator@V?$basic_string@DU?$char_traits@D@std@@V?$allocator@D@2@@std@@@2@$0A@@std@@@1@PBV?$_Tree_val@V?$_Tset_traits@V?$basic_string@DU?$char_traits@D@std@@V?$allocator@D@2@@std@@U?$less@V?$basic_string@DU?$char_traits@D@std@@V?$allocator@D@2@@std@@@2@V?$allocator@V?$basic_string@DU?$char_traits@D@std@@V?$allocator@D@2@@std@@@2@$0A@@std@@@1@@Z 00403910 f i GMTools:XGmMessage.obj
 0001:00002940       ??D?$_Tree_const_iterator@V?$_Tree_val@V?$_Tmap_traits@V?$basic_string@DU?$char_traits@D@std@@V?$allocator@D@2@@std@@HU?$less@V?$basic_string@DU?$char_traits@D@std@@V?$allocator@D@2@@std@@@2@V?$allocator@U?$pair@$$CBV?$basic_string@DU?$char_traits@D@std@@V?$allocator@D@2@@std@@H@std@@@2@$0A@@std@@@std@@@std@@QBEABU?$pair@$$CBV?$basic_string@DU?$char_traits@D@std@@V?$allocator@D@2@@std@@H@1@XZ 00403940 f i GMTools:XGmMessage.obj
 0001:00002960       ??0?$_Pair_base@$$CBV?$basic_string@DU?$char_traits@D@std@@V?$allocator@D@2@@std@@H@std@@QAE@ABV?$basic_string@DU?$char_traits@D@std@@V?$allocator@D@2@@1@$$QAH@Z 00403960 f i GMTools:XGmMessage.obj
 0001:00002990       ?GetBaseTypeLength@?$ChTraitsCRT@D@ATL@@SAHPB_WH@Z 00403990 f i GMTools:XGmMessage.obj
 0001:000029c0       ?ConvertToBaseType@?$ChTraitsCRT@D@ATL@@SAXPADHPB_WH@Z 004039c0 f i GMTools:XGmMessage.obj
 0001:000029f0       ?Append@?$CSimpleStringT@D$0A@@ATL@@QAEXPBDH@Z 004039f0 f i GMTools:XGmMessage.obj
 0001:00002af0       ?SetString@?$CSimpleStringT@D$0A@@ATL@@QAEXPBD@Z 00403af0 f i GMTools:XGmMessage.obj
 0001:00002b20       ?StringLength@?$CSimpleStringT@D$0A@@ATL@@SAHPBD@Z 00403b20 f i GMTools:XGmMessage.obj
 0001:00002b40       ?Reallocate@?$CSimpleStringT@D$0A@@ATL@@AAEXH@Z 00403b40 f i GMTools:XGmMessage.obj
 0001:00002bb0       ?max_size@?$basic_string@DU?$char_traits@D@std@@V?$allocator@D@2@@std@@QBEIXZ 00403bb0 f i GMTools:XGmMessage.obj
 0001:00002bf0       ?_Copy@?$basic_string@DU?$char_traits@D@std@@V?$allocator@D@2@@std@@QAEXII@Z 00403bf0 f i GMTools:XGmMessage.obj
 0001:00002d80       ?_Inside@?$basic_string@DU?$char_traits@D@std@@V?$allocator@D@2@@std@@QAE_NPBD@Z 00403d80 f i GMTools:XGmMessage.obj
 0001:00002dc0       ?_Xlen@?$basic_string@DU?$char_traits@D@std@@V?$allocator@D@2@@std@@QBEXXZ 00403dc0 f i GMTools:XGmMessage.obj
 0001:00002de0       ?erase@?$_Tree@V?$_Tmap_traits@V?$basic_string@DU?$char_traits@D@std@@V?$allocator@D@2@@std@@HU?$less@V?$basic_string@DU?$char_traits@D@std@@V?$allocator@D@2@@std@@@2@V?$allocator@U?$pair@$$CBV?$basic_string@DU?$char_traits@D@std@@V?$allocator@D@2@@std@@H@std@@@2@$0A@@std@@@std@@QAE?AV?$_Tree_iterator@V?$_Tree_val@V?$_Tmap_traits@V?$basic_string@DU?$char_traits@D@std@@V?$allocator@D@2@@std@@HU?$less@V?$basic_string@DU?$char_traits@D@std@@V?$allocator@D@2@@std@@@2@V?$allocator@U?$pair@$$CBV?$basic_string@DU?$char_traits@D@std@@V?$allocator@D@2@@std@@H@std@@@2@$0A@@std@@@std@@@2@V?$_Tree_const_iterator@V?$_Tree_val@V?$_Tmap_traits@V?$basic_string@DU?$char_traits@D@std@@V?$allocator@D@2@@std@@HU?$less@V?$basic_string@DU?$char_traits@D@std@@V?$allocator@D@2@@std@@@2@V?$allocator@U?$pair@$$CBV?$basic_string@DU?$char_traits@D@std@@V?$allocator@D@2@@std@@H@std@@@2@$0A@@std@@@std@@@2@@Z 00403de0 f i GMTools:XGmMessage.obj
 0001:00003570       ?clear@?$_Tree@V?$_Tmap_traits@V?$basic_string@DU?$char_traits@D@std@@V?$allocator@D@2@@std@@HU?$less@V?$basic_string@DU?$char_traits@D@std@@V?$allocator@D@2@@std@@@2@V?$allocator@U?$pair@$$CBV?$basic_string@DU?$char_traits@D@std@@V?$allocator@D@2@@std@@H@std@@@2@$0A@@std@@@std@@QAEXXZ 00404570 f i GMTools:XGmMessage.obj
 0001:000035d0       ?_Color@?$_Tree_val@V?$_Tmap_traits@V?$basic_string@DU?$char_traits@D@std@@V?$allocator@D@2@@std@@HU?$less@V?$basic_string@DU?$char_traits@D@std@@V?$allocator@D@2@@std@@@2@V?$allocator@U?$pair@$$CBV?$basic_string@DU?$char_traits@D@std@@V?$allocator@D@2@@std@@H@std@@@2@$0A@@std@@@std@@SAAADPAU_Node@?$_Tree_nod@V?$_Tmap_traits@V?$basic_string@DU?$char_traits@D@std@@V?$allocator@D@2@@std@@HU?$less@V?$basic_string@DU?$char_traits@D@std@@V?$allocator@D@2@@std@@@2@V?$allocator@U?$pair@$$CBV?$basic_string@DU?$char_traits@D@std@@V?$allocator@D@2@@std@@H@std@@@2@$0A@@std@@@2@@Z 004045d0 f i GMTools:XGmMessage.obj
 0001:000035e0       ?_Isnil@?$_Tree_val@V?$_Tmap_traits@V?$basic_string@DU?$char_traits@D@std@@V?$allocator@D@2@@std@@HU?$less@V?$basic_string@DU?$char_traits@D@std@@V?$allocator@D@2@@std@@@2@V?$allocator@U?$pair@$$CBV?$basic_string@DU?$char_traits@D@std@@V?$allocator@D@2@@std@@H@std@@@2@$0A@@std@@@std@@SAAADPAU_Node@?$_Tree_nod@V?$_Tmap_traits@V?$basic_string@DU?$char_traits@D@std@@V?$allocator@D@2@@std@@HU?$less@V?$basic_string@DU?$char_traits@D@std@@V?$allocator@D@2@@std@@@2@V?$allocator@U?$pair@$$CBV?$basic_string@DU?$char_traits@D@std@@V?$allocator@D@2@@std@@H@std@@@2@$0A@@std@@@2@@Z 004045e0 f i GMTools:XGmMessage.obj
 0001:000035f0       ?_Parent@?$_Tree_val@V?$_Tmap_traits@V?$basic_string@DU?$char_traits@D@std@@V?$allocator@D@2@@std@@HU?$less@V?$basic_string@DU?$char_traits@D@std@@V?$allocator@D@2@@std@@@2@V?$allocator@U?$pair@$$CBV?$basic_string@DU?$char_traits@D@std@@V?$allocator@D@2@@std@@H@std@@@2@$0A@@std@@@std@@SAAAPAU_Node@?$_Tree_nod@V?$_Tmap_traits@V?$basic_string@DU?$char_traits@D@std@@V?$allocator@D@2@@std@@HU?$less@V?$basic_string@DU?$char_traits@D@std@@V?$allocator@D@2@@std@@@2@V?$allocator@U?$pair@$$CBV?$basic_string@DU?$char_traits@D@std@@V?$allocator@D@2@@std@@H@std@@@2@$0A@@std@@@2@PAU342@@Z 004045f0 f i GMTools:XGmMessage.obj
 0001:000035f0       ?_Parent@?$_Tree_val@V?$_Tset_traits@V?$basic_string@DU?$char_traits@D@std@@V?$allocator@D@2@@std@@U?$less@V?$basic_string@DU?$char_traits@D@std@@V?$allocator@D@2@@std@@@2@V?$allocator@V?$basic_string@DU?$char_traits@D@std@@V?$allocator@D@2@@std@@@2@$0A@@std@@@std@@SAAAPAU_Node@?$_Tree_nod@V?$_Tset_traits@V?$basic_string@DU?$char_traits@D@std@@V?$allocator@D@2@@std@@U?$less@V?$basic_string@DU?$char_traits@D@std@@V?$allocator@D@2@@std@@@2@V?$allocator@V?$basic_string@DU?$char_traits@D@std@@V?$allocator@D@2@@std@@@2@$0A@@std@@@2@PAU342@@Z 004045f0 f i GMTools:XGmMessage.obj
 0001:00003600       ?_Right@?$_Tree_val@V?$_Tmap_traits@V?$basic_string@DU?$char_traits@D@std@@V?$allocator@D@2@@std@@HU?$less@V?$basic_string@DU?$char_traits@D@std@@V?$allocator@D@2@@std@@@2@V?$allocator@U?$pair@$$CBV?$basic_string@DU?$char_traits@D@std@@V?$allocator@D@2@@std@@H@std@@@2@$0A@@std@@@std@@SAAAPAU_Node@?$_Tree_nod@V?$_Tmap_traits@V?$basic_string@DU?$char_traits@D@std@@V?$allocator@D@2@@std@@HU?$less@V?$basic_string@DU?$char_traits@D@std@@V?$allocator@D@2@@std@@@2@V?$allocator@U?$pair@$$CBV?$basic_string@DU?$char_traits@D@std@@V?$allocator@D@2@@std@@H@std@@@2@$0A@@std@@@2@PAU342@@Z 00404600 f i GMTools:XGmMessage.obj
 0001:00003600       ?_Right@?$_Tree_val@V?$_Tset_traits@V?$basic_string@DU?$char_traits@D@std@@V?$allocator@D@2@@std@@U?$less@V?$basic_string@DU?$char_traits@D@std@@V?$allocator@D@2@@std@@@2@V?$allocator@V?$basic_string@DU?$char_traits@D@std@@V?$allocator@D@2@@std@@@2@$0A@@std@@@std@@SAAAPAU_Node@?$_Tree_nod@V?$_Tset_traits@V?$basic_string@DU?$char_traits@D@std@@V?$allocator@D@2@@std@@U?$less@V?$basic_string@DU?$char_traits@D@std@@V?$allocator@D@2@@std@@@2@V?$allocator@V?$basic_string@DU?$char_traits@D@std@@V?$allocator@D@2@@std@@@2@$0A@@std@@@2@PAU342@@Z 00404600 f i GMTools:XGmMessage.obj
 0001:00003610       ??0?$_Tree_nod@V?$_Tset_traits@V?$basic_string@DU?$char_traits@D@std@@V?$allocator@D@2@@std@@U?$less@V?$basic_string@DU?$char_traits@D@std@@V?$allocator@D@2@@std@@@2@V?$allocator@V?$basic_string@DU?$char_traits@D@std@@V?$allocator@D@2@@std@@@2@$0A@@std@@@std@@QAE@ABU?$less@V?$basic_string@DU?$char_traits@D@std@@V?$allocator@D@2@@std@@@1@V?$allocator@V?$basic_string@DU?$char_traits@D@std@@V?$allocator@D@2@@std@@@1@@Z 00404610 f i GMTools:XGmMessage.obj
 0001:00003610       ??0?$_Tree_nod@V?$_Tmap_traits@V?$basic_string@DU?$char_traits@D@std@@V?$allocator@D@2@@std@@HU?$less@V?$basic_string@DU?$char_traits@D@std@@V?$allocator@D@2@@std@@@2@V?$allocator@U?$pair@$$CBV?$basic_string@DU?$char_traits@D@std@@V?$allocator@D@2@@std@@H@std@@@2@$0A@@std@@@std@@QAE@ABU?$less@V?$basic_string@DU?$char_traits@D@std@@V?$allocator@D@2@@std@@@1@V?$allocator@U?$pair@$$CBV?$basic_string@DU?$char_traits@D@std@@V?$allocator@D@2@@std@@H@std@@@1@@Z 00404610 f i GMTools:XGmMessage.obj
 0001:00003650       ?allocate@?$allocator@U_Node@?$_Tree_nod@V?$_Tmap_traits@V?$basic_string@DU?$char_traits@D@std@@V?$allocator@D@2@@std@@HU?$less@V?$basic_string@DU?$char_traits@D@std@@V?$allocator@D@2@@std@@@2@V?$allocator@U?$pair@$$CBV?$basic_string@DU?$char_traits@D@std@@V?$allocator@D@2@@std@@H@std@@@2@$0A@@std@@@std@@@std@@QAEPAU_Node@?$_Tree_nod@V?$_Tmap_traits@V?$basic_string@DU?$char_traits@D@std@@V?$allocator@D@2@@std@@HU?$less@V?$basic_string@DU?$char_traits@D@std@@V?$allocator@D@2@@std@@@2@V?$allocator@U?$pair@$$CBV?$basic_string@DU?$char_traits@D@std@@V?$allocator@D@2@@std@@H@std@@@2@$0A@@std@@@2@I@Z 00404650 f i GMTools:XGmMessage.obj
 0001:00003670       ?erase@?$_Tree@V?$_Tset_traits@V?$basic_string@DU?$char_traits@D@std@@V?$allocator@D@2@@std@@U?$less@V?$basic_string@DU?$char_traits@D@std@@V?$allocator@D@2@@std@@@2@V?$allocator@V?$basic_string@DU?$char_traits@D@std@@V?$allocator@D@2@@std@@@2@$0A@@std@@@std@@QAE?AV?$_Tree_const_iterator@V?$_Tree_val@V?$_Tset_traits@V?$basic_string@DU?$char_traits@D@std@@V?$allocator@D@2@@std@@U?$less@V?$basic_string@DU?$char_traits@D@std@@V?$allocator@D@2@@std@@@2@V?$allocator@V?$basic_string@DU?$char_traits@D@std@@V?$allocator@D@2@@std@@@2@$0A@@std@@@std@@@2@V32@@Z 00404670 f i GMTools:XGmMessage.obj
 0001:00003e00       ?clear@?$_Tree@V?$_Tset_traits@V?$basic_string@DU?$char_traits@D@std@@V?$allocator@D@2@@std@@U?$less@V?$basic_string@DU?$char_traits@D@std@@V?$allocator@D@2@@std@@@2@V?$allocator@V?$basic_string@DU?$char_traits@D@std@@V?$allocator@D@2@@std@@@2@$0A@@std@@@std@@QAEXXZ 00404e00 f i GMTools:XGmMessage.obj
 0001:00003e60       ?_Lmost@?$_Tree@V?$_Tset_traits@V?$basic_string@DU?$char_traits@D@std@@V?$allocator@D@2@@std@@U?$less@V?$basic_string@DU?$char_traits@D@std@@V?$allocator@D@2@@std@@@2@V?$allocator@V?$basic_string@DU?$char_traits@D@std@@V?$allocator@D@2@@std@@@2@$0A@@std@@@std@@IBEAAPAU_Node@?$_Tree_nod@V?$_Tset_traits@V?$basic_string@DU?$char_traits@D@std@@V?$allocator@D@2@@std@@U?$less@V?$basic_string@DU?$char_traits@D@std@@V?$allocator@D@2@@std@@@2@V?$allocator@V?$basic_string@DU?$char_traits@D@std@@V?$allocator@D@2@@std@@@2@$0A@@std@@@2@XZ 00404e60 f i GMTools:XGmMessage.obj
 0001:00003e60       ?_Lmost@?$_Tree@V?$_Tmap_traits@V?$basic_string@DU?$char_traits@D@std@@V?$allocator@D@2@@std@@HU?$less@V?$basic_string@DU?$char_traits@D@std@@V?$allocator@D@2@@std@@@2@V?$allocator@U?$pair@$$CBV?$basic_string@DU?$char_traits@D@std@@V?$allocator@D@2@@std@@H@std@@@2@$0A@@std@@@std@@IBEAAPAU_Node@?$_Tree_nod@V?$_Tmap_traits@V?$basic_string@DU?$char_traits@D@std@@V?$allocator@D@2@@std@@HU?$less@V?$basic_string@DU?$char_traits@D@std@@V?$allocator@D@2@@std@@@2@V?$allocator@U?$pair@$$CBV?$basic_string@DU?$char_traits@D@std@@V?$allocator@D@2@@std@@H@std@@@2@$0A@@std@@@2@XZ 00404e60 f i GMTools:XGmMessage.obj
 0001:00003e80       ?_Root@?$_Tree@V?$_Tset_traits@V?$basic_string@DU?$char_traits@D@std@@V?$allocator@D@2@@std@@U?$less@V?$basic_string@DU?$char_traits@D@std@@V?$allocator@D@2@@std@@@2@V?$allocator@V?$basic_string@DU?$char_traits@D@std@@V?$allocator@D@2@@std@@@2@$0A@@std@@@std@@IBEAAPAU_Node@?$_Tree_nod@V?$_Tset_traits@V?$basic_string@DU?$char_traits@D@std@@V?$allocator@D@2@@std@@U?$less@V?$basic_string@DU?$char_traits@D@std@@V?$allocator@D@2@@std@@@2@V?$allocator@V?$basic_string@DU?$char_traits@D@std@@V?$allocator@D@2@@std@@@2@$0A@@std@@@2@XZ 00404e80 f i GMTools:XGmMessage.obj
 0001:00003e80       ?_Root@?$_Tree@V?$_Tmap_traits@V?$basic_string@DU?$char_traits@D@std@@V?$allocator@D@2@@std@@HU?$less@V?$basic_string@DU?$char_traits@D@std@@V?$allocator@D@2@@std@@@2@V?$allocator@U?$pair@$$CBV?$basic_string@DU?$char_traits@D@std@@V?$allocator@D@2@@std@@H@std@@@2@$0A@@std@@@std@@IBEAAPAU_Node@?$_Tree_nod@V?$_Tmap_traits@V?$basic_string@DU?$char_traits@D@std@@V?$allocator@D@2@@std@@HU?$less@V?$basic_string@DU?$char_traits@D@std@@V?$allocator@D@2@@std@@@2@V?$allocator@U?$pair@$$CBV?$basic_string@DU?$char_traits@D@std@@V?$allocator@D@2@@std@@H@std@@@2@$0A@@std@@@2@XZ 00404e80 f i GMTools:XGmMessage.obj
 0001:00003ea0       ?_Color@?$_Tree_val@V?$_Tset_traits@V?$basic_string@DU?$char_traits@D@std@@V?$allocator@D@2@@std@@U?$less@V?$basic_string@DU?$char_traits@D@std@@V?$allocator@D@2@@std@@@2@V?$allocator@V?$basic_string@DU?$char_traits@D@std@@V?$allocator@D@2@@std@@@2@$0A@@std@@@std@@SAAADPAU_Node@?$_Tree_nod@V?$_Tset_traits@V?$basic_string@DU?$char_traits@D@std@@V?$allocator@D@2@@std@@U?$less@V?$basic_string@DU?$char_traits@D@std@@V?$allocator@D@2@@std@@@2@V?$allocator@V?$basic_string@DU?$char_traits@D@std@@V?$allocator@D@2@@std@@@2@$0A@@std@@@2@@Z 00404ea0 f i GMTools:XGmMessage.obj
 0001:00003eb0       ?_Isnil@?$_Tree_val@V?$_Tset_traits@V?$basic_string@DU?$char_traits@D@std@@V?$allocator@D@2@@std@@U?$less@V?$basic_string@DU?$char_traits@D@std@@V?$allocator@D@2@@std@@@2@V?$allocator@V?$basic_string@DU?$char_traits@D@std@@V?$allocator@D@2@@std@@@2@$0A@@std@@@std@@SAAADPAU_Node@?$_Tree_nod@V?$_Tset_traits@V?$basic_string@DU?$char_traits@D@std@@V?$allocator@D@2@@std@@U?$less@V?$basic_string@DU?$char_traits@D@std@@V?$allocator@D@2@@std@@@2@V?$allocator@V?$basic_string@DU?$char_traits@D@std@@V?$allocator@D@2@@std@@@2@$0A@@std@@@2@@Z 00404eb0 f i GMTools:XGmMessage.obj
 0001:00003ec0       ?allocate@?$allocator@U_Node@?$_Tree_nod@V?$_Tset_traits@V?$basic_string@DU?$char_traits@D@std@@V?$allocator@D@2@@std@@U?$less@V?$basic_string@DU?$char_traits@D@std@@V?$allocator@D@2@@std@@@2@V?$allocator@V?$basic_string@DU?$char_traits@D@std@@V?$allocator@D@2@@std@@@2@$0A@@std@@@std@@@std@@QAEPAU_Node@?$_Tree_nod@V?$_Tset_traits@V?$basic_string@DU?$char_traits@D@std@@V?$allocator@D@2@@std@@U?$less@V?$basic_string@DU?$char_traits@D@std@@V?$allocator@D@2@@std@@@2@V?$allocator@V?$basic_string@DU?$char_traits@D@std@@V?$allocator@D@2@@std@@@2@$0A@@std@@@2@I@Z 00404ec0 f i GMTools:XGmMessage.obj
 0001:00003ee0       ??E?$_Tree_const_iterator@V?$_Tree_val@V?$_Tset_traits@V?$basic_string@DU?$char_traits@D@std@@V?$allocator@D@2@@std@@U?$less@V?$basic_string@DU?$char_traits@D@std@@V?$allocator@D@2@@std@@@2@V?$allocator@V?$basic_string@DU?$char_traits@D@std@@V?$allocator@D@2@@std@@@2@$0A@@std@@@std@@@std@@QAE?AV01@H@Z 00404ee0 f i GMTools:XGmMessage.obj
 0001:00003f10       ??E?$_Tree_const_iterator@V?$_Tree_val@V?$_Tmap_traits@V?$basic_string@DU?$char_traits@D@std@@V?$allocator@D@2@@std@@HU?$less@V?$basic_string@DU?$char_traits@D@std@@V?$allocator@D@2@@std@@@2@V?$allocator@U?$pair@$$CBV?$basic_string@DU?$char_traits@D@std@@V?$allocator@D@2@@std@@H@std@@@2@$0A@@std@@@std@@@std@@QAE?AV01@H@Z 00404f10 f i GMTools:XGmMessage.obj
 0001:00003f40       ?SetString@?$CSimpleStringT@D$0A@@ATL@@QAEXPBDH@Z 00404f40 f i GMTools:XGmMessage.obj
 0001:00003ff0       ?allocate@?$allocator@D@std@@QAEPADI@Z 00404ff0 f i GMTools:XGmMessage.obj
 0001:00004010       ?max_size@?$allocator@D@std@@QBEIXZ 00405010 f i GMTools:XGmMessage.obj
 0001:00004040       ?_Erase@?$_Tree@V?$_Tmap_traits@V?$basic_string@DU?$char_traits@D@std@@V?$allocator@D@2@@std@@HU?$less@V?$basic_string@DU?$char_traits@D@std@@V?$allocator@D@2@@std@@@2@V?$allocator@U?$pair@$$CBV?$basic_string@DU?$char_traits@D@std@@V?$allocator@D@2@@std@@H@std@@@2@$0A@@std@@@std@@IAEXPAU_Node@?$_Tree_nod@V?$_Tmap_traits@V?$basic_string@DU?$char_traits@D@std@@V?$allocator@D@2@@std@@HU?$less@V?$basic_string@DU?$char_traits@D@std@@V?$allocator@D@2@@std@@@2@V?$allocator@U?$pair@$$CBV?$basic_string@DU?$char_traits@D@std@@V?$allocator@D@2@@std@@H@std@@@2@$0A@@std@@@2@@Z 00405040 f i GMTools:XGmMessage.obj
 0001:000040d0       ?_Lrotate@?$_Tree@V?$_Tmap_traits@V?$basic_string@DU?$char_traits@D@std@@V?$allocator@D@2@@std@@HU?$less@V?$basic_string@DU?$char_traits@D@std@@V?$allocator@D@2@@std@@@2@V?$allocator@U?$pair@$$CBV?$basic_string@DU?$char_traits@D@std@@V?$allocator@D@2@@std@@H@std@@@2@$0A@@std@@@std@@IAEXPAU_Node@?$_Tree_nod@V?$_Tmap_traits@V?$basic_string@DU?$char_traits@D@std@@V?$allocator@D@2@@std@@HU?$less@V?$basic_string@DU?$char_traits@D@std@@V?$allocator@D@2@@std@@@2@V?$allocator@U?$pair@$$CBV?$basic_string@DU?$char_traits@D@std@@V?$allocator@D@2@@std@@H@std@@@2@$0A@@std@@@2@@Z 004050d0 f i GMTools:XGmMessage.obj
 0001:00004200       ?_Rrotate@?$_Tree@V?$_Tmap_traits@V?$basic_string@DU?$char_traits@D@std@@V?$allocator@D@2@@std@@HU?$less@V?$basic_string@DU?$char_traits@D@std@@V?$allocator@D@2@@std@@@2@V?$allocator@U?$pair@$$CBV?$basic_string@DU?$char_traits@D@std@@V?$allocator@D@2@@std@@H@std@@@2@$0A@@std@@@std@@IAEXPAU_Node@?$_Tree_nod@V?$_Tmap_traits@V?$basic_string@DU?$char_traits@D@std@@V?$allocator@D@2@@std@@HU?$less@V?$basic_string@DU?$char_traits@D@std@@V?$allocator@D@2@@std@@@2@V?$allocator@U?$pair@$$CBV?$basic_string@DU?$char_traits@D@std@@V?$allocator@D@2@@std@@H@std@@@2@$0A@@std@@@2@@Z 00405200 f i GMTools:XGmMessage.obj
 0001:00004330       ?_Max@?$_Tree_val@V?$_Tmap_traits@V?$basic_string@DU?$char_traits@D@std@@V?$allocator@D@2@@std@@HU?$less@V?$basic_string@DU?$char_traits@D@std@@V?$allocator@D@2@@std@@@2@V?$allocator@U?$pair@$$CBV?$basic_string@DU?$char_traits@D@std@@V?$allocator@D@2@@std@@H@std@@@2@$0A@@std@@@std@@SAPAU_Node@?$_Tree_nod@V?$_Tmap_traits@V?$basic_string@DU?$char_traits@D@std@@V?$allocator@D@2@@std@@HU?$less@V?$basic_string@DU?$char_traits@D@std@@V?$allocator@D@2@@std@@@2@V?$allocator@U?$pair@$$CBV?$basic_string@DU?$char_traits@D@std@@V?$allocator@D@2@@std@@H@std@@@2@$0A@@std@@@2@PAU342@@Z 00405330 f i GMTools:XGmMessage.obj
 0001:00004370       ?_Min@?$_Tree_val@V?$_Tmap_traits@V?$basic_string@DU?$char_traits@D@std@@V?$allocator@D@2@@std@@HU?$less@V?$basic_string@DU?$char_traits@D@std@@V?$allocator@D@2@@std@@@2@V?$allocator@U?$pair@$$CBV?$basic_string@DU?$char_traits@D@std@@V?$allocator@D@2@@std@@H@std@@@2@$0A@@std@@@std@@SAPAU_Node@?$_Tree_nod@V?$_Tmap_traits@V?$basic_string@DU?$char_traits@D@std@@V?$allocator@D@2@@std@@HU?$less@V?$basic_string@DU?$char_traits@D@std@@V?$allocator@D@2@@std@@@2@V?$allocator@U?$pair@$$CBV?$basic_string@DU?$char_traits@D@std@@V?$allocator@D@2@@std@@H@std@@@2@$0A@@std@@@2@PAU342@@Z 00405370 f i GMTools:XGmMessage.obj
 0001:000043b0       ??0?$_Tmap_traits@V?$basic_string@DU?$char_traits@D@std@@V?$allocator@D@2@@std@@HU?$less@V?$basic_string@DU?$char_traits@D@std@@V?$allocator@D@2@@std@@@2@V?$allocator@U?$pair@$$CBV?$basic_string@DU?$char_traits@D@std@@V?$allocator@D@2@@std@@H@std@@@2@$0A@@std@@QAE@U?$less@V?$basic_string@DU?$char_traits@D@std@@V?$allocator@D@2@@std@@@1@@Z 004053b0 f i GMTools:XGmMessage.obj
 0001:000043b0       ??0?$allocator@U?$pair@$$CBV?$basic_string@DU?$char_traits@D@std@@V?$allocator@D@2@@std@@H@std@@@std@@QAE@ABV01@@Z 004053b0 f i GMTools:XGmMessage.obj
 0001:000043b0       ??0?$_Tset_traits@V?$basic_string@DU?$char_traits@D@std@@V?$allocator@D@2@@std@@U?$less@V?$basic_string@DU?$char_traits@D@std@@V?$allocator@D@2@@std@@@2@V?$allocator@V?$basic_string@DU?$char_traits@D@std@@V?$allocator@D@2@@std@@@2@$0A@@std@@QAE@U?$less@V?$basic_string@DU?$char_traits@D@std@@V?$allocator@D@2@@std@@@1@@Z 004053b0 f i GMTools:XGmMessage.obj
 0001:000043b0       ??0?$allocator@D@std@@QAE@ABV01@@Z 004053b0 f i GMTools:XGmMessage.obj
 0001:000043b0       ??$?0U?$pair@$$CBV?$basic_string@DU?$char_traits@D@std@@V?$allocator@D@2@@std@@H@std@@@?$allocator@U_Node@?$_Tree_nod@V?$_Tmap_traits@V?$basic_string@DU?$char_traits@D@std@@V?$allocator@D@2@@std@@HU?$less@V?$basic_string@DU?$char_traits@D@std@@V?$allocator@D@2@@std@@@2@V?$allocator@U?$pair@$$CBV?$basic_string@DU?$char_traits@D@std@@V?$allocator@D@2@@std@@H@std@@@2@$0A@@std@@@std@@@std@@QAE@ABV?$allocator@U?$pair@$$CBV?$basic_string@DU?$char_traits@D@std@@V?$allocator@D@2@@std@@H@std@@@1@@Z 004053b0 f i GMTools:XGmMessage.obj
 0001:000043b0       ??$?0V?$basic_string@DU?$char_traits@D@std@@V?$allocator@D@2@@std@@@?$allocator@U_Node@?$_Tree_nod@V?$_Tset_traits@V?$basic_string@DU?$char_traits@D@std@@V?$allocator@D@2@@std@@U?$less@V?$basic_string@DU?$char_traits@D@std@@V?$allocator@D@2@@std@@@2@V?$allocator@V?$basic_string@DU?$char_traits@D@std@@V?$allocator@D@2@@std@@@2@$0A@@std@@@std@@@std@@QAE@ABV?$allocator@V?$basic_string@DU?$char_traits@D@std@@V?$allocator@D@2@@std@@@1@@Z 004053b0 f i GMTools:XGmMessage.obj
 0001:000043b0       ??0?$allocator@V?$basic_string@DU?$char_traits@D@std@@V?$allocator@D@2@@std@@@std@@QAE@ABV01@@Z 004053b0 f i GMTools:XGmMessage.obj
 0001:000043c0       ?_Erase@?$_Tree@V?$_Tset_traits@V?$basic_string@DU?$char_traits@D@std@@V?$allocator@D@2@@std@@U?$less@V?$basic_string@DU?$char_traits@D@std@@V?$allocator@D@2@@std@@@2@V?$allocator@V?$basic_string@DU?$char_traits@D@std@@V?$allocator@D@2@@std@@@2@$0A@@std@@@std@@IAEXPAU_Node@?$_Tree_nod@V?$_Tset_traits@V?$basic_string@DU?$char_traits@D@std@@V?$allocator@D@2@@std@@U?$less@V?$basic_string@DU?$char_traits@D@std@@V?$allocator@D@2@@std@@@2@V?$allocator@V?$basic_string@DU?$char_traits@D@std@@V?$allocator@D@2@@std@@@2@$0A@@std@@@2@@Z 004053c0 f i GMTools:XGmMessage.obj
 0001:00004450       ?_Lrotate@?$_Tree@V?$_Tset_traits@V?$basic_string@DU?$char_traits@D@std@@V?$allocator@D@2@@std@@U?$less@V?$basic_string@DU?$char_traits@D@std@@V?$allocator@D@2@@std@@@2@V?$allocator@V?$basic_string@DU?$char_traits@D@std@@V?$allocator@D@2@@std@@@2@$0A@@std@@@std@@IAEXPAU_Node@?$_Tree_nod@V?$_Tset_traits@V?$basic_string@DU?$char_traits@D@std@@V?$allocator@D@2@@std@@U?$less@V?$basic_string@DU?$char_traits@D@std@@V?$allocator@D@2@@std@@@2@V?$allocator@V?$basic_string@DU?$char_traits@D@std@@V?$allocator@D@2@@std@@@2@$0A@@std@@@2@@Z 00405450 f i GMTools:XGmMessage.obj
 0001:00004580       ?_Rmost@?$_Tree@V?$_Tmap_traits@V?$basic_string@DU?$char_traits@D@std@@V?$allocator@D@2@@std@@HU?$less@V?$basic_string@DU?$char_traits@D@std@@V?$allocator@D@2@@std@@@2@V?$allocator@U?$pair@$$CBV?$basic_string@DU?$char_traits@D@std@@V?$allocator@D@2@@std@@H@std@@@2@$0A@@std@@@std@@IBEAAPAU_Node@?$_Tree_nod@V?$_Tmap_traits@V?$basic_string@DU?$char_traits@D@std@@V?$allocator@D@2@@std@@HU?$less@V?$basic_string@DU?$char_traits@D@std@@V?$allocator@D@2@@std@@@2@V?$allocator@U?$pair@$$CBV?$basic_string@DU?$char_traits@D@std@@V?$allocator@D@2@@std@@H@std@@@2@$0A@@std@@@2@XZ 00405580 f i GMTools:XGmMessage.obj
 0001:00004580       ?_Rmost@?$_Tree@V?$_Tset_traits@V?$basic_string@DU?$char_traits@D@std@@V?$allocator@D@2@@std@@U?$less@V?$basic_string@DU?$char_traits@D@std@@V?$allocator@D@2@@std@@@2@V?$allocator@V?$basic_string@DU?$char_traits@D@std@@V?$allocator@D@2@@std@@@2@$0A@@std@@@std@@IBEAAPAU_Node@?$_Tree_nod@V?$_Tset_traits@V?$basic_string@DU?$char_traits@D@std@@V?$allocator@D@2@@std@@U?$less@V?$basic_string@DU?$char_traits@D@std@@V?$allocator@D@2@@std@@@2@V?$allocator@V?$basic_string@DU?$char_traits@D@std@@V?$allocator@D@2@@std@@@2@$0A@@std@@@2@XZ 00405580 f i GMTools:XGmMessage.obj
 0001:000045a0       ?_Rrotate@?$_Tree@V?$_Tset_traits@V?$basic_string@DU?$char_traits@D@std@@V?$allocator@D@2@@std@@U?$less@V?$basic_string@DU?$char_traits@D@std@@V?$allocator@D@2@@std@@@2@V?$allocator@V?$basic_string@DU?$char_traits@D@std@@V?$allocator@D@2@@std@@@2@$0A@@std@@@std@@IAEXPAU_Node@?$_Tree_nod@V?$_Tset_traits@V?$basic_string@DU?$char_traits@D@std@@V?$allocator@D@2@@std@@U?$less@V?$basic_string@DU?$char_traits@D@std@@V?$allocator@D@2@@std@@@2@V?$allocator@V?$basic_string@DU?$char_traits@D@std@@V?$allocator@D@2@@std@@@2@$0A@@std@@@2@@Z 004055a0 f i GMTools:XGmMessage.obj
 0001:000046d0       ?_Max@?$_Tree_val@V?$_Tset_traits@V?$basic_string@DU?$char_traits@D@std@@V?$allocator@D@2@@std@@U?$less@V?$basic_string@DU?$char_traits@D@std@@V?$allocator@D@2@@std@@@2@V?$allocator@V?$basic_string@DU?$char_traits@D@std@@V?$allocator@D@2@@std@@@2@$0A@@std@@@std@@SAPAU_Node@?$_Tree_nod@V?$_Tset_traits@V?$basic_string@DU?$char_traits@D@std@@V?$allocator@D@2@@std@@U?$less@V?$basic_string@DU?$char_traits@D@std@@V?$allocator@D@2@@std@@@2@V?$allocator@V?$basic_string@DU?$char_traits@D@std@@V?$allocator@D@2@@std@@@2@$0A@@std@@@2@PAU342@@Z 004056d0 f i GMTools:XGmMessage.obj
 0001:00004710       ?_Min@?$_Tree_val@V?$_Tset_traits@V?$basic_string@DU?$char_traits@D@std@@V?$allocator@D@2@@std@@U?$less@V?$basic_string@DU?$char_traits@D@std@@V?$allocator@D@2@@std@@@2@V?$allocator@V?$basic_string@DU?$char_traits@D@std@@V?$allocator@D@2@@std@@@2@$0A@@std@@@std@@SAPAU_Node@?$_Tree_nod@V?$_Tset_traits@V?$basic_string@DU?$char_traits@D@std@@V?$allocator@D@2@@std@@U?$less@V?$basic_string@DU?$char_traits@D@std@@V?$allocator@D@2@@std@@@2@V?$allocator@V?$basic_string@DU?$char_traits@D@std@@V?$allocator@D@2@@std@@@2@$0A@@std@@@2@PAU342@@Z 00405710 f i GMTools:XGmMessage.obj
 0001:00004750       ??E?$_Tree_const_iterator@V?$_Tree_val@V?$_Tset_traits@V?$basic_string@DU?$char_traits@D@std@@V?$allocator@D@2@@std@@U?$less@V?$basic_string@DU?$char_traits@D@std@@V?$allocator@D@2@@std@@@2@V?$allocator@V?$basic_string@DU?$char_traits@D@std@@V?$allocator@D@2@@std@@@2@$0A@@std@@@std@@@std@@QAEAAV01@XZ 00405750 f i GMTools:XGmMessage.obj
 0001:00004770       ??E?$_Tree_const_iterator@V?$_Tree_val@V?$_Tmap_traits@V?$basic_string@DU?$char_traits@D@std@@V?$allocator@D@2@@std@@HU?$less@V?$basic_string@DU?$char_traits@D@std@@V?$allocator@D@2@@std@@@2@V?$allocator@U?$pair@$$CBV?$basic_string@DU?$char_traits@D@std@@V?$allocator@D@2@@std@@H@std@@@2@$0A@@std@@@std@@@std@@QAEAAV01@XZ 00405770 f i GMTools:XGmMessage.obj
 0001:00004790       ?GetAllocLength@?$CSimpleStringT@D$0A@@ATL@@QBEHXZ 00405790 f i GMTools:XGmMessage.obj
 0001:000047b0       ?CopyCharsOverlapped@?$CSimpleStringT@D$0A@@ATL@@SAXPADIPBDH@Z 004057b0 f i GMTools:XGmMessage.obj
 0001:000047d0       ??E?$_Tree_unchecked_const_iterator@V?$_Tree_val@V?$_Tset_traits@V?$basic_string@DU?$char_traits@D@std@@V?$allocator@D@2@@std@@U?$less@V?$basic_string@DU?$char_traits@D@std@@V?$allocator@D@2@@std@@@2@V?$allocator@V?$basic_string@DU?$char_traits@D@std@@V?$allocator@D@2@@std@@@2@$0A@@std@@@std@@U_Iterator_base0@2@@std@@QAEAAV01@XZ 004057d0 f i GMTools:XGmMessage.obj
 0001:00004890       ??E?$_Tree_unchecked_const_iterator@V?$_Tree_val@V?$_Tmap_traits@V?$basic_string@DU?$char_traits@D@std@@V?$allocator@D@2@@std@@HU?$less@V?$basic_string@DU?$char_traits@D@std@@V?$allocator@D@2@@std@@@2@V?$allocator@U?$pair@$$CBV?$basic_string@DU?$char_traits@D@std@@V?$allocator@D@2@@std@@H@std@@@2@$0A@@std@@@std@@U_Iterator_base0@2@@std@@QAEAAV01@XZ 00405890 f i GMTools:XGmMessage.obj
 0001:00004950       ??$sprintf_s@$0BAE@@@YAHAAY0BAE@DPBDZZ 00405950 f i GMTools:XGmMessage.obj
 0001:00004980       ??$insert@AAY0BAE@D@?$_Tree@V?$_Tset_traits@V?$basic_string@DU?$char_traits@D@std@@V?$allocator@D@2@@std@@U?$less@V?$basic_string@DU?$char_traits@D@std@@V?$allocator@D@2@@std@@@2@V?$allocator@V?$basic_string@DU?$char_traits@D@std@@V?$allocator@D@2@@std@@@2@$0A@@std@@@std@@QAE?AU?$pair@V?$_Tree_const_iterator@V?$_Tree_val@V?$_Tset_traits@V?$basic_string@DU?$char_traits@D@std@@V?$allocator@D@2@@std@@U?$less@V?$basic_string@DU?$char_traits@D@std@@V?$allocator@D@2@@std@@@2@V?$allocator@V?$basic_string@DU?$char_traits@D@std@@V?$allocator@D@2@@std@@@2@$0A@@std@@@std@@@std@@_N@1@AAY0BAE@D@Z 00405980 f i GMTools:XGmMessage.obj
 0001:000049c0       ??$sprintf_s@$0BAAA@@@YAHAAY0BAAA@DPBDZZ 004059c0 f i GMTools:XGmMessage.obj
 0001:000049f0       ??$addressof@U?$pair@$$CBV?$basic_string@DU?$char_traits@D@std@@V?$allocator@D@2@@std@@H@std@@@std@@YAPAU?$pair@$$CBV?$basic_string@DU?$char_traits@D@std@@V?$allocator@D@2@@std@@H@0@AAU10@@Z 004059f0 f i GMTools:XGmMessage.obj
 0001:000049f0       ??$move@AAH@std@@YA$$QAHAAH@Z 004059f0 f i GMTools:XGmMessage.obj
 0001:000049f0       ??$forward@AAV?$_Tree_iterator@V?$_Tree_val@V?$_Tmap_traits@V?$basic_string@DU?$char_traits@D@std@@V?$allocator@D@2@@std@@HU?$less@V?$basic_string@DU?$char_traits@D@std@@V?$allocator@D@2@@std@@@2@V?$allocator@U?$pair@$$CBV?$basic_string@DU?$char_traits@D@std@@V?$allocator@D@2@@std@@H@std@@@2@$0A@@std@@@std@@@std@@@std@@YAAAV?$_Tree_iterator@V?$_Tree_val@V?$_Tmap_traits@V?$basic_string@DU?$char_traits@D@std@@V?$allocator@D@2@@std@@HU?$less@V?$basic_string@DU?$char_traits@D@std@@V?$allocator@D@2@@std@@@2@V?$allocator@U?$pair@$$CBV?$basic_string@DU?$char_traits@D@std@@V?$allocator@D@2@@std@@H@std@@@2@$0A@@std@@@std@@@0@AAV10@@Z 004059f0 f i GMTools:XGmMessage.obj
 0001:000049f0       ??$move@AAV?$_Tree_iterator@V?$_Tree_val@V?$_Tmap_traits@V?$basic_string@DU?$char_traits@D@std@@V?$allocator@D@2@@std@@HU?$less@V?$basic_string@DU?$char_traits@D@std@@V?$allocator@D@2@@std@@@2@V?$allocator@U?$pair@$$CBV?$basic_string@DU?$char_traits@D@std@@V?$allocator@D@2@@std@@H@std@@@2@$0A@@std@@@std@@@std@@@std@@YA$$QAV?$_Tree_iterator@V?$_Tree_val@V?$_Tmap_traits@V?$basic_string@DU?$char_traits@D@std@@V?$allocator@D@2@@std@@HU?$less@V?$basic_string@DU?$char_traits@D@std@@V?$allocator@D@2@@std@@@2@V?$allocator@U?$pair@$$CBV?$basic_string@DU?$char_traits@D@std@@V?$allocator@D@2@@std@@H@std@@@2@$0A@@std@@@std@@@0@AAV10@@Z 004059f0 f i GMTools:XGmMessage.obj
 0001:000049f0       ??$forward@_N@std@@YA$$QA_NAA_N@Z 004059f0 f i GMTools:XGmMessage.obj
 0001:000049f0       ??$move@ABV?$basic_string@DU?$char_traits@D@std@@V?$allocator@D@2@@std@@@std@@YA$$QBV?$basic_string@DU?$char_traits@D@std@@V?$allocator@D@2@@0@ABV10@@Z 004059f0 f i GMTools:XGmMessage.obj
 0001:000049f0       ?_Left@?$_Tree_val@V?$_Tmap_traits@V?$basic_string@DU?$char_traits@D@std@@V?$allocator@D@2@@std@@HU?$less@V?$basic_string@DU?$char_traits@D@std@@V?$allocator@D@2@@std@@@2@V?$allocator@U?$pair@$$CBV?$basic_string@DU?$char_traits@D@std@@V?$allocator@D@2@@std@@H@std@@@2@$0A@@std@@@std@@SAAAPAU_Node@?$_Tree_nod@V?$_Tmap_traits@V?$basic_string@DU?$char_traits@D@std@@V?$allocator@D@2@@std@@HU?$less@V?$basic_string@DU?$char_traits@D@std@@V?$allocator@D@2@@std@@@2@V?$allocator@U?$pair@$$CBV?$basic_string@DU?$char_traits@D@std@@V?$allocator@D@2@@std@@H@std@@@2@$0A@@std@@@2@PAU342@@Z 004059f0 f i GMTools:XGmMessage.obj
 0001:000049f0       ??$move@AAV?$_Tree_const_iterator@V?$_Tree_val@V?$_Tset_traits@V?$basic_string@DU?$char_traits@D@std@@V?$allocator@D@2@@std@@U?$less@V?$basic_string@DU?$char_traits@D@std@@V?$allocator@D@2@@std@@@2@V?$allocator@V?$basic_string@DU?$char_traits@D@std@@V?$allocator@D@2@@std@@@2@$0A@@std@@@std@@@std@@@std@@YA$$QAV?$_Tree_const_iterator@V?$_Tree_val@V?$_Tset_traits@V?$basic_string@DU?$char_traits@D@std@@V?$allocator@D@2@@std@@U?$less@V?$basic_string@DU?$char_traits@D@std@@V?$allocator@D@2@@std@@@2@V?$allocator@V?$basic_string@DU?$char_traits@D@std@@V?$allocator@D@2@@std@@@2@$0A@@std@@@std@@@0@AAV10@@Z 004059f0 f i GMTools:XGmMessage.obj
 0001:000049f0       ??$addressof@V?$basic_string@DU?$char_traits@D@std@@V?$allocator@D@2@@std@@@std@@YAPAV?$basic_string@DU?$char_traits@D@std@@V?$allocator@D@2@@0@AAV10@@Z 004059f0 f i GMTools:XGmMessage.obj
 0001:000049f0       ?_Left@?$_Tree_val@V?$_Tset_traits@V?$basic_string@DU?$char_traits@D@std@@V?$allocator@D@2@@std@@U?$less@V?$basic_string@DU?$char_traits@D@std@@V?$allocator@D@2@@std@@@2@V?$allocator@V?$basic_string@DU?$char_traits@D@std@@V?$allocator@D@2@@std@@@2@$0A@@std@@@std@@SAAAPAU_Node@?$_Tree_nod@V?$_Tset_traits@V?$basic_string@DU?$char_traits@D@std@@V?$allocator@D@2@@std@@U?$less@V?$basic_string@DU?$char_traits@D@std@@V?$allocator@D@2@@std@@@2@V?$allocator@V?$basic_string@DU?$char_traits@D@std@@V?$allocator@D@2@@std@@@2@$0A@@std@@@2@PAU342@@Z 004059f0 f i GMTools:XGmMessage.obj
 0001:000049f0       ??$forward@H@std@@YA$$QAHAAH@Z 004059f0 f i GMTools:XGmMessage.obj
 0001:000049f0       ??$_Move@AAD@std@@YA$$QADAAD@Z 004059f0 f i GMTools:XGmMessage.obj
 0001:000049f0       ??$forward@U?$pair@$$CBV?$basic_string@DU?$char_traits@D@std@@V?$allocator@D@2@@std@@H@std@@@std@@YA$$QAU?$pair@$$CBV?$basic_string@DU?$char_traits@D@std@@V?$allocator@D@2@@std@@H@0@AAU10@@Z 004059f0 f i GMTools:XGmMessage.obj
 0001:000049f0       ??$forward@$$CBV?$basic_string@DU?$char_traits@D@std@@V?$allocator@D@2@@std@@@std@@YA$$QBV?$basic_string@DU?$char_traits@D@std@@V?$allocator@D@2@@0@ABV10@@Z 004059f0 f i GMTools:XGmMessage.obj
 0001:000049f0       ??$forward@AAV?$_Tree_const_iterator@V?$_Tree_val@V?$_Tset_traits@V?$basic_string@DU?$char_traits@D@std@@V?$allocator@D@2@@std@@U?$less@V?$basic_string@DU?$char_traits@D@std@@V?$allocator@D@2@@std@@@2@V?$allocator@V?$basic_string@DU?$char_traits@D@std@@V?$allocator@D@2@@std@@@2@$0A@@std@@@std@@@std@@@std@@YAAAV?$_Tree_const_iterator@V?$_Tree_val@V?$_Tset_traits@V?$basic_string@DU?$char_traits@D@std@@V?$allocator@D@2@@std@@U?$less@V?$basic_string@DU?$char_traits@D@std@@V?$allocator@D@2@@std@@@2@V?$allocator@V?$basic_string@DU?$char_traits@D@std@@V?$allocator@D@2@@std@@@2@$0A@@std@@@std@@@0@AAV10@@Z 004059f0 f i GMTools:XGmMessage.obj
 0001:000049f0       ??$_Kfn@$$CBV?$basic_string@DU?$char_traits@D@std@@V?$allocator@D@2@@std@@H@?$_Tmap_traits@V?$basic_string@DU?$char_traits@D@std@@V?$allocator@D@2@@std@@HU?$less@V?$basic_string@DU?$char_traits@D@std@@V?$allocator@D@2@@std@@@2@V?$allocator@U?$pair@$$CBV?$basic_string@DU?$char_traits@D@std@@V?$allocator@D@2@@std@@H@std@@@2@$0A@@std@@SAABV?$basic_string@DU?$char_traits@D@std@@V?$allocator@D@2@@1@ABU?$pair@$$CBV?$basic_string@DU?$char_traits@D@std@@V?$allocator@D@2@@std@@H@1@@Z 004059f0 f i GMTools:XGmMessage.obj
 0001:000049f0       ??$forward@AAY0BAE@D@std@@YAAAY0BAE@DAAY0BAE@D@Z 004059f0 f i GMTools:XGmMessage.obj
 0001:000049f0       ??$move@AA_N@std@@YA$$QA_NAA_N@Z 004059f0 f i GMTools:XGmMessage.obj
 0001:000049f0       ?_Kfn@?$_Tset_traits@V?$basic_string@DU?$char_traits@D@std@@V?$allocator@D@2@@std@@U?$less@V?$basic_string@DU?$char_traits@D@std@@V?$allocator@D@2@@std@@@2@V?$allocator@V?$basic_string@DU?$char_traits@D@std@@V?$allocator@D@2@@std@@@2@$0A@@std@@SAABV?$basic_string@DU?$char_traits@D@std@@V?$allocator@D@2@@2@ABV32@@Z 004059f0 f i GMTools:XGmMessage.obj
 0001:000049f0       ??$forward@V?$basic_string@DU?$char_traits@D@std@@V?$allocator@D@2@@std@@@std@@YA$$QAV?$basic_string@DU?$char_traits@D@std@@V?$allocator@D@2@@0@AAV10@@Z 004059f0 f i GMTools:XGmMessage.obj
 0001:00004a00       ??$insert@U?$pair@$$CBV?$basic_string@DU?$char_traits@D@std@@V?$allocator@D@2@@std@@H@std@@@?$_Tree@V?$_Tmap_traits@V?$basic_string@DU?$char_traits@D@std@@V?$allocator@D@2@@std@@HU?$less@V?$basic_string@DU?$char_traits@D@std@@V?$allocator@D@2@@std@@@2@V?$allocator@U?$pair@$$CBV?$basic_string@DU?$char_traits@D@std@@V?$allocator@D@2@@std@@H@std@@@2@$0A@@std@@@std@@QAE?AV?$_Tree_iterator@V?$_Tree_val@V?$_Tmap_traits@V?$basic_string@DU?$char_traits@D@std@@V?$allocator@D@2@@std@@HU?$less@V?$basic_string@DU?$char_traits@D@std@@V?$allocator@D@2@@std@@@2@V?$allocator@U?$pair@$$CBV?$basic_string@DU?$char_traits@D@std@@V?$allocator@D@2@@std@@H@std@@@2@$0A@@std@@@std@@@1@V?$_Tree_const_iterator@V?$_Tree_val@V?$_Tmap_traits@V?$basic_string@DU?$char_traits@D@std@@V?$allocator@D@2@@std@@HU?$less@V?$basic_string@DU?$char_traits@D@std@@V?$allocator@D@2@@std@@@2@V?$allocator@U?$pair@$$CBV?$basic_string@DU?$char_traits@D@std@@V?$allocator@D@2@@std@@H@std@@@2@$0A@@std@@@std@@@1@$$QAU?$pair@$$CBV?$basic_string@DU?$char_traits@D@std@@V?$allocator@D@2@@std@@H@1@@Z 00405a00 f i GMTools:XGmMessage.obj
 0001:00004a40       ??$?9DD@std@@YA_NABV?$allocator@D@0@0@Z 00405a40 f i GMTools:XGmMessage.obj
 0001:00004a60       ??$?MDU?$char_traits@D@std@@V?$allocator@D@1@@std@@YA_NABV?$basic_string@DU?$char_traits@D@std@@V?$allocator@D@2@@0@0@Z 00405a60 f i GMTools:XGmMessage.obj
 0001:00004a80       ??$swap@D@std@@YAXAAD0@Z   00405a80 f i GMTools:XGmMessage.obj
 0001:00004ac0       ??$_Dest_val@V?$allocator@U?$pair@$$CBV?$basic_string@DU?$char_traits@D@std@@V?$allocator@D@2@@std@@H@std@@@std@@U?$pair@$$CBV?$basic_string@DU?$char_traits@D@std@@V?$allocator@D@2@@std@@H@2@@std@@YAXAAV?$allocator@U?$pair@$$CBV?$basic_string@DU?$char_traits@D@std@@V?$allocator@D@2@@std@@H@std@@@0@PAU?$pair@$$CBV?$basic_string@DU?$char_traits@D@std@@V?$allocator@D@2@@std@@H@0@@Z 00405ac0 f i GMTools:XGmMessage.obj
 0001:00004ae0       ??$_Allocate@U_Node@?$_Tree_nod@V?$_Tmap_traits@V?$basic_string@DU?$char_traits@D@std@@V?$allocator@D@2@@std@@HU?$less@V?$basic_string@DU?$char_traits@D@std@@V?$allocator@D@2@@std@@@2@V?$allocator@U?$pair@$$CBV?$basic_string@DU?$char_traits@D@std@@V?$allocator@D@2@@std@@H@std@@@2@$0A@@std@@@std@@@std@@YAPAU_Node@?$_Tree_nod@V?$_Tmap_traits@V?$basic_string@DU?$char_traits@D@std@@V?$allocator@D@2@@std@@HU?$less@V?$basic_string@DU?$char_traits@D@std@@V?$allocator@D@2@@std@@@2@V?$allocator@U?$pair@$$CBV?$basic_string@DU?$char_traits@D@std@@V?$allocator@D@2@@std@@H@std@@@2@$0A@@std@@@0@IPAU120@@Z 00405ae0 f i GMTools:XGmMessage.obj
 0001:00004b40       ??$_Dest_val@V?$allocator@V?$basic_string@DU?$char_traits@D@std@@V?$allocator@D@2@@std@@@std@@V?$basic_string@DU?$char_traits@D@std@@V?$allocator@D@2@@2@@std@@YAXAAV?$allocator@V?$basic_string@DU?$char_traits@D@std@@V?$allocator@D@2@@std@@@0@PAV?$basic_string@DU?$char_traits@D@std@@V?$allocator@D@2@@0@@Z 00405b40 f i GMTools:XGmMessage.obj
 0001:00004b60       ??$_Allocate@U_Node@?$_Tree_nod@V?$_Tset_traits@V?$basic_string@DU?$char_traits@D@std@@V?$allocator@D@2@@std@@U?$less@V?$basic_string@DU?$char_traits@D@std@@V?$allocator@D@2@@std@@@2@V?$allocator@V?$basic_string@DU?$char_traits@D@std@@V?$allocator@D@2@@std@@@2@$0A@@std@@@std@@@std@@YAPAU_Node@?$_Tree_nod@V?$_Tset_traits@V?$basic_string@DU?$char_traits@D@std@@V?$allocator@D@2@@std@@U?$less@V?$basic_string@DU?$char_traits@D@std@@V?$allocator@D@2@@std@@@2@V?$allocator@V?$basic_string@DU?$char_traits@D@std@@V?$allocator@D@2@@std@@@2@$0A@@std@@@0@IPAU120@@Z 00405b60 f i GMTools:XGmMessage.obj
 0001:00004bc0       ??$_Allocate@D@std@@YAPADIPAD@Z 00405bc0 f i GMTools:XGmMessage.obj
 0001:00004c20       ??0bad_alloc@std@@QAE@ABV01@@Z 00405c20 f i GMTools:XGmMessage.obj
[...]
 0001:00037251       __unwindfunclet$?OnUploadFace@CUserCustomLogo@@QAEXPAXIIK@Z$4 00438251 f   UserCustomLogo.obj
 0001:0003725d       __unwindfunclet$?OnUploadFace@CUserCustomLogo@@QAEXPAXIIK@Z$5 0043825d f   UserCustomLogo.obj
 0001:00037268       __unwindfunclet$?OnUploadFace@CUserCustomLogo@@QAEXPAXIIK@Z$6 00438268 f   UserCustomLogo.obj
 0001:00037274       __unwindfunclet$?OnUploadFace@CUserCustomLogo@@QAEXPAXIIK@Z$7 00438274 f   UserCustomLogo.obj
 0001:00037280       __ehhandler$?OnUploadFace@CUserCustomLogo@@QAEXPAXIIK@Z 00438280 f   UserCustomLogo.obj
 0001:000372b0       __unwindfunclet$?downloadCustomFace@CUserCustomLogo@@QAEXJJIK@Z$0 004382b0 f   UserCustomLogo.obj
 0001:000372b9       __unwindfunclet$?downloadCustomFace@CUserCustomLogo@@QAEXJJIK@Z$1 004382b9 f   UserCustomLogo.obj
 0001:000372c1       __unwindfunclet$?downloadCustomFace@CUserCustomLogo@@QAEXJJIK@Z$2 004382c1 f   UserCustomLogo.obj
 0001:000372cc       __ehhandler$?downloadCustomFace@CUserCustomLogo@@QAEXJJIK@Z 004382cc f   UserCustomLogo.obj
 0001:00037300       __ehhandler$?_Copy@?$basic_string@DU?$char_traits@D@std@@V?$allocator@D@2@@std@@QAEXII@Z 00438300 f    CIL library: CIL module
 0001:00037320       __unwindfunclet$??$construct@AAY0BAE@D@?$allocator@V?$basic_string@DU?$char_traits@D@std@@V?$allocator@D@2@@std@@@std@@QAEXPAV?$basic_string@DU?$char_traits@D@std@@V?$allocator@D@2@@1@AAY0BAE@D@Z$0 00438320 f    CIL library: CIL module
 0001:00037320       __unwindfunclet$?construct@?$allocator@U?$pair@$$CBV?$basic_string@DU?$char_traits@D@std@@V?$allocator@D@2@@std@@H@std@@@std@@QAEXPAU?$pair@$$CBV?$basic_string@DU?$char_traits@D@std@@V?$allocator@D@2@@std@@H@2@$$QAU32@@Z$0 00438320 f    CIL library: CIL module
 0001:00037331       __ehhandler$??$construct@AAY0BAE@D@?$allocator@V?$basic_string@DU?$char_traits@D@std@@V?$allocator@D@2@@std@@@std@@QAEXPAV?$basic_string@DU?$char_traits@D@std@@V?$allocator@D@2@@1@AAY0BAE@D@Z 00438331 f    CIL library: CIL module
 0001:00037331       __ehhandler$?construct@?$allocator@U?$pair@$$CBV?$basic_string@DU?$char_traits@D@std@@V?$allocator@D@2@@std@@H@std@@@std@@QAEXPAU?$pair@$$CBV?$basic_string@DU?$char_traits@D@std@@V?$allocator@D@2@@std@@H@2@$$QAU32@@Z 00438331 f    CIL library: CIL module
 0001:00037350       __ehhandler$??$_Buynode@U?$pair@$$CBV?$basic_string@DU?$char_traits@D@std@@V?$allocator@D@2@@std@@H@std@@@?$_Tree_val@V?$_Tmap_traits@V?$basic_string@DU?$char_traits@D@std@@V?$allocator@D@2@@std@@HU?$less@V?$basic_string@DU?$char_traits@D@std@@V?$allocator@D@2@@std@@@2@V?$allocator@U?$pair@$$CBV?$basic_string@DU?$char_traits@D@std@@V?$allocator@D@2@@std@@H@std@@@2@$0A@@std@@@std@@QAEPAU_Node@?$_Tree_nod@V?$_Tmap_traits@V?$basic_string@DU?$char_traits@D@std@@V?$allocator@D@2@@std@@HU?$less@V?$basic_string@DU?$char_traits@D@std@@V?$allocator@D@2@@std@@@2@V?$allocator@U?$pair@$$CBV?$basic_string@DU?$char_traits@D@std@@V?$allocator@D@2@@std@@H@std@@@2@$0A@@std@@@1@$$QAU?$pair@$$CBV?$basic_string@DU?$char_traits@D@std@@V?$allocator@D@2@@std@@H@1@@Z 00438350 f    CIL library: CIL module
 0001:00037370       __unwindfunclet$??1?$_Tree@V?$_Tmap_traits@V?$basic_string@DU?$char_traits@D@std@@V?$allocator@D@2@@std@@HU?$less@V?$basic_string@DU?$char_traits@D@std@@V?$allocator@D@2@@std@@@2@V?$allocator@U?$pair@$$CBV?$basic_string@DU?$char_traits@D@std@@V?$allocator@D@2@@std@@H@std@@@2@$0A@@std@@@std@@QAE@XZ$0 00438370 f    CIL library: CIL module
 0001:00037370       __unwindfunclet$??1?$_Tree@V?$_Tset_traits@V?$basic_string@DU?$char_traits@D@std@@V?$allocator@D@2@@std@@U?$less@V?$basic_string@DU?$char_traits@D@std@@V?$allocator@D@2@@std@@@2@V?$allocator@V?$basic_string@DU?$char_traits@D@std@@V?$allocator@D@2@@std@@@2@$0A@@std@@@std@@QAE@XZ$0 00438370 f    CIL library: CIL module
 0001:00037378       __ehhandler$??1?$_Tree@V?$_Tmap_traits@V?$basic_string@DU?$char_traits@D@std@@V?$allocator@D@2@@std@@HU?$less@V?$basic_string@DU?$char_traits@D@std@@V?$allocator@D@2@@std@@@2@V?$allocator@U?$pair@$$CBV?$basic_string@DU?$char_traits@D@std@@V?$allocator@D@2@@std@@H@std@@@2@$0A@@std@@@std@@QAE@XZ 00438378 f    CIL library: CIL module
 0001:00037378       __ehhandler$??1?$_Tree@V?$_Tset_traits@V?$basic_string@DU?$char_traits@D@std@@V?$allocator@D@2@@std@@U?$less@V?$basic_string@DU?$char_traits@D@std@@V?$allocator@D@2@@std@@@2@V?$allocator@V?$basic_string@DU?$char_traits@D@std@@V?$allocator@D@2@@std@@@2@$0A@@std@@@std@@QAE@XZ 00438378 f    CIL library: CIL module
 0001:000373a0       __unwindfunclet$??0?$basic_string@DU?$char_traits@D@std@@V?$allocator@D@2@@std@@QAE@PBD@Z$0 004383a0 f    CIL library: CIL module
 0001:000373a0       __unwindfunclet$??0?$basic_string@DU?$char_traits@D@std@@V?$allocator@D@2@@std@@QAE@ABV01@@Z$0 004383a0 f    CIL library: CIL module
 0001:000373a0       __unwindfunclet$??0?$basic_string@DU?$char_traits@D@std@@V?$allocator@D@2@@std@@QAE@ABV01@IIABV?$allocator@D@1@@Z$0 004383a0 f    CIL library: CIL module
 0001:000373a8       __ehhandler$??0?$basic_string@DU?$char_traits@D@std@@V?$allocator@D@2@@std@@QAE@ABV01@IIABV?$allocator@D@1@@Z 004383a8 f    CIL library: CIL module
 0001:000373a8       __ehhandler$??0?$basic_string@DU?$char_traits@D@std@@V?$allocator@D@2@@std@@QAE@PBD@Z 004383a8 f    CIL library: CIL module
 0001:000373a8       __ehhandler$??0?$basic_string@DU?$char_traits@D@std@@V?$allocator@D@2@@std@@QAE@ABV01@@Z 004383a8 f    CIL library: CIL module
 0001:000373d0       __unwindfunclet$??0LogEx@XAFCLog@@QAE@HV?$basic_string@DU?$char_traits@D@std@@V?$allocator@D@2@@std@@0@Z$0 004383d0 f    CIL library: CIL module
 0001:000373d8       __unwindfunclet$??0LogEx@XAFCLog@@QAE@HV?$basic_string@DU?$char_traits@D@std@@V?$allocator@D@2@@std@@0@Z$1 004383d8 f    CIL library: CIL module
 0001:000373e0       __unwindfunclet$??0LogEx@XAFCLog@@QAE@HV?$basic_string@DU?$char_traits@D@std@@V?$allocator@D@2@@std@@0@Z$2 004383e0 f    CIL library: CIL module
 0001:000373eb       __unwindfunclet$??0LogEx@XAFCLog@@QAE@HV?$basic_string@DU?$char_traits@D@std@@V?$allocator@D@2@@std@@0@Z$3 004383eb f    CIL library: CIL module
 0001:000373f6       __unwindfunclet$??0LogEx@XAFCLog@@QAE@HV?$basic_string@DU?$char_traits@D@std@@V?$allocator@D@2@@std@@0@Z$4 004383f6 f    CIL library: CIL module
 0001:000373fe       __ehhandler$??0LogEx@XAFCLog@@QAE@HV?$basic_string@DU?$char_traits@D@std@@V?$allocator@D@2@@std@@0@Z 004383fe f    CIL library: CIL module
 0001:00037430       __unwindfunclet$?CreateAppender@XAFCLog@@YAPAVAppender@log4cpp@@V?$basic_string@DU?$char_traits@D@std@@V?$allocator@D@2@@std@@0@Z$0 00438430 f    CIL library: CIL module
 0001:00037438       __unwindfunclet$?CreateAppender@XAFCLog@@YAPAVAppender@log4cpp@@V?$basic_string@DU?$char_traits@D@std@@V?$allocator@D@2@@std@@0@Z$1 00438438 f    CIL library: CIL module
 0001:00037440       __unwindfunclet$?CreateAppender@XAFCLog@@YAPAVAppender@log4cpp@@V?$basic_string@DU?$char_traits@D@std@@V?$allocator@D@2@@std@@0@Z$2 00438440 f    CIL library: CIL module
 0001:0003744c       __unwindfunclet$?CreateAppender@XAFCLog@@YAPAVAppender@log4cpp@@V?$basic_string@DU?$char_traits@D@std@@V?$allocator@D@2@@std@@0@Z$3 0043844c f    CIL library: CIL module
 0001:00037458       __unwindfunclet$?CreateAppender@XAFCLog@@YAPAVAppender@log4cpp@@V?$basic_string@DU?$char_traits@D@std@@V?$allocator@D@2@@std@@0@Z$4 00438458 f    CIL library: CIL module
 0001:00037460       __ehhandler$?CreateAppender@XAFCLog@@YAPAVAppender@log4cpp@@V?$basic_string@DU?$char_traits@D@std@@V?$allocator@D@2@@std@@0@Z 00438460 f    CIL library: CIL module
 0001:00037485       __unwindfunclet$?LogType@XAFCLog@@YAHV?$basic_string@DU?$char_traits@D@std@@V?$allocator@D@2@@std@@@Z$0 00438485 f    CIL library: CIL module
 0001:0003748d       __ehhandler$?LogType@XAFCLog@@YAHV?$basic_string@DU?$char_traits@D@std@@V?$allocator@D@2@@std@@@Z 0043848d f    CIL library: CIL module
 0001:000374a8       __unwindfunclet$?LogFileExist@XAFCLog@@YA_NV?$basic_string@DU?$char_traits@D@std@@V?$allocator@D@2@@std@@@Z$0 004384a8 f    CIL library: CIL module
 0001:000374b0       __ehhandler$?LogFileExist@XAFCLog@@YA_NV?$basic_string@DU?$char_traits@D@std@@V?$allocator@D@2@@std@@@Z 004384b0 f    CIL library: CIL module
 0001:000374cb       __unwindfunclet$?OnOperateUserByID@XGmMessageModule@@AAE_NPAUNetMessageHead@@PAXIKIK@Z$0 004384cb f    CIL library: CIL module
 0001:000374d6       __ehhandler$?OnOperateUserByID@XGmMessageModule@@AAE_NPAUNetMessageHead@@PAXIKIK@Z 004384d6 f    CIL library: CIL module
 0001:000374fe       __unwindfunclet$?CreateLog@XAFCLog@@YAPAVCategory@log4cpp@@ABV?$basic_string@DU?$char_traits@D@std@@V?$allocator@D@2@@std@@HH@Z$0 004384fe f    CIL library: CIL module
 0001:00037509       __ehhandler$?CreateLog@XAFCLog@@YAPAVCategory@log4cpp@@ABV?$basic_string@DU?$char_traits@D@std@@V?$allocator@D@2@@std@@HH@Z 00438509 f    CIL library: CIL module
 0001:00037531       __unwindfunclet$?OnGMSendMessage@XGmMessageModule@@AAE_NPAUNetMessageHead@@PAXIKIK@Z$0 00438531 f    CIL library: CIL module
 0001:0003753c       __unwindfunclet$?OnGMSendMessage@XGmMessageModule@@AAE_NPAUNetMessageHead@@PAXIKIK@Z$1 0043853c f    CIL library: CIL module
 0001:00037547       __unwindfunclet$?OnGMSendMessage@XGmMessageModule@@AAE_NPAUNetMessageHead@@PAXIKIK@Z$3 00438547 f    CIL library: CIL module
 0001:00037552       __unwindfunclet$?OnGMSendMessage@XGmMessageModule@@AAE_NPAUNetMessageHead@@PAXIKIK@Z$4 00438552 f    CIL library: CIL module
 0001:0003755d       __unwindfunclet$?OnGMSendMessage@XGmMessageModule@@AAE_NPAUNetMessageHead@@PAXIKIK@Z$5 0043855d f    CIL library: CIL module
 0001:00037568       __unwindfunclet$?OnGMSendMessage@XGmMessageModule@@AAE_NPAUNetMessageHead@@PAXIKIK@Z$7 00438568 f    CIL library: CIL module
 0001:00037573       __unwindfunclet$?OnGMSendMessage@XGmMessageModule@@AAE_NPAUNetMessageHead@@PAXIKIK@Z$8 00438573 f    CIL library: CIL module
 0001:0003757e       __unwindfunclet$?OnGMSendMessage@XGmMessageModule@@AAE_NPAUNetMessageHead@@PAXIKIK@Z$9 0043857e f    CIL library: CIL module
 0001:00037589       __unwindfunclet$?OnGMSendMessage@XGmMessageModule@@AAE_NPAUNetMessageHead@@PAXIKIK@Z$11 00438589 f    CIL library: CIL module
 0001:00037594       __unwindfunclet$?OnGMSendMessage@XGmMessageModule@@AAE_NPAUNetMessageHead@@PAXIKIK@Z$12 00438594 f    CIL library: CIL module
 0001:0003759f       __unwindfunclet$?OnGMSendMessage@XGmMessageModule@@AAE_NPAUNetMessageHead@@PAXIKIK@Z$13 0043859f f    CIL library: CIL module
 0001:000375aa       __unwindfunclet$?OnGMSendMessage@XGmMessageModule@@AAE_NPAUNetMessageHead@@PAXIKIK@Z$15 004385aa f    CIL library: CIL module
 0001:000375b5       __unwindfunclet$?OnGMSendMessage@XGmMessageModule@@AAE_NPAUNetMessageHead@@PAXIKIK@Z$16 004385b5 f    CIL library: CIL module
 0001:000375c0       __unwindfunclet$?OnGMSendMessage@XGmMessageModule@@AAE_NPAUNetMessageHead@@PAXIKIK@Z$17 004385c0 f    CIL library: CIL module
 0001:000375cb       __unwindfunclet$?OnGMSendMessage@XGmMessageModule@@AAE_NPAUNetMessageHead@@PAXIKIK@Z$19 004385cb f    CIL library: CIL module
 0001:000375d6       __unwindfunclet$?OnGMSendMessage@XGmMessageModule@@AAE_NPAUNetMessageHead@@PAXIKIK@Z$20 004385d6 f    CIL library: CIL module
 0001:000375e1       __unwindfunclet$?OnGMSendMessage@XGmMessageModule@@AAE_NPAUNetMessageHead@@PAXIKIK@Z$21 004385e1 f    CIL library: CIL module
 0001:000375ec       __unwindfunclet$?OnGMSendMessage@XGmMessageModule@@AAE_NPAUNetMessageHead@@PAXIKIK@Z$23 004385ec f    CIL library: CIL module
 0001:000375f7       __ehhandler$?OnGMSendMessage@XGmMessageModule@@AAE_NPAUNetMessageHead@@PAXIKIK@Z 004385f7 f    CIL library: CIL module
 0001:0003761f       __unwindfunclet$??0XGmMessageModule@@QAE@PAUIGMFunction@@@Z$0 0043861f f    CIL library: CIL module
 0001:00037627       __unwindfunclet$??0XGmMessageModule@@QAE@PAUIGMFunction@@@Z$1 00438627 f    CIL library: CIL module
 0001:0003762f       __ehhandler$??0XGmMessageModule@@QAE@PAUIGMFunction@@@Z 0043862f f    CIL library: CIL module
 0001:00037654       __unwindfunclet$?CreateGMModule@@YAPAVCGMMessageBase@@PAUIGMFunction@@@Z$0 00438654 f    CIL library: CIL module
 0001:00037660       __ehhandler$?CreateGMModule@@YAPAVCGMMessageBase@@PAUIGMFunction@@@Z 00438660 f    CIL library: CIL module
 0001:0003767b       __unwindfunclet$?ClearOldLog@XAFCLog@@YAXXZ$0 0043867b f    CIL library: CIL module
 0001:00037686       __ehhandler$?ClearOldLog@XAFCLog@@YAXXZ 00438686 f    CIL library: CIL module
 0001:000376b0       __ehhandler$??$_Buynode@AAY0BAE@D@?$_Tree_val@V?$_Tset_traits@V?$basic_string@DU?$char_traits@D@std@@V?$allocator@D@2@@std@@U?$less@V?$basic_string@DU?$char_traits@D@std@@V?$allocator@D@2@@std@@@2@V?$allocator@V?$basic_string@DU?$char_traits@D@std@@V?$allocator@D@2@@std@@@2@$0A@@std@@@std@@QAEPAU_Node@?$_Tree_nod@V?$_Tset_traits@V?$basic_string@DU?$char_traits@D@std@@V?$allocator@D@2@@std@@U?$less@V?$basic_string@DU?$char_traits@D@std@@V?$allocator@D@2@@std@@@2@V?$allocator@V?$basic_string@DU?$char_traits@D@std@@V?$allocator@D@2@@std@@@2@$0A@@std@@@1@AAY0BAE@D@Z 004386b0 f    CIL library: CIL module
 0001:000376d0       __unwindfunclet$??A?$map@V?$basic_string@DU?$char_traits@D@std@@V?$allocator@D@2@@std@@HU?$less@V?$basic_string@DU?$char_traits@D@std@@V?$allocator@D@2@@std@@@2@V?$allocator@U?$pair@$$CBV?$basic_string@DU?$char_traits@D@std@@V?$allocator@D@2@@std@@H@std@@@2@@std@@QAEAAHABV?$basic_string@DU?$char_traits@D@std@@V?$allocator@D@2@@1@@Z$0 004386d0 f    CIL library: CIL module
 0001:000376d8       __ehhandler$??A?$map@V?$basic_string@DU?$char_traits@D@std@@V?$allocator@D@2@@std@@HU?$less@V?$basic_string@DU?$char_traits@D@std@@V?$allocator@D@2@@std@@@2@V?$allocator@U?$pair@$$CBV?$basic_string@DU?$char_traits@D@std@@V?$allocator@D@2@@std@@H@std@@@2@@std@@QAEAAHABV?$basic_string@DU?$char_traits@D@std@@V?$allocator@D@2@@1@@Z 004386d8 f    CIL library: CIL module
 0001:00037700       __unwindfunclet$??0?$CStringT@DV?$StrTraitATL@DV?$ChTraitsCRT@D@ATL@@@ATL@@@ATL@@QAE@PBD@Z$0 00438700 f    CIL library: CIL module
 0001:00037708       __ehhandler$??0?$CStringT@DV?$StrTraitATL@DV?$ChTraitsCRT@D@ATL@@@ATL@@@ATL@@QAE@PBD@Z 00438708 f    CIL library: CIL module
 0001:00037730       __unwindfunclet$??RLogEx@XAFCLog@@QAAXV?$basic_string@DU?$char_traits@D@std@@V?$allocator@D@2@@std@@PBDZZ$0 00438730 f    CIL library: CIL module
 0001:00037738       __unwindfunclet$??RLogEx@XAFCLog@@QAAXV?$basic_string@DU?$char_traits@D@std@@V?$allocator@D@2@@std@@PBDZZ$3 00438738 f    CIL library: CIL module
 0001:00037743       __ehhandler$??RLogEx@XAFCLog@@QAAXV?$basic_string@DU?$char_traits@D@std@@V?$allocator@D@2@@std@@PBDZZ 00438743 f    CIL library: CIL module
 0001:00037770       __unwindfunclet$??__EUSER_STATESTRING@@YAXXZ$0 00438770 f    CIL library: CIL module
 0001:0003777a       __unwindfunclet$??__EUSER_STATESTRING@@YAXXZ$1 0043877a f    CIL library: CIL module
 0001:00037784       __unwindfunclet$??__EUSER_STATESTRING@@YAXXZ$2 00438784 f    CIL library: CIL module
 0001:0003778e       __unwindfunclet$??__EUSER_STATESTRING@@YAXXZ$3 0043878e f    CIL library: CIL module
 0001:00037798       __unwindfunclet$??__EUSER_STATESTRING@@YAXXZ$4 00438798 f    CIL library: CIL module
 0001:000377a2       __unwindfunclet$??__EUSER_STATESTRING@@YAXXZ$5 004387a2 f    CIL library: CIL module
 0001:000377ac       __unwindfunclet$??__EUSER_STATESTRING@@YAXXZ$6 004387ac f    CIL library: CIL module
 0001:000377b6       __ehhandler$??__EUSER_STATESTRING@@YAXXZ 004387b6 f    CIL library: CIL module
 0001:000377e0       __unwindfunclet$??__EERR_RP_STRING@@YAXXZ$0 004387e0 f    CIL library: CIL module
 0001:000377ea       __unwindfunclet$??__EERR_RP_STRING@@YAXXZ$1 004387ea f    CIL library: CIL module
 0001:000377f4       __unwindfunclet$??__EERR_RP_STRING@@YAXXZ$2 004387f4 f    CIL library: CIL module
 0001:000377fe       __unwindfunclet$??__EERR_RP_STRING@@YAXXZ$3 004387fe f    CIL library: CIL module
 0001:00037808       __unwindfunclet$??__EERR_RP_STRING@@YAXXZ$4 00438808 f    CIL library: CIL module
 0001:00037812       __unwindfunclet$??__EERR_RP_STRING@@YAXXZ$5 00438812 f    CIL library: CIL module
 0001:0003781c       __unwindfunclet$??__EERR_RP_STRING@@YAXXZ$6 0043881c f    CIL library: CIL module
 0001:00037826       __unwindfunclet$??__EERR_RP_STRING@@YAXXZ$7 00438826 f    CIL library: CIL module
 0001:00037830       __unwindfunclet$??__EERR_RP_STRING@@YAXXZ$8 00438830 f    CIL library: CIL module
 0001:0003783a       __unwindfunclet$??__EERR_RP_STRING@@YAXXZ$9 0043883a f    CIL library: CIL module
 0001:00037844       __unwindfunclet$??__EERR_RP_STRING@@YAXXZ$10 00438844 f    CIL library: CIL module
 0001:0003784e       __unwindfunclet$??__EERR_RP_STRING@@YAXXZ$11 0043884e f    CIL library: CIL module
 0001:00037858       __unwindfunclet$??__EERR_RP_STRING@@YAXXZ$12 00438858 f    CIL library: CIL module
 0001:00037862       __unwindfunclet$??__EERR_RP_STRING@@YAXXZ$13 00438862 f    CIL library: CIL module
 0001:0003786c       __unwindfunclet$??__EERR_RP_STRING@@YAXXZ$14 0043886c f    CIL library: CIL module
 0001:00037876       __unwindfunclet$??__EERR_RP_STRING@@YAXXZ$15 00438876 f    CIL library: CIL module
 0001:00037880       __unwindfunclet$??__EERR_RP_STRING@@YAXXZ$16 00438880 f    CIL library: CIL module
 0001:0003788a       __unwindfunclet$??__EERR_RP_STRING@@YAXXZ$17 0043888a f    CIL library: CIL module
 0001:00037894       __unwindfunclet$??__EERR_RP_STRING@@YAXXZ$18 00438894 f    CIL library: CIL module
 0001:0003789e       __unwindfunclet$??__EERR_RP_STRING@@YAXXZ$19 0043889e f    CIL library: CIL module
 0001:000378a8       __ehhandler$??__EERR_RP_STRING@@YAXXZ 004388a8 f    CIL library: CIL module
 0001:000378d0       ??__EUSER_STATESTRING@@YAXXZ 004388d0 f    CIL library: CIL module
 0001:000379b0       ??__EERR_RP_STRING@@YAXXZ  004389b0 f    CIL library: CIL module
 0001:00037b90       ??__Eg_CategoryTypeMap@XAFCLog@@YAXXZ 00438b90 f    CIL library: CIL module
 0001:00037bb0       ??__Eg_AppenderDirSet@XAFCLog@@YAXXZ 00438bb0 f    CIL library: CIL module
 0001:00037bd0       ??__Eg_SingLog@@YAXXZ      00438bd0 f    CIL library: CIL module
 0001:00037bf0       ??__EWM_CREATETRAYBAR@@YAXXZ 00438bf0 f   MainServer.obj
 0001:00037c10       ??__Eg_MuduleMap@@YAXXZ    00438c10 f   MainServer.obj
 0001:00037c40       ??__EtheApp@@YAXXZ         00438c40 f   MainServer.obj
 0001:00037c70       ??__EWM_CREATETRAYBAR@@YAXXZ 00438c70 f   MainServerDlg.obj
 0001:00037c90       ??__EUSER_STATESTRING@@YAXXZ 00438c90 f   stdafx.obj
 0001:00037d80       ??__EERR_RP_STRING@@YAXXZ  00438d80 f   stdafx.obj
 0001:00037f80       ??__EWM_CREATETRAYBAR@@YAXXZ 00438f80 f   TrayIcon.obj
 0001:00037fa0       ??__E_AtlBaseModule@ATL@@YAXXZ 00438fa0 f   atls:atlbase.obj
 0001:00037fb6       ??__Eg_strheap@ATL@@YAXXZ  00438fb6 f   atls:atlstr.obj
 0001:00037fde       ??__Eg_strmgr@ATL@@YAXXZ   00438fde f   atls:atlstr.obj
 0001:00037fea       ??__E_afxInitAppState@@YAXXZ 00438fea f   mfcs100:appmodul.obj
 0001:00038000       ??__FUSER_STATESTRING@@YAXXZ 00439000 f    CIL library: CIL module
 0001:00038020       ??__FERR_RP_STRING@@YAXXZ  00439020 f    CIL library: CIL module
 0001:00038040       ??__Fg_CategoryTypeMap@XAFCLog@@YAXXZ 00439040 f    CIL library: CIL module
 0001:00038050       ??__Fg_AppenderDirSet@XAFCLog@@YAXXZ 00439050 f    CIL library: CIL module
 0001:00038060       ??__Fg_SingLog@@YAXXZ      00439060 f    CIL library: CIL module
 0001:00038070       ??__Fg_MuduleMap@@YAXXZ    00439070 f   MainServer.obj
 0001:00038090       ??__FtheApp@@YAXXZ         00439090 f   MainServer.obj
 0001:000380b0       ??__FUSER_STATESTRING@@YAXXZ 004390b0 f   stdafx.obj
 0001:000380e0       ??__FERR_RP_STRING@@YAXXZ  004390e0 f   stdafx.obj
 0001:00038104       ??__F_AtlBaseModule@ATL@@YAXXZ 00439104 f   atls:atlbase.obj
 0001:0003810e       ??__Fg_strheap@ATL@@YAXXZ  0043910e f   atls:atlstr.obj
 0001:00038118       ??__Fg_strmgr@ATL@@YAXXZ   00439118 f   atls:atlstr.obj
